Product: MDK-ARM Standard 5.10
Component: ARM Compiler 5.04 update 1 (build 49)
Tool: armlink [5040049]

==============================================================================

Section Cross References

    system_stm32f4xx.o(i.SystemCoreClockUpdate) refers to system_stm32f4xx.o(.data) for .data
    system_stm32f4xx.o(i.SystemInit) refers to system_stm32f4xx.o(i.SetSysClock) for SetSysClock
    main.o(i.Peripheral_Config) refers to usart_dma_config.o(i.USART6_Config) for USART6_Config
    main.o(i.Peripheral_Config) refers to encoder.o(i.Encoder_Config) for Encoder_Config
    main.o(i.Peripheral_Config) refers to e_compass.o(i.ECompass_Config) for ECompass_Config
    main.o(i.Peripheral_Config) refers to system_stm32f4xx.o(.data) for SystemCoreClock
    main.o(i.ResetPID) refers to functions.o(.data) for M1_Pre_Error
    main.o(i.main) refers to functions.o(i.Parameters_Init) for Parameters_Init
    main.o(i.main) refers to main.o(i.Peripheral_Config) for Peripheral_Config
    main.o(i.main) refers to functions.o(i.GetValueFromString) for GetValueFromString
    main.o(i.main) refers to functions.o(i.ToRPM) for ToRPM
    main.o(i.main) refers to dfixu.o(x$fpl$dfixu) for __aeabi_d2uiz
    main.o(i.main) refers to dflt_clz.o(x$fpl$dfltu) for __aeabi_ui2d
    main.o(i.main) refers to encoder.o(i.Stop_Motor) for Stop_Motor
    main.o(i.main) refers to main.o(i.ResetPID) for ResetPID
    main.o(i.main) refers to stm32f4xx_it.o(.bss) for U6_Message
    main.o(i.main) refers to main.o(.data) for .data
    main.o(i.main) refers to stm32f4xx_it.o(.data) for Stop
    main.o(i.main) refers to stm32f4xx_it.o(.data) for SendAngle
    main.o(i.main) refers to functions.o(.data) for M1_Kp
    stm32f4xx_it.o(i.DMA1_Stream5_IRQHandler) refers to stm32f4xx_dma.o(i.DMA_ClearITPendingBit) for DMA_ClearITPendingBit
    stm32f4xx_it.o(i.DMA1_Stream5_IRQHandler) refers to functions.o(i.GetMessageInfo) for GetMessageInfo
    stm32f4xx_it.o(i.DMA1_Stream5_IRQHandler) refers to functions.o(i.IsCorrectHeader) for IsCorrectHeader
    stm32f4xx_it.o(i.DMA1_Stream5_IRQHandler) refers to functions.o(i.IsValidData) for IsValidData
    stm32f4xx_it.o(i.DMA1_Stream5_IRQHandler) refers to functions.o(i.GetValueFromString) for GetValueFromString
    stm32f4xx_it.o(i.DMA1_Stream5_IRQHandler) refers to functions.o(i.LLToDegree) for LLToDegree
    stm32f4xx_it.o(i.DMA1_Stream5_IRQHandler) refers to functions.o(i.LatLonToUTM) for LatLonToUTM
    stm32f4xx_it.o(i.DMA1_Stream5_IRQHandler) refers to stm32f4xx_dma.o(i.DMA_Cmd) for DMA_Cmd
    stm32f4xx_it.o(i.DMA1_Stream5_IRQHandler) refers to stm32f4xx_it.o(.bss) for .bss
    stm32f4xx_it.o(i.DMA1_Stream5_IRQHandler) refers to usart_dma_config.o(.bss) for U2_RxBuffer
    stm32f4xx_it.o(i.DMA1_Stream5_IRQHandler) refers to stm32f4xx_it.o(.data) for .data
    stm32f4xx_it.o(i.DMA2_Stream2_IRQHandler) refers to stm32f4xx_dma.o(i.DMA_ClearITPendingBit) for DMA_ClearITPendingBit
    stm32f4xx_it.o(i.DMA2_Stream2_IRQHandler) refers to functions.o(i.GetMessageInfo) for GetMessageInfo
    stm32f4xx_it.o(i.DMA2_Stream2_IRQHandler) refers to stm32f4xx_dma.o(i.DMA_Cmd) for DMA_Cmd
    stm32f4xx_it.o(i.DMA2_Stream2_IRQHandler) refers to stm32f4xx_it.o(.bss) for .bss
    stm32f4xx_it.o(i.DMA2_Stream2_IRQHandler) refers to usart_dma_config.o(.bss) for U6_RxBuffer
    stm32f4xx_it.o(i.DMA2_Stream2_IRQHandler) refers to main.o(.data) for control
    stm32f4xx_it.o(i.DMA2_Stream5_IRQHandler) refers to stm32f4xx_dma.o(i.DMA_ClearITPendingBit) for DMA_ClearITPendingBit
    stm32f4xx_it.o(i.DMA2_Stream5_IRQHandler) refers to stm32f4xx_dma.o(i.DMA_Cmd) for DMA_Cmd
    stm32f4xx_it.o(i.SampleTime) refers to pow.o(i.__hardfp_pow) for __hardfp_pow
    stm32f4xx_it.o(i.SampleTime) refers to dflt_clz.o(x$fpl$dfltu) for __aeabi_ui2d
    stm32f4xx_it.o(i.SampleTime) refers to dmul.o(x$fpl$dmul) for __aeabi_dmul
    stm32f4xx_it.o(i.SampleTime) refers to stm32f4xx_it.o(.data) for .data
    stm32f4xx_it.o(i.SendData) refers to functions.o(i.ToChar) for ToChar
    stm32f4xx_it.o(i.SendData) refers to usart_dma_config.o(i.U6_SendData) for U6_SendData
    stm32f4xx_it.o(i.SendData) refers to usart_dma_config.o(.bss) for U6_TxBuffer
    stm32f4xx_it.o(i.SendData) refers to stm32f4xx_it.o(.data) for .data
    stm32f4xx_it.o(i.SendData) refers to stm32f4xx_it.o(.bss) for .bss
    stm32f4xx_it.o(i.SysTick_Handler) refers to stm32f4xx_it.o(i.SampleTime) for SampleTime
    stm32f4xx_it.o(i.SysTick_Handler) refers to stm32f4xx_tim.o(i.TIM_GetCounter) for TIM_GetCounter
    stm32f4xx_it.o(i.SysTick_Handler) refers to e_compass.o(i.GetAngle) for GetAngle
    stm32f4xx_it.o(i.SysTick_Handler) refers to daddsub_clz.o(x$fpl$dadd) for __aeabi_dadd
    stm32f4xx_it.o(i.SysTick_Handler) refers to drleqf.o(x$fpl$drleqf) for __aeabi_cdrcmple
    stm32f4xx_it.o(i.SysTick_Handler) refers to daddsub_clz.o(x$fpl$dsub) for __aeabi_dsub
    stm32f4xx_it.o(i.SysTick_Handler) refers to dleqf.o(x$fpl$dleqf) for __aeabi_cdcmple
[...]
    .ARM.Collect$$libshutdown$$00000009      0x08000256   Section        0  libshutdown2.o(.ARM.Collect$$libshutdown$$00000009)
    .ARM.Collect$$libshutdown$$0000000B      0x08000256   Section        0  libshutdown2.o(.ARM.Collect$$libshutdown$$0000000B)
    .ARM.Collect$$libshutdown$$0000000E      0x08000256   Section        0  libshutdown2.o(.ARM.Collect$$libshutdown$$0000000E)
    .ARM.Collect$$libshutdown$$0000000F      0x08000256   Section        2  libshutdown2.o(.ARM.Collect$$libshutdown$$0000000F)
    .ARM.Collect$$rtentry$$00000000          0x08000258   Section        0  rtentry.o(.ARM.Collect$$rtentry$$00000000)
    .ARM.Collect$$rtentry$$00000002          0x08000258   Section        0  rtentry2.o(.ARM.Collect$$rtentry$$00000002)
    .ARM.Collect$$rtentry$$00000004          0x08000258   Section        6  rtentry4.o(.ARM.Collect$$rtentry$$00000004)
    .ARM.Collect$$rtentry$$00000009          0x0800025e   Section        0  rtentry2.o(.ARM.Collect$$rtentry$$00000009)
    .ARM.Collect$$rtentry$$0000000A          0x0800025e   Section        4  rtentry2.o(.ARM.Collect$$rtentry$$0000000A)
    .ARM.Collect$$rtentry$$0000000C          0x08000262   Section        0  rtentry2.o(.ARM.Collect$$rtentry$$0000000C)
    .ARM.Collect$$rtentry$$0000000D          0x08000262   Section        8  rtentry2.o(.ARM.Collect$$rtentry$$0000000D)
    .ARM.Collect$$rtexit$$00000000           0x0800026a   Section        2  rtexit.o(.ARM.Collect$$rtexit$$00000000)
    .ARM.Collect$$rtexit$$00000002           0x0800026c   Section        0  rtexit2.o(.ARM.Collect$$rtexit$$00000002)
    .ARM.Collect$$rtexit$$00000003           0x0800026c   Section        4  rtexit2.o(.ARM.Collect$$rtexit$$00000003)
    .ARM.Collect$$rtexit$$00000004           0x08000270   Section        6  rtexit2.o(.ARM.Collect$$rtexit$$00000004)
    .text                                    0x08000278   Section       64  startup_stm32f411xe.o(.text)
    $v0                                      0x08000278   Number         0  startup_stm32f411xe.o(.text)
    .text                                    0x080002b8   Section        0  heapauxi.o(.text)
    .text                                    0x080002be   Section        0  _rserrno.o(.text)
    .text                                    0x080002d4   Section        8  rt_errno_addr_intlibspace.o(.text)
    .text                                    0x080002dc   Section        8  libspace.o(.text)
    .text                                    0x080002e4   Section       74  sys_stackheap_outer.o(.text)
    .text                                    0x0800032e   Section        0  exit.o(.text)
    .text                                    0x0800033c   Section        0  sys_exit.o(.text)
    .text                                    0x08000348   Section        2  use_no_semi.o(.text)
    .text                                    0x0800034a   Section        0  indicate_semi.o(.text)
    i.BusFault_Handler                       0x0800034a   Section        0  stm32f4xx_it.o(i.BusFault_Handler)
    i.DMA1_Stream5_IRQHandler                0x0800034c   Section        0  stm32f4xx_it.o(i.DMA1_Stream5_IRQHandler)
    i.DMA2_Stream2_IRQHandler                0x080003d0   Section        0  stm32f4xx_it.o(i.DMA2_Stream2_IRQHandler)
    i.DMA2_Stream5_IRQHandler                0x0800040c   Section        0  stm32f4xx_it.o(i.DMA2_Stream5_IRQHandler)
    i.DMA_ClearFlag                          0x0800042c   Section        0  stm32f4xx_dma.o(i.DMA_ClearFlag)
    i.DMA_ClearITPendingBit                  0x08000458   Section        0  stm32f4xx_dma.o(i.DMA_ClearITPendingBit)
    i.DMA_Cmd                                0x08000484   Section        0  stm32f4xx_dma.o(i.DMA_Cmd)
    i.DMA_ITConfig                           0x08000498   Section        0  stm32f4xx_dma.o(i.DMA_ITConfig)
    i.DMA_Init                               0x080004c4   Section        0  stm32f4xx_dma.o(i.DMA_Init)
    i.DebugMon_Handler                       0x08000518   Section        0  stm32f4xx_it.o(i.DebugMon_Handler)
    i.DirPinConfig                           0x0800051c   Section        0  encoder.o(i.DirPinConfig)
    i.ECompass_Config                        0x08000550   Section        0  e_compass.o(i.ECompass_Config)
    i.Encoder_Config                         0x08000578   Section        0  encoder.o(i.Encoder_Config)
    i.GPIO_Init                              0x08000592   Section        0  stm32f4xx_gpio.o(i.GPIO_Init)
    i.GPIO_PinAFConfig                       0x08000634   Section        0  stm32f4xx_gpio.o(i.GPIO_PinAFConfig)
    i.GPIO_ResetBits                         0x08000654   Section        0  stm32f4xx_gpio.o(i.GPIO_ResetBits)
    i.GetAngle                               0x08000658   Section        0  e_compass.o(i.GetAngle)
    i.GetMessageInfo                         0x08000714   Section        0  functions.o(i.GetMessageInfo)
    i.GetValueFromString                     0x08000740   Section        0  functions.o(i.GetValueFromString)
    i.HardFault_Handler                      0x08000868   Section        0  stm32f4xx_it.o(i.HardFault_Handler)
    i.I2C_AcknowledgeConfig                  0x0800086a   Section        0  stm32f4xx_i2c.o(i.I2C_AcknowledgeConfig)
    i.I2C_CheckEvent                         0x0800087e   Section        0  stm32f4xx_i2c.o(i.I2C_CheckEvent)
    i.I2C_Cmd                                0x08000896   Section        0  stm32f4xx_i2c.o(i.I2C_Cmd)
    i.I2C_ECompass_Config                    0x080008ac   Section        0  e_compass.o(i.I2C_ECompass_Config)
    i.I2C_GenerateSTART                      0x08000938   Section        0  stm32f4xx_i2c.o(i.I2C_GenerateSTART)
    i.I2C_GenerateSTOP                       0x0800094c   Section        0  stm32f4xx_i2c.o(i.I2C_GenerateSTOP)
    i.I2C_GetFlagStatus                      0x08000960   Section        0  stm32f4xx_i2c.o(i.I2C_GetFlagStatus)
    i.I2C_Init                               0x0800098c   Section        0  stm32f4xx_i2c.o(i.I2C_Init)
    i.I2C_ReceiveData                        0x08000a44   Section        0  stm32f4xx_i2c.o(i.I2C_ReceiveData)
    i.I2C_Send7bitAddress                    0x08000a4a   Section        0  stm32f4xx_i2c.o(i.I2C_Send7bitAddress)
    i.I2C_SendData                           0x08000a5a   Section        0  stm32f4xx_i2c.o(i.I2C_SendData)
    i.I2C_Start_Receive                      0x08000a60   Section        0  e_compass.o(i.I2C_Start_Receive)
    i.I2C_Start_Transmit                     0x08000ac0   Section        0  e_compass.o(i.I2C_Start_Transmit)
    i.IsCorrectHeader                        0x08000b24   Section        0  functions.o(i.IsCorrectHeader)
    i.IsDouble                               0x08000b80   Section        0  functions.o(i.IsDouble)
    i.IsValidData                            0x08000bc4   Section        0  functions.o(i.IsValidData)
    i.LLToDegree                             0x08000bd4   Section        0  functions.o(i.LLToDegree)
    i.LatLonToUTM                            0x08000c4c   Section        0  functions.o(i.LatLonToUTM)
    i.M1_Backward                            0x080011d0   Section        0  encoder.o(i.M1_Backward)
    i.M1_Encoder_Config                      0x0800122c   Section        0  encoder.o(i.M1_Encoder_Config)
    i.M2_Backward                            0x080012e8   Section        0  encoder.o(i.M2_Backward)
    i.M2_Encoder_Config                      0x08001344   Section        0  encoder.o(i.M2_Encoder_Config)
    i.MemManage_Handler                      0x08001404   Section        0  stm32f4xx_it.o(i.MemManage_Handler)
    i.NMI_Handler                            0x08001406   Section        0  stm32f4xx_it.o(i.NMI_Handler)
    i.NVIC_Init                              0x08001408   Section        0  misc.o(i.NVIC_Init)
    i.NVIC_PriorityGroupConfig               0x0800146c   Section        0  misc.o(i.NVIC_PriorityGroupConfig)
    i.PID_ControlM1                          0x08001480   Section        0  functions.o(i.PID_ControlM1)
    i.PID_ControlM2                          0x080015d4   Section        0  functions.o(i.PID_ControlM2)
    i.PWM_Config                             0x08001728   Section        0  encoder.o(i.PWM_Config)
    i.Parameters_Init                        0x080017cc   Section        0  functions.o(i.Parameters_Init)
    i.PendSV_Handler                         0x08001954   Section        0  stm32f4xx_it.o(i.PendSV_Handler)
    i.Peripheral_Config                      0x08001958   Section        0  main.o(i.Peripheral_Config)
    i.RCC_AHB1PeriphClockCmd                 0x080019a0   Section        0  stm32f4xx_rcc.o(i.RCC_AHB1PeriphClockCmd)
    i.RCC_APB1PeriphClockCmd                 0x080019b8   Section        0  stm32f4xx_rcc.o(i.RCC_APB1PeriphClockCmd)
    i.RCC_APB2PeriphClockCmd                 0x080019d0   Section        0  stm32f4xx_rcc.o(i.RCC_APB2PeriphClockCmd)
    i.RCC_GetClocksFreq                      0x080019e8   Section        0  stm32f4xx_rcc.o(i.RCC_GetClocksFreq)
    i.Read3AxisMagnetometer                  0x08001a7c   Section        0  e_compass.o(i.Read3AxisMagnetometer)
    i.ResetPID                               0x08001b98   Section        0  main.o(i.ResetPID)
    i.Robot_Backward                         0x08001c00   Section        0  encoder.o(i.Robot_Backward)
    i.SVC_Handler                            0x08001c26   Section        0  stm32f4xx_it.o(i.SVC_Handler)
    i.SampleTime                             0x08001c28   Section        0  stm32f4xx_it.o(i.SampleTime)
    i.SendData                               0x08001c70   Section        0  stm32f4xx_it.o(i.SendData)
    i.SetSysClock                            0x08001d2c   Section        0  system_stm32f4xx.o(i.SetSysClock)
    SetSysClock                              0x08001d2d   Thumb Code    98  system_stm32f4xx.o(i.SetSysClock)
    i.Stop_Motor                             0x08001da0   Section        0  encoder.o(i.Stop_Motor)
    i.SysTick_Handler                        0x08001db0   Section        0  stm32f4xx_it.o(i.SysTick_Handler)
    i.SystemInit                             0x08001f7c   Section        0  system_stm32f4xx.o(i.SystemInit)
    i.TIM3_IRQHandler                        0x08001fd8   Section        0  stm32f4xx_it.o(i.TIM3_IRQHandler)
    i.TIM4_IRQHandler                        0x08001ff4   Section        0  stm32f4xx_it.o(i.TIM4_IRQHandler)
    i.TIM_ARRPreloadConfig                   0x08002010   Section        0  stm32f4xx_tim.o(i.TIM_ARRPreloadConfig)
    i.TIM_ClearITPendingBit                  0x08002024   Section        0  stm32f4xx_tim.o(i.TIM_ClearITPendingBit)
    i.TIM_Cmd                                0x0800202a   Section        0  stm32f4xx_tim.o(i.TIM_Cmd)
    i.TIM_EncoderInterfaceConfig             0x0800203e   Section        0  stm32f4xx_tim.o(i.TIM_EncoderInterfaceConfig)
    i.TIM_GetCounter                         0x08002070   Section        0  stm32f4xx_tim.o(i.TIM_GetCounter)
    i.TIM_ITConfig                           0x08002074   Section        0  stm32f4xx_tim.o(i.TIM_ITConfig)
    i.TIM_OC1Init                            0x08002084   Section        0  stm32f4xx_tim.o(i.TIM_OC1Init)
    i.TIM_OC1PreloadConfig                   0x080020e4   Section        0  stm32f4xx_tim.o(i.TIM_OC1PreloadConfig)
    i.TIM_OC2Init                            0x080020f0   Section        0  stm32f4xx_tim.o(i.TIM_OC2Init)
    i.TIM_OC2PreloadConfig                   0x08002170   Section        0  stm32f4xx_tim.o(i.TIM_OC2PreloadConfig)
    i.TIM_TimeBaseInit                       0x08002184   Section        0  stm32f4xx_tim.o(i.TIM_TimeBaseInit)
    i.ToChar                                 0x08002200   Section        0  functions.o(i.ToChar)
    i.ToRPM                                  0x08002308   Section        0  functions.o(i.ToRPM)
    i.U6_SendData                            0x08002368   Section        0  usart_dma_config.o(i.U6_SendData)
    i.USART1_IRQHandler                      0x08002390   Section        0  stm32f4xx_it.o(i.USART1_IRQHandler)
    i.USART2_IRQHandler                      0x080023d0   Section        0  stm32f4xx_it.o(i.USART2_IRQHandler)
    i.USART6_Config                          0x08002410   Section        0  usart_dma_config.o(i.USART6_Config)
    i.USART6_IRQHandler                      0x0800256c   Section        0  stm32f4xx_it.o(i.USART6_IRQHandler)
    i.USART_ClearFlag                        0x080025ac   Section        0  stm32f4xx_usart.o(i.USART_ClearFlag)
    i.USART_Cmd                              0x080025b2   Section        0  stm32f4xx_usart.o(i.USART_Cmd)
    i.USART_DMACmd                           0x080025c6   Section        0  stm32f4xx_usart.o(i.USART_DMACmd)
    i.USART_GetITStatus                      0x080025d6   Section        0  stm32f4xx_usart.o(i.USART_GetITStatus)
    i.USART_ITConfig                         0x08002614   Section        0  stm32f4xx_usart.o(i.USART_ITConfig)
    i.USART_Init                             0x08002644   Section        0  stm32f4xx_usart.o(i.USART_Init)
    i.USART_ReceiveData                      0x080026f0   Section        0  stm32f4xx_usart.o(i.USART_ReceiveData)
    i.UsageFault_Handler                     0x080026f8   Section        0  stm32f4xx_it.o(i.UsageFault_Handler)
    i.WriteToSensor                          0x080026fc   Section        0  e_compass.o(i.WriteToSensor)
    i.__ARM_fpclassify                       0x0800279c   Section        0  fpclassify.o(i.__ARM_fpclassify)
    i.__hardfp_atan                          0x080027d0   Section        0  atan.o(i.__hardfp_atan)
    i.__hardfp_cos                           0x08002ab0   Section        0  cos.o(i.__hardfp_cos)
    i.__hardfp_fabs                          0x08002b88   Section        0  fabs.o(i.__hardfp_fabs)
    i.__hardfp_log                           0x08002ba0   Section        0  log.o(i.__hardfp_log)
    i.__hardfp_pow                           0x08002f88   Section        0  pow.o(i.__hardfp_pow)
    i.__hardfp_sin                           0x08003bc0   Section        0  sin.o(i.__hardfp_sin)
    i.__hardfp_tan                           0x08003c98   Section        0  tan.o(i.__hardfp_tan)
    i.__ieee754_rem_pio2                     0x08003d38   Section        0  rred.o(i.__ieee754_rem_pio2)
    i.__kernel_cos                           0x08004170   Section        0  cos_i.o(i.__kernel_cos)
    i.__kernel_poly                          0x080042e0   Section        0  poly.o(i.__kernel_poly)
    i.__kernel_sin                           0x080043d8   Section        0  sin_i.o(i.__kernel_sin)
    i.__kernel_tan                           0x08004508   Section        0  tan_i.o(i.__kernel_tan)
    i.__mathlib_dbl_underflow                0x08004858   Section        0  dunder.o(i.__mathlib_dbl_underflow)
    i.fabs                                   0x08004878   Section        0  fabs.o(i.fabs)
    i.fix                                    0x08004890   Section        0  functions.o(i.fix)
    i.main                                   0x080048a4   Section        0  main.o(i.main)
    i.sqrt                                   0x080049c4   Section        0  sqrt.o(i.sqrt)
    x$fpl$basic                              0x08004a32   Section       24  basic.o(x$fpl$basic)
    $v0                                      0x08004a32   Number         0  basic.o(x$fpl$basic)
    x$fpl$dadd                               0x08004a4c   Section      336  daddsub_clz.o(x$fpl$dadd)
    $v0                                      0x08004a4c   Number         0  daddsub_clz.o(x$fpl$dadd)
    _dadd1                                   0x08004a5d   Thumb Code     0  daddsub_clz.o(x$fpl$dadd)
    x$fpl$dcheck1                            0x08004b9c   Section       16  dcheck1.o(x$fpl$dcheck1)
    $v0                                      0x08004b9c   Number         0  dcheck1.o(x$fpl$dcheck1)
    x$fpl$dcmpinf                            0x08004bac   Section       24  dcmpi.o(x$fpl$dcmpinf)
    $v0                                      0x08004bac   Number         0  dcmpi.o(x$fpl$dcmpinf)
    x$fpl$ddiv                               0x08004bc4   Section      688  ddiv.o(x$fpl$ddiv)
    $v0                                      0x08004bc4   Number         0  ddiv.o(x$fpl$ddiv)
    ddiv_entry                               0x08004bcb   Thumb Code     0  ddiv.o(x$fpl$ddiv)
    x$fpl$deqf                               0x08004e74   Section      120  deqf.o(x$fpl$deqf)
    $v0                                      0x08004e74   Number         0  deqf.o(x$fpl$deqf)
    x$fpl$dfix                               0x08004eec   Section       94  dfix.o(x$fpl$dfix)
    $v0                                      0x08004eec   Number         0  dfix.o(x$fpl$dfix)
    x$fpl$dfixu                              0x08004f4c   Section       90  dfixu.o(x$fpl$dfixu)
    $v0                                      0x08004f4c   Number         0  dfixu.o(x$fpl$dfixu)
    x$fpl$dflt                               0x08004fa6   Section       46  dflt_clz.o(x$fpl$dflt)
    $v0                                      0x08004fa6   Number         0  dflt_clz.o(x$fpl$dflt)
    x$fpl$dfltu                              0x08004fd4   Section       38  dflt_clz.o(x$fpl$dfltu)
    $v0                                      0x08004fd4   Number         0  dflt_clz.o(x$fpl$dfltu)
    x$fpl$dleqf                              0x08004ffc   Section      120  dleqf.o(x$fpl$dleqf)
    $v0                                      0x08004ffc   Number         0  dleqf.o(x$fpl$dleqf)
    x$fpl$dmul                               0x08005074   Section      340  dmul.o(x$fpl$dmul)
    $v0                                      0x08005074   Number         0  dmul.o(x$fpl$dmul)
    x$fpl$dnaninf                            0x080051c8   Section      156  dnaninf.o(x$fpl$dnaninf)
    $v0                                      0x080051c8   Number         0  dnaninf.o(x$fpl$dnaninf)
    x$fpl$dretinf                            0x08005264   Section       12  dretinf.o(x$fpl$dretinf)
    $v0                                      0x08005264   Number         0  dretinf.o(x$fpl$dretinf)
    x$fpl$drleqf                             0x08005270   Section      108  drleqf.o(x$fpl$drleqf)
    $v0                                      0x08005270   Number         0  drleqf.o(x$fpl$drleqf)
    x$fpl$drsb                               0x080052dc   Section       22  daddsub_clz.o(x$fpl$drsb)
    $v0                                      0x080052dc   Number         0  daddsub_clz.o(x$fpl$drsb)
    x$fpl$dsqrt                              0x080052f4   Section      408  dsqrt_umaal.o(x$fpl$dsqrt)
    $v0                                      0x080052f4   Number         0  dsqrt_umaal.o(x$fpl$dsqrt)
    x$fpl$dsub                               0x0800548c   Section      468  daddsub_clz.o(x$fpl$dsub)
    $v0                                      0x0800548c   Number         0  daddsub_clz.o(x$fpl$dsub)
    _dsub1                                   0x0800549d   Thumb Code     0  daddsub_clz.o(x$fpl$dsub)
    x$fpl$fpinit                             0x08005660   Section       10  fpinit.o(x$fpl$fpinit)
    $v0                                      0x08005660   Number         0  fpinit.o(x$fpl$fpinit)
    x$fpl$retnan                             0x0800566a   Section      100  retnan.o(x$fpl$retnan)
    $v0                                      0x0800566a   Number         0  retnan.o(x$fpl$retnan)
    x$fpl$scalbn                             0x080056ce   Section       92  scalbn.o(x$fpl$scalbn)
    $v0                                      0x080056ce   Number         0  scalbn.o(x$fpl$scalbn)
    x$fpl$trapveneer                         0x0800572a   Section       48  trapv.o(x$fpl$trapveneer)
    $v0                                      0x0800572a   Number         0  trapv.o(x$fpl$trapveneer)
    x$fpl$usenofp                            0x0800575a   Section        0  usenofp.o(x$fpl$usenofp)
    .constdata                               0x08005760   Section      152  atan.o(.constdata)
    atanhi                                   0x08005760   Data          32  atan.o(.constdata)
    atanlo                                   0x08005780   Data          32  atan.o(.constdata)
    aTodd                                    0x080057a0   Data          40  atan.o(.constdata)
    aTeven                                   0x080057c8   Data          48  atan.o(.constdata)
    .constdata                               0x080057f8   Section       56  log.o(.constdata)
    Lg2                                      0x080057f8   Data          24  log.o(.constdata)
    Lg                                       0x08005810   Data          32  log.o(.constdata)
    .constdata                               0x08005830   Section      136  pow.o(.constdata)
    bp                                       0x08005830   Data          16  pow.o(.constdata)
    dp_h                                     0x08005840   Data          16  pow.o(.constdata)
    dp_l                                     0x08005850   Data          16  pow.o(.constdata)
    L                                        0x08005860   Data          48  pow.o(.constdata)
    P                                        0x08005890   Data          40  pow.o(.constdata)
    .constdata                               0x080058b8   Section       48  cos_i.o(.constdata)
    C                                        0x080058b8   Data          48  cos_i.o(.constdata)
    .constdata                               0x080058e8   Section        8  qnan.o(.constdata)
    .constdata                               0x080058f0   Section      200  rred.o(.constdata)
    pio2s                                    0x080058f0   Data          48  rred.o(.constdata)
    twooverpi                                0x08005920   Data         152  rred.o(.constdata)
    .constdata                               0x080059b8   Section       40  sin_i.o(.constdata)
    S                                        0x080059b8   Data          40  sin_i.o(.constdata)
    .constdata                               0x080059e0   Section       96  tan_i.o(.constdata)
    Todd                                     0x080059e0   Data          48  tan_i.o(.constdata)
    Teven                                    0x08005a10   Data          48  tan_i.o(.constdata)
    .data                                    0x20000000   Section       20  system_stm32f4xx.o(.data)
    .data                                    0x20000018   Section       16  main.o(.data)
    .data                                    0x20000028   Section      136  stm32f4xx_it.o(.data)
    .data                                    0x200000b0   Section        1  stm32f4xx_it.o(.data)
    .data                                    0x200000b4   Section       12  encoder.o(.data)
    .data                                    0x200000c0   Section       12  usart_dma_config.o(.data)
    .data                                    0x200000d0   Section      232  functions.o(.data)
    .data                                    0x200001b8   Section        8  e_compass.o(.data)
    .data                                    0x200001c0   Section       16  stm32f4xx_rcc.o(.data)
    APBAHBPrescTable                         0x200001c0   Data          16  stm32f4xx_rcc.o(.data)
    .bss                                     0x200001d0   Section     2016  stm32f4xx_it.o(.bss)
    .bss                                     0x200009b0   Section       32  encoder.o(.bss)
    .bss                                     0x200009d0   Section     2576  usart_dma_config.o(.bss)
    .bss                                     0x200013e0   Section      224  functions.o(.bss)
    .bss                                     0x200014c0   Section       16  e_compass.o(.bss)
    .bss                                     0x200014d0   Section       96  libspace.o(.bss)
    HEAP                                     0x20001530   Section      512  startup_stm32f411xe.o(HEAP)
    Heap_Mem                                 0x20001530   Data         512  startup_stm32f411xe.o(HEAP)
    STACK                                    0x20001730   Section     1024  startup_stm32f411xe.o(STACK)
    Stack_Mem                                0x20001730   Data        1024  startup_stm32f411xe.o(STACK)
    __initial_sp                             0x20001b30   Data           0  startup_stm32f411xe.o(STACK)

    Global Symbols

    Symbol Name                              Value     Ov Type        Size  Object(Section)

    BuildAttributes$$THM_ISAv4$E$P$D$K$B$S$7EM$VFPi3$EXTD16$VFPS$VFMA$PE$A:L22UL41UL21$X:L11$S22US41US21$IEEE1$IW$USESV6$~STKCKD$USESV7$~SHL$OTIME$ROPI$IEEEX$EBA8$UX$STANDARDLIB$REQ8$PRES8$EABIv2 0x00000000   Number         0  anon$$obj.o ABSOLUTE
    __ARM_use_no_argv                        0x00000000   Number         0  main.o ABSOLUTE
    __ARM_exceptions_init                     - Undefined Weak Reference
    __alloca_initialize                       - Undefined Weak Reference
    __cpp_initialize__aeabi_                  - Undefined Weak Reference
    __cxa_finalize                            - Undefined Weak Reference
    __rt_locale                               - Undefined Weak Reference
    __sigvec_lookup                           - Undefined Weak Reference
    _atexit_init                              - Undefined Weak Reference
    _call_atexit_fns                          - Undefined Weak Reference
    _clock_init                               - Undefined Weak Reference
    _fp_trap_init                             - Undefined Weak Reference
    _fp_trap_shutdown                         - Undefined Weak Reference
    _get_lc_collate                           - Undefined Weak Reference
    _get_lc_ctype                             - Undefined Weak Reference
    _get_lc_monetary                          - Undefined Weak Reference
    _get_lc_numeric                           - Undefined Weak Reference
    _get_lc_time                              - Undefined Weak Reference
    _getenv_init                              - Undefined Weak Reference
    _handle_redirection                       - Undefined Weak Reference
    _init_alloc                               - Undefined Weak Reference
    _init_user_alloc                          - Undefined Weak Reference
    _initio                                   - Undefined Weak Reference
    _rand_init                                - Undefined Weak Reference
    _signal_finish                            - Undefined Weak Reference
    _signal_init                              - Undefined Weak Reference
    _terminate_alloc                          - Undefined Weak Reference
    _terminate_user_alloc                     - Undefined Weak Reference
    _terminateio                              - Undefined Weak Reference
    __Vectors_Size                           0x00000198   Number         0  startup_stm32f411xe.o ABSOLUTE
    __Vectors                                0x08000000   Data           4  startup_stm32f411xe.o(RESET)
    __Vectors_End                            0x08000198   Data           0  startup_stm32f411xe.o(RESET)
    __main                                   0x08000199   Thumb Code     8  __main.o(!!!main)
    __scatterload                            0x080001a1   Thumb Code     0  __scatter.o(!!!scatter)
    __scatterload_rt2                        0x080001a1   Thumb Code    44  __scatter.o(!!!scatter)
    __scatterload_rt2_thumb_only             0x080001a1   Thumb Code     0  __scatter.o(!!!scatter)
    __scatterload_null                       0x080001af   Thumb Code     0  __scatter.o(!!!scatter)
    __decompress                             0x080001d5   Thumb Code    90  __dczerorl2.o(!!dczerorl2)
    __decompress1                            0x080001d5   Thumb Code     0  __dczerorl2.o(!!dczerorl2)
    __scatterload_zeroinit                   0x08000231   Thumb Code    28  __scatter_zi.o(!!handler_zi)
    __rt_lib_init                            0x0800024d   Thumb Code     0  libinit.o(.ARM.Collect$$libinit$$00000000)
    __rt_lib_init_fp_1                       0x0800024f   Thumb Code     0  libinit2.o(.ARM.Collect$$libinit$$00000001)
    __rt_lib_init_alloca_1                   0x08000253   Thumb Code     0  libinit2.o(.ARM.Collect$$libinit$$0000002C)
    __rt_lib_init_argv_1                     0x08000253   Thumb Code     0  libinit2.o(.ARM.Collect$$libinit$$0000002A)
    __rt_lib_init_atexit_1                   0x08000253   Thumb Code     0  libinit2.o(.ARM.Collect$$libinit$$00000019)
    __rt_lib_init_clock_1                    0x08000253   Thumb Code     0  libinit2.o(.ARM.Collect$$libinit$$0000001F)
    __rt_lib_init_cpp_1                      0x08000253   Thumb Code     0  libinit2.o(.ARM.Collect$$libinit$$00000030)
    __rt_lib_init_exceptions_1               0x08000253   Thumb Code     0  libinit2.o(.ARM.Collect$$libinit$$0000002E)
    __rt_lib_init_fp_trap_1                  0x08000253   Thumb Code     0  libinit2.o(.ARM.Collect$$libinit$$0000001D)
    __rt_lib_init_getenv_1                   0x08000253   Thumb Code     0  libinit2.o(.ARM.Collect$$libinit$$00000021)
    __rt_lib_init_heap_1                     0x08000253   Thumb Code     0  libinit2.o(.ARM.Collect$$libinit$$00000008)
    __rt_lib_init_lc_collate_1               0x08000253   Thumb Code     0  libinit2.o(.ARM.Collect$$libinit$$0000000F)
    __rt_lib_init_lc_ctype_1                 0x08000253   Thumb Code     0  libinit2.o(.ARM.Collect$$libinit$$00000011)
    __rt_lib_init_lc_monetary_1              0x08000253   Thumb Code     0  libinit2.o(.ARM.Collect$$libinit$$00000013)
    __rt_lib_init_lc_numeric_1               0x08000253   Thumb Code     0  libinit2.o(.ARM.Collect$$libinit$$00000015)
    __rt_lib_init_lc_time_1                  0x08000253   Thumb Code     0  libinit2.o(.ARM.Collect$$libinit$$00000017)
    __rt_lib_init_rand_1                     0x08000253   Thumb Code     0  libinit2.o(.ARM.Collect$$libinit$$0000000C)
    __rt_lib_init_return                     0x08000253   Thumb Code     0  libinit2.o(.ARM.Collect$$libinit$$00000031)
    __rt_lib_init_signal_1                   0x08000253   Thumb Code     0  libinit2.o(.ARM.Collect$$libinit$$0000001B)
    __rt_lib_init_stdio_1                    0x08000253   Thumb Code     0  libinit2.o(.ARM.Collect$$libinit$$00000023)
    __rt_lib_init_user_alloc_1               0x08000253   Thumb Code     0  libinit2.o(.ARM.Collect$$libinit$$0000000A)
    __rt_lib_shutdown                        0x08000255   Thumb Code     0  libshutdown.o(.ARM.Collect$$libshutdown$$00000000)
    __rt_lib_shutdown_fp_trap_1              0x08000257   Thumb Code     0  libshutdown2.o(.ARM.Collect$$libshutdown$$00000006)
    __rt_lib_shutdown_heap_1                 0x08000257   Thumb Code     0  libshutdown2.o(.ARM.Collect$$libshutdown$$0000000E)
    __rt_lib_shutdown_return                 0x08000257   Thumb Code     0  libshutdown2.o(.ARM.Collect$$libshutdown$$0000000F)
    __rt_lib_shutdown_signal_1               0x08000257   Thumb Code     0  libshutdown2.o(.ARM.Collect$$libshutdown$$00000009)
    __rt_lib_shutdown_stdio_1                0x08000257   Thumb Code     0  libshutdown2.o(.ARM.Collect$$libshutdown$$00000003)
    __rt_lib_shutdown_user_alloc_1           0x08000257   Thumb Code     0  libshutdown2.o(.ARM.Collect$$libshutdown$$0000000B)
    __rt_entry                               0x08000259   Thumb Code     0  rtentry.o(.ARM.Collect$$rtentry$$00000000)
    __rt_entry_presh_1                       0x08000259   Thumb Code     0  rtentry2.o(.ARM.Collect$$rtentry$$00000002)
    __rt_entry_sh                            0x08000259   Thumb Code     0  rtentry4.o(.ARM.Collect$$rtentry$$00000004)
    __rt_entry_li                            0x0800025f   Thumb Code     0  rtentry2.o(.ARM.Collect$$rtentry$$0000000A)
    __rt_entry_postsh_1                      0x0800025f   Thumb Code     0  rtentry2.o(.ARM.Collect$$rtentry$$00000009)
    __rt_entry_main                          0x08000263   Thumb Code     0  rtentry2.o(.ARM.Collect$$rtentry$$0000000D)
    __rt_entry_postli_1                      0x08000263   Thumb Code     0  rtentry2.o(.ARM.Collect$$rtentry$$0000000C)
    __rt_exit                                0x0800026b   Thumb Code     0  rtexit.o(.ARM.Collect$$rtexit$$00000000)
    __rt_exit_ls                             0x0800026d   Thumb Code     0  rtexit2.o(.ARM.Collect$$rtexit$$00000003)
    __rt_exit_prels_1                        0x0800026d   Thumb Code     0  rtexit2.o(.ARM.Collect$$rtexit$$00000002)
    __rt_exit_exit                           0x08000271   Thumb Code     0  rtexit2.o(.ARM.Collect$$rtexit$$00000004)
    Reset_Handler                            0x08000279   Thumb Code     8  startup_stm32f411xe.o(.text)
    ADC_IRQHandler                           0x08000293   Thumb Code     0  startup_stm32f411xe.o(.text)
    DMA1_Stream0_IRQHandler                  0x08000293   Thumb Code     0  startup_stm32f411xe.o(.text)
    DMA1_Stream1_IRQHandler                  0x08000293   Thumb Code     0  startup_stm32f411xe.o(.text)
    DMA1_Stream2_IRQHandler                  0x08000293   Thumb Code     0  startup_stm32f411xe.o(.text)
    DMA1_Stream3_IRQHandler                  0x08000293   Thumb Code     0  startup_stm32f411xe.o(.text)
    DMA1_Stream4_IRQHandler                  0x08000293   Thumb Code     0  startup_stm32f411xe.o(.text)
    DMA1_Stream6_IRQHandler                  0x08000293   Thumb Code     0  startup_stm32f411xe.o(.text)
    DMA1_Stream7_IRQHandler                  0x08000293   Thumb Code     0  startup_stm32f411xe.o(.text)
    DMA2_Stream0_IRQHandler                  0x08000293   Thumb Code     0  startup_stm32f411xe.o(.text)
    DMA2_Stream1_IRQHandler                  0x08000293   Thumb Code     0  startup_stm32f411xe.o(.text)
    DMA2_Stream3_IRQHandler                  0x08000293   Thumb Code     0  startup_stm32f411xe.o(.text)
    DMA2_Stream4_IRQHandler                  0x08000293   Thumb Code     0  startup_stm32f411xe.o(.text)
    DMA2_Stream6_IRQHandler                  0x08000293   Thumb Code     0  startup_stm32f411xe.o(.text)
    DMA2_Stream7_IRQHandler                  0x08000293   Thumb Code     0  startup_stm32f411xe.o(.text)
    EXTI0_IRQHandler                         0x08000293   Thumb Code     0  startup_stm32f411xe.o(.text)
    EXTI15_10_IRQHandler                     0x08000293   Thumb Code     0  startup_stm32f411xe.o(.text)
    EXTI1_IRQHandler                         0x08000293   Thumb Code     0  startup_stm32f411xe.o(.text)
    EXTI2_IRQHandler                         0x08000293   Thumb Code     0  startup_stm32f411xe.o(.text)
    EXTI3_IRQHandler                         0x08000293   Thumb Code     0  startup_stm32f411xe.o(.text)
    EXTI4_IRQHandler                         0x08000293   Thumb Code     0  startup_stm32f411xe.o(.text)
    EXTI9_5_IRQHandler                       0x08000293   Thumb Code     0  startup_stm32f411xe.o(.text)
    FLASH_IRQHandler                         0x08000293   Thumb Code     0  startup_stm32f411xe.o(.text)
    FPU_IRQHandler                           0x08000293   Thumb Code     0  startup_stm32f411xe.o(.text)
    I2C1_ER_IRQHandler                       0x08000293   Thumb Code     0  startup_stm32f411xe.o(.text)
    I2C1_EV_IRQHandler                       0x08000293   Thumb Code     0  startup_stm32f411xe.o(.text)
    I2C2_ER_IRQHandler                       0x08000293   Thumb Code     0  startup_stm32f411xe.o(.text)
    I2C2_EV_IRQHandler                       0x08000293   Thumb Code     0  startup_stm32f411xe.o(.text)
    I2C3_ER_IRQHandler                       0x08000293   Thumb Code     0  startup_stm32f411xe.o(.text)
    I2C3_EV_IRQHandler                       0x08000293   Thumb Code     0  startup_stm32f411xe.o(.text)
    OTG_FS_IRQHandler                        0x08000293   Thumb Code     0  startup_stm32f411xe.o(.text)
    OTG_FS_WKUP_IRQHandler                   0x08000293   Thumb Code     0  startup_stm32f411xe.o(.text)
    PVD_IRQHandler                           0x08000293   Thumb Code     0  startup_stm32f411xe.o(.text)
    RCC_IRQHandler                           0x08000293   Thumb Code     0  startup_stm32f411xe.o(.text)
    RTC_Alarm_IRQHandler                     0x08000293   Thumb Code     0  startup_stm32f411xe.o(.text)
    RTC_WKUP_IRQHandler                      0x08000293   Thumb Code     0  startup_stm32f411xe.o(.text)
    SDIO_IRQHandler                          0x08000293   Thumb Code     0  startup_stm32f411xe.o(.text)
    SPI1_IRQHandler                          0x08000293   Thumb Code     0  startup_stm32f411xe.o(.text)
    SPI2_IRQHandler                          0x08000293   Thumb Code     0  startup_stm32f411xe.o(.text)
    SPI3_IRQHandler                          0x08000293   Thumb Code     0  startup_stm32f411xe.o(.text)
    SPI4_IRQHandler                          0x08000293   Thumb Code     0  startup_stm32f411xe.o(.text)
    SPI5_IRQHandler                          0x08000293   Thumb Code     0  startup_stm32f411xe.o(.text)
    TAMP_STAMP_IRQHandler                    0x08000293   Thumb Code     0  startup_stm32f411xe.o(.text)
    TIM1_BRK_TIM9_IRQHandler                 0x08000293   Thumb Code     0  startup_stm32f411xe.o(.text)
    TIM1_CC_IRQHandler                       0x08000293   Thumb Code     0  startup_stm32f411xe.o(.text)
    TIM1_TRG_COM_TIM11_IRQHandler            0x08000293   Thumb Code     0  startup_stm32f411xe.o(.text)
    TIM1_UP_TIM10_IRQHandler                 0x08000293   Thumb Code     0  startup_stm32f411xe.o(.text)
    TIM2_IRQHandler                          0x08000293   Thumb Code     0  startup_stm32f411xe.o(.text)
    TIM5_IRQHandler                          0x08000293   Thumb Code     0  startup_stm32f411xe.o(.text)
    WWDG_IRQHandler                          0x08000293   Thumb Code     0  startup_stm32f411xe.o(.text)
    __user_initial_stackheap                 0x08000295   Thumb Code     0  startup_stm32f411xe.o(.text)
    __use_two_region_memory                  0x080002b9   Thumb Code     2  heapauxi.o(.text)
    __rt_heap_escrow$2region                 0x080002bb   Thumb Code     2  heapauxi.o(.text)
    __rt_heap_expand$2region                 0x080002bd   Thumb Code     2  heapauxi.o(.text)
    __read_errno                             0x080002bf   Thumb Code    10  _rserrno.o(.text)
    __set_errno                              0x080002c9   Thumb Code    12  _rserrno.o(.text)
    __aeabi_errno_addr                       0x080002d5   Thumb Code     8  rt_errno_addr_intlibspace.o(.text)
    __errno$intlibspace                      0x080002d5   Thumb Code     0  rt_errno_addr_intlibspace.o(.text)
    __rt_errno_addr$intlibspace              0x080002d5   Thumb Code     0  rt_errno_addr_intlibspace.o(.text)
    __user_libspace                          0x080002dd   Thumb Code     8  libspace.o(.text)
    __user_perproc_libspace                  0x080002dd   Thumb Code     0  libspace.o(.text)
    __user_perthread_libspace                0x080002dd   Thumb Code     0  libspace.o(.text)
    __user_setup_stackheap                   0x080002e5   Thumb Code    74  sys_stackheap_outer.o(.text)
    exit                                     0x0800032f   Thumb Code    12  exit.o(.text)
    _sys_exit                                0x0800033d   Thumb Code     8  sys_exit.o(.text)
    __I$use$semihosting                      0x08000349   Thumb Code     0  use_no_semi.o(.text)
    __use_no_semihosting_swi                 0x08000349   Thumb Code     2  use_no_semi.o(.text)
    BusFault_Handler                         0x0800034b   Thumb Code     2  stm32f4xx_it.o(i.BusFault_Handler)
    __semihosting_library_function           0x0800034b   Thumb Code     0  indicate_semi.o(.text)
    DMA1_Stream5_IRQHandler                  0x0800034d   Thumb Code   106  stm32f4xx_it.o(i.DMA1_Stream5_IRQHandler)
    DMA2_Stream2_IRQHandler                  0x080003d1   Thumb Code    40  stm32f4xx_it.o(i.DMA2_Stream2_IRQHandler)
    DMA2_Stream5_IRQHandler                  0x0800040d   Thumb Code    24  stm32f4xx_it.o(i.DMA2_Stream5_IRQHandler)
    DMA_ClearFlag                            0x0800042d   Thumb Code    32  stm32f4xx_dma.o(i.DMA_ClearFlag)
    DMA_ClearITPendingBit                    0x08000459   Thumb Code    32  stm32f4xx_dma.o(i.DMA_ClearITPendingBit)
    DMA_Cmd                                  0x08000485   Thumb Code    20  stm32f4xx_dma.o(i.DMA_Cmd)
    DMA_ITConfig                             0x08000499   Thumb Code    44  stm32f4xx_dma.o(i.DMA_ITConfig)
    DMA_Init                                 0x080004c5   Thumb Code    80  stm32f4xx_dma.o(i.DMA_Init)
    DebugMon_Handler                         0x08000519   Thumb Code     2  stm32f4xx_it.o(i.DebugMon_Handler)
    DirPinConfig                             0x0800051d   Thumb Code    42  encoder.o(i.DirPinConfig)
    ECompass_Config                          0x08000551   Thumb Code    40  e_compass.o(i.ECompass_Config)
    Encoder_Config                           0x08000579   Thumb Code    26  encoder.o(i.Encoder_Config)
    GPIO_Init                                0x08000593   Thumb Code   162  stm32f4xx_gpio.o(i.GPIO_Init)
    GPIO_PinAFConfig                         0x08000635   Thumb Code    32  stm32f4xx_gpio.o(i.GPIO_PinAFConfig)
    GPIO_ResetBits                           0x08000655   Thumb Code     4  stm32f4xx_gpio.o(i.GPIO_ResetBits)
    GetAngle                                 0x08000659   Thumb Code   164  e_compass.o(i.GetAngle)
    GetMessageInfo                           0x08000715   Thumb Code    42  functions.o(i.GetMessageInfo)
    GetValueFromString                       0x08000741   Thumb Code   264  functions.o(i.GetValueFromString)
    HardFault_Handler                        0x08000869   Thumb Code     2  stm32f4xx_it.o(i.HardFault_Handler)
    I2C_AcknowledgeConfig                    0x0800086b   Thumb Code    20  stm32f4xx_i2c.o(i.I2C_AcknowledgeConfig)
    I2C_CheckEvent                           0x0800087f   Thumb Code    24  stm32f4xx_i2c.o(i.I2C_CheckEvent)
    I2C_Cmd                                  0x08000897   Thumb Code    20  stm32f4xx_i2c.o(i.I2C_Cmd)
    I2C_ECompass_Config                      0x080008ad   Thumb Code   118  e_compass.o(i.I2C_ECompass_Config)
    I2C_GenerateSTART                        0x08000939   Thumb Code    20  stm32f4xx_i2c.o(i.I2C_GenerateSTART)
    I2C_GenerateSTOP                         0x0800094d   Thumb Code    20  stm32f4xx_i2c.o(i.I2C_GenerateSTOP)
    I2C_GetFlagStatus                        0x08000961   Thumb Code    42  stm32f4xx_i2c.o(i.I2C_GetFlagStatus)
    I2C_Init                                 0x0800098d   Thumb Code   174  stm32f4xx_i2c.o(i.I2C_Init)
    I2C_ReceiveData                          0x08000a45   Thumb Code     6  stm32f4xx_i2c.o(i.I2C_ReceiveData)
    I2C_Send7bitAddress                      0x08000a4b   Thumb Code    16  stm32f4xx_i2c.o(i.I2C_Send7bitAddress)
    I2C_SendData                             0x08000a5b   Thumb Code     4  stm32f4xx_i2c.o(i.I2C_SendData)
    I2C_Start_Receive                        0x08000a61   Thumb Code    88  e_compass.o(i.I2C_Start_Receive)
    I2C_Start_Transmit                       0x08000ac1   Thumb Code    86  e_compass.o(i.I2C_Start_Transmit)
    IsCorrectHeader                          0x08000b25   Thumb Code    92  functions.o(i.IsCorrectHeader)
    IsDouble                                 0x08000b81   Thumb Code    60  functions.o(i.IsDouble)
    IsValidData                              0x08000bc5   Thumb Code    14  functions.o(i.IsValidData)
    LLToDegree                               0x08000bd5   Thumb Code   104  functions.o(i.LLToDegree)
    LatLonToUTM                              0x08000c4d   Thumb Code  1386  functions.o(i.LatLonToUTM)
    M1_Backward                              0x080011d1   Thumb Code    68  encoder.o(i.M1_Backward)
    M1_Encoder_Config                        0x0800122d   Thumb Code   172  encoder.o(i.M1_Encoder_Config)
    M2_Backward                              0x080012e9   Thumb Code    68  encoder.o(i.M2_Backward)
    M2_Encoder_Config                        0x08001345   Thumb Code   174  encoder.o(i.M2_Encoder_Config)
    MemManage_Handler                        0x08001405   Thumb Code     2  stm32f4xx_it.o(i.MemManage_Handler)
    NMI_Handler                              0x08001407   Thumb Code     2  stm32f4xx_it.o(i.NMI_Handler)
    NVIC_Init                                0x08001409   Thumb Code    96  misc.o(i.NVIC_Init)
    NVIC_PriorityGroupConfig                 0x0800146d   Thumb Code    10  misc.o(i.NVIC_PriorityGroupConfig)
    PID_ControlM1                            0x08001481   Thumb Code   302  functions.o(i.PID_ControlM1)
    PID_ControlM2                            0x080015d5   Thumb Code   302  functions.o(i.PID_ControlM2)
    PWM_Config                               0x08001729   Thumb Code   148  encoder.o(i.PWM_Config)
    Parameters_Init                          0x080017cd   Thumb Code   230  functions.o(i.Parameters_Init)
    PendSV_Handler                           0x08001955   Thumb Code     2  stm32f4xx_it.o(i.PendSV_Handler)
    Peripheral_Config                        0x08001959   Thumb Code    60  main.o(i.Peripheral_Config)
    RCC_AHB1PeriphClockCmd                   0x080019a1   Thumb Code    18  stm32f4xx_rcc.o(i.RCC_AHB1PeriphClockCmd)
    RCC_APB1PeriphClockCmd                   0x080019b9   Thumb Code    18  stm32f4xx_rcc.o(i.RCC_APB1PeriphClockCmd)
    RCC_APB2PeriphClockCmd                   0x080019d1   Thumb Code    18  stm32f4xx_rcc.o(i.RCC_APB2PeriphClockCmd)
    RCC_GetClocksFreq                        0x080019e9   Thumb Code   132  stm32f4xx_rcc.o(i.RCC_GetClocksFreq)
    Read3AxisMagnetometer                    0x08001a7d   Thumb Code   262  e_compass.o(i.Read3AxisMagnetometer)
    ResetPID                                 0x08001b99   Thumb Code    60  main.o(i.ResetPID)
    Robot_Backward                           0x08001c01   Thumb Code    38  encoder.o(i.Robot_Backward)
    SVC_Handler                              0x08001c27   Thumb Code     2  stm32f4xx_it.o(i.SVC_Handler)
    SampleTime                               0x08001c29   Thumb Code    52  stm32f4xx_it.o(i.SampleTime)
    SendData                                 0x08001c71   Thumb Code   176  stm32f4xx_it.o(i.SendData)
    Stop_Motor                               0x08001da1   Thumb Code    10  encoder.o(i.Stop_Motor)
    SysTick_Handler                          0x08001db1   Thumb Code   410  stm32f4xx_it.o(i.SysTick_Handler)
    SystemInit                               0x08001f7d   Thumb Code    74  system_stm32f4xx.o(i.SystemInit)
    TIM3_IRQHandler                          0x08001fd9   Thumb Code    20  stm32f4xx_it.o(i.TIM3_IRQHandler)
    TIM4_IRQHandler                          0x08001ff5   Thumb Code    20  stm32f4xx_it.o(i.TIM4_IRQHandler)
    TIM_ARRPreloadConfig                     0x08002011   Thumb Code    20  stm32f4xx_tim.o(i.TIM_ARRPreloadConfig)
    TIM_ClearITPendingBit                    0x08002025   Thumb Code     6  stm32f4xx_tim.o(i.TIM_ClearITPendingBit)
    TIM_Cmd                                  0x0800202b   Thumb Code    20  stm32f4xx_tim.o(i.TIM_Cmd)
    TIM_EncoderInterfaceConfig               0x0800203f   Thumb Code    50  stm32f4xx_tim.o(i.TIM_EncoderInterfaceConfig)
    TIM_GetCounter                           0x08002071   Thumb Code     4  stm32f4xx_tim.o(i.TIM_GetCounter)
    TIM_ITConfig                             0x08002075   Thumb Code    16  stm32f4xx_tim.o(i.TIM_ITConfig)
    TIM_OC1Init                              0x08002085   Thumb Code    88  stm32f4xx_tim.o(i.TIM_OC1Init)
    TIM_OC1PreloadConfig                     0x080020e5   Thumb Code    12  stm32f4xx_tim.o(i.TIM_OC1PreloadConfig)
    TIM_OC2Init                              0x080020f1   Thumb Code   120  stm32f4xx_tim.o(i.TIM_OC2Init)
    TIM_OC2PreloadConfig                     0x08002171   Thumb Code    20  stm32f4xx_tim.o(i.TIM_OC2PreloadConfig)
    TIM_TimeBaseInit                         0x08002185   Thumb Code    96  stm32f4xx_tim.o(i.TIM_TimeBaseInit)
    ToChar                                   0x08002201   Thumb Code   246  functions.o(i.ToChar)
    ToRPM                                    0x08002309   Thumb Code    74  functions.o(i.ToRPM)
    U6_SendData                              0x08002369   Thumb Code    30  usart_dma_config.o(i.U6_SendData)
    USART1_IRQHandler                        0x08002391   Thumb Code    50  stm32f4xx_it.o(i.USART1_IRQHandler)
    USART2_IRQHandler                        0x080023d1   Thumb Code    50  stm32f4xx_it.o(i.USART2_IRQHandler)
    USART6_Config                            0x08002411   Thumb Code   326  usart_dma_config.o(i.USART6_Config)
    USART6_IRQHandler                        0x0800256d   Thumb Code    50  stm32f4xx_it.o(i.USART6_IRQHandler)
    USART_ClearFlag                          0x080025ad   Thumb Code     6  stm32f4xx_usart.o(i.USART_ClearFlag)
    USART_Cmd                                0x080025b3   Thumb Code    20  stm32f4xx_usart.o(i.USART_Cmd)
    USART_DMACmd                             0x080025c7   Thumb Code    16  stm32f4xx_usart.o(i.USART_DMACmd)
    USART_GetITStatus                        0x080025d7   Thumb Code    62  stm32f4xx_usart.o(i.USART_GetITStatus)
    USART_ITConfig                           0x08002615   Thumb Code    48  stm32f4xx_usart.o(i.USART_ITConfig)
    USART_Init                               0x08002645   Thumb Code   164  stm32f4xx_usart.o(i.USART_Init)
    USART_ReceiveData                        0x080026f1   Thumb Code     8  stm32f4xx_usart.o(i.USART_ReceiveData)
    UsageFault_Handler                       0x080026f9   Thumb Code     2  stm32f4xx_it.o(i.UsageFault_Handler)
    WriteToSensor                            0x080026fd   Thumb Code   152  e_compass.o(i.WriteToSensor)
    __ARM_fpclassify                         0x0800279d   Thumb Code    48  fpclassify.o(i.__ARM_fpclassify)
    __hardfp_atan                            0x080027d1   Thumb Code   632  atan.o(i.__hardfp_atan)
    __hardfp_cos                             0x08002ab1   Thumb Code   200  cos.o(i.__hardfp_cos)
    __hardfp_fabs                            0x08002b89   Thumb Code    20  fabs.o(i.__hardfp_fabs)
    __hardfp_log                             0x08002ba1   Thumb Code   882  log.o(i.__hardfp_log)
    __hardfp_pow                             0x08002f89   Thumb Code  3048  pow.o(i.__hardfp_pow)
    __hardfp_sin                             0x08003bc1   Thumb Code   200  sin.o(i.__hardfp_sin)
    __hardfp_tan                             0x08003c99   Thumb Code   142  tan.o(i.__hardfp_tan)
    __ieee754_rem_pio2                       0x08003d39   Thumb Code   938  rred.o(i.__ieee754_rem_pio2)
    __kernel_cos                             0x08004171   Thumb Code   322  cos_i.o(i.__kernel_cos)
    __kernel_poly                            0x080042e1   Thumb Code   248  poly.o(i.__kernel_poly)
    __kernel_sin                             0x080043d9   Thumb Code   280  sin_i.o(i.__kernel_sin)
    __kernel_tan                             0x08004509   Thumb Code   764  tan_i.o(i.__kernel_tan)
    __mathlib_dbl_underflow                  0x08004859   Thumb Code    24  dunder.o(i.__mathlib_dbl_underflow)
    fabs                                     0x08004879   Thumb Code    24  fabs.o(i.fabs)
    fix                                      0x08004891   Thumb Code    20  functions.o(i.fix)
    main                                     0x080048a5   Thumb Code   236  main.o(i.main)
    sqrt                                     0x080049c5   Thumb Code   110  sqrt.o(i.sqrt)
    __aeabi_dneg                             0x08004a33   Thumb Code     0  basic.o(x$fpl$basic)
    _dneg                                    0x08004a33   Thumb Code     6  basic.o(x$fpl$basic)
    __aeabi_fneg                             0x08004a39   Thumb Code     0  basic.o(x$fpl$basic)
    _fneg                                    0x08004a39   Thumb Code     6  basic.o(x$fpl$basic)
    _dabs                                    0x08004a3f   Thumb Code     6  basic.o(x$fpl$basic)
    _fabs                                    0x08004a45   Thumb Code     6  basic.o(x$fpl$basic)
    __aeabi_dadd                             0x08004a4d   Thumb Code     0  daddsub_clz.o(x$fpl$dadd)
    _dadd                                    0x08004a4d   Thumb Code   332  daddsub_clz.o(x$fpl$dadd)
    __fpl_dcheck_NaN1                        0x08004b9d   Thumb Code    10  dcheck1.o(x$fpl$dcheck1)
    __fpl_dcmp_Inf                           0x08004bad   Thumb Code    24  dcmpi.o(x$fpl$dcmpinf)
    __aeabi_ddiv                             0x08004bc5   Thumb Code     0  ddiv.o(x$fpl$ddiv)
    _ddiv                                    0x08004bc5   Thumb Code   552  ddiv.o(x$fpl$ddiv)
    __aeabi_cdcmpeq                          0x08004e75   Thumb Code     0  deqf.o(x$fpl$deqf)
    _dcmpeq                                  0x08004e75   Thumb Code   120  deqf.o(x$fpl$deqf)
    __aeabi_d2iz                             0x08004eed   Thumb Code     0  dfix.o(x$fpl$dfix)
    _dfix                                    0x08004eed   Thumb Code    94  dfix.o(x$fpl$dfix)
    __aeabi_d2uiz                            0x08004f4d   Thumb Code     0  dfixu.o(x$fpl$dfixu)
    _dfixu                                   0x08004f4d   Thumb Code    90  dfixu.o(x$fpl$dfixu)
    __aeabi_i2d                              0x08004fa7   Thumb Code     0  dflt_clz.o(x$fpl$dflt)
    _dflt                                    0x08004fa7   Thumb Code    46  dflt_clz.o(x$fpl$dflt)
    __aeabi_ui2d                             0x08004fd5   Thumb Code     0  dflt_clz.o(x$fpl$dfltu)
    _dfltu                                   0x08004fd5   Thumb Code    38  dflt_clz.o(x$fpl$dfltu)
    __aeabi_cdcmple                          0x08004ffd   Thumb Code     0  dleqf.o(x$fpl$dleqf)
    _dcmple                                  0x08004ffd   Thumb Code   120  dleqf.o(x$fpl$dleqf)
    __fpl_dcmple_InfNaN                      0x0800505f   Thumb Code     0  dleqf.o(x$fpl$dleqf)
    __aeabi_dmul                             0x08005075   Thumb Code     0  dmul.o(x$fpl$dmul)
    _dmul                                    0x08005075   Thumb Code   332  dmul.o(x$fpl$dmul)
    __fpl_dnaninf                            0x080051c9   Thumb Code   156  dnaninf.o(x$fpl$dnaninf)
    __fpl_dretinf                            0x08005265   Thumb Code    12  dretinf.o(x$fpl$dretinf)
    __aeabi_cdrcmple                         0x08005271   Thumb Code     0  drleqf.o(x$fpl$drleqf)
    _drcmple                                 0x08005271   Thumb Code   108  drleqf.o(x$fpl$drleqf)
    __aeabi_drsub                            0x080052dd   Thumb Code     0  daddsub_clz.o(x$fpl$drsb)
    _drsb                                    0x080052dd   Thumb Code    22  daddsub_clz.o(x$fpl$drsb)
    _dsqrt                                   0x080052f5   Thumb Code   404  dsqrt_umaal.o(x$fpl$dsqrt)
    __aeabi_dsub                             0x0800548d   Thumb Code     0  daddsub_clz.o(x$fpl$dsub)
    _dsub                                    0x0800548d   Thumb Code   464  daddsub_clz.o(x$fpl$dsub)
    _fp_init                                 0x08005661   Thumb Code    10  fpinit.o(x$fpl$fpinit)
    __fplib_config_fpu_vfp                   0x08005669   Thumb Code     0  fpinit.o(x$fpl$fpinit)
    __fplib_config_pureend_doubles           0x08005669   Thumb Code     0  fpinit.o(x$fpl$fpinit)
    __fpl_return_NaN                         0x0800566b   Thumb Code   100  retnan.o(x$fpl$retnan)
    __ARM_scalbn                             0x080056cf   Thumb Code    92  scalbn.o(x$fpl$scalbn)
    __fpl_cmpreturn                          0x0800572b   Thumb Code    48  trapv.o(x$fpl$trapveneer)
    __I$use$fp                               0x0800575a   Number         0  usenofp.o(x$fpl$usenofp)
    __mathlib_zero                           0x080058e8   Data           8  qnan.o(.constdata)
    Region$$Table$$Base                      0x08005a40   Number         0  anon$$obj.o(Region$$Table)
    Region$$Table$$Limit                     0x08005a60   Number         0  anon$$obj.o(Region$$Table)
    SystemCoreClock                          0x20000000   Data           4  system_stm32f4xx.o(.data)
    AHBPrescTable                            0x20000004   Data          16  system_stm32f4xx.o(.data)
    control                                  0x20000018   Data           1  main.o(.data)
    velocity                                 0x20000020   Data           8  main.o(.data)
    ind                                      0x20000028   Data           1  stm32f4xx_it.o(.data)
    GPS_RxFlag                               0x20000029   Data           1  stm32f4xx_it.o(.data)
    ManAuto_Control                          0x2000002a   Data           1  stm32f4xx_it.o(.data)
    multiM1                                  0x2000002b   Data           1  stm32f4xx_it.o(.data)
    multiM2                                  0x2000002c   Data           1  stm32f4xx_it.o(.data)
    temp1                                    0x2000002d   Data           1  stm32f4xx_it.o(.data)
    temp2                                    0x2000002e   Data           1  stm32f4xx_it.o(.data)
    temp3                                    0x2000002f   Data           1  stm32f4xx_it.o(.data)
    EncM1                                    0x20000030   Data           2  stm32f4xx_it.o(.data)
    EncM2                                    0x20000032   Data           2  stm32f4xx_it.o(.data)
    PreEncM1                                 0x20000034   Data           2  stm32f4xx_it.o(.data)
    PreEncM2                                 0x20000036   Data           2  stm32f4xx_it.o(.data)
    time_tick                                0x20000038   Data           4  stm32f4xx_it.o(.data)
    sample_time                              0x2000003c   Data           4  stm32f4xx_it.o(.data)
    time_temp                                0x20000040   Data           4  stm32f4xx_it.o(.data)
    DisEncM1                                 0x20000044   Data           4  stm32f4xx_it.o(.data)
    DisEncM2                                 0x20000048   Data           4  stm32f4xx_it.o(.data)
    SetAngle                                 0x20000050   Data           8  stm32f4xx_it.o(.data)
    SendAngle                                0x20000058   Data           8  stm32f4xx_it.o(.data)
    lat                                      0x20000060   Data           8  stm32f4xx_it.o(.data)
    lon                                      0x20000068   Data           8  stm32f4xx_it.o(.data)
    VelM1                                    0x20000070   Data           8  stm32f4xx_it.o(.data)
    VelM2                                    0x20000078   Data           8  stm32f4xx_it.o(.data)
    PIDM1                                    0x20000080   Data           8  stm32f4xx_it.o(.data)
    PIDM2                                    0x20000088   Data           8  stm32f4xx_it.o(.data)
    rollM1                                   0x20000090   Data           8  stm32f4xx_it.o(.data)
    rollM2                                   0x20000098   Data           8  stm32f4xx_it.o(.data)
    time                                     0x200000a0   Data           8  stm32f4xx_it.o(.data)
    Angle                                    0x200000a8   Data           8  stm32f4xx_it.o(.data)
    Stop                                     0x200000b0   Data           1  stm32f4xx_it.o(.data)
    En_NVIC_Struct                           0x200000b4   Data           4  encoder.o(.data)
    En_GPIO_Struct                           0x200000b8   Data           8  encoder.o(.data)
    US_NVIC_Struct                           0x200000c0   Data           4  usart_dma_config.o(.data)
    US_GPIO_Struct                           0x200000c4   Data           8  usart_dma_config.o(.data)
    NbOfWP                                   0x200000d0   Data           4  functions.o(.data)
    M1_Pre_Error                             0x200000d8   Data           8  functions.o(.data)
    M1_Pre2_Error                            0x200000e0   Data           8  functions.o(.data)
    M1_Pre_PID                               0x200000e8   Data           8  functions.o(.data)
    M2_Pre_Error                             0x200000f0   Data           8  functions.o(.data)
    M2_Pre2_Error                            0x200000f8   Data           8  functions.o(.data)
    M2_Pre_PID                               0x20000100   Data           8  functions.o(.data)
    M1_Kp                                    0x20000108   Data           8  functions.o(.data)
    M1_Ki                                    0x20000110   Data           8  functions.o(.data)
    M1_Kd                                    0x20000118   Data           8  functions.o(.data)
    M2_Kp                                    0x20000120   Data           8  functions.o(.data)
    M2_Ki                                    0x20000128   Data           8  functions.o(.data)
    M2_Kd                                    0x20000130   Data           8  functions.o(.data)
    Ang_Pre_Error                            0x20000138   Data           8  functions.o(.data)
    Ang_Pre2_Error                           0x20000140   Data           8  functions.o(.data)
    Ang_Pre_PID                              0x20000148   Data           8  functions.o(.data)
    Ang_Kp                                   0x20000150   Data           8  functions.o(.data)
    Ang_Ki                                   0x20000158   Data           8  functions.o(.data)
    Ang_Kd                                   0x20000160   Data           8  functions.o(.data)
    K                                        0x20000168   Data           8  functions.o(.data)
    Wheel_Radius                             0x20000170   Data           8  functions.o(.data)
    F_GPIO_Struct                            0x20000178   Data           8  functions.o(.data)
    NB                                       0x20000180   Data           8  functions.o(.data)
    NM                                       0x20000188   Data           8  functions.o(.data)
    NS                                       0x20000190   Data           8  functions.o(.data)
    ZE                                       0x20000198   Data           8  functions.o(.data)
    PS                                       0x200001a0   Data           8  functions.o(.data)
    PM                                       0x200001a8   Data           8  functions.o(.data)
    PB                                       0x200001b0   Data           8  functions.o(.data)
    Acc_GPIO_Struct                          0x200001b8   Data           8  e_compass.o(.data)
    U2_Message                               0x200001d0   Data        1000  stm32f4xx_it.o(.bss)
    U6_Message                               0x200005b8   Data        1000  stm32f4xx_it.o(.bss)
    cor                                      0x200009a0   Data          16  stm32f4xx_it.o(.bss)
    En_TIM_BaseStruct                        0x200009b0   Data          12  encoder.o(.bss)
    En_TIM_OCStruct                          0x200009bc   Data          20  encoder.o(.bss)
    US_DMA_Struct                            0x200009d0   Data          60  usart_dma_config.o(.bss)
    US_USART_Struct                          0x20000a0c   Data          16  usart_dma_config.o(.bss)
    U1_TxBuffer                              0x20000a1c   Data         500  usart_dma_config.o(.bss)
    U1_RxBuffer                              0x20000c10   Data         500  usart_dma_config.o(.bss)
    U2_RxBuffer                              0x20000e04   Data         500  usart_dma_config.o(.bss)
    U6_TxBuffer                              0x20000ff8   Data         500  usart_dma_config.o(.bss)
    U6_RxBuffer                              0x200011ec   Data         500  usart_dma_config.o(.bss)
    In1_NS                                   0x200013e0   Data          24  functions.o(.bss)
    In1_ZE                                   0x200013f8   Data          24  functions.o(.bss)
    In1_PS                                   0x20001410   Data          24  functions.o(.bss)
    In2_ZE                                   0x20001428   Data          24  functions.o(.bss)
    In1_NB                                   0x20001440   Data          32  functions.o(.bss)
    In1_PB                                   0x20001460   Data          32  functions.o(.bss)
    In2_NE                                   0x20001480   Data          32  functions.o(.bss)
    In2_PO                                   0x200014a0   Data          32  functions.o(.bss)
    Acc_I2C_Struct                           0x200014c0   Data          16  e_compass.o(.bss)
    __libspace_start                         0x200014d0   Data          96  libspace.o(.bss)
    __temporary_stack_top$libspace           0x20001530   Data           0  libspace.o(.bss)



==============================================================================

Memory Map of the image

  Image Entry point : 0x08000199

  Load Region LR_IROM1 (Base: 0x08000000, Size: 0x00005c30, Max: 0x00080000, ABSOLUTE, COMPRESSED[0x00005ab0])

    Execution Region ER_IROM1 (Base: 0x08000000, Size: 0x00005a60, Max: 0x00080000, ABSOLUTE)

    Base Addr    Size         Type   Attr      Idx    E Section Name        Object

    0x08000000   0x00000198   Data   RO          824    RESET               startup_stm32f411xe.o
    0x08000198   0x00000008   Code   RO         2366  * !!!main             c_w.l(__main.o)
    0x080001a0   0x00000034   Code   RO         2719    !!!scatter          c_w.l(__scatter.o)
    0x080001d4   0x0000005a   Code   RO         2717    !!dczerorl2         c_w.l(__dczerorl2.o)
    0x0800022e   0x00000002   PAD
    0x08000230   0x0000001c   Code   RO         2721    !!handler_zi        c_w.l(__scatter_zi.o)
    0x0800024c   0x00000002   Code   RO         2589    .ARM.Collect$$libinit$$00000000  c_w.l(libinit.o)
    0x0800024e   0x00000004   Code   RO         2594    .ARM.Collect$$libinit$$00000001  c_w.l(libinit2.o)
    0x08000252   0x00000000   Code   RO         2598    .ARM.Collect$$libinit$$00000008  c_w.l(libinit2.o)
    0x08000252   0x00000000   Code   RO         2600    .ARM.Collect$$libinit$$0000000A  c_w.l(libinit2.o)
    0x08000252   0x00000000   Code   RO         2602    .ARM.Collect$$libinit$$0000000C  c_w.l(libinit2.o)
    0x08000252   0x00000000   Code   RO         2605    .ARM.Collect$$libinit$$0000000F  c_w.l(libinit2.o)
    0x08000252   0x00000000   Code   RO         2607    .ARM.Collect$$libinit$$00000011  c_w.l(libinit2.o)
    0x08000252   0x00000000   Code   RO         2609    .ARM.Collect$$libinit$$00000013  c_w.l(libinit2.o)
    0x08000252   0x00000000   Code   RO         2611    .ARM.Collect$$libinit$$00000015  c_w.l(libinit2.o)
    0x08000252   0x00000000   Code   RO         2613    .ARM.Collect$$libinit$$00000017  c_w.l(libinit2.o)
    0x08000252   0x00000000   Code   RO         2615    .ARM.Collect$$libinit$$00000019  c_w.l(libinit2.o)
    0x08000252   0x00000000   Code   RO         2617    .ARM.Collect$$libinit$$0000001B  c_w.l(libinit2.o)
    0x08000252   0x00000000   Code   RO         2619    .ARM.Collect$$libinit$$0000001D  c_w.l(libinit2.o)
    0x08000252   0x00000000   Code   RO         2621    .ARM.Collect$$libinit$$0000001F  c_w.l(libinit2.o)
    0x08000252   0x00000000   Code   RO         2623    .ARM.Collect$$libinit$$00000021  c_w.l(libinit2.o)
    0x08000252   0x00000000   Code   RO         2625    .ARM.Collect$$libinit$$00000023  c_w.l(libinit2.o)
    0x08000252   0x00000000   Code   RO         2629    .ARM.Collect$$libinit$$0000002A  c_w.l(libinit2.o)
    0x08000252   0x00000000   Code   RO         2631    .ARM.Collect$$libinit$$0000002C  c_w.l(libinit2.o)
    0x08000252   0x00000000   Code   RO         2633    .ARM.Collect$$libinit$$0000002E  c_w.l(libinit2.o)
    0x08000252   0x00000000   Code   RO         2635    .ARM.Collect$$libinit$$00000030  c_w.l(libinit2.o)
    0x08000252   0x00000002   Code   RO         2636    .ARM.Collect$$libinit$$00000031  c_w.l(libinit2.o)
    0x08000254   0x00000002   Code   RO         2658    .ARM.Collect$$libshutdown$$00000000  c_w.l(libshutdown.o)
    0x08000256   0x00000000   Code   RO         2672    .ARM.Collect$$libshutdown$$00000003  c_w.l(libshutdown2.o)
    0x08000256   0x00000000   Code   RO         2675    .ARM.Collect$$libshutdown$$00000006  c_w.l(libshutdown2.o)
    0x08000256   0x00000000   Code   RO         2678    .ARM.Collect$$libshutdown$$00000009  c_w.l(libshutdown2.o)
    0x08000256   0x00000000   Code   RO         2680    .ARM.Collect$$libshutdown$$0000000B  c_w.l(libshutdown2.o)
    0x08000256   0x00000000   Code   RO         2683    .ARM.Collect$$libshutdown$$0000000E  c_w.l(libshutdown2.o)
    0x08000256   0x00000002   Code   RO         2684    .ARM.Collect$$libshutdown$$0000000F  c_w.l(libshutdown2.o)
    0x08000258   0x00000000   Code   RO         2512    .ARM.Collect$$rtentry$$00000000  c_w.l(rtentry.o)
    0x08000258   0x00000000   Code   RO         2556    .ARM.Collect$$rtentry$$00000002  c_w.l(rtentry2.o)
    0x08000258   0x00000006   Code   RO         2568    .ARM.Collect$$rtentry$$00000004  c_w.l(rtentry4.o)
    0x0800025e   0x00000000   Code   RO         2558    .ARM.Collect$$rtentry$$00000009  c_w.l(rtentry2.o)
    0x0800025e   0x00000004   Code   RO         2559    .ARM.Collect$$rtentry$$0000000A  c_w.l(rtentry2.o)
    0x08000262   0x00000000   Code   RO         2561    .ARM.Collect$$rtentry$$0000000C  c_w.l(rtentry2.o)
    0x08000262   0x00000008   Code   RO         2562    .ARM.Collect$$rtentry$$0000000D  c_w.l(rtentry2.o)
    0x0800026a   0x00000002   Code   RO         2592    .ARM.Collect$$rtexit$$00000000  c_w.l(rtexit.o)
    0x0800026c   0x00000000   Code   RO         2640    .ARM.Collect$$rtexit$$00000002  c_w.l(rtexit2.o)
    0x0800026c   0x00000004   Code   RO         2641    .ARM.Collect$$rtexit$$00000003  c_w.l(rtexit2.o)
    0x08000270   0x00000006   Code   RO         2642    .ARM.Collect$$rtexit$$00000004  c_w.l(rtexit2.o)
    0x08000276   0x00000002   PAD
    0x08000278   0x00000040   Code   RO          825    .text               startup_stm32f411xe.o
    0x080002b8   0x00000006   Code   RO         2364    .text               c_w.l(heapauxi.o)
    0x080002be   0x00000016   Code   RO         2513    .text               c_w.l(_rserrno.o)
    0x080002d4   0x00000008   Code   RO         2573    .text               c_w.l(rt_errno_addr_intlibspace.o)
    0x080002dc   0x00000008   Code   RO         2577    .text               c_w.l(libspace.o)
    0x080002e4   0x0000004a   Code   RO         2580    .text               c_w.l(sys_stackheap_outer.o)
    0x0800032e   0x0000000c   Code   RO         2582    .text               c_w.l(exit.o)
    0x0800033a   0x00000002   PAD
    0x0800033c   0x0000000c   Code   RO         2650    .text               c_w.l(sys_exit.o)
    0x08000348   0x00000002   Code   RO         2661    .text               c_w.l(use_no_semi.o)
    0x0800034a   0x00000000   Code   RO         2663    .text               c_w.l(indicate_semi.o)
    0x0800034a   0x00000002   Code   RO          214    i.BusFault_Handler  stm32f4xx_it.o
    0x0800034c   0x00000084   Code   RO          215    i.DMA1_Stream5_IRQHandler  stm32f4xx_it.o
    0x080003d0   0x0000003c   Code   RO          216    i.DMA2_Stream2_IRQHandler  stm32f4xx_it.o
    0x0800040c   0x00000020   Code   RO          217    i.DMA2_Stream5_IRQHandler  stm32f4xx_it.o
    0x0800042c   0x0000002c   Code   RO         1063    i.DMA_ClearFlag     stm32f4xx_dma.o
    0x08000458   0x0000002c   Code   RO         1064    i.DMA_ClearITPendingBit  stm32f4xx_dma.o
    0x08000484   0x00000014   Code   RO         1065    i.DMA_Cmd           stm32f4xx_dma.o
    0x08000498   0x0000002c   Code   RO         1076    i.DMA_ITConfig      stm32f4xx_dma.o
    0x080004c4   0x00000054   Code   RO         1077    i.DMA_Init          stm32f4xx_dma.o
    0x08000518   0x00000002   Code   RO          218    i.DebugMon_Handler  stm32f4xx_it.o
    0x0800051a   0x00000002   PAD
    0x0800051c   0x00000034   Code   RO          365    i.DirPinConfig      encoder.o
    0x08000550   0x00000028   Code   RO          737    i.ECompass_Config   e_compass.o
    0x08000578   0x0000001a   Code   RO          366    i.Encoder_Config    encoder.o
    0x08000592   0x000000a2   Code   RO         1192    i.GPIO_Init         stm32f4xx_gpio.o
    0x08000634   0x00000020   Code   RO         1193    i.GPIO_PinAFConfig  stm32f4xx_gpio.o
    0x08000654   0x00000004   Code   RO         1199    i.GPIO_ResetBits    stm32f4xx_gpio.o
    0x08000658   0x000000bc   Code   RO          738    i.GetAngle          e_compass.o
    0x08000714   0x0000002a   Code   RO          561    i.GetMessageInfo    functions.o
    0x0800073e   0x00000002   PAD
    0x08000740   0x00000128   Code   RO          562    i.GetValueFromString  functions.o
    0x08000868   0x00000002   Code   RO          219    i.HardFault_Handler  stm32f4xx_it.o
    0x0800086a   0x00000014   Code   RO         1290    i.I2C_AcknowledgeConfig  stm32f4xx_i2c.o
    0x0800087e   0x00000018   Code   RO         1293    i.I2C_CheckEvent    stm32f4xx_i2c.o
    0x08000896   0x00000014   Code   RO         1296    i.I2C_Cmd           stm32f4xx_i2c.o
    0x080008aa   0x00000002   PAD
    0x080008ac   0x0000008c   Code   RO          739    i.I2C_ECompass_Config  e_compass.o
    0x08000938   0x00000014   Code   RO         1304    i.I2C_GenerateSTART  stm32f4xx_i2c.o
    0x0800094c   0x00000014   Code   RO         1305    i.I2C_GenerateSTOP  stm32f4xx_i2c.o
    0x08000960   0x0000002a   Code   RO         1306    i.I2C_GetFlagStatus  stm32f4xx_i2c.o
    0x0800098a   0x00000002   PAD
    0x0800098c   0x000000b8   Code   RO         1311    i.I2C_Init          stm32f4xx_i2c.o
    0x08000a44   0x00000006   Code   RO         1316    i.I2C_ReceiveData   stm32f4xx_i2c.o
    0x08000a4a   0x00000010   Code   RO         1318    i.I2C_Send7bitAddress  stm32f4xx_i2c.o
    0x08000a5a   0x00000004   Code   RO         1319    i.I2C_SendData      stm32f4xx_i2c.o
    0x08000a5e   0x00000002   PAD
    0x08000a60   0x00000060   Code   RO          740    i.I2C_Start_Receive  e_compass.o
    0x08000ac0   0x00000064   Code   RO          741    i.I2C_Start_Transmit  e_compass.o
    0x08000b24   0x0000005c   Code   RO          565    i.IsCorrectHeader   functions.o
    0x08000b80   0x00000044   Code   RO          566    i.IsDouble          functions.o
    0x08000bc4   0x0000000e   Code   RO          567    i.IsValidData       functions.o
    0x08000bd2   0x00000002   PAD
    0x08000bd4   0x00000078   Code   RO          568    i.LLToDegree        functions.o
    0x08000c4c   0x00000584   Code   RO          569    i.LatLonToUTM       functions.o
    0x080011d0   0x0000005c   Code   RO          367    i.M1_Backward       encoder.o
    0x0800122c   0x000000bc   Code   RO          368    i.M1_Encoder_Config  encoder.o
    0x080012e8   0x0000005c   Code   RO          370    i.M2_Backward       encoder.o
    0x08001344   0x000000c0   Code   RO          371    i.M2_Encoder_Config  encoder.o
    0x08001404   0x00000002   Code   RO          220    i.MemManage_Handler  stm32f4xx_it.o
    0x08001406   0x00000002   Code   RO          221    i.NMI_Handler       stm32f4xx_it.o
    0x08001408   0x00000064   Code   RO          831    i.NVIC_Init         misc.o
    0x0800146c   0x00000014   Code   RO          832    i.NVIC_PriorityGroupConfig  misc.o
    0x08001480   0x00000154   Code   RO          572    i.PID_ControlM1     functions.o
    0x080015d4   0x00000154   Code   RO          573    i.PID_ControlM2     functions.o
    0x08001728   0x000000a4   Code   RO          373    i.PWM_Config        encoder.o
    0x080017cc   0x00000188   Code   RO          574    i.Parameters_Init   functions.o
    0x08001954   0x00000002   Code   RO          222    i.PendSV_Handler    stm32f4xx_it.o
    0x08001956   0x00000002   PAD
    0x08001958   0x00000048   Code   RO          126    i.Peripheral_Config  main.o
    0x080019a0   0x00000018   Code   RO         1513    i.RCC_AHB1PeriphClockCmd  stm32f4xx_rcc.o
    0x080019b8   0x00000018   Code   RO         1519    i.RCC_APB1PeriphClockCmd  stm32f4xx_rcc.o
    0x080019d0   0x00000018   Code   RO         1522    i.RCC_APB2PeriphClockCmd  stm32f4xx_rcc.o
    0x080019e8   0x00000094   Code   RO         1531    i.RCC_GetClocksFreq  stm32f4xx_rcc.o
    0x08001a7c   0x0000011c   Code   RO          743    i.Read3AxisMagnetometer  e_compass.o
    0x08001b98   0x00000068   Code   RO          127    i.ResetPID          main.o
    0x08001c00   0x00000026   Code   RO          374    i.Robot_Backward    encoder.o
    0x08001c26   0x00000002   Code   RO          223    i.SVC_Handler       stm32f4xx_it.o
    0x08001c28   0x00000048   Code   RO          224    i.SampleTime        stm32f4xx_it.o
    0x08001c70   0x000000bc   Code   RO          225    i.SendData          stm32f4xx_it.o
    0x08001d2c   0x00000074   Code   RO            3    i.SetSysClock       system_stm32f4xx.o
    0x08001da0   0x00000010   Code   RO          376    i.Stop_Motor        encoder.o
    0x08001db0   0x000001cc   Code   RO          226    i.SysTick_Handler   stm32f4xx_it.o
    0x08001f7c   0x0000005c   Code   RO            5    i.SystemInit        system_stm32f4xx.o
    0x08001fd8   0x0000001c   Code   RO          227    i.TIM3_IRQHandler   stm32f4xx_it.o
    0x08001ff4   0x0000001c   Code   RO          228    i.TIM4_IRQHandler   stm32f4xx_it.o
    0x08002010   0x00000014   Code   RO         1819    i.TIM_ARRPreloadConfig  stm32f4xx_tim.o
    0x08002024   0x00000006   Code   RO         1826    i.TIM_ClearITPendingBit  stm32f4xx_tim.o
    0x0800202a   0x00000014   Code   RO         1831    i.TIM_Cmd           stm32f4xx_tim.o
    0x0800203e   0x00000032   Code   RO         1840    i.TIM_EncoderInterfaceConfig  stm32f4xx_tim.o
    0x08002070   0x00000004   Code   RO         1850    i.TIM_GetCounter    stm32f4xx_tim.o
    0x08002074   0x00000010   Code   RO         1856    i.TIM_ITConfig      stm32f4xx_tim.o
    0x08002084   0x00000060   Code   RO         1860    i.TIM_OC1Init       stm32f4xx_tim.o
    0x080020e4   0x0000000c   Code   RO         1863    i.TIM_OC1PreloadConfig  stm32f4xx_tim.o
    0x080020f0   0x00000080   Code   RO         1865    i.TIM_OC2Init       stm32f4xx_tim.o
    0x08002170   0x00000014   Code   RO         1868    i.TIM_OC2PreloadConfig  stm32f4xx_tim.o
    0x08002184   0x0000007c   Code   RO         1903    i.TIM_TimeBaseInit  stm32f4xx_tim.o
    0x08002200   0x00000108   Code   RO          578    i.ToChar            functions.o
    0x08002308   0x00000060   Code   RO          580    i.ToRPM             functions.o
    0x08002368   0x00000028   Code   RO          491    i.U6_SendData       usart_dma_config.o
    0x08002390   0x00000040   Code   RO          229    i.USART1_IRQHandler  stm32f4xx_it.o
    0x080023d0   0x00000040   Code   RO          230    i.USART2_IRQHandler  stm32f4xx_it.o
    0x08002410   0x0000015c   Code   RO          494    i.USART6_Config     usart_dma_config.o
    0x0800256c   0x00000040   Code   RO          231    i.USART6_IRQHandler  stm32f4xx_it.o
    0x080025ac   0x00000006   Code   RO          875    i.USART_ClearFlag   stm32f4xx_usart.o
    0x080025b2   0x00000014   Code   RO          879    i.USART_Cmd         stm32f4xx_usart.o
    0x080025c6   0x00000010   Code   RO          880    i.USART_DMACmd      stm32f4xx_usart.o
    0x080025d6   0x0000003e   Code   RO          883    i.USART_GetITStatus  stm32f4xx_usart.o
    0x08002614   0x00000030   Code   RO          885    i.USART_ITConfig    stm32f4xx_usart.o
    0x08002644   0x000000ac   Code   RO          886    i.USART_Init        stm32f4xx_usart.o
    0x080026f0   0x00000008   Code   RO          893    i.USART_ReceiveData  stm32f4xx_usart.o
    0x080026f8   0x00000002   Code   RO          232    i.UsageFault_Handler  stm32f4xx_it.o
    0x080026fa   0x00000002   PAD
    0x080026fc   0x000000a0   Code   RO          745    i.WriteToSensor     e_compass.o
    0x0800279c   0x00000030   Code   RO         2533    i.__ARM_fpclassify  m_wm.l(fpclassify.o)
    0x080027cc   0x00000004   PAD
    0x080027d0   0x000002e0   Code   RO         2404    i.__hardfp_atan     m_wm.l(atan.o)
    0x08002ab0   0x000000d8   Code   RO         2430    i.__hardfp_cos      m_wm.l(cos.o)
    0x08002b88   0x00000014   Code   RO         2442    i.__hardfp_fabs     m_wm.l(fabs.o)
    0x08002b9c   0x00000004   PAD
    0x08002ba0   0x000003e4   Code   RO         2448    i.__hardfp_log      m_wm.l(log.o)
    0x08002f84   0x00000004   PAD
    0x08002f88   0x00000c38   Code   RO         2462    i.__hardfp_pow      m_wm.l(pow.o)
    0x08003bc0   0x000000d8   Code   RO         2476    i.__hardfp_sin      m_wm.l(sin.o)
    0x08003c98   0x000000a0   Code   RO         2500    i.__hardfp_tan      m_wm.l(tan.o)
    0x08003d38   0x00000438   Code   RO         2538    i.__ieee754_rem_pio2  m_wm.l(rred.o)
    0x08004170   0x00000170   Code   RO         2528    i.__kernel_cos      m_wm.l(cos_i.o)
    0x080042e0   0x000000f8   Code   RO         2535    i.__kernel_poly     m_wm.l(poly.o)
    0x080043d8   0x00000130   Code   RO         2543    i.__kernel_sin      m_wm.l(sin_i.o)
    0x08004508   0x00000350   Code   RO         2549    i.__kernel_tan      m_wm.l(tan_i.o)
    0x08004858   0x00000020   Code   RO         2531    i.__mathlib_dbl_underflow  m_wm.l(dunder.o)
    0x08004878   0x00000018   Code   RO         2444    i.fabs              m_wm.l(fabs.o)
    0x08004890   0x00000014   Code   RO          582    i.fix               functions.o
    0x080048a4   0x00000120   Code   RO          128    i.main              main.o
    0x080049c4   0x0000006e   Code   RO         2490    i.sqrt              m_wm.l(sqrt.o)
    0x08004a32   0x00000018   Code   RO         2368    x$fpl$basic         fz_wm.l(basic.o)
    0x08004a4a   0x00000002   PAD
    0x08004a4c   0x00000150   Code   RO         2370    x$fpl$dadd          fz_wm.l(daddsub_clz.o)
    0x08004b9c   0x00000010   Code   RO         2575    x$fpl$dcheck1       fz_wm.l(dcheck1.o)
    0x08004bac   0x00000018   Code   RO         2515    x$fpl$dcmpinf       fz_wm.l(dcmpi.o)
    0x08004bc4   0x000002b0   Code   RO         2377    x$fpl$ddiv          fz_wm.l(ddiv.o)
    0x08004e74   0x00000078   Code   RO         2380    x$fpl$deqf          fz_wm.l(deqf.o)
    0x08004eec   0x0000005e   Code   RO         2382    x$fpl$dfix          fz_wm.l(dfix.o)
    0x08004f4a   0x00000002   PAD
    0x08004f4c   0x0000005a   Code   RO         2386    x$fpl$dfixu         fz_wm.l(dfixu.o)
    0x08004fa6   0x0000002e   Code   RO         2391    x$fpl$dflt          fz_wm.l(dflt_clz.o)
    0x08004fd4   0x00000026   Code   RO         2390    x$fpl$dfltu         fz_wm.l(dflt_clz.o)
    0x08004ffa   0x00000002   PAD
    0x08004ffc   0x00000078   Code   RO         2396    x$fpl$dleqf         fz_wm.l(dleqf.o)
    0x08005074   0x00000154   Code   RO         2398    x$fpl$dmul          fz_wm.l(dmul.o)
    0x080051c8   0x0000009c   Code   RO         2517    x$fpl$dnaninf       fz_wm.l(dnaninf.o)
    0x08005264   0x0000000c   Code   RO         2519    x$fpl$dretinf       fz_wm.l(dretinf.o)
    0x08005270   0x0000006c   Code   RO         2400    x$fpl$drleqf        fz_wm.l(drleqf.o)
    0x080052dc   0x00000016   Code   RO         2371    x$fpl$drsb          fz_wm.l(daddsub_clz.o)
    0x080052f2   0x00000002   PAD
    0x080052f4   0x00000198   Code   RO         2521    x$fpl$dsqrt         fz_wm.l(dsqrt_umaal.o)
    0x0800548c   0x000001d4   Code   RO         2372    x$fpl$dsub          fz_wm.l(daddsub_clz.o)
    0x08005660   0x0000000a   Code   RO         2648    x$fpl$fpinit        fz_wm.l(fpinit.o)
    0x0800566a   0x00000064   Code   RO         2590    x$fpl$retnan        fz_wm.l(retnan.o)
    0x080056ce   0x0000005c   Code   RO         2525    x$fpl$scalbn        fz_wm.l(scalbn.o)
    0x0800572a   0x00000030   Code   RO         2637    x$fpl$trapveneer    fz_wm.l(trapv.o)
    0x0800575a   0x00000000   Code   RO         2527    x$fpl$usenofp       fz_wm.l(usenofp.o)
    0x0800575a   0x00000006   PAD
    0x08005760   0x00000098   Data   RO         2407    .constdata          m_wm.l(atan.o)
    0x080057f8   0x00000038   Data   RO         2451    .constdata          m_wm.l(log.o)
    0x08005830   0x00000088   Data   RO         2465    .constdata          m_wm.l(pow.o)
    0x080058b8   0x00000030   Data   RO         2529    .constdata          m_wm.l(cos_i.o)
    0x080058e8   0x00000008   Data   RO         2537    .constdata          m_wm.l(qnan.o)
    0x080058f0   0x000000c8   Data   RO         2540    .constdata          m_wm.l(rred.o)
    0x080059b8   0x00000028   Data   RO         2544    .constdata          m_wm.l(sin_i.o)
    0x080059e0   0x00000060   Data   RO         2550    .constdata          m_wm.l(tan_i.o)
    0x08005a40   0x00000020   Data   RO         2715    Region$$Table       anon$$obj.o


    Execution Region RW_IRAM1 (Base: 0x20000000, Size: 0x00001b30, Max: 0x00020000, ABSOLUTE, COMPRESSED[0x00000050])

    Base Addr    Size         Type   Attr      Idx    E Section Name        Object

    0x20000000   0x00000014   Data   RW            6    .data               system_stm32f4xx.o
    0x20000014   0x00000004   PAD
    0x20000018   0x00000010   Data   RW          132    .data               main.o
    0x20000028   0x00000088   Data   RW          235    .data               stm32f4xx_it.o
    0x200000b0   0x00000001   Data   RW          236    .data               stm32f4xx_it.o
    0x200000b1   0x00000003   PAD
    0x200000b4   0x0000000c   Data   RW          378    .data               encoder.o
    0x200000c0   0x0000000c   Data   RW          497    .data               usart_dma_config.o
    0x200000cc   0x00000004   PAD
    0x200000d0   0x000000e8   Data   RW          586    .data               functions.o
    0x200001b8   0x00000008   Data   RW          747    .data               e_compass.o
    0x200001c0   0x00000010   Data   RW         1561    .data               stm32f4xx_rcc.o
    0x200001d0   0x000007e0   Zero   RW          234    .bss                stm32f4xx_it.o
    0x200009b0   0x00000020   Zero   RW          377    .bss                encoder.o
    0x200009d0   0x00000a10   Zero   RW          495    .bss                usart_dma_config.o
    0x200013e0   0x000000e0   Zero   RW          585    .bss                functions.o
    0x200014c0   0x00000010   Zero   RW          746    .bss                e_compass.o
    0x200014d0   0x00000060   Zero   RW         2578    .bss                c_w.l(libspace.o)
    0x20001530   0x00000200   Zero   RW          823    HEAP                startup_stm32f411xe.o
    0x20001730   0x00000400   Zero   RW          822    STACK               startup_stm32f411xe.o


==============================================================================

Image component sizes


      Code (inc. data)   RO Data    RW Data    ZI Data      Debug   Object Name

      1008         98          0          8         16       5781   e_compass.o
       860        114          0         12         32       6241   encoder.o
      3496        488          0        232        224      13388   functions.o
       464        108          0         16          0      29967   main.o
       120         14          0          0          0       1751   misc.o
        64         26        408          0       1536        976   startup_stm32f411xe.o
       236         28          0          0          0       4632   stm32f4xx_dma.o
       198          0          0          0          0       2524   stm32f4xx_gpio.o
       356         10          0          0          0       7240   stm32f4xx_i2c.o
      1208        194          0        137       2016      12638   stm32f4xx_it.o
       220         34          0         16          0       5119   stm32f4xx_rcc.o
       496         44          0          0          0       9134   stm32f4xx_tim.o
       332          8          0          0          0       5747   stm32f4xx_usart.o
       208         36          0         20          0     283009   system_stm32f4xx.o
       388         32          0         12       2576       2676   usart_dma_config.o

    ----------------------------------------------------------------------
      9670       1234        440        464       6400     390823   Object Totals
         0          0         32          0          0          0   (incl. Generated)
        16          0          0         11          0          0   (incl. Padding)

    ----------------------------------------------------------------------

      Code (inc. data)   RO Data    RW Data    ZI Data      Debug   Library Member Name

        90          0          0          0          0          0   __dczerorl2.o
         8          0          0          0          0         68   __main.o
        52          8          0          0          0          0   __scatter.o
        28          0          0          0          0          0   __scatter_zi.o
        22          0          0          0          0        100   _rserrno.o
        12          0          0          0          0         72   exit.o
         6          0          0          0          0        152   heapauxi.o
         0          0          0          0          0          0   indicate_semi.o
         2          0          0          0          0          0   libinit.o
         6          0          0          0          0          0   libinit2.o
         2          0          0          0          0          0   libshutdown.o
         2          0          0          0          0          0   libshutdown2.o
         8          4          0          0         96         68   libspace.o
         8          4          0          0          0         68   rt_errno_addr_intlibspace.o
         0          0          0          0          0          0   rtentry.o
        12          0          0          0          0          0   rtentry2.o
         6          0          0          0          0          0   rtentry4.o
         2          0          0          0          0          0   rtexit.o
        10          0          0          0          0          0   rtexit2.o
        12          4          0          0          0         68   sys_exit.o
        74          0          0          0          0         80   sys_stackheap_outer.o
         2          0          0          0          0         68   use_no_semi.o
        24          0          0          0          0        164   basic.o
       826         16          0          0          0        492   daddsub_clz.o
        16          4          0          0          0        116   dcheck1.o
        24          0          0          0          0        116   dcmpi.o
       688        140          0          0          0        256   ddiv.o
       120          4          0          0          0        140   deqf.o
        94          4          0          0          0        140   dfix.o
        90          4          0          0          0        140   dfixu.o
        84          0          0          0          0        232   dflt_clz.o
       120          4          0          0          0        140   dleqf.o
       340         12          0          0          0        152   dmul.o
       156          4          0          0          0        140   dnaninf.o
        12          0          0          0          0        116   dretinf.o
       108          0          0          0          0        128   drleqf.o
       408         56          0          0          0        168   dsqrt_umaal.o
        10          0          0          0          0        116   fpinit.o
       100          0          0          0          0        116   retnan.o
        92          0          0          0          0        116   scalbn.o
        48          0          0          0          0        116   trapv.o
         0          0          0          0          0          0   usenofp.o
       736        104        152          0          0        220   atan.o
       216         16          0          0          0        152   cos.o
       368         46         48          0          0        200   cos_i.o
        32          8          0          0          0        124   dunder.o
        44          0          0          0          0        248   fabs.o
        48          0          0          0          0        124   fpclassify.o
       996        114         56          0          0        232   log.o
       248          0          0          0          0        152   poly.o
      3128        304        136          0          0        216   pow.o
         0          0          8          0          0          0   qnan.o
      1080        142        200          0          0        188   rred.o
       216         16          0          0          0        152   sin.o
       304         24         40          0          0        208   sin_i.o
       110          0          0          0          0        148   sqrt.o
       160         18          0          0          0        152   tan.o
       848         84         96          0          0        196   tan_i.o

    ----------------------------------------------------------------------
     12290       1148        736          0         96       6560   Library Totals
        32          4          0          0          0          0   (incl. Padding)

    ----------------------------------------------------------------------

      Code (inc. data)   RO Data    RW Data    ZI Data      Debug   Library Name

       364         20          0          0         96        744   c_w.l
      3360        248          0          0          0       3104   fz_wm.l
      8534        876        736          0          0       2712   m_wm.l

    ----------------------------------------------------------------------
     12290       1148        736          0         96       6560   Library Totals

    ----------------------------------------------------------------------

==============================================================================


      Code (inc. data)   RO Data    RW Data    ZI Data      Debug   

     21960       2382       1176        464       6496     384623   Grand Totals
     21960       2382       1176         80       6496     384623   ELF Image Totals (compressed)
     21960       2382       1176         80          0          0   ROM Totals

==============================================================================

    Total RO  Size (Code + RO Data)                23136 (  22.59kB)
    Total RW  Size (RW Data + ZI Data)              6960 (   6.80kB)
    Total ROM Size (Code + RO Data + RW Data)      23216 (  22.67kB)

==============================================================================

