Product: MDK-ARM Standard 5.10
Component: ARM Compiler 5.04 update 1 (build 49)
Tool: armlink [5040049]

==============================================================================

Section Cross References

    system_stm32f4xx.o(i.SystemCoreClockUpdate) refers to system_stm32f4xx.o(.data) for .data
    system_stm32f4xx.o(i.SystemInit) refers to system_stm32f4xx.o(i.SetSysClock) for SetSysClock
    main.o(i.GPS_ReadParametersFromFlash) refers to functions.o(i.ReadFromFlash) for ReadFromFlash
    main.o(i.GPS_ReadParametersFromFlash) refers to functions.o(i.GetMessageInfo) for GetMessageInfo
    main.o(i.GPS_ReadParametersFromFlash) refers to functions.o(i.GetValueFromString) for GetValueFromString
    main.o(i.GPS_ReadParametersFromFlash) refers to dfix.o(x$fpl$dfix) for __aeabi_d2iz
    main.o(i.GPS_ReadParametersFromFlash) refers to functions.o(i.GPS_LatLonToUTM) for GPS_LatLonToUTM
    main.o(i.GPS_ReadParametersFromFlash) refers to functions.o(i.GPS_UpdatePathYaw) for GPS_UpdatePathYaw
    main.o(i.GPS_ReadParametersFromFlash) refers to functions.o(.bss) for Flash
    main.o(i.GPS_SaveManual) refers to functions.o(i.ToChar) for ToChar
    main.o(i.GPS_SaveManual) refers to functions.o(i.EraseMemory) for EraseMemory
    main.o(i.GPS_SaveManual) refers to functions.o(i.WriteToFlash) for WriteToFlash
    main.o(i.GPS_SaveManual) refers to functions.o(.bss) for Flash
    main.o(i.PID_ReadParametersFromFlash) refers to functions.o(i.ReadFromFlash) for ReadFromFlash
    main.o(i.PID_ReadParametersFromFlash) refers to functions.o(i.GetMessageInfo) for GetMessageInfo
    main.o(i.PID_ReadParametersFromFlash) refers to functions.o(i.GetValueFromString) for GetValueFromString
    main.o(i.PID_ReadParametersFromFlash) refers to functions.o(i.PID_ParametersUpdate) for PID_ParametersUpdate
    main.o(i.PID_ReadParametersFromFlash) refers to functions.o(.bss) for Flash
    main.o(i.PID_ReadParametersFromFlash) refers to functions.o(.bss) for M1
    main.o(i.PID_ReadParametersFromFlash) refers to functions.o(.bss) for M2
    main.o(i.PID_SaveManual) refers to functions.o(i.ToChar) for ToChar
    main.o(i.PID_SaveManual) refers to functions.o(i.EraseMemory) for EraseMemory
    main.o(i.PID_SaveManual) refers to functions.o(i.WriteToFlash) for WriteToFlash
    main.o(i.PID_SaveManual) refers to functions.o(.bss) for Flash
    main.o(i.Parameters_Init) refers to functions.o(i.Error_ResetIndex) for Error_ResetIndex
    main.o(i.Parameters_Init) refers to functions.o(i.Time_ParametersInit) for Time_ParametersInit
    main.o(i.Parameters_Init) refers to functions.o(i.Time_GetSampleTime) for Time_GetSampleTime
    main.o(i.Parameters_Init) refers to functions.o(i.Status_ParametersInit) for Status_ParametersInit
    main.o(i.Parameters_Init) refers to main.o(i.PID_ReadParametersFromFlash) for PID_ReadParametersFromFlash
    main.o(i.Parameters_Init) refers to functions.o(i.PID_ParametersInitial) for PID_ParametersInitial
    main.o(i.Parameters_Init) refers to functions.o(i.Fuzzy_ParametersInit) for Fuzzy_ParametersInit
    main.o(i.Parameters_Init) refers to functions.o(i.IMU_ParametesInit) for IMU_ParametesInit
    main.o(i.Parameters_Init) refers to functions.o(i.IMU_UpdateFuzzyCoefficients) for IMU_UpdateFuzzyCoefficients
    main.o(i.Parameters_Init) refers to functions.o(i.GPS_ParametersInit) for GPS_ParametersInit
    main.o(i.Parameters_Init) refers to functions.o(i.Veh_ParametersInit) for Veh_ParametersInit
    main.o(i.Parameters_Init) refers to srf05.o(i.Srf05_FirstInit) for Srf05_FirstInit
    main.o(i.Parameters_Init) refers to twowheelrobot.o(i.Self_ParametersInit) for Self_ParametersInit
    main.o(i.Parameters_Init) refers to functions.o(.bss) for Veh_Error
    main.o(i.Parameters_Init) refers to functions.o(.bss) for Timer
    main.o(i.Parameters_Init) refers to functions.o(.bss) for VehStt
    main.o(i.Parameters_Init) refers to functions.o(.bss) for M1
    main.o(i.Parameters_Init) refers to functions.o(.bss) for M2
    main.o(i.Parameters_Init) refers to functions.o(.bss) for Veh
    main.o(i.Parameters_Init) refers to main.o(.bss) for .bss
    main.o(i.Parameters_Init) refers to twowheelrobot.o(.bss) for selfPosition
    main.o(i.Peripheral_Config) refers to main.o(i.TimerDelayConfig) for TimerDelayConfig
    main.o(i.Peripheral_Config) refers to usart_dma_config.o(i.USART1_Config) for USART1_Config
    main.o(i.Peripheral_Config) refers to usart_dma_config.o(i.USART2_Config) for USART2_Config
    main.o(i.Peripheral_Config) refers to usart_dma_config.o(i.USART6_Config) for USART6_Config
    main.o(i.Peripheral_Config) refers to encoder.o(i.Encoder_Config) for Encoder_Config
    main.o(i.Peripheral_Config) refers to main.o(i.Srf05_MidFront) for Srf05_MidFront
    main.o(i.Peripheral_Config) refers to main.o(i.Srf05_LeftFront) for Srf05_LeftFront
    main.o(i.Peripheral_Config) refers to main.o(i.Srf05_RightFront) for Srf05_RightFront
[...]
    $v0                                      0x08008c72   Number         0  trapv.o(x$fpl$trapveneer)
    x$fpl$usenofp                            0x08008ca2   Section        0  usenofp.o(x$fpl$usenofp)
    .constdata                               0x08008ca8   Section      152  atan.o(.constdata)
    atanhi                                   0x08008ca8   Data          32  atan.o(.constdata)
    atanlo                                   0x08008cc8   Data          32  atan.o(.constdata)
    aTodd                                    0x08008ce8   Data          40  atan.o(.constdata)
    aTeven                                   0x08008d10   Data          48  atan.o(.constdata)
    .constdata                               0x08008d40   Section       56  log.o(.constdata)
    Lg2                                      0x08008d40   Data          24  log.o(.constdata)
    Lg                                       0x08008d58   Data          32  log.o(.constdata)
    .constdata                               0x08008d78   Section      136  pow.o(.constdata)
    bp                                       0x08008d78   Data          16  pow.o(.constdata)
    dp_h                                     0x08008d88   Data          16  pow.o(.constdata)
    dp_l                                     0x08008d98   Data          16  pow.o(.constdata)
    L                                        0x08008da8   Data          48  pow.o(.constdata)
    P                                        0x08008dd8   Data          40  pow.o(.constdata)
    .constdata                               0x08008e00   Section       48  cos_i.o(.constdata)
    C                                        0x08008e00   Data          48  cos_i.o(.constdata)
    .constdata                               0x08008e30   Section        8  qnan.o(.constdata)
    .constdata                               0x08008e38   Section      200  rred.o(.constdata)
    pio2s                                    0x08008e38   Data          48  rred.o(.constdata)
    twooverpi                                0x08008e68   Data         152  rred.o(.constdata)
    .constdata                               0x08008f00   Section       40  sin_i.o(.constdata)
    S                                        0x08008f00   Data          40  sin_i.o(.constdata)
    .constdata                               0x08008f28   Section       96  tan_i.o(.constdata)
    Todd                                     0x08008f28   Data          48  tan_i.o(.constdata)
    Teven                                    0x08008f58   Data          48  tan_i.o(.constdata)
    .data                                    0x20000000   Section       20  system_stm32f4xx.o(.data)
    .data                                    0x20000014   Section        4  main.o(.data)
    .data                                    0x20000018   Section        3  stm32f4xx_it.o(.data)
    .data                                    0x2000001c   Section       12  encoder.o(.data)
    .data                                    0x20000028   Section       20  usart_dma_config.o(.data)
    .data                                    0x20000040   Section       64  functions.o(.data)
    .data                                    0x20000080   Section       12  srf05.o(.data)
    .data                                    0x2000008c   Section       16  stm32f4xx_rcc.o(.data)
    APBAHBPrescTable                         0x2000008c   Data          16  stm32f4xx_rcc.o(.data)
    .bss                                     0x200000a0   Section      104  main.o(.bss)
    .bss                                     0x20000108   Section       32  encoder.o(.bss)
    .bss                                     0x20000128   Section     2696  usart_dma_config.o(.bss)
    .bss                                     0x20000bb0   Section       13  functions.o(.bss)
    .bss                                     0x20000bc0   Section       88  functions.o(.bss)
    .bss                                     0x20000c18   Section       88  functions.o(.bss)
    .bss                                     0x20000c70   Section    52348  functions.o(.bss)
    .bss                                     0x2000d8ec   Section     1500  functions.o(.bss)
    .bss                                     0x2000dec8   Section     1500  functions.o(.bss)
    .bss                                     0x2000e4a8   Section       72  functions.o(.bss)
    .bss                                     0x2000e4f0   Section       21  functions.o(.bss)
    .bss                                     0x2000e508   Section       22  srf05.o(.bss)
    .bss                                     0x2000e520   Section       56  twowheelrobot.o(.bss)
    .bss                                     0x2000e558   Section       96  libspace.o(.bss)
    HEAP                                     0x2000e5b8   Section      512  startup_stm32f411xe.o(HEAP)
    Heap_Mem                                 0x2000e5b8   Data         512  startup_stm32f411xe.o(HEAP)
    STACK                                    0x2000e7b8   Section     1024  startup_stm32f411xe.o(STACK)
    Stack_Mem                                0x2000e7b8   Data        1024  startup_stm32f411xe.o(STACK)
    __initial_sp                             0x2000ebb8   Data           0  startup_stm32f411xe.o(STACK)

    Global Symbols

    Symbol Name                              Value     Ov Type        Size  Object(Section)

    BuildAttributes$$THM_ISAv4$E$P$D$K$B$S$7EM$VFPi3$EXTD16$VFPS$VFMA$PE$A:L22UL41UL21$X:L11$S22US41US21$IEEE1$IW$USESV6$~STKCKD$USESV7$~SHL$OTIME$ROPI$IEEEX$EBA8$UX$STANDARDLIB$REQ8$PRES8$EABIv2 0x00000000   Number         0  anon$$obj.o ABSOLUTE
    __ARM_use_no_argv                        0x00000000   Number         0  main.o ABSOLUTE
    __ARM_exceptions_init                     - Undefined Weak Reference
    __alloca_initialize                       - Undefined Weak Reference
    __cpp_initialize__aeabi_                  - Undefined Weak Reference
    __cxa_finalize                            - Undefined Weak Reference
    __rt_locale                               - Undefined Weak Reference
    __sigvec_lookup                           - Undefined Weak Reference
    _atexit_init                              - Undefined Weak Reference
    _call_atexit_fns                          - Undefined Weak Reference
    _clock_init                               - Undefined Weak Reference
    _fp_trap_init                             - Undefined Weak Reference
    _fp_trap_shutdown                         - Undefined Weak Reference
    _get_lc_collate                           - Undefined Weak Reference
    _get_lc_ctype                             - Undefined Weak Reference
    _get_lc_monetary                          - Undefined Weak Reference
    _get_lc_numeric                           - Undefined Weak Reference
    _get_lc_time                              - Undefined Weak Reference
    _getenv_init                              - Undefined Weak Reference
    _handle_redirection                       - Undefined Weak Reference
    _init_alloc                               - Undefined Weak Reference
    _init_user_alloc                          - Undefined Weak Reference
    _initio                                   - Undefined Weak Reference
    _rand_init                                - Undefined Weak Reference
    _signal_finish                            - Undefined Weak Reference
    _signal_init                              - Undefined Weak Reference
    _terminate_alloc                          - Undefined Weak Reference
    _terminate_user_alloc                     - Undefined Weak Reference
    _terminateio                              - Undefined Weak Reference
    __Vectors_Size                           0x00000198   Number         0  startup_stm32f411xe.o ABSOLUTE
    __Vectors                                0x08000000   Data           4  startup_stm32f411xe.o(RESET)
    __Vectors_End                            0x08000198   Data           0  startup_stm32f411xe.o(RESET)
    __main                                   0x08000199   Thumb Code     8  __main.o(!!!main)
    __scatterload                            0x080001a1   Thumb Code     0  __scatter.o(!!!scatter)
    __scatterload_rt2                        0x080001a1   Thumb Code    44  __scatter.o(!!!scatter)
    __scatterload_rt2_thumb_only             0x080001a1   Thumb Code     0  __scatter.o(!!!scatter)
    __scatterload_null                       0x080001af   Thumb Code     0  __scatter.o(!!!scatter)
    __scatterload_copy                       0x080001d5   Thumb Code    26  __scatter_copy.o(!!handler_copy)
    __scatterload_zeroinit                   0x080001f1   Thumb Code    28  __scatter_zi.o(!!handler_zi)
    __rt_lib_init                            0x0800020d   Thumb Code     0  libinit.o(.ARM.Collect$$libinit$$00000000)
    __rt_lib_init_fp_1                       0x0800020f   Thumb Code     0  libinit2.o(.ARM.Collect$$libinit$$00000001)
    __rt_lib_init_alloca_1                   0x08000213   Thumb Code     0  libinit2.o(.ARM.Collect$$libinit$$0000002C)
    __rt_lib_init_argv_1                     0x08000213   Thumb Code     0  libinit2.o(.ARM.Collect$$libinit$$0000002A)
    __rt_lib_init_atexit_1                   0x08000213   Thumb Code     0  libinit2.o(.ARM.Collect$$libinit$$00000019)
    __rt_lib_init_clock_1                    0x08000213   Thumb Code     0  libinit2.o(.ARM.Collect$$libinit$$0000001F)
    __rt_lib_init_cpp_1                      0x08000213   Thumb Code     0  libinit2.o(.ARM.Collect$$libinit$$00000030)
    __rt_lib_init_exceptions_1               0x08000213   Thumb Code     0  libinit2.o(.ARM.Collect$$libinit$$0000002E)
    __rt_lib_init_fp_trap_1                  0x08000213   Thumb Code     0  libinit2.o(.ARM.Collect$$libinit$$0000001D)
    __rt_lib_init_getenv_1                   0x08000213   Thumb Code     0  libinit2.o(.ARM.Collect$$libinit$$00000021)
    __rt_lib_init_heap_1                     0x08000213   Thumb Code     0  libinit2.o(.ARM.Collect$$libinit$$00000008)
    __rt_lib_init_lc_collate_1               0x08000213   Thumb Code     0  libinit2.o(.ARM.Collect$$libinit$$0000000F)
    __rt_lib_init_lc_ctype_1                 0x08000213   Thumb Code     0  libinit2.o(.ARM.Collect$$libinit$$00000011)
    __rt_lib_init_lc_monetary_1              0x08000213   Thumb Code     0  libinit2.o(.ARM.Collect$$libinit$$00000013)
    __rt_lib_init_lc_numeric_1               0x08000213   Thumb Code     0  libinit2.o(.ARM.Collect$$libinit$$00000015)
    __rt_lib_init_lc_time_1                  0x08000213   Thumb Code     0  libinit2.o(.ARM.Collect$$libinit$$00000017)
    __rt_lib_init_rand_1                     0x08000213   Thumb Code     0  libinit2.o(.ARM.Collect$$libinit$$0000000C)
    __rt_lib_init_return                     0x08000213   Thumb Code     0  libinit2.o(.ARM.Collect$$libinit$$00000031)
    __rt_lib_init_signal_1                   0x08000213   Thumb Code     0  libinit2.o(.ARM.Collect$$libinit$$0000001B)
    __rt_lib_init_stdio_1                    0x08000213   Thumb Code     0  libinit2.o(.ARM.Collect$$libinit$$00000023)
    __rt_lib_init_user_alloc_1               0x08000213   Thumb Code     0  libinit2.o(.ARM.Collect$$libinit$$0000000A)
    __rt_lib_shutdown                        0x08000215   Thumb Code     0  libshutdown.o(.ARM.Collect$$libshutdown$$00000000)
    __rt_lib_shutdown_fp_trap_1              0x08000217   Thumb Code     0  libshutdown2.o(.ARM.Collect$$libshutdown$$00000006)
    __rt_lib_shutdown_heap_1                 0x08000217   Thumb Code     0  libshutdown2.o(.ARM.Collect$$libshutdown$$0000000E)
    __rt_lib_shutdown_return                 0x08000217   Thumb Code     0  libshutdown2.o(.ARM.Collect$$libshutdown$$0000000F)
    __rt_lib_shutdown_signal_1               0x08000217   Thumb Code     0  libshutdown2.o(.ARM.Collect$$libshutdown$$00000009)
    __rt_lib_shutdown_stdio_1                0x08000217   Thumb Code     0  libshutdown2.o(.ARM.Collect$$libshutdown$$00000003)
    __rt_lib_shutdown_user_alloc_1           0x08000217   Thumb Code     0  libshutdown2.o(.ARM.Collect$$libshutdown$$0000000B)
    __rt_entry                               0x08000219   Thumb Code     0  rtentry.o(.ARM.Collect$$rtentry$$00000000)
    __rt_entry_presh_1                       0x08000219   Thumb Code     0  rtentry2.o(.ARM.Collect$$rtentry$$00000002)
    __rt_entry_sh                            0x08000219   Thumb Code     0  rtentry4.o(.ARM.Collect$$rtentry$$00000004)
    __rt_entry_li                            0x0800021f   Thumb Code     0  rtentry2.o(.ARM.Collect$$rtentry$$0000000A)
    __rt_entry_postsh_1                      0x0800021f   Thumb Code     0  rtentry2.o(.ARM.Collect$$rtentry$$00000009)
    __rt_entry_main                          0x08000223   Thumb Code     0  rtentry2.o(.ARM.Collect$$rtentry$$0000000D)
    __rt_entry_postli_1                      0x08000223   Thumb Code     0  rtentry2.o(.ARM.Collect$$rtentry$$0000000C)
    __rt_exit                                0x0800022b   Thumb Code     0  rtexit.o(.ARM.Collect$$rtexit$$00000000)
    __rt_exit_ls                             0x0800022d   Thumb Code     0  rtexit2.o(.ARM.Collect$$rtexit$$00000003)
    __rt_exit_prels_1                        0x0800022d   Thumb Code     0  rtexit2.o(.ARM.Collect$$rtexit$$00000002)
    __rt_exit_exit                           0x08000231   Thumb Code     0  rtexit2.o(.ARM.Collect$$rtexit$$00000004)
    Reset_Handler                            0x08000239   Thumb Code     8  startup_stm32f411xe.o(.text)
    ADC_IRQHandler                           0x08000253   Thumb Code     0  startup_stm32f411xe.o(.text)
    DMA1_Stream0_IRQHandler                  0x08000253   Thumb Code     0  startup_stm32f411xe.o(.text)
    DMA1_Stream1_IRQHandler                  0x08000253   Thumb Code     0  startup_stm32f411xe.o(.text)
    DMA1_Stream2_IRQHandler                  0x08000253   Thumb Code     0  startup_stm32f411xe.o(.text)
    DMA1_Stream3_IRQHandler                  0x08000253   Thumb Code     0  startup_stm32f411xe.o(.text)
    DMA1_Stream4_IRQHandler                  0x08000253   Thumb Code     0  startup_stm32f411xe.o(.text)
    DMA1_Stream6_IRQHandler                  0x08000253   Thumb Code     0  startup_stm32f411xe.o(.text)
    DMA1_Stream7_IRQHandler                  0x08000253   Thumb Code     0  startup_stm32f411xe.o(.text)
    DMA2_Stream0_IRQHandler                  0x08000253   Thumb Code     0  startup_stm32f411xe.o(.text)
    DMA2_Stream1_IRQHandler                  0x08000253   Thumb Code     0  startup_stm32f411xe.o(.text)
    DMA2_Stream3_IRQHandler                  0x08000253   Thumb Code     0  startup_stm32f411xe.o(.text)
    DMA2_Stream4_IRQHandler                  0x08000253   Thumb Code     0  startup_stm32f411xe.o(.text)
    DMA2_Stream6_IRQHandler                  0x08000253   Thumb Code     0  startup_stm32f411xe.o(.text)
    DMA2_Stream7_IRQHandler                  0x08000253   Thumb Code     0  startup_stm32f411xe.o(.text)
    EXTI0_IRQHandler                         0x08000253   Thumb Code     0  startup_stm32f411xe.o(.text)
    EXTI15_10_IRQHandler                     0x08000253   Thumb Code     0  startup_stm32f411xe.o(.text)
    EXTI1_IRQHandler                         0x08000253   Thumb Code     0  startup_stm32f411xe.o(.text)
    EXTI2_IRQHandler                         0x08000253   Thumb Code     0  startup_stm32f411xe.o(.text)
    EXTI3_IRQHandler                         0x08000253   Thumb Code     0  startup_stm32f411xe.o(.text)
    EXTI4_IRQHandler                         0x08000253   Thumb Code     0  startup_stm32f411xe.o(.text)
    EXTI9_5_IRQHandler                       0x08000253   Thumb Code     0  startup_stm32f411xe.o(.text)
    FLASH_IRQHandler                         0x08000253   Thumb Code     0  startup_stm32f411xe.o(.text)
    FPU_IRQHandler                           0x08000253   Thumb Code     0  startup_stm32f411xe.o(.text)
    I2C1_ER_IRQHandler                       0x08000253   Thumb Code     0  startup_stm32f411xe.o(.text)
    I2C1_EV_IRQHandler                       0x08000253   Thumb Code     0  startup_stm32f411xe.o(.text)
    I2C2_ER_IRQHandler                       0x08000253   Thumb Code     0  startup_stm32f411xe.o(.text)
    I2C2_EV_IRQHandler                       0x08000253   Thumb Code     0  startup_stm32f411xe.o(.text)
    I2C3_ER_IRQHandler                       0x08000253   Thumb Code     0  startup_stm32f411xe.o(.text)
    I2C3_EV_IRQHandler                       0x08000253   Thumb Code     0  startup_stm32f411xe.o(.text)
    OTG_FS_IRQHandler                        0x08000253   Thumb Code     0  startup_stm32f411xe.o(.text)
    OTG_FS_WKUP_IRQHandler                   0x08000253   Thumb Code     0  startup_stm32f411xe.o(.text)
    PVD_IRQHandler                           0x08000253   Thumb Code     0  startup_stm32f411xe.o(.text)
    RCC_IRQHandler                           0x08000253   Thumb Code     0  startup_stm32f411xe.o(.text)
    RTC_Alarm_IRQHandler                     0x08000253   Thumb Code     0  startup_stm32f411xe.o(.text)
    RTC_WKUP_IRQHandler                      0x08000253   Thumb Code     0  startup_stm32f411xe.o(.text)
    SDIO_IRQHandler                          0x08000253   Thumb Code     0  startup_stm32f411xe.o(.text)
    SPI1_IRQHandler                          0x08000253   Thumb Code     0  startup_stm32f411xe.o(.text)
    SPI2_IRQHandler                          0x08000253   Thumb Code     0  startup_stm32f411xe.o(.text)
    SPI3_IRQHandler                          0x08000253   Thumb Code     0  startup_stm32f411xe.o(.text)
    SPI4_IRQHandler                          0x08000253   Thumb Code     0  startup_stm32f411xe.o(.text)
    SPI5_IRQHandler                          0x08000253   Thumb Code     0  startup_stm32f411xe.o(.text)
    TAMP_STAMP_IRQHandler                    0x08000253   Thumb Code     0  startup_stm32f411xe.o(.text)
    TIM1_BRK_TIM9_IRQHandler                 0x08000253   Thumb Code     0  startup_stm32f411xe.o(.text)
    TIM1_CC_IRQHandler                       0x08000253   Thumb Code     0  startup_stm32f411xe.o(.text)
    TIM1_TRG_COM_TIM11_IRQHandler            0x08000253   Thumb Code     0  startup_stm32f411xe.o(.text)
    TIM1_UP_TIM10_IRQHandler                 0x08000253   Thumb Code     0  startup_stm32f411xe.o(.text)
    WWDG_IRQHandler                          0x08000253   Thumb Code     0  startup_stm32f411xe.o(.text)
    __user_initial_stackheap                 0x08000255   Thumb Code     0  startup_stm32f411xe.o(.text)
    __use_two_region_memory                  0x08000279   Thumb Code     2  heapauxi.o(.text)
    __rt_heap_escrow$2region                 0x0800027b   Thumb Code     2  heapauxi.o(.text)
    __rt_heap_expand$2region                 0x0800027d   Thumb Code     2  heapauxi.o(.text)
    __read_errno                             0x0800027f   Thumb Code    10  _rserrno.o(.text)
    __set_errno                              0x08000289   Thumb Code    12  _rserrno.o(.text)
    __aeabi_errno_addr                       0x08000295   Thumb Code     8  rt_errno_addr_intlibspace.o(.text)
    __errno$intlibspace                      0x08000295   Thumb Code     0  rt_errno_addr_intlibspace.o(.text)
    __rt_errno_addr$intlibspace              0x08000295   Thumb Code     0  rt_errno_addr_intlibspace.o(.text)
    __user_libspace                          0x0800029d   Thumb Code     8  libspace.o(.text)
    __user_perproc_libspace                  0x0800029d   Thumb Code     0  libspace.o(.text)
    __user_perthread_libspace                0x0800029d   Thumb Code     0  libspace.o(.text)
    __user_setup_stackheap                   0x080002a5   Thumb Code    74  sys_stackheap_outer.o(.text)
    exit                                     0x080002ef   Thumb Code    12  exit.o(.text)
    _sys_exit                                0x080002fd   Thumb Code     8  sys_exit.o(.text)
    __I$use$semihosting                      0x08000309   Thumb Code     0  use_no_semi.o(.text)
    __use_no_semihosting_swi                 0x08000309   Thumb Code     2  use_no_semi.o(.text)
    BusFault_Handler                         0x0800030b   Thumb Code     2  stm32f4xx_it.o(i.BusFault_Handler)
    __semihosting_library_function           0x0800030b   Thumb Code     0  indicate_semi.o(.text)
    Convert4BytesToWordData                  0x0800030d   Thumb Code    62  functions.o(i.Convert4BytesToWordData)
    Core_Delay_Us                            0x0800034b   Thumb Code    18  srf05.o(i.Core_Delay_Us)
    DMA1_Stream5_IRQHandler                  0x0800035d   Thumb Code    64  stm32f4xx_it.o(i.DMA1_Stream5_IRQHandler)
    DMA2_Stream2_IRQHandler                  0x080003c1   Thumb Code  1830  stm32f4xx_it.o(i.DMA2_Stream2_IRQHandler)
    DMA2_Stream5_IRQHandler                  0x08000af9   Thumb Code   110  stm32f4xx_it.o(i.DMA2_Stream5_IRQHandler)
    DMA_ClearFlag                            0x08000b8d   Thumb Code    32  stm32f4xx_dma.o(i.DMA_ClearFlag)
    DMA_ClearITPendingBit                    0x08000bb9   Thumb Code    32  stm32f4xx_dma.o(i.DMA_ClearITPendingBit)
    DMA_Cmd                                  0x08000be5   Thumb Code    20  stm32f4xx_dma.o(i.DMA_Cmd)
    DMA_GetFlagStatus                        0x08000bf9   Thumb Code    40  stm32f4xx_dma.o(i.DMA_GetFlagStatus)
    DMA_ITConfig                             0x08000c2d   Thumb Code    44  stm32f4xx_dma.o(i.DMA_ITConfig)
    DMA_Init                                 0x08000c59   Thumb Code    80  stm32f4xx_dma.o(i.DMA_Init)
    DebugMon_Handler                         0x08000cad   Thumb Code     2  stm32f4xx_it.o(i.DebugMon_Handler)
    Defuzzification_Max_Min                  0x08000cb1   Thumb Code  1162  functions.o(i.Defuzzification_Max_Min)
    Degree_To_Degree                         0x08001141   Thumb Code    98  functions.o(i.Degree_To_Degree)
    DirPinConfig                             0x080011bd   Thumb Code    42  encoder.o(i.DirPinConfig)
    Encoder_Config                           0x080011f1   Thumb Code    30  encoder.o(i.Encoder_Config)
    EraseMemory                              0x0800120f   Thumb Code    24  functions.o(i.EraseMemory)
    Error_AppendError                        0x08001227   Thumb Code    10  functions.o(i.Error_AppendError)
    Error_ResetIndex                         0x08001231   Thumb Code     6  functions.o(i.Error_ResetIndex)
    FLASH_EraseSector                        0x08001239   Thumb Code   104  stm32f4xx_flash.o(i.FLASH_EraseSector)
    FLASH_GetStatus                          0x080012a5   Thumb Code    56  stm32f4xx_flash.o(i.FLASH_GetStatus)
    FLASH_Lock                               0x080012e1   Thumb Code    12  stm32f4xx_flash.o(i.FLASH_Lock)
    FLASH_ProgramWord                        0x080012f1   Thumb Code    56  stm32f4xx_flash.o(i.FLASH_ProgramWord)
    FLASH_Unlock                             0x0800132d   Thumb Code    22  stm32f4xx_flash.o(i.FLASH_Unlock)
    FLASH_WaitForLastOperation               0x08001351   Thumb Code    30  stm32f4xx_flash.o(i.FLASH_WaitForLastOperation)
    FeedBack                                 0x0800136f   Thumb Code    42  functions.o(i.FeedBack)
    Fuzzy_Max                                0x08001399   Thumb Code    68  functions.o(i.Fuzzy_Max)
    Fuzzy_Min                                0x080013dd   Thumb Code    58  functions.o(i.Fuzzy_Min)
    Fuzzy_ParametersInit                     0x08001419   Thumb Code   250  functions.o(i.Fuzzy_ParametersInit)
    GPIO_Init                                0x080015e5   Thumb Code   162  stm32f4xx_gpio.o(i.GPIO_Init)
    GPIO_PinAFConfig                         0x08001687   Thumb Code    32  stm32f4xx_gpio.o(i.GPIO_PinAFConfig)
    GPIO_ReadInputDataBit                    0x080016a7   Thumb Code    14  stm32f4xx_gpio.o(i.GPIO_ReadInputDataBit)
    GPIO_ReadOutputDataBit                   0x080016b5   Thumb Code    14  stm32f4xx_gpio.o(i.GPIO_ReadOutputDataBit)
    GPIO_ResetBits                           0x080016c3   Thumb Code     4  stm32f4xx_gpio.o(i.GPIO_ResetBits)
    GPIO_SetBits                             0x080016c7   Thumb Code     4  stm32f4xx_gpio.o(i.GPIO_SetBits)
    GPS_ClearPathBuffer                      0x080016cd   Thumb Code    64  functions.o(i.GPS_ClearPathBuffer)
    GPS_GetLLQMessage                        0x08001715   Thumb Code   290  functions.o(i.GPS_GetLLQMessage)
    GPS_GetLatFromString                     0x0800185d   Thumb Code   154  functions.o(i.GPS_GetLatFromString)
    GPS_GetLonFromString                     0x08001909   Thumb Code   140  functions.o(i.GPS_GetLonFromString)
    GPS_HeaderCompare                        0x080019a5   Thumb Code    26  functions.o(i.GPS_HeaderCompare)
    GPS_LLToDegree                           0x080019c1   Thumb Code   104  functions.o(i.GPS_LLToDegree)
    GPS_LatLonToUTM                          0x08001a39   Thumb Code  1378  functions.o(i.GPS_LatLonToUTM)
    GPS_ParametersInit                       0x08001fb5   Thumb Code    66  functions.o(i.GPS_ParametersInit)
    GPS_PathPlanning                         0x08002011   Thumb Code   346  functions.o(i.GPS_PathPlanning)
    GPS_SavePathCoordinateToFlash            0x0800216d   Thumb Code   160  functions.o(i.GPS_SavePathCoordinateToFlash)
    GPS_StanleyControl                       0x08002211   Thumb Code   816  functions.o(i.GPS_StanleyControl)
    GPS_UpdateParameters                     0x080025a9   Thumb Code    10  functions.o(i.GPS_UpdateParameters)
    GPS_UpdatePathCoordinate                 0x080025b5   Thumb Code   112  functions.o(i.GPS_UpdatePathCoordinate)
    GPS_UpdatePathYaw                        0x0800262d   Thumb Code   122  functions.o(i.GPS_UpdatePathYaw)
    GetAFFromTIM                             0x080026b1   Thumb Code    70  stm32f411_rccenable.o(i.GetAFFromTIM)
    GetIRQHandlerFromTIMxCC                  0x08002719   Thumb Code    84  stm32f411_rccenable.o(i.GetIRQHandlerFromTIMxCC)
    GetMessageInfo                           0x08002789   Thumb Code    96  functions.o(i.GetMessageInfo)
    GetNbOfReceiveHeader                     0x080027e9   Thumb Code   144  functions.o(i.GetNbOfReceiveHeader)
    GetPinSourceFromGPIOPin                  0x080028c9   Thumb Code   144  stm32f411_rccenable.o(i.GetPinSourceFromGPIOPin)
    GetValueFromString                       0x08002959   Thumb Code   344  functions.o(i.GetValueFromString)
    GetVehicleVelocity                       0x08002ad5   Thumb Code   252  stm32f4xx_it.o(i.GetVehicleVelocity)
    HardFault_Handler                        0x08002bf9   Thumb Code     2  stm32f4xx_it.o(i.HardFault_Handler)
    IMU_GetValueFromMessage                  0x08002bfd   Thumb Code   126  functions.o(i.IMU_GetValueFromMessage)
    IMU_ParametesInit                        0x08002c91   Thumb Code    30  functions.o(i.IMU_ParametesInit)
    IMU_UpdateFuzzyCoefficients              0x08002cb9   Thumb Code     8  functions.o(i.IMU_UpdateFuzzyCoefficients)
    IMU_UpdateFuzzyInput                     0x08002cc1   Thumb Code   202  functions.o(i.IMU_UpdateFuzzyInput)
    IMU_UpdatePreAngle                       0x08002da5   Thumb Code    10  functions.o(i.IMU_UpdatePreAngle)
    IMU_UpdateSetAngle                       0x08002daf   Thumb Code    34  functions.o(i.IMU_UpdateSetAngle)
    IsCorrectMessage                         0x08002dd1   Thumb Code    46  functions.o(i.IsCorrectMessage)
    IsDataTransferCompleted                  0x08002e01   Thumb Code    18  functions.o(i.IsDataTransferCompleted)
    IsDouble                                 0x08002e1d   Thumb Code    60  functions.o(i.IsDouble)
    IsValidData                              0x08002e61   Thumb Code    12  functions.o(i.IsValidData)
    LRCCalculate                             0x08002e6d   Thumb Code    22  functions.o(i.LRCCalculate)
    LengthOfLine                             0x08002e83   Thumb Code    24  functions.o(i.LengthOfLine)
    M1_Backward                              0x08002e9d   Thumb Code     8  encoder.o(i.M1_Backward)
    M1_Encoder_Config                        0x08002ea9   Thumb Code   162  encoder.o(i.M1_Encoder_Config)
    M1_Forward                               0x08002f5d   Thumb Code     8  encoder.o(i.M1_Forward)
    M2_Backward                              0x08002f69   Thumb Code     8  encoder.o(i.M2_Backward)
    M2_Encoder_Config                        0x08002f75   Thumb Code   164  encoder.o(i.M2_Encoder_Config)
    M2_Forward                               0x08003029   Thumb Code     8  encoder.o(i.M2_Forward)
    MemManage_Handler                        0x08003035   Thumb Code     2  stm32f4xx_it.o(i.MemManage_Handler)
    NMI_Handler                              0x08003037   Thumb Code     2  stm32f4xx_it.o(i.NMI_Handler)
    NVIC_Init                                0x08003039   Thumb Code    96  misc.o(i.NVIC_Init)
    NVIC_PriorityGroupConfig                 0x0800309d   Thumb Code    10  misc.o(i.NVIC_PriorityGroupConfig)
    PID_Compute                              0x080030b1   Thumb Code   310  functions.o(i.PID_Compute)
    PID_ParametersInitial                    0x0800320d   Thumb Code    44  functions.o(i.PID_ParametersInitial)
    PID_ParametersUpdate                     0x08003241   Thumb Code     6  functions.o(i.PID_ParametersUpdate)
    PID_ReadParametersFromFlash              0x08003249   Thumb Code   158  main.o(i.PID_ReadParametersFromFlash)
    PID_ResetEncoder                         0x080032fd   Thumb Code    10  functions.o(i.PID_ResetEncoder)
    PID_ResetPID                             0x08003309   Thumb Code    18  functions.o(i.PID_ResetPID)
    PID_SavePIDParaToFlash                   0x08003325   Thumb Code   218  functions.o(i.PID_SavePIDParaToFlash)
    PID_UpdateEnc                            0x08003409   Thumb Code     4  functions.o(i.PID_UpdateEnc)
    PID_UpdateSetVel                         0x0800340d   Thumb Code     6  functions.o(i.PID_UpdateSetVel)
    PWM_Config                               0x08003415   Thumb Code   148  encoder.o(i.PWM_Config)
    Parameters_Init                          0x080034b9   Thumb Code   128  main.o(i.Parameters_Init)
    PendSV_Handler                           0x0800357d   Thumb Code     2  stm32f4xx_it.o(i.PendSV_Handler)
    Peripheral_Config                        0x08003581   Thumb Code    62  main.o(i.Peripheral_Config)
    Pi_To_Pi                                 0x080035c5   Thumb Code   100  functions.o(i.Pi_To_Pi)
    RCC_AHB1PeriphClockCmd                   0x08003641   Thumb Code    18  stm32f4xx_rcc.o(i.RCC_AHB1PeriphClockCmd)
    RCC_APB1PeriphClockCmd                   0x08003659   Thumb Code    18  stm32f4xx_rcc.o(i.RCC_APB1PeriphClockCmd)
    RCC_APB2PeriphClockCmd                   0x08003671   Thumb Code    18  stm32f4xx_rcc.o(i.RCC_APB2PeriphClockCmd)
    RCC_GPIOxClockCmd                        0x08003689   Thumb Code   104  stm32f411_rccenable.o(i.RCC_GPIOxClockCmd)
    RCC_GetClocksFreq                        0x08003719   Thumb Code   132  stm32f4xx_rcc.o(i.RCC_GetClocksFreq)
    RCC_TIMxClockCmd                         0x080037ad   Thumb Code   142  stm32f411_rccenable.o(i.RCC_TIMxClockCmd)
    ReadFromFlash                            0x0800386d   Thumb Code    60  functions.o(i.ReadFromFlash)
    Reset_Motor                              0x080038a9   Thumb Code    80  stm32f4xx_it.o(i.Reset_Motor)
    Robot_AntiClockwise                      0x08003911   Thumb Code    14  encoder.o(i.Robot_AntiClockwise)
    Robot_Backward                           0x0800391f   Thumb Code    14  encoder.o(i.Robot_Backward)
    Robot_Clockwise                          0x0800392d   Thumb Code    14  encoder.o(i.Robot_Clockwise)
    Robot_Forward                            0x0800393b   Thumb Code    14  encoder.o(i.Robot_Forward)
    Robot_Run                                0x08003949   Thumb Code   118  encoder.o(i.Robot_Run)
    SVC_Handler                              0x080039d5   Thumb Code     2  stm32f4xx_it.o(i.SVC_Handler)
    SaveDataToInternalFlash                  0x080039d9   Thumb Code    36  stm32f4xx_it.o(i.SaveDataToInternalFlash)
    Self_ParametersInit                      0x08003a0d   Thumb Code    34  twowheelrobot.o(i.Self_ParametersInit)
    SendData                                 0x08003a49   Thumb Code   586  main.o(i.SendData)
    SendStatusData                           0x08003cb9   Thumb Code   420  main.o(i.SendStatusData)
    Srf05_BackEnd                            0x08003ee9   Thumb Code    42  main.o(i.Srf05_BackEnd)
    Srf05_ClearFlag                          0x08003f21   Thumb Code     6  srf05.o(i.Srf05_ClearFlag)
    Srf05_FirstInit                          0x08003f29   Thumb Code    16  srf05.o(i.Srf05_FirstInit)
    Srf05_Initial                            0x08003f41   Thumb Code   204  srf05.o(i.Srf05_Initial)
    Srf05_LeftFront                          0x08004015   Thumb Code    42  main.o(i.Srf05_LeftFront)
    Srf05_MidFront                           0x0800404d   Thumb Code    42  main.o(i.Srf05_MidFront)
    Srf05_RightFront                         0x08004085   Thumb Code    38  main.o(i.Srf05_RightFront)
    Srf05_SetFlag                            0x080040b9   Thumb Code     6  srf05.o(i.Srf05_SetFlag)
    Srf05_StartSensorBack                    0x080040c1   Thumb Code    48  main.o(i.Srf05_StartSensorBack)
    Srf05_StartSensorLeft                    0x080040f5   Thumb Code    48  main.o(i.Srf05_StartSensorLeft)
    Srf05_StartSensorMid                     0x08004129   Thumb Code    48  main.o(i.Srf05_StartSensorMid)
    Srf05_StartSensorRight                   0x0800415d   Thumb Code    48  main.o(i.Srf05_StartSensorRight)
    StartTimer                               0x08004191   Thumb Code    52  main.o(i.StartTimer)
    Status_CheckStatus                       0x080041cd   Thumb Code     4  functions.o(i.Status_CheckStatus)
    Status_ParametersInit                    0x080041d1   Thumb Code    28  functions.o(i.Status_ParametersInit)
    Status_UpdateStatus                      0x080041ed   Thumb Code     4  functions.o(i.Status_UpdateStatus)
    StopTimer                                0x080041f1   Thumb Code    24  main.o(i.StopTimer)
    Stop_Motor                               0x08004209   Thumb Code    10  encoder.o(i.Stop_Motor)
    StringHeaderCompare                      0x08004219   Thumb Code    28  functions.o(i.StringHeaderCompare)
    SysTick_Handler                          0x08004235   Thumb Code   110  stm32f4xx_it.o(i.SysTick_Handler)
    SystemInit                               0x080042ad   Thumb Code    74  system_stm32f4xx.o(i.SystemInit)
    TIM2_IRQHandler                          0x0800436d   Thumb Code   354  stm32f4xx_it.o(i.TIM2_IRQHandler)
    TIM3_IRQHandler                          0x080044f9   Thumb Code    20  stm32f4xx_it.o(i.TIM3_IRQHandler)
    TIM4_IRQHandler                          0x08004515   Thumb Code    20  stm32f4xx_it.o(i.TIM4_IRQHandler)
    TIM5_IRQHandler                          0x08004531   Thumb Code    56  main.o(i.TIM5_IRQHandler)
    TIM_ARRPreloadConfig                     0x08004571   Thumb Code    20  stm32f4xx_tim.o(i.TIM_ARRPreloadConfig)
    TIM_ClearITPendingBit                    0x08004585   Thumb Code     6  stm32f4xx_tim.o(i.TIM_ClearITPendingBit)
    TIM_Cmd                                  0x0800458b   Thumb Code    20  stm32f4xx_tim.o(i.TIM_Cmd)
    TIM_EncoderInterfaceConfig               0x0800459f   Thumb Code    50  stm32f4xx_tim.o(i.TIM_EncoderInterfaceConfig)
    TIM_GetCapture3                          0x080045d1   Thumb Code     4  stm32f4xx_tim.o(i.TIM_GetCapture3)
    TIM_GetCapture4                          0x080045d5   Thumb Code     4  stm32f4xx_tim.o(i.TIM_GetCapture4)
    TIM_GetCounter                           0x080045d9   Thumb Code     4  stm32f4xx_tim.o(i.TIM_GetCounter)
    TIM_GetFlagStatus                        0x080045dd   Thumb Code    14  stm32f4xx_tim.o(i.TIM_GetFlagStatus)
    TIM_ICInit                               0x080045eb   Thumb Code   172  stm32f4xx_tim.o(i.TIM_ICInit)
    TIM_ITConfig                             0x08004697   Thumb Code    16  stm32f4xx_tim.o(i.TIM_ITConfig)
    TIM_OC1Init                              0x080046a9   Thumb Code    88  stm32f4xx_tim.o(i.TIM_OC1Init)
    TIM_OC1PreloadConfig                     0x08004709   Thumb Code    12  stm32f4xx_tim.o(i.TIM_OC1PreloadConfig)
    TIM_OC2Init                              0x08004715   Thumb Code   120  stm32f4xx_tim.o(i.TIM_OC2Init)
    TIM_OC2PreloadConfig                     0x08004795   Thumb Code    20  stm32f4xx_tim.o(i.TIM_OC2PreloadConfig)
    TIM_SetIC1Prescaler                      0x080047a9   Thumb Code    16  stm32f4xx_tim.o(i.TIM_SetIC1Prescaler)
    TIM_SetIC2Prescaler                      0x080047b9   Thumb Code    24  stm32f4xx_tim.o(i.TIM_SetIC2Prescaler)
    TIM_SetIC3Prescaler                      0x080047d1   Thumb Code    16  stm32f4xx_tim.o(i.TIM_SetIC3Prescaler)
    TIM_SetIC4Prescaler                      0x080047e1   Thumb Code    24  stm32f4xx_tim.o(i.TIM_SetIC4Prescaler)
    TIM_TimeBaseInit                         0x080047f9   Thumb Code    96  stm32f4xx_tim.o(i.TIM_TimeBaseInit)
    Time_GetSampleTime                       0x08004875   Thumb Code    52  functions.o(i.Time_GetSampleTime)
    Time_ParametersInit                      0x080048b9   Thumb Code    20  functions.o(i.Time_ParametersInit)
    Time_SampleTimeUpdate                    0x080048cd   Thumb Code     4  functions.o(i.Time_SampleTimeUpdate)
    Time_SendTimeUpdate                      0x080048d1   Thumb Code    10  functions.o(i.Time_SendTimeUpdate)
    TimerDelayConfig                         0x080048dd   Thumb Code    64  main.o(i.TimerDelayConfig)
    ToChar                                   0x08004925   Thumb Code   254  functions.o(i.ToChar)
    ToHex                                    0x08004a35   Thumb Code    14  functions.o(i.ToHex)
    ToRPM                                    0x08004a45   Thumb Code    36  functions.o(i.ToRPM)
    Trapf                                    0x08004a79   Thumb Code   198  functions.o(i.Trapf)
    Trimf                                    0x08004b51   Thumb Code   194  functions.o(i.Trimf)
    U1_SendData                              0x08004c1d   Thumb Code    32  usart_dma_config.o(i.U1_SendData)
    U6_SendData                              0x08004c41   Thumb Code    30  usart_dma_config.o(i.U6_SendData)
    USART1_Config                            0x08004c69   Thumb Code   334  usart_dma_config.o(i.USART1_Config)
    USART1_IRQHandler                        0x08004dcd   Thumb Code    50  stm32f4xx_it.o(i.USART1_IRQHandler)
    USART2_Config                            0x08004e0d   Thumb Code   334  usart_dma_config.o(i.USART2_Config)
    USART2_IRQHandler                        0x08004f71   Thumb Code    50  stm32f4xx_it.o(i.USART2_IRQHandler)
    USART6_Config                            0x08004fb1   Thumb Code   332  usart_dma_config.o(i.USART6_Config)
    USART6_IRQHandler                        0x08005111   Thumb Code    50  stm32f4xx_it.o(i.USART6_IRQHandler)
    USART_ClearFlag                          0x08005151   Thumb Code     6  stm32f4xx_usart.o(i.USART_ClearFlag)
    USART_Cmd                                0x08005157   Thumb Code    20  stm32f4xx_usart.o(i.USART_Cmd)
    USART_DMACmd                             0x0800516b   Thumb Code    16  stm32f4xx_usart.o(i.USART_DMACmd)
    USART_GetITStatus                        0x0800517b   Thumb Code    62  stm32f4xx_usart.o(i.USART_GetITStatus)
    USART_ITConfig                           0x080051b9   Thumb Code    48  stm32f4xx_usart.o(i.USART_ITConfig)
    USART_Init                               0x080051e9   Thumb Code   164  stm32f4xx_usart.o(i.USART_Init)
    USART_ReceiveData                        0x08005295   Thumb Code     8  stm32f4xx_usart.o(i.USART_ReceiveData)
    UsageFault_Handler                       0x0800529d   Thumb Code     2  stm32f4xx_it.o(i.UsageFault_Handler)
    Veh_CheckStateChange                     0x0800529f   Thumb Code    24  functions.o(i.Veh_CheckStateChange)
    Veh_GetCommandMessage                    0x080052b7   Thumb Code    50  functions.o(i.Veh_GetCommandMessage)
    Veh_ParametersInit                       0x080052e9   Thumb Code    58  functions.o(i.Veh_ParametersInit)
    Veh_UpdateMaxVelocity                    0x08005335   Thumb Code     6  functions.o(i.Veh_UpdateMaxVelocity)
    Veh_UpdateVehicleFromKey                 0x0800533d   Thumb Code   296  functions.o(i.Veh_UpdateVehicleFromKey)
    WriteToFlash                             0x08005499   Thumb Code    86  functions.o(i.WriteToFlash)
    __ARM_fpclassify                         0x080054ef   Thumb Code    48  fpclassify.o(i.__ARM_fpclassify)
    __hardfp_atan                            0x08005521   Thumb Code   632  atan.o(i.__hardfp_atan)
    __hardfp_atan2                           0x08005801   Thumb Code   426  atan2.o(i.__hardfp_atan2)
    __hardfp_cos                             0x080059f1   Thumb Code   200  cos.o(i.__hardfp_cos)
    __hardfp_fabs                            0x08005ac9   Thumb Code    20  fabs.o(i.__hardfp_fabs)
    __hardfp_log                             0x08005ae1   Thumb Code   882  log.o(i.__hardfp_log)
    __hardfp_pow                             0x08005ec9   Thumb Code  3048  pow.o(i.__hardfp_pow)
    __hardfp_sin                             0x08006b01   Thumb Code   200  sin.o(i.__hardfp_sin)
    __hardfp_sqrt                            0x08006bd9   Thumb Code   122  sqrt.o(i.__hardfp_sqrt)
    __hardfp_tan                             0x08006c59   Thumb Code   142  tan.o(i.__hardfp_tan)
    __ieee754_rem_pio2                       0x08006cf9   Thumb Code   938  rred.o(i.__ieee754_rem_pio2)
    __kernel_cos                             0x08007131   Thumb Code   322  cos_i.o(i.__kernel_cos)
    __kernel_poly                            0x080072a1   Thumb Code   248  poly.o(i.__kernel_poly)
    __kernel_sin                             0x08007399   Thumb Code   280  sin_i.o(i.__kernel_sin)
    __kernel_tan                             0x080074c9   Thumb Code   764  tan_i.o(i.__kernel_tan)
    __mathlib_dbl_underflow                  0x08007819   Thumb Code    24  dunder.o(i.__mathlib_dbl_underflow)
    atan                                     0x08007839   Thumb Code    16  atan.o(i.atan)
    fabs                                     0x08007849   Thumb Code    24  fabs.o(i.fabs)
    fix                                      0x08007861   Thumb Code    20  functions.o(i.fix)
    main                                     0x08007875   Thumb Code  1338  main.o(i.main)
    sqrt                                     0x08007dbd   Thumb Code   110  sqrt.o(i.sqrt)
    __aeabi_dneg                             0x08007e2b   Thumb Code     0  basic.o(x$fpl$basic)
    _dneg                                    0x08007e2b   Thumb Code     6  basic.o(x$fpl$basic)
    __aeabi_fneg                             0x08007e31   Thumb Code     0  basic.o(x$fpl$basic)
    _fneg                                    0x08007e31   Thumb Code     6  basic.o(x$fpl$basic)
    _dabs                                    0x08007e37   Thumb Code     6  basic.o(x$fpl$basic)
    _fabs                                    0x08007e3d   Thumb Code     6  basic.o(x$fpl$basic)
    __aeabi_d2f                              0x08007e45   Thumb Code     0  d2f.o(x$fpl$d2f)
    _d2f                                     0x08007e45   Thumb Code    98  d2f.o(x$fpl$d2f)
    __aeabi_dadd                             0x08007ea9   Thumb Code     0  daddsub_clz.o(x$fpl$dadd)
    _dadd                                    0x08007ea9   Thumb Code   332  daddsub_clz.o(x$fpl$dadd)
    __fpl_dcheck_NaN1                        0x08007ff9   Thumb Code    10  dcheck1.o(x$fpl$dcheck1)
    __fpl_dcmp_Inf                           0x08008009   Thumb Code    24  dcmpi.o(x$fpl$dcmpinf)
    __aeabi_ddiv                             0x08008021   Thumb Code     0  ddiv.o(x$fpl$ddiv)
    _ddiv                                    0x08008021   Thumb Code   552  ddiv.o(x$fpl$ddiv)
    __aeabi_cdcmpeq                          0x080082d1   Thumb Code     0  deqf.o(x$fpl$deqf)
    _dcmpeq                                  0x080082d1   Thumb Code   120  deqf.o(x$fpl$deqf)
    __aeabi_d2iz                             0x08008349   Thumb Code     0  dfix.o(x$fpl$dfix)
    _dfix                                    0x08008349   Thumb Code    94  dfix.o(x$fpl$dfix)
    __aeabi_d2uiz                            0x080083a9   Thumb Code     0  dfixu.o(x$fpl$dfixu)
    _dfixu                                   0x080083a9   Thumb Code    90  dfixu.o(x$fpl$dfixu)
    __aeabi_i2d                              0x08008403   Thumb Code     0  dflt_clz.o(x$fpl$dflt)
    _dflt                                    0x08008403   Thumb Code    46  dflt_clz.o(x$fpl$dflt)
    __aeabi_ui2d                             0x08008431   Thumb Code     0  dflt_clz.o(x$fpl$dfltu)
    _dfltu                                   0x08008431   Thumb Code    38  dflt_clz.o(x$fpl$dfltu)
    __aeabi_cdcmple                          0x08008459   Thumb Code     0  dleqf.o(x$fpl$dleqf)
    _dcmple                                  0x08008459   Thumb Code   120  dleqf.o(x$fpl$dleqf)
    __fpl_dcmple_InfNaN                      0x080084bb   Thumb Code     0  dleqf.o(x$fpl$dleqf)
    __aeabi_dmul                             0x080084d1   Thumb Code     0  dmul.o(x$fpl$dmul)
    _dmul                                    0x080084d1   Thumb Code   332  dmul.o(x$fpl$dmul)
    __fpl_dnaninf                            0x08008625   Thumb Code   156  dnaninf.o(x$fpl$dnaninf)
    __fpl_dretinf                            0x080086c1   Thumb Code    12  dretinf.o(x$fpl$dretinf)
    __aeabi_cdrcmple                         0x080086cd   Thumb Code     0  drleqf.o(x$fpl$drleqf)
    _drcmple                                 0x080086cd   Thumb Code   108  drleqf.o(x$fpl$drleqf)
    __aeabi_drsub                            0x08008739   Thumb Code     0  daddsub_clz.o(x$fpl$drsb)
    _drsb                                    0x08008739   Thumb Code    22  daddsub_clz.o(x$fpl$drsb)
    _dsqrt                                   0x08008751   Thumb Code   404  dsqrt_umaal.o(x$fpl$dsqrt)
    __aeabi_dsub                             0x080088e9   Thumb Code     0  daddsub_clz.o(x$fpl$dsub)
    _dsub                                    0x080088e9   Thumb Code   464  daddsub_clz.o(x$fpl$dsub)
    __aeabi_f2d                              0x08008abd   Thumb Code     0  f2d.o(x$fpl$f2d)
    _f2d                                     0x08008abd   Thumb Code    86  f2d.o(x$fpl$f2d)
    __fpl_fnaninf                            0x08008b13   Thumb Code   140  fnaninf.o(x$fpl$fnaninf)
    _fp_init                                 0x08008b9f   Thumb Code    10  fpinit.o(x$fpl$fpinit)
    __fplib_config_fpu_vfp                   0x08008ba7   Thumb Code     0  fpinit.o(x$fpl$fpinit)
    __fplib_config_pureend_doubles           0x08008ba7   Thumb Code     0  fpinit.o(x$fpl$fpinit)
    __fpl_fretinf                            0x08008ba9   Thumb Code    10  fretinf.o(x$fpl$fretinf)
    __fpl_return_NaN                         0x08008bb3   Thumb Code   100  retnan.o(x$fpl$retnan)
    __ARM_scalbn                             0x08008c17   Thumb Code    92  scalbn.o(x$fpl$scalbn)
    __fpl_cmpreturn                          0x08008c73   Thumb Code    48  trapv.o(x$fpl$trapveneer)
    __I$use$fp                               0x08008ca2   Number         0  usenofp.o(x$fpl$usenofp)
    __mathlib_zero                           0x08008e30   Data           8  qnan.o(.constdata)
    Region$$Table$$Base                      0x08008f88   Number         0  anon$$obj.o(Region$$Table)
    Region$$Table$$Limit                     0x08008fa8   Number         0  anon$$obj.o(Region$$Table)
    SystemCoreClock                          0x20000000   Data           4  system_stm32f4xx.o(.data)
    AHBPrescTable                            0x20000004   Data          16  system_stm32f4xx.o(.data)
    Main_NVIC_Struct                         0x20000014   Data           4  main.o(.data)
    temp3                                    0x20000018   Data           1  stm32f4xx_it.o(.data)
    temp2                                    0x20000019   Data           1  stm32f4xx_it.o(.data)
    temp1                                    0x2000001a   Data           1  stm32f4xx_it.o(.data)
    En_NVIC_Struct                           0x2000001c   Data           4  encoder.o(.data)
    En_GPIO_Struct                           0x20000020   Data           8  encoder.o(.data)
    US_NVIC_Struct                           0x20000028   Data           4  usart_dma_config.o(.data)
    U2_TxBuffer                              0x2000002c   Data           5  usart_dma_config.o(.data)
    US_GPIO_Struct                           0x20000034   Data           8  usart_dma_config.o(.data)
    F_GPIO_Struct                            0x20000040   Data           8  functions.o(.data)
    NB                                       0x20000048   Data           8  functions.o(.data)
    NM                                       0x20000050   Data           8  functions.o(.data)
    NS                                       0x20000058   Data           8  functions.o(.data)
    ZE                                       0x20000060   Data           8  functions.o(.data)
    PS                                       0x20000068   Data           8  functions.o(.data)
    PM                                       0x20000070   Data           8  functions.o(.data)
    PB                                       0x20000078   Data           8  functions.o(.data)
    Srf05_NVIC_Struct                        0x20000080   Data           4  srf05.o(.data)
    Srf05_GPIO_Struct                        0x20000084   Data           8  srf05.o(.data)
    Main_TIM_Struct                          0x200000a0   Data          12  main.o(.bss)
    Srf05_Struct                             0x200000ac   Data          24  main.o(.bss)
    Mid                                      0x200000c8   Data          16  main.o(.bss)
    Left                                     0x200000d8   Data          16  main.o(.bss)
    Right                                    0x200000e8   Data          16  main.o(.bss)
    Back                                     0x200000f8   Data          16  main.o(.bss)
    En_TIM_BaseStruct                        0x20000108   Data          12  encoder.o(.bss)
    En_TIM_OCStruct                          0x20000114   Data          20  encoder.o(.bss)
    US_DMA_Struct                            0x20000128   Data          60  usart_dma_config.o(.bss)
    US_USART_Struct                          0x20000164   Data          16  usart_dma_config.o(.bss)
    U1_TxBuffer                              0x20000174   Data          20  usart_dma_config.o(.bss)
    U1_RxBuffer                              0x20000188   Data         100  usart_dma_config.o(.bss)
    U2_RxBuffer                              0x200001ec   Data        1000  usart_dma_config.o(.bss)
    U6_TxBuffer                              0x200005d4   Data         500  usart_dma_config.o(.bss)
    U6_RxBuffer                              0x200007c8   Data        1000  usart_dma_config.o(.bss)
    VehStt                                   0x20000bb0   Data          13  functions.o(.bss)
    M1                                       0x20000bc0   Data          88  functions.o(.bss)
    M2                                       0x20000c18   Data          88  functions.o(.bss)
    GPS_NEO                                  0x20000c70   Data       49952  functions.o(.bss)
    Mag                                      0x2000cf90   Data          72  functions.o(.bss)
    Timer                                    0x2000cfd8   Data          32  functions.o(.bss)
    Flash                                    0x2000cff8   Data        2004  functions.o(.bss)
    In1_NS                                   0x2000d7d0   Data          24  functions.o(.bss)
    In1_ZE                                   0x2000d7e8   Data          24  functions.o(.bss)
    In1_PS                                   0x2000d800   Data          24  functions.o(.bss)
    In2_ZE                                   0x2000d818   Data          24  functions.o(.bss)
    In1_NB                                   0x2000d830   Data          32  functions.o(.bss)
    In1_PB                                   0x2000d850   Data          32  functions.o(.bss)
    In2_NE                                   0x2000d870   Data          32  functions.o(.bss)
    In2_PO                                   0x2000d890   Data          32  functions.o(.bss)
    TempBuffer                               0x2000d8b0   Data          60  functions.o(.bss)
    U2                                       0x2000d8ec   Data        1500  functions.o(.bss)
    U6                                       0x2000dec8   Data        1500  functions.o(.bss)
    Veh                                      0x2000e4a8   Data          72  functions.o(.bss)
    Veh_Error                                0x2000e4f0   Data          21  functions.o(.bss)
    Srf05_TIM_TimeBaseStruct                 0x2000e508   Data          12  srf05.o(.bss)
    Srf05_TIM_ICStruct                       0x2000e514   Data          10  srf05.o(.bss)
    selfPosition                             0x2000e520   Data          56  twowheelrobot.o(.bss)
    __libspace_start                         0x2000e558   Data          96  libspace.o(.bss)
    __temporary_stack_top$libspace           0x2000e5b8   Data           0  libspace.o(.bss)



==============================================================================

Memory Map of the image

  Image Entry point : 0x08000199

  Load Region LR_IROM1 (Base: 0x08000000, Size: 0x00009044, Max: 0x00080000, ABSOLUTE)

    Execution Region ER_IROM1 (Base: 0x08000000, Size: 0x00008fa8, Max: 0x00080000, ABSOLUTE)

    Base Addr    Size         Type   Attr      Idx    E Section Name        Object

    0x08000000   0x00000198   Data   RO         1461    RESET               startup_stm32f411xe.o
    0x08000198   0x00000008   Code   RO         3289  * !!!main             c_w.l(__main.o)
    0x080001a0   0x00000034   Code   RO         3644    !!!scatter          c_w.l(__scatter.o)
    0x080001d4   0x0000001a   Code   RO         3646    !!handler_copy      c_w.l(__scatter_copy.o)
    0x080001ee   0x00000002   PAD
    0x080001f0   0x0000001c   Code   RO         3648    !!handler_zi        c_w.l(__scatter_zi.o)
    0x0800020c   0x00000002   Code   RO         3516    .ARM.Collect$$libinit$$00000000  c_w.l(libinit.o)
    0x0800020e   0x00000004   Code   RO         3521    .ARM.Collect$$libinit$$00000001  c_w.l(libinit2.o)
    0x08000212   0x00000000   Code   RO         3525    .ARM.Collect$$libinit$$00000008  c_w.l(libinit2.o)
    0x08000212   0x00000000   Code   RO         3527    .ARM.Collect$$libinit$$0000000A  c_w.l(libinit2.o)
    0x08000212   0x00000000   Code   RO         3529    .ARM.Collect$$libinit$$0000000C  c_w.l(libinit2.o)
    0x08000212   0x00000000   Code   RO         3532    .ARM.Collect$$libinit$$0000000F  c_w.l(libinit2.o)
    0x08000212   0x00000000   Code   RO         3534    .ARM.Collect$$libinit$$00000011  c_w.l(libinit2.o)
    0x08000212   0x00000000   Code   RO         3536    .ARM.Collect$$libinit$$00000013  c_w.l(libinit2.o)
    0x08000212   0x00000000   Code   RO         3538    .ARM.Collect$$libinit$$00000015  c_w.l(libinit2.o)
    0x08000212   0x00000000   Code   RO         3540    .ARM.Collect$$libinit$$00000017  c_w.l(libinit2.o)
    0x08000212   0x00000000   Code   RO         3542    .ARM.Collect$$libinit$$00000019  c_w.l(libinit2.o)
    0x08000212   0x00000000   Code   RO         3544    .ARM.Collect$$libinit$$0000001B  c_w.l(libinit2.o)
    0x08000212   0x00000000   Code   RO         3546    .ARM.Collect$$libinit$$0000001D  c_w.l(libinit2.o)
    0x08000212   0x00000000   Code   RO         3548    .ARM.Collect$$libinit$$0000001F  c_w.l(libinit2.o)
    0x08000212   0x00000000   Code   RO         3550    .ARM.Collect$$libinit$$00000021  c_w.l(libinit2.o)
    0x08000212   0x00000000   Code   RO         3552    .ARM.Collect$$libinit$$00000023  c_w.l(libinit2.o)
    0x08000212   0x00000000   Code   RO         3556    .ARM.Collect$$libinit$$0000002A  c_w.l(libinit2.o)
    0x08000212   0x00000000   Code   RO         3558    .ARM.Collect$$libinit$$0000002C  c_w.l(libinit2.o)
    0x08000212   0x00000000   Code   RO         3560    .ARM.Collect$$libinit$$0000002E  c_w.l(libinit2.o)
    0x08000212   0x00000000   Code   RO         3562    .ARM.Collect$$libinit$$00000030  c_w.l(libinit2.o)
    0x08000212   0x00000002   Code   RO         3563    .ARM.Collect$$libinit$$00000031  c_w.l(libinit2.o)
    0x08000214   0x00000002   Code   RO         3585    .ARM.Collect$$libshutdown$$00000000  c_w.l(libshutdown.o)
    0x08000216   0x00000000   Code   RO         3599    .ARM.Collect$$libshutdown$$00000003  c_w.l(libshutdown2.o)
    0x08000216   0x00000000   Code   RO         3602    .ARM.Collect$$libshutdown$$00000006  c_w.l(libshutdown2.o)
    0x08000216   0x00000000   Code   RO         3605    .ARM.Collect$$libshutdown$$00000009  c_w.l(libshutdown2.o)
    0x08000216   0x00000000   Code   RO         3607    .ARM.Collect$$libshutdown$$0000000B  c_w.l(libshutdown2.o)
    0x08000216   0x00000000   Code   RO         3610    .ARM.Collect$$libshutdown$$0000000E  c_w.l(libshutdown2.o)
    0x08000216   0x00000002   Code   RO         3611    .ARM.Collect$$libshutdown$$0000000F  c_w.l(libshutdown2.o)
    0x08000218   0x00000000   Code   RO         3437    .ARM.Collect$$rtentry$$00000000  c_w.l(rtentry.o)
    0x08000218   0x00000000   Code   RO         3483    .ARM.Collect$$rtentry$$00000002  c_w.l(rtentry2.o)
    0x08000218   0x00000006   Code   RO         3495    .ARM.Collect$$rtentry$$00000004  c_w.l(rtentry4.o)
    0x0800021e   0x00000000   Code   RO         3485    .ARM.Collect$$rtentry$$00000009  c_w.l(rtentry2.o)
    0x0800021e   0x00000004   Code   RO         3486    .ARM.Collect$$rtentry$$0000000A  c_w.l(rtentry2.o)
    0x08000222   0x00000000   Code   RO         3488    .ARM.Collect$$rtentry$$0000000C  c_w.l(rtentry2.o)
    0x08000222   0x00000008   Code   RO         3489    .ARM.Collect$$rtentry$$0000000D  c_w.l(rtentry2.o)
    0x0800022a   0x00000002   Code   RO         3519    .ARM.Collect$$rtexit$$00000000  c_w.l(rtexit.o)
    0x0800022c   0x00000000   Code   RO         3567    .ARM.Collect$$rtexit$$00000002  c_w.l(rtexit2.o)
    0x0800022c   0x00000004   Code   RO         3568    .ARM.Collect$$rtexit$$00000003  c_w.l(rtexit2.o)
    0x08000230   0x00000006   Code   RO         3569    .ARM.Collect$$rtexit$$00000004  c_w.l(rtexit2.o)
    0x08000236   0x00000002   PAD
    0x08000238   0x00000040   Code   RO         1462    .text               startup_stm32f411xe.o
    0x08000278   0x00000006   Code   RO         3287    .text               c_w.l(heapauxi.o)
    0x0800027e   0x00000016   Code   RO         3438    .text               c_w.l(_rserrno.o)
    0x08000294   0x00000008   Code   RO         3500    .text               c_w.l(rt_errno_addr_intlibspace.o)
    0x0800029c   0x00000008   Code   RO         3504    .text               c_w.l(libspace.o)
    0x080002a4   0x0000004a   Code   RO         3507    .text               c_w.l(sys_stackheap_outer.o)
    0x080002ee   0x0000000c   Code   RO         3509    .text               c_w.l(exit.o)
    0x080002fa   0x00000002   PAD
    0x080002fc   0x0000000c   Code   RO         3577    .text               c_w.l(sys_exit.o)
    0x08000308   0x00000002   Code   RO         3588    .text               c_w.l(use_no_semi.o)
    0x0800030a   0x00000000   Code   RO         3590    .text               c_w.l(indicate_semi.o)
    0x0800030a   0x00000002   Code   RO          325    i.BusFault_Handler  stm32f4xx_it.o
    0x0800030c   0x0000003e   Code   RO          693    i.Convert4BytesToWordData  functions.o
    0x0800034a   0x00000012   Code   RO         1301    i.Core_Delay_Us     srf05.o
    0x0800035c   0x00000064   Code   RO          326    i.DMA1_Stream5_IRQHandler  stm32f4xx_it.o
    0x080003c0   0x00000738   Code   RO          327    i.DMA2_Stream2_IRQHandler  stm32f4xx_it.o
    0x08000af8   0x00000094   Code   RO          328    i.DMA2_Stream5_IRQHandler  stm32f4xx_it.o
    0x08000b8c   0x0000002c   Code   RO         1709    i.DMA_ClearFlag     stm32f4xx_dma.o
    0x08000bb8   0x0000002c   Code   RO         1710    i.DMA_ClearITPendingBit  stm32f4xx_dma.o
    0x08000be4   0x00000014   Code   RO         1711    i.DMA_Cmd           stm32f4xx_dma.o
    0x08000bf8   0x00000034   Code   RO         1720    i.DMA_GetFlagStatus  stm32f4xx_dma.o
    0x08000c2c   0x0000002c   Code   RO         1722    i.DMA_ITConfig      stm32f4xx_dma.o
    0x08000c58   0x00000054   Code   RO         1723    i.DMA_Init          stm32f4xx_dma.o
    0x08000cac   0x00000002   Code   RO          329    i.DebugMon_Handler  stm32f4xx_it.o
    0x08000cae   0x00000002   PAD
    0x08000cb0   0x00000490   Code   RO          694    i.Defuzzification_Max_Min  functions.o
    0x08001140   0x0000007c   Code   RO          695    i.Degree_To_Degree  functions.o
    0x080011bc   0x00000034   Code   RO          476    i.DirPinConfig      encoder.o
    0x080011f0   0x0000001e   Code   RO          477    i.Encoder_Config    encoder.o
    0x0800120e   0x00000018   Code   RO          696    i.EraseMemory       functions.o
    0x08001226   0x0000000a   Code   RO          697    i.Error_AppendError  functions.o
    0x08001230   0x00000006   Code   RO          698    i.Error_ResetIndex  functions.o
    0x08001236   0x00000002   PAD
    0x08001238   0x0000006c   Code   RO         3036    i.FLASH_EraseSector  stm32f4xx_flash.o
    0x080012a4   0x0000003c   Code   RO         3038    i.FLASH_GetStatus   stm32f4xx_flash.o
    0x080012e0   0x00000010   Code   RO         3042    i.FLASH_Lock        stm32f4xx_flash.o
    0x080012f0   0x0000003c   Code   RO         3066    i.FLASH_ProgramWord  stm32f4xx_flash.o
    0x0800132c   0x00000024   Code   RO         3068    i.FLASH_Unlock      stm32f4xx_flash.o
    0x08001350   0x0000001e   Code   RO         3069    i.FLASH_WaitForLastOperation  stm32f4xx_flash.o
    0x0800136e   0x0000002a   Code   RO          699    i.FeedBack          functions.o
    0x08001398   0x00000044   Code   RO          700    i.Fuzzy_Max         functions.o
    0x080013dc   0x0000003a   Code   RO          701    i.Fuzzy_Min         functions.o
    0x08001416   0x00000002   PAD
    0x08001418   0x000001cc   Code   RO          702    i.Fuzzy_ParametersInit  functions.o
    0x080015e4   0x000000a2   Code   RO         1842    i.GPIO_Init         stm32f4xx_gpio.o
    0x08001686   0x00000020   Code   RO         1843    i.GPIO_PinAFConfig  stm32f4xx_gpio.o
    0x080016a6   0x0000000e   Code   RO         1846    i.GPIO_ReadInputDataBit  stm32f4xx_gpio.o
    0x080016b4   0x0000000e   Code   RO         1848    i.GPIO_ReadOutputDataBit  stm32f4xx_gpio.o
    0x080016c2   0x00000004   Code   RO         1849    i.GPIO_ResetBits    stm32f4xx_gpio.o
    0x080016c6   0x00000004   Code   RO         1850    i.GPIO_SetBits      stm32f4xx_gpio.o
    0x080016ca   0x00000002   PAD
    0x080016cc   0x00000048   Code   RO          703    i.GPS_ClearPathBuffer  functions.o
    0x08001714   0x00000148   Code   RO          705    i.GPS_GetLLQMessage  functions.o
    0x0800185c   0x000000ac   Code   RO          706    i.GPS_GetLatFromString  functions.o
    0x08001908   0x0000009c   Code   RO          707    i.GPS_GetLonFromString  functions.o
    0x080019a4   0x0000001a   Code   RO          709    i.GPS_HeaderCompare  functions.o
    0x080019be   0x00000002   PAD
    0x080019c0   0x00000078   Code   RO          710    i.GPS_LLToDegree    functions.o
    0x08001a38   0x0000057c   Code   RO          711    i.GPS_LatLonToUTM   functions.o
    0x08001fb4   0x0000005c   Code   RO          712    i.GPS_ParametersInit  functions.o
    0x08002010   0x0000015a   Code   RO          713    i.GPS_PathPlanning  functions.o
    0x0800216a   0x00000002   PAD
    0x0800216c   0x000000a4   Code   RO          714    i.GPS_SavePathCoordinateToFlash  functions.o
    0x08002210   0x00000398   Code   RO          715    i.GPS_StanleyControl  functions.o
    0x080025a8   0x0000000a   Code   RO          716    i.GPS_UpdateParameters  functions.o
    0x080025b2   0x00000002   PAD
    0x080025b4   0x00000078   Code   RO          717    i.GPS_UpdatePathCoordinate  functions.o
    0x0800262c   0x00000084   Code   RO          718    i.GPS_UpdatePathYaw  functions.o
    0x080026b0   0x00000068   Code   RO         1365    i.GetAFFromTIM      stm32f411_rccenable.o
    0x08002718   0x00000070   Code   RO         1366    i.GetIRQHandlerFromTIMxCC  stm32f411_rccenable.o
    0x08002788   0x00000060   Code   RO          719    i.GetMessageInfo    functions.o
    0x080027e8   0x000000e0   Code   RO          720    i.GetNbOfReceiveHeader  functions.o
    0x080028c8   0x00000090   Code   RO         1367    i.GetPinSourceFromGPIOPin  stm32f411_rccenable.o
    0x08002958   0x0000017c   Code   RO          721    i.GetValueFromString  functions.o
    0x08002ad4   0x00000124   Code   RO          330    i.GetVehicleVelocity  stm32f4xx_it.o
    0x08002bf8   0x00000002   Code   RO          331    i.HardFault_Handler  stm32f4xx_it.o
    0x08002bfa   0x00000002   PAD
    0x08002bfc   0x00000094   Code   RO          723    i.IMU_GetValueFromMessage  functions.o
    0x08002c90   0x00000028   Code   RO          724    i.IMU_ParametesInit  functions.o
    0x08002cb8   0x00000008   Code   RO          725    i.IMU_UpdateFuzzyCoefficients  functions.o
    0x08002cc0   0x000000e4   Code   RO          726    i.IMU_UpdateFuzzyInput  functions.o
    0x08002da4   0x0000000a   Code   RO          727    i.IMU_UpdatePreAngle  functions.o
    0x08002dae   0x00000022   Code   RO          728    i.IMU_UpdateSetAngle  functions.o
    0x08002dd0   0x0000002e   Code   RO          729    i.IsCorrectMessage  functions.o
    0x08002dfe   0x00000002   PAD
    0x08002e00   0x0000001c   Code   RO          730    i.IsDataTransferCompleted  functions.o
    0x08002e1c   0x00000044   Code   RO          731    i.IsDouble          functions.o
    0x08002e60   0x0000000c   Code   RO          732    i.IsValidData       functions.o
    0x08002e6c   0x00000016   Code   RO          733    i.LRCCalculate      functions.o
    0x08002e82   0x00000018   Code   RO          736    i.LengthOfLine      functions.o
    0x08002e9a   0x00000002   PAD
    0x08002e9c   0x0000000c   Code   RO          478    i.M1_Backward       encoder.o
    0x08002ea8   0x000000b4   Code   RO          479    i.M1_Encoder_Config  encoder.o
    0x08002f5c   0x0000000c   Code   RO          480    i.M1_Forward        encoder.o
    0x08002f68   0x0000000c   Code   RO          481    i.M2_Backward       encoder.o
    0x08002f74   0x000000b4   Code   RO          482    i.M2_Encoder_Config  encoder.o
    0x08003028   0x0000000c   Code   RO          483    i.M2_Forward        encoder.o
    0x08003034   0x00000002   Code   RO          332    i.MemManage_Handler  stm32f4xx_it.o
    0x08003036   0x00000002   Code   RO          333    i.NMI_Handler       stm32f4xx_it.o
    0x08003038   0x00000064   Code   RO         1469    i.NVIC_Init         misc.o
    0x0800309c   0x00000014   Code   RO         1470    i.NVIC_PriorityGroupConfig  misc.o
    0x080030b0   0x0000015c   Code   RO          737    i.PID_Compute       functions.o
    0x0800320c   0x00000034   Code   RO          738    i.PID_ParametersInitial  functions.o
    0x08003240   0x00000006   Code   RO          739    i.PID_ParametersUpdate  functions.o
    0x08003246   0x00000002   PAD
    0x08003248   0x000000b4   Code   RO          133    i.PID_ReadParametersFromFlash  main.o
    0x080032fc   0x0000000a   Code   RO          740    i.PID_ResetEncoder  functions.o
    0x08003306   0x00000002   PAD
    0x08003308   0x0000001c   Code   RO          741    i.PID_ResetPID      functions.o
    0x08003324   0x000000e4   Code   RO          742    i.PID_SavePIDParaToFlash  functions.o
    0x08003408   0x00000004   Code   RO          743    i.PID_UpdateEnc     functions.o
    0x0800340c   0x00000006   Code   RO          744    i.PID_UpdateSetVel  functions.o
    0x08003412   0x00000002   PAD
    0x08003414   0x000000a4   Code   RO          484    i.PWM_Config        encoder.o
    0x080034b8   0x000000c4   Code   RO          135    i.Parameters_Init   main.o
    0x0800357c   0x00000002   Code   RO          334    i.PendSV_Handler    stm32f4xx_it.o
    0x0800357e   0x00000002   PAD
    0x08003580   0x00000044   Code   RO          136    i.Peripheral_Config  main.o
    0x080035c4   0x0000007c   Code   RO          745    i.Pi_To_Pi          functions.o
    0x08003640   0x00000018   Code   RO         2171    i.RCC_AHB1PeriphClockCmd  stm32f4xx_rcc.o
    0x08003658   0x00000018   Code   RO         2177    i.RCC_APB1PeriphClockCmd  stm32f4xx_rcc.o
    0x08003670   0x00000018   Code   RO         2180    i.RCC_APB2PeriphClockCmd  stm32f4xx_rcc.o
    0x08003688   0x00000090   Code   RO         1369    i.RCC_GPIOxClockCmd  stm32f411_rccenable.o
    0x08003718   0x00000094   Code   RO         2189    i.RCC_GetClocksFreq  stm32f4xx_rcc.o
    0x080037ac   0x000000c0   Code   RO         1371    i.RCC_TIMxClockCmd  stm32f411_rccenable.o
    0x0800386c   0x0000003c   Code   RO          746    i.ReadFromFlash     functions.o
    0x080038a8   0x00000068   Code   RO          335    i.Reset_Motor       stm32f4xx_it.o
    0x08003910   0x0000000e   Code   RO          485    i.Robot_AntiClockwise  encoder.o
    0x0800391e   0x0000000e   Code   RO          486    i.Robot_Backward    encoder.o
    0x0800392c   0x0000000e   Code   RO          487    i.Robot_Clockwise   encoder.o
    0x0800393a   0x0000000e   Code   RO          488    i.Robot_Forward     encoder.o
    0x08003948   0x0000008c   Code   RO          489    i.Robot_Run         encoder.o
    0x080039d4   0x00000002   Code   RO          336    i.SVC_Handler       stm32f4xx_it.o
    0x080039d6   0x00000002   PAD
    0x080039d8   0x00000034   Code   RO          337    i.SaveDataToInternalFlash  stm32f4xx_it.o
    0x08003a0c   0x0000003c   Code   RO         1430    i.Self_ParametersInit  twowheelrobot.o
    0x08003a48   0x00000270   Code   RO          137    i.SendData          main.o
    0x08003cb8   0x000001bc   Code   RO          138    i.SendStatusData    main.o
    0x08003e74   0x00000074   Code   RO            4    i.SetSysClock       system_stm32f4xx.o
    0x08003ee8   0x00000038   Code   RO          139    i.Srf05_BackEnd     main.o
    0x08003f20   0x00000006   Code   RO         1302    i.Srf05_ClearFlag   srf05.o
    0x08003f26   0x00000002   PAD
    0x08003f28   0x00000018   Code   RO         1303    i.Srf05_FirstInit   srf05.o
    0x08003f40   0x000000d4   Code   RO         1304    i.Srf05_Initial     srf05.o
    0x08004014   0x00000038   Code   RO          140    i.Srf05_LeftFront   main.o
    0x0800404c   0x00000038   Code   RO          141    i.Srf05_MidFront    main.o
    0x08004084   0x00000034   Code   RO          142    i.Srf05_RightFront  main.o
    0x080040b8   0x00000006   Code   RO         1306    i.Srf05_SetFlag     srf05.o
    0x080040be   0x00000002   PAD
    0x080040c0   0x00000034   Code   RO          143    i.Srf05_StartSensorBack  main.o
    0x080040f4   0x00000034   Code   RO          144    i.Srf05_StartSensorLeft  main.o
    0x08004128   0x00000034   Code   RO          145    i.Srf05_StartSensorMid  main.o
    0x0800415c   0x00000034   Code   RO          146    i.Srf05_StartSensorRight  main.o
    0x08004190   0x0000003c   Code   RO          147    i.StartTimer        main.o
    0x080041cc   0x00000004   Code   RO          749    i.Status_CheckStatus  functions.o
    0x080041d0   0x0000001c   Code   RO          750    i.Status_ParametersInit  functions.o
    0x080041ec   0x00000004   Code   RO          751    i.Status_UpdateStatus  functions.o
    0x080041f0   0x00000018   Code   RO          148    i.StopTimer         main.o
    0x08004208   0x00000010   Code   RO          490    i.Stop_Motor        encoder.o
    0x08004218   0x0000001c   Code   RO          752    i.StringHeaderCompare  functions.o
    0x08004234   0x00000078   Code   RO          338    i.SysTick_Handler   stm32f4xx_it.o
    0x080042ac   0x0000005c   Code   RO            6    i.SystemInit        system_stm32f4xx.o
    0x08004308   0x0000002e   Code   RO         2479    i.TI1_Config        stm32f4xx_tim.o
    0x08004336   0x00000036   Code   RO         2480    i.TI2_Config        stm32f4xx_tim.o
    0x0800436c   0x0000018c   Code   RO          339    i.TIM2_IRQHandler   stm32f4xx_it.o
    0x080044f8   0x0000001c   Code   RO          340    i.TIM3_IRQHandler   stm32f4xx_it.o
    0x08004514   0x0000001c   Code   RO          341    i.TIM4_IRQHandler   stm32f4xx_it.o
    0x08004530   0x00000040   Code   RO          149    i.TIM5_IRQHandler   main.o
    0x08004570   0x00000014   Code   RO         2481    i.TIM_ARRPreloadConfig  stm32f4xx_tim.o
    0x08004584   0x00000006   Code   RO         2488    i.TIM_ClearITPendingBit  stm32f4xx_tim.o
    0x0800458a   0x00000014   Code   RO         2493    i.TIM_Cmd           stm32f4xx_tim.o
    0x0800459e   0x00000032   Code   RO         2502    i.TIM_EncoderInterfaceConfig  stm32f4xx_tim.o
    0x080045d0   0x00000004   Code   RO         2510    i.TIM_GetCapture3   stm32f4xx_tim.o
    0x080045d4   0x00000004   Code   RO         2511    i.TIM_GetCapture4   stm32f4xx_tim.o
    0x080045d8   0x00000004   Code   RO         2512    i.TIM_GetCounter    stm32f4xx_tim.o
    0x080045dc   0x0000000e   Code   RO         2513    i.TIM_GetFlagStatus  stm32f4xx_tim.o
    0x080045ea   0x000000ac   Code   RO         2516    i.TIM_ICInit        stm32f4xx_tim.o
    0x08004696   0x00000010   Code   RO         2518    i.TIM_ITConfig      stm32f4xx_tim.o
    0x080046a6   0x00000002   PAD
    0x080046a8   0x00000060   Code   RO         2522    i.TIM_OC1Init       stm32f4xx_tim.o
    0x08004708   0x0000000c   Code   RO         2525    i.TIM_OC1PreloadConfig  stm32f4xx_tim.o
    0x08004714   0x00000080   Code   RO         2527    i.TIM_OC2Init       stm32f4xx_tim.o
    0x08004794   0x00000014   Code   RO         2530    i.TIM_OC2PreloadConfig  stm32f4xx_tim.o
    0x080047a8   0x00000010   Code   RO         2560    i.TIM_SetIC1Prescaler  stm32f4xx_tim.o
    0x080047b8   0x00000018   Code   RO         2561    i.TIM_SetIC2Prescaler  stm32f4xx_tim.o
    0x080047d0   0x00000010   Code   RO         2562    i.TIM_SetIC3Prescaler  stm32f4xx_tim.o
    0x080047e0   0x00000018   Code   RO         2563    i.TIM_SetIC4Prescaler  stm32f4xx_tim.o
    0x080047f8   0x0000007c   Code   RO         2565    i.TIM_TimeBaseInit  stm32f4xx_tim.o
    0x08004874   0x00000044   Code   RO          753    i.Time_GetSampleTime  functions.o
    0x080048b8   0x00000014   Code   RO          754    i.Time_ParametersInit  functions.o
    0x080048cc   0x00000004   Code   RO          755    i.Time_SampleTimeUpdate  functions.o
    0x080048d0   0x0000000a   Code   RO          756    i.Time_SendTimeUpdate  functions.o
    0x080048da   0x00000002   PAD
    0x080048dc   0x00000048   Code   RO          150    i.TimerDelayConfig  main.o
    0x08004924   0x00000110   Code   RO          757    i.ToChar            functions.o
    0x08004a34   0x0000000e   Code   RO          759    i.ToHex             functions.o
    0x08004a42   0x00000002   PAD
    0x08004a44   0x00000034   Code   RO          760    i.ToRPM             functions.o
    0x08004a78   0x000000d8   Code   RO          762    i.Trapf             functions.o
    0x08004b50   0x000000cc   Code   RO          764    i.Trimf             functions.o
    0x08004c1c   0x00000024   Code   RO          627    i.U1_SendData       usart_dma_config.o
    0x08004c40   0x00000028   Code   RO          629    i.U6_SendData       usart_dma_config.o
    0x08004c68   0x00000164   Code   RO          630    i.USART1_Config     usart_dma_config.o
    0x08004dcc   0x00000040   Code   RO          342    i.USART1_IRQHandler  stm32f4xx_it.o
    0x08004e0c   0x00000164   Code   RO          631    i.USART2_Config     usart_dma_config.o
    0x08004f70   0x00000040   Code   RO          343    i.USART2_IRQHandler  stm32f4xx_it.o
    0x08004fb0   0x00000160   Code   RO          632    i.USART6_Config     usart_dma_config.o
    0x08005110   0x00000040   Code   RO          344    i.USART6_IRQHandler  stm32f4xx_it.o
    0x08005150   0x00000006   Code   RO         1517    i.USART_ClearFlag   stm32f4xx_usart.o
    0x08005156   0x00000014   Code   RO         1521    i.USART_Cmd         stm32f4xx_usart.o
    0x0800516a   0x00000010   Code   RO         1522    i.USART_DMACmd      stm32f4xx_usart.o
    0x0800517a   0x0000003e   Code   RO         1525    i.USART_GetITStatus  stm32f4xx_usart.o
    0x080051b8   0x00000030   Code   RO         1527    i.USART_ITConfig    stm32f4xx_usart.o
    0x080051e8   0x000000ac   Code   RO         1528    i.USART_Init        stm32f4xx_usart.o
    0x08005294   0x00000008   Code   RO         1535    i.USART_ReceiveData  stm32f4xx_usart.o
    0x0800529c   0x00000002   Code   RO          345    i.UsageFault_Handler  stm32f4xx_it.o
    0x0800529e   0x00000018   Code   RO          766    i.Veh_CheckStateChange  functions.o
    0x080052b6   0x00000032   Code   RO          767    i.Veh_GetCommandMessage  functions.o
    0x080052e8   0x0000004c   Code   RO          768    i.Veh_ParametersInit  functions.o
    0x08005334   0x00000006   Code   RO          769    i.Veh_UpdateMaxVelocity  functions.o
    0x0800533a   0x00000002   PAD
    0x0800533c   0x0000015c   Code   RO          770    i.Veh_UpdateVehicleFromKey  functions.o
    0x08005498   0x00000056   Code   RO          771    i.WriteToFlash      functions.o
    0x080054ee   0x00000030   Code   RO         3460    i.__ARM_fpclassify  m_wm.l(fpclassify.o)
    0x0800551e   0x00000002   PAD
    0x08005520   0x000002e0   Code   RO         3329    i.__hardfp_atan     m_wm.l(atan.o)
    0x08005800   0x000001f0   Code   RO         3343    i.__hardfp_atan2    m_wm.l(atan2.o)
    0x080059f0   0x000000d8   Code   RO         3355    i.__hardfp_cos      m_wm.l(cos.o)
    0x08005ac8   0x00000014   Code   RO         3367    i.__hardfp_fabs     m_wm.l(fabs.o)
    0x08005adc   0x00000004   PAD
    0x08005ae0   0x000003e4   Code   RO         3373    i.__hardfp_log      m_wm.l(log.o)
    0x08005ec4   0x00000004   PAD
    0x08005ec8   0x00000c38   Code   RO         3387    i.__hardfp_pow      m_wm.l(pow.o)
    0x08006b00   0x000000d8   Code   RO         3401    i.__hardfp_sin      m_wm.l(sin.o)
    0x08006bd8   0x0000007a   Code   RO         3413    i.__hardfp_sqrt     m_wm.l(sqrt.o)
    0x08006c52   0x00000006   PAD
    0x08006c58   0x000000a0   Code   RO         3425    i.__hardfp_tan      m_wm.l(tan.o)
    0x08006cf8   0x00000438   Code   RO         3465    i.__ieee754_rem_pio2  m_wm.l(rred.o)
    0x08007130   0x00000170   Code   RO         3455    i.__kernel_cos      m_wm.l(cos_i.o)
    0x080072a0   0x000000f8   Code   RO         3462    i.__kernel_poly     m_wm.l(poly.o)
    0x08007398   0x00000130   Code   RO         3470    i.__kernel_sin      m_wm.l(sin_i.o)
    0x080074c8   0x00000350   Code   RO         3476    i.__kernel_tan      m_wm.l(tan_i.o)
    0x08007818   0x00000020   Code   RO         3458    i.__mathlib_dbl_underflow  m_wm.l(dunder.o)
    0x08007838   0x00000010   Code   RO         3331    i.atan              m_wm.l(atan.o)
    0x08007848   0x00000018   Code   RO         3369    i.fabs              m_wm.l(fabs.o)
    0x08007860   0x00000014   Code   RO          772    i.fix               functions.o
    0x08007874   0x00000548   Code   RO          151    i.main              main.o
    0x08007dbc   0x0000006e   Code   RO         3415    i.sqrt              m_wm.l(sqrt.o)
    0x08007e2a   0x00000018   Code   RO         3291    x$fpl$basic         fz_wm.l(basic.o)
    0x08007e42   0x00000002   PAD
    0x08007e44   0x00000062   Code   RO         3293    x$fpl$d2f           fz_wm.l(d2f.o)
    0x08007ea6   0x00000002   PAD
    0x08007ea8   0x00000150   Code   RO         3295    x$fpl$dadd          fz_wm.l(daddsub_clz.o)
    0x08007ff8   0x00000010   Code   RO         3502    x$fpl$dcheck1       fz_wm.l(dcheck1.o)
    0x08008008   0x00000018   Code   RO         3440    x$fpl$dcmpinf       fz_wm.l(dcmpi.o)
    0x08008020   0x000002b0   Code   RO         3302    x$fpl$ddiv          fz_wm.l(ddiv.o)
    0x080082d0   0x00000078   Code   RO         3305    x$fpl$deqf          fz_wm.l(deqf.o)
    0x08008348   0x0000005e   Code   RO         3307    x$fpl$dfix          fz_wm.l(dfix.o)
    0x080083a6   0x00000002   PAD
    0x080083a8   0x0000005a   Code   RO         3311    x$fpl$dfixu         fz_wm.l(dfixu.o)
    0x08008402   0x0000002e   Code   RO         3316    x$fpl$dflt          fz_wm.l(dflt_clz.o)
    0x08008430   0x00000026   Code   RO         3315    x$fpl$dfltu         fz_wm.l(dflt_clz.o)
    0x08008456   0x00000002   PAD
    0x08008458   0x00000078   Code   RO         3321    x$fpl$dleqf         fz_wm.l(dleqf.o)
    0x080084d0   0x00000154   Code   RO         3323    x$fpl$dmul          fz_wm.l(dmul.o)
    0x08008624   0x0000009c   Code   RO         3442    x$fpl$dnaninf       fz_wm.l(dnaninf.o)
    0x080086c0   0x0000000c   Code   RO         3444    x$fpl$dretinf       fz_wm.l(dretinf.o)
    0x080086cc   0x0000006c   Code   RO         3325    x$fpl$drleqf        fz_wm.l(drleqf.o)
    0x08008738   0x00000016   Code   RO         3296    x$fpl$drsb          fz_wm.l(daddsub_clz.o)
    0x0800874e   0x00000002   PAD
    0x08008750   0x00000198   Code   RO         3446    x$fpl$dsqrt         fz_wm.l(dsqrt_umaal.o)
    0x080088e8   0x000001d4   Code   RO         3297    x$fpl$dsub          fz_wm.l(daddsub_clz.o)
    0x08008abc   0x00000056   Code   RO         3327    x$fpl$f2d           fz_wm.l(f2d.o)
    0x08008b12   0x0000008c   Code   RO         3448    x$fpl$fnaninf       fz_wm.l(fnaninf.o)
    0x08008b9e   0x0000000a   Code   RO         3575    x$fpl$fpinit        fz_wm.l(fpinit.o)
    0x08008ba8   0x0000000a   Code   RO         3450    x$fpl$fretinf       fz_wm.l(fretinf.o)
    0x08008bb2   0x00000064   Code   RO         3517    x$fpl$retnan        fz_wm.l(retnan.o)
    0x08008c16   0x0000005c   Code   RO         3452    x$fpl$scalbn        fz_wm.l(scalbn.o)
    0x08008c72   0x00000030   Code   RO         3564    x$fpl$trapveneer    fz_wm.l(trapv.o)
    0x08008ca2   0x00000000   Code   RO         3454    x$fpl$usenofp       fz_wm.l(usenofp.o)
    0x08008ca2   0x00000006   PAD
    0x08008ca8   0x00000098   Data   RO         3332    .constdata          m_wm.l(atan.o)
    0x08008d40   0x00000038   Data   RO         3376    .constdata          m_wm.l(log.o)
    0x08008d78   0x00000088   Data   RO         3390    .constdata          m_wm.l(pow.o)
    0x08008e00   0x00000030   Data   RO         3456    .constdata          m_wm.l(cos_i.o)
    0x08008e30   0x00000008   Data   RO         3464    .constdata          m_wm.l(qnan.o)
    0x08008e38   0x000000c8   Data   RO         3467    .constdata          m_wm.l(rred.o)
    0x08008f00   0x00000028   Data   RO         3471    .constdata          m_wm.l(sin_i.o)
    0x08008f28   0x00000060   Data   RO         3477    .constdata          m_wm.l(tan_i.o)
    0x08008f88   0x00000020   Data   RO         3642    Region$$Table       anon$$obj.o


    Execution Region RW_IRAM1 (Base: 0x20000000, Size: 0x0000ebb8, Max: 0x00020000, ABSOLUTE)

    Base Addr    Size         Type   Attr      Idx    E Section Name        Object

    0x20000000   0x00000014   Data   RW            7    .data               system_stm32f4xx.o
    0x20000014   0x00000004   Data   RW          153    .data               main.o
    0x20000018   0x00000003   Data   RW          346    .data               stm32f4xx_it.o
    0x2000001b   0x00000001   PAD
    0x2000001c   0x0000000c   Data   RW          492    .data               encoder.o
    0x20000028   0x00000014   Data   RW          634    .data               usart_dma_config.o
    0x2000003c   0x00000004   PAD
    0x20000040   0x00000040   Data   RW          782    .data               functions.o
    0x20000080   0x0000000c   Data   RW         1308    .data               srf05.o
    0x2000008c   0x00000010   Data   RW         2219    .data               stm32f4xx_rcc.o
    0x2000009c   0x00000004   PAD
    0x200000a0   0x00000068   Zero   RW          152    .bss                main.o
    0x20000108   0x00000020   Zero   RW          491    .bss                encoder.o
    0x20000128   0x00000a88   Zero   RW          633    .bss                usart_dma_config.o
    0x20000bb0   0x0000000d   Zero   RW          773    .bss                functions.o
    0x20000bbd   0x00000003   PAD
    0x20000bc0   0x00000058   Zero   RW          774    .bss                functions.o
    0x20000c18   0x00000058   Zero   RW          775    .bss                functions.o
    0x20000c70   0x0000cc7c   Zero   RW          777    .bss                functions.o
    0x2000d8ec   0x000005dc   Zero   RW          778    .bss                functions.o
    0x2000dec8   0x000005dc   Zero   RW          779    .bss                functions.o
    0x2000e4a4   0x00000004   PAD
    0x2000e4a8   0x00000048   Zero   RW          780    .bss                functions.o
    0x2000e4f0   0x00000015   Zero   RW          781    .bss                functions.o
    0x2000e505   0x00000003   PAD
    0x2000e508   0x00000016   Zero   RW         1307    .bss                srf05.o
    0x2000e51e   0x00000002   PAD
    0x2000e520   0x00000038   Zero   RW         1431    .bss                twowheelrobot.o
    0x2000e558   0x00000060   Zero   RW         3505    .bss                c_w.l(libspace.o)
    0x2000e5b8   0x00000200   Zero   RW         1460    HEAP                startup_stm32f411xe.o
    0x2000e7b8   0x00000400   Zero   RW         1459    STACK               startup_stm32f411xe.o


==============================================================================

Image component sizes


      Code (inc. data)   RO Data    RW Data    ZI Data      Debug   Object Name

       866        104          0         12         32       9891   encoder.o
      9852       1090          0         64      55630      56060   functions.o
      3512        374          0          4        104      43445   main.o
       120         14          0          0          0       1751   misc.o
       266         16          0         12         22       4746   srf05.o
        64         26        408          0       1536        976   startup_stm32f411xe.o
       696        152          0          0          0       4586   stm32f411_rccenable.o
       288         40          0          0          0       5376   stm32f4xx_dma.o
       310         30          0          0          0       4635   stm32f4xx_flash.o
       230          0          0          0          0       4492   stm32f4xx_gpio.o
      3324        494          0          3          0      13159   stm32f4xx_it.o
       220         34          0         16          0       5119   stm32f4xx_rcc.o
       870         44          0          0          0      15551   stm32f4xx_tim.o
       332          8          0          0          0       5747   stm32f4xx_usart.o
       208         36          0         20          0     283953   system_stm32f4xx.o
        60         26          0          0         56       1864   twowheelrobot.o
      1140         78          0         20       2696       5010   usart_dma_config.o

    ----------------------------------------------------------------------
     22400       2566        440        156      60092     466361   Object Totals
         0          0         32          0          0          0   (incl. Generated)
        42          0          0          5         16          0   (incl. Padding)

    ----------------------------------------------------------------------

      Code (inc. data)   RO Data    RW Data    ZI Data      Debug   Library Member Name

         8          0          0          0          0         68   __main.o
        52          8          0          0          0          0   __scatter.o
        26          0          0          0          0          0   __scatter_copy.o
        28          0          0          0          0          0   __scatter_zi.o
        22          0          0          0          0        100   _rserrno.o
        12          0          0          0          0         72   exit.o
         6          0          0          0          0        152   heapauxi.o
         0          0          0          0          0          0   indicate_semi.o
         2          0          0          0          0          0   libinit.o
         6          0          0          0          0          0   libinit2.o
         2          0          0          0          0          0   libshutdown.o
         2          0          0          0          0          0   libshutdown2.o
         8          4          0          0         96         68   libspace.o
         8          4          0          0          0         68   rt_errno_addr_intlibspace.o
         0          0          0          0          0          0   rtentry.o
        12          0          0          0          0          0   rtentry2.o
         6          0          0          0          0          0   rtentry4.o
         2          0          0          0          0          0   rtexit.o
        10          0          0          0          0          0   rtexit2.o
        12          4          0          0          0         68   sys_exit.o
        74          0          0          0          0         80   sys_stackheap_outer.o
         2          0          0          0          0         68   use_no_semi.o
        24          0          0          0          0        164   basic.o
        98          4          0          0          0        140   d2f.o
       826         16          0          0          0        492   daddsub_clz.o
        16          4          0          0          0        116   dcheck1.o
        24          0          0          0          0        116   dcmpi.o
       688        140          0          0          0        256   ddiv.o
       120          4          0          0          0        140   deqf.o
        94          4          0          0          0        140   dfix.o
        90          4          0          0          0        140   dfixu.o
        84          0          0          0          0        232   dflt_clz.o
       120          4          0          0          0        140   dleqf.o
       340         12          0          0          0        152   dmul.o
       156          4          0          0          0        140   dnaninf.o
        12          0          0          0          0        116   dretinf.o
       108          0          0          0          0        128   drleqf.o
       408         56          0          0          0        168   dsqrt_umaal.o
        86          4          0          0          0        132   f2d.o
       140          4          0          0          0        132   fnaninf.o
        10          0          0          0          0        116   fpinit.o
        10          0          0          0          0        116   fretinf.o
       100          0          0          0          0        116   retnan.o
        92          0          0          0          0        116   scalbn.o
        48          0          0          0          0        116   trapv.o
         0          0          0          0          0          0   usenofp.o
       752        104        152          0          0        344   atan.o
       496         70          0          0          0        156   atan2.o
       216         16          0          0          0        152   cos.o
       368         46         48          0          0        200   cos_i.o
        32          8          0          0          0        124   dunder.o
        44          0          0          0          0        248   fabs.o
        48          0          0          0          0        124   fpclassify.o
       996        114         56          0          0        232   log.o
       248          0          0          0          0        152   poly.o
      3128        304        136          0          0        216   pow.o
         0          0          8          0          0          0   qnan.o
      1080        142        200          0          0        188   rred.o
       216         16          0          0          0        152   sin.o
       304         24         40          0          0        208   sin_i.o
       232          0          0          0          0        296   sqrt.o
       160         18          0          0          0        152   tan.o
       848         84         96          0          0        196   tan_i.o

    ----------------------------------------------------------------------
     13200       1230        736          0         96       7508   Library Totals
        38          4          0          0          0          0   (incl. Padding)

    ----------------------------------------------------------------------

      Code (inc. data)   RO Data    RW Data    ZI Data      Debug   Library Name

       300         20          0          0         96        744   c_w.l
      3694        260          0          0          0       3624   fz_wm.l
      9168        946        736          0          0       3140   m_wm.l

    ----------------------------------------------------------------------
     13200       1230        736          0         96       7508   Library Totals

    ----------------------------------------------------------------------

==============================================================================


      Code (inc. data)   RO Data    RW Data    ZI Data      Debug   

     35600       3796       1176        156      60188     451409   Grand Totals
     35600       3796       1176        156      60188     451409   ELF Image Totals
     35600       3796       1176        156          0          0   ROM Totals

==============================================================================

    Total RO  Size (Code + RO Data)                36776 (  35.91kB)
    Total RW  Size (RW Data + ZI Data)             60344 (  58.93kB)
    Total ROM Size (Code + RO Data + RW Data)      36932 (  36.07kB)

==============================================================================

