Product: MDK-ARM Standard 5.10
Component: ARM Compiler 5.04 update 1 (build 49)
Tool: armlink [5040049]

==============================================================================

Section Cross References

    system_stm32f4xx.o(i.SystemCoreClockUpdate) refers to system_stm32f4xx.o(.data) for .data
    system_stm32f4xx.o(i.SystemInit) refers to system_stm32f4xx.o(i.SetSysClock) for SetSysClock
    main.o(i.GPS_ReadParametersFromFlash) refers to functions.o(i.ReadFromFlash) for ReadFromFlash
    main.o(i.GPS_ReadParametersFromFlash) refers to functions.o(i.GetMessageInfo) for GetMessageInfo
    main.o(i.GPS_ReadParametersFromFlash) refers to functions.o(i.GetValueFromString) for GetValueFromString
    main.o(i.GPS_ReadParametersFromFlash) refers to dfix.o(x$fpl$dfix) for __aeabi_d2iz
    main.o(i.GPS_ReadParametersFromFlash) refers to functions.o(i.GPS_LatLonToUTM) for GPS_LatLonToUTM
    main.o(i.GPS_ReadParametersFromFlash) refers to functions.o(i.GPS_UpdatePathYaw) for GPS_UpdatePathYaw
    main.o(i.GPS_ReadParametersFromFlash) refers to functions.o(.bss) for Flash
    main.o(i.GPS_SaveManual) refers to functions.o(i.ToChar) for ToChar
    main.o(i.GPS_SaveManual) refers to functions.o(i.EraseMemory) for EraseMemory
    main.o(i.GPS_SaveManual) refers to functions.o(i.WriteToFlash) for WriteToFlash
    main.o(i.GPS_SaveManual) refers to functions.o(.bss) for Flash
    main.o(i.PID_ReadParametersFromFlash) refers to functions.o(i.ReadFromFlash) for ReadFromFlash
    main.o(i.PID_ReadParametersFromFlash) refers to functions.o(i.GetMessageInfo) for GetMessageInfo
    main.o(i.PID_ReadParametersFromFlash) refers to functions.o(i.GetValueFromString) for GetValueFromString
    main.o(i.PID_ReadParametersFromFlash) refers to functions.o(i.PID_ParametersUpdate) for PID_ParametersUpdate
    main.o(i.PID_ReadParametersFromFlash) refers to functions.o(.bss) for Flash
    main.o(i.PID_ReadParametersFromFlash) refers to functions.o(.bss) for M1
    main.o(i.PID_ReadParametersFromFlash) refers to functions.o(.bss) for M2
    main.o(i.PID_SaveManual) refers to functions.o(i.ToChar) for ToChar
    main.o(i.PID_SaveManual) refers to functions.o(i.EraseMemory) for EraseMemory
    main.o(i.PID_SaveManual) refers to functions.o(i.WriteToFlash) for WriteToFlash
    main.o(i.PID_SaveManual) refers to functions.o(.bss) for Flash
    main.o(i.Parameters_Init) refers to functions.o(i.Error_ResetIndex) for Error_ResetIndex
    main.o(i.Parameters_Init) refers to functions.o(i.Time_ParametersInit) for Time_ParametersInit
    main.o(i.Parameters_Init) refers to functions.o(i.Time_GetSampleTime) for Time_GetSampleTime
    main.o(i.Parameters_Init) refers to functions.o(i.Status_ParametersInit) for Status_ParametersInit
    main.o(i.Parameters_Init) refers to main.o(i.PID_ReadParametersFromFlash) for PID_ReadParametersFromFlash
    main.o(i.Parameters_Init) refers to functions.o(i.PID_ParametersInitial) for PID_ParametersInitial
    main.o(i.Parameters_Init) refers to functions.o(i.Fuzzy_ParametersInit) for Fuzzy_ParametersInit
    main.o(i.Parameters_Init) refers to functions.o(i.IMU_ParametesInit) for IMU_ParametesInit
    main.o(i.Parameters_Init) refers to functions.o(i.IMU_UpdateFuzzyCoefficients) for IMU_UpdateFuzzyCoefficients
    main.o(i.Parameters_Init) refers to functions.o(i.GPS_ParametersInit) for GPS_ParametersInit
    main.o(i.Parameters_Init) refers to functions.o(i.Veh_ParametersInit) for Veh_ParametersInit
    main.o(i.Parameters_Init) refers to srf05.o(i.Srf05_FirstInit) for Srf05_FirstInit
    main.o(i.Parameters_Init) refers to twowheelrobot.o(i.Self_ParametersInit) for Self_ParametersInit
    main.o(i.Parameters_Init) refers to functions.o(.bss) for Veh_Error
    main.o(i.Parameters_Init) refers to functions.o(.bss) for Timer
    main.o(i.Parameters_Init) refers to functions.o(.bss) for VehStt
    main.o(i.Parameters_Init) refers to functions.o(.bss) for M1
    main.o(i.Parameters_Init) refers to functions.o(.bss) for M2
    main.o(i.Parameters_Init) refers to functions.o(.bss) for Veh
    main.o(i.Parameters_Init) refers to main.o(.bss) for .bss
    main.o(i.Parameters_Init) refers to twowheelrobot.o(.bss) for selfPosition
    main.o(i.Peripheral_Config) refers to main.o(i.TimerDelayConfig) for TimerDelayConfig
    main.o(i.Peripheral_Config) refers to usart_dma_config.o(i.USART1_Config) for USART1_Config
    main.o(i.Peripheral_Config) refers to usart_dma_config.o(i.USART2_Config) for USART2_Config
    main.o(i.Peripheral_Config) refers to usart_dma_config.o(i.USART6_Config) for USART6_Config
    main.o(i.Peripheral_Config) refers to encoder.o(i.Encoder_Config) for Encoder_Config
    main.o(i.Peripheral_Config) refers to main.o(i.Srf05_MidFront) for Srf05_MidFront
    main.o(i.Peripheral_Config) refers to main.o(i.Srf05_LeftFront) for Srf05_LeftFront
    main.o(i.Peripheral_Config) refers to main.o(i.Srf05_RightFront) for Srf05_RightFront
[...]
    x$fpl$scalbn                             0x08008b9e   Section       92  scalbn.o(x$fpl$scalbn)
    $v0                                      0x08008b9e   Number         0  scalbn.o(x$fpl$scalbn)
    x$fpl$trapveneer                         0x08008bfa   Section       48  trapv.o(x$fpl$trapveneer)
    $v0                                      0x08008bfa   Number         0  trapv.o(x$fpl$trapveneer)
    x$fpl$usenofp                            0x08008c2a   Section        0  usenofp.o(x$fpl$usenofp)
    .constdata                               0x08008c30   Section      152  atan.o(.constdata)
    atanhi                                   0x08008c30   Data          32  atan.o(.constdata)
    atanlo                                   0x08008c50   Data          32  atan.o(.constdata)
    aTodd                                    0x08008c70   Data          40  atan.o(.constdata)
    aTeven                                   0x08008c98   Data          48  atan.o(.constdata)
    .constdata                               0x08008cc8   Section       56  log.o(.constdata)
    Lg2                                      0x08008cc8   Data          24  log.o(.constdata)
    Lg                                       0x08008ce0   Data          32  log.o(.constdata)
    .constdata                               0x08008d00   Section      136  pow.o(.constdata)
    bp                                       0x08008d00   Data          16  pow.o(.constdata)
    dp_h                                     0x08008d10   Data          16  pow.o(.constdata)
    dp_l                                     0x08008d20   Data          16  pow.o(.constdata)
    L                                        0x08008d30   Data          48  pow.o(.constdata)
    P                                        0x08008d60   Data          40  pow.o(.constdata)
    .constdata                               0x08008d88   Section       48  cos_i.o(.constdata)
    C                                        0x08008d88   Data          48  cos_i.o(.constdata)
    .constdata                               0x08008db8   Section        8  qnan.o(.constdata)
    .constdata                               0x08008dc0   Section      200  rred.o(.constdata)
    pio2s                                    0x08008dc0   Data          48  rred.o(.constdata)
    twooverpi                                0x08008df0   Data         152  rred.o(.constdata)
    .constdata                               0x08008e88   Section       40  sin_i.o(.constdata)
    S                                        0x08008e88   Data          40  sin_i.o(.constdata)
    .constdata                               0x08008eb0   Section       96  tan_i.o(.constdata)
    Todd                                     0x08008eb0   Data          48  tan_i.o(.constdata)
    Teven                                    0x08008ee0   Data          48  tan_i.o(.constdata)
    .data                                    0x20000000   Section       20  system_stm32f4xx.o(.data)
    .data                                    0x20000014   Section        4  main.o(.data)
    .data                                    0x20000018   Section        3  stm32f4xx_it.o(.data)
    .data                                    0x2000001c   Section       12  encoder.o(.data)
    .data                                    0x20000028   Section       16  usart_dma_config.o(.data)
    .data                                    0x20000038   Section       64  functions.o(.data)
    .data                                    0x20000078   Section       12  srf05.o(.data)
    .data                                    0x20000084   Section       16  stm32f4xx_rcc.o(.data)
    APBAHBPrescTable                         0x20000084   Data          16  stm32f4xx_rcc.o(.data)
    .bss                                     0x20000098   Section      104  main.o(.bss)
    .bss                                     0x20000100   Section       32  encoder.o(.bss)
    .bss                                     0x20000120   Section     2396  usart_dma_config.o(.bss)
    .bss                                     0x20000a7c   Section       13  functions.o(.bss)
    .bss                                     0x20000a90   Section       88  functions.o(.bss)
    .bss                                     0x20000ae8   Section       88  functions.o(.bss)
    .bss                                     0x20000b40   Section    76348  functions.o(.bss)
    .bss                                     0x2001357c   Section     1500  functions.o(.bss)
    .bss                                     0x20013b58   Section     1500  functions.o(.bss)
    .bss                                     0x20014138   Section       48  functions.o(.bss)
    .bss                                     0x20014168   Section       21  functions.o(.bss)
    .bss                                     0x20014180   Section       22  srf05.o(.bss)
    .bss                                     0x20014198   Section       56  twowheelrobot.o(.bss)
    .bss                                     0x200141d0   Section       96  libspace.o(.bss)
    HEAP                                     0x20014230   Section      512  startup_stm32f411xe.o(HEAP)
    Heap_Mem                                 0x20014230   Data         512  startup_stm32f411xe.o(HEAP)
    STACK                                    0x20014430   Section     1024  startup_stm32f411xe.o(STACK)
    Stack_Mem                                0x20014430   Data        1024  startup_stm32f411xe.o(STACK)
    __initial_sp                             0x20014830   Data           0  startup_stm32f411xe.o(STACK)

    Global Symbols

    Symbol Name                              Value     Ov Type        Size  Object(Section)

    BuildAttributes$$THM_ISAv4$E$P$D$K$B$S$7EM$VFPi3$EXTD16$VFPS$VFMA$PE$A:L22UL41UL21$X:L11$S22US41US21$IEEE1$IW$USESV6$~STKCKD$USESV7$~SHL$OTIME$ROPI$IEEEX$EBA8$UX$STANDARDLIB$REQ8$PRES8$EABIv2 0x00000000   Number         0  anon$$obj.o ABSOLUTE
    __ARM_use_no_argv                        0x00000000   Number         0  main.o ABSOLUTE
    __ARM_exceptions_init                     - Undefined Weak Reference
    __alloca_initialize                       - Undefined Weak Reference
    __cpp_initialize__aeabi_                  - Undefined Weak Reference
    __cxa_finalize                            - Undefined Weak Reference
    __rt_locale                               - Undefined Weak Reference
    __sigvec_lookup                           - Undefined Weak Reference
    _atexit_init                              - Undefined Weak Reference
    _call_atexit_fns                          - Undefined Weak Reference
    _clock_init                               - Undefined Weak Reference
    _fp_trap_init                             - Undefined Weak Reference
    _fp_trap_shutdown                         - Undefined Weak Reference
    _get_lc_collate                           - Undefined Weak Reference
    _get_lc_ctype                             - Undefined Weak Reference
    _get_lc_monetary                          - Undefined Weak Reference
    _get_lc_numeric                           - Undefined Weak Reference
    _get_lc_time                              - Undefined Weak Reference
    _getenv_init                              - Undefined Weak Reference
    _handle_redirection                       - Undefined Weak Reference
    _init_alloc                               - Undefined Weak Reference
    _init_user_alloc                          - Undefined Weak Reference
    _initio                                   - Undefined Weak Reference
    _rand_init                                - Undefined Weak Reference
    _signal_finish                            - Undefined Weak Reference
    _signal_init                              - Undefined Weak Reference
    _terminate_alloc                          - Undefined Weak Reference
    _terminate_user_alloc                     - Undefined Weak Reference
    _terminateio                              - Undefined Weak Reference
    __Vectors_Size                           0x00000198   Number         0  startup_stm32f411xe.o ABSOLUTE
    __Vectors                                0x08000000   Data           4  startup_stm32f411xe.o(RESET)
    __Vectors_End                            0x08000198   Data           0  startup_stm32f411xe.o(RESET)
    __main                                   0x08000199   Thumb Code     8  __main.o(!!!main)
    __scatterload                            0x080001a1   Thumb Code     0  __scatter.o(!!!scatter)
    __scatterload_rt2                        0x080001a1   Thumb Code    44  __scatter.o(!!!scatter)
    __scatterload_rt2_thumb_only             0x080001a1   Thumb Code     0  __scatter.o(!!!scatter)
    __scatterload_null                       0x080001af   Thumb Code     0  __scatter.o(!!!scatter)
    __scatterload_copy                       0x080001d5   Thumb Code    26  __scatter_copy.o(!!handler_copy)
    __scatterload_zeroinit                   0x080001f1   Thumb Code    28  __scatter_zi.o(!!handler_zi)
    __rt_lib_init                            0x0800020d   Thumb Code     0  libinit.o(.ARM.Collect$$libinit$$00000000)
    __rt_lib_init_fp_1                       0x0800020f   Thumb Code     0  libinit2.o(.ARM.Collect$$libinit$$00000001)
    __rt_lib_init_alloca_1                   0x08000213   Thumb Code     0  libinit2.o(.ARM.Collect$$libinit$$0000002C)
    __rt_lib_init_argv_1                     0x08000213   Thumb Code     0  libinit2.o(.ARM.Collect$$libinit$$0000002A)
    __rt_lib_init_atexit_1                   0x08000213   Thumb Code     0  libinit2.o(.ARM.Collect$$libinit$$00000019)
    __rt_lib_init_clock_1                    0x08000213   Thumb Code     0  libinit2.o(.ARM.Collect$$libinit$$0000001F)
    __rt_lib_init_cpp_1                      0x08000213   Thumb Code     0  libinit2.o(.ARM.Collect$$libinit$$00000030)
    __rt_lib_init_exceptions_1               0x08000213   Thumb Code     0  libinit2.o(.ARM.Collect$$libinit$$0000002E)
    __rt_lib_init_fp_trap_1                  0x08000213   Thumb Code     0  libinit2.o(.ARM.Collect$$libinit$$0000001D)
    __rt_lib_init_getenv_1                   0x08000213   Thumb Code     0  libinit2.o(.ARM.Collect$$libinit$$00000021)
    __rt_lib_init_heap_1                     0x08000213   Thumb Code     0  libinit2.o(.ARM.Collect$$libinit$$00000008)
    __rt_lib_init_lc_collate_1               0x08000213   Thumb Code     0  libinit2.o(.ARM.Collect$$libinit$$0000000F)
    __rt_lib_init_lc_ctype_1                 0x08000213   Thumb Code     0  libinit2.o(.ARM.Collect$$libinit$$00000011)
    __rt_lib_init_lc_monetary_1              0x08000213   Thumb Code     0  libinit2.o(.ARM.Collect$$libinit$$00000013)
    __rt_lib_init_lc_numeric_1               0x08000213   Thumb Code     0  libinit2.o(.ARM.Collect$$libinit$$00000015)
    __rt_lib_init_lc_time_1                  0x08000213   Thumb Code     0  libinit2.o(.ARM.Collect$$libinit$$00000017)
    __rt_lib_init_rand_1                     0x08000213   Thumb Code     0  libinit2.o(.ARM.Collect$$libinit$$0000000C)
    __rt_lib_init_return                     0x08000213   Thumb Code     0  libinit2.o(.ARM.Collect$$libinit$$00000031)
    __rt_lib_init_signal_1                   0x08000213   Thumb Code     0  libinit2.o(.ARM.Collect$$libinit$$0000001B)
    __rt_lib_init_stdio_1                    0x08000213   Thumb Code     0  libinit2.o(.ARM.Collect$$libinit$$00000023)
    __rt_lib_init_user_alloc_1               0x08000213   Thumb Code     0  libinit2.o(.ARM.Collect$$libinit$$0000000A)
    __rt_lib_shutdown                        0x08000215   Thumb Code     0  libshutdown.o(.ARM.Collect$$libshutdown$$00000000)
    __rt_lib_shutdown_fp_trap_1              0x08000217   Thumb Code     0  libshutdown2.o(.ARM.Collect$$libshutdown$$00000006)
    __rt_lib_shutdown_heap_1                 0x08000217   Thumb Code     0  libshutdown2.o(.ARM.Collect$$libshutdown$$0000000E)
    __rt_lib_shutdown_return                 0x08000217   Thumb Code     0  libshutdown2.o(.ARM.Collect$$libshutdown$$0000000F)
    __rt_lib_shutdown_signal_1               0x08000217   Thumb Code     0  libshutdown2.o(.ARM.Collect$$libshutdown$$00000009)
    __rt_lib_shutdown_stdio_1                0x08000217   Thumb Code     0  libshutdown2.o(.ARM.Collect$$libshutdown$$00000003)
    __rt_lib_shutdown_user_alloc_1           0x08000217   Thumb Code     0  libshutdown2.o(.ARM.Collect$$libshutdown$$0000000B)
    __rt_entry                               0x08000219   Thumb Code     0  rtentry.o(.ARM.Collect$$rtentry$$00000000)
    __rt_entry_presh_1                       0x08000219   Thumb Code     0  rtentry2.o(.ARM.Collect$$rtentry$$00000002)
    __rt_entry_sh                            0x08000219   Thumb Code     0  rtentry4.o(.ARM.Collect$$rtentry$$00000004)
    __rt_entry_li                            0x0800021f   Thumb Code     0  rtentry2.o(.ARM.Collect$$rtentry$$0000000A)
    __rt_entry_postsh_1                      0x0800021f   Thumb Code     0  rtentry2.o(.ARM.Collect$$rtentry$$00000009)
    __rt_entry_main                          0x08000223   Thumb Code     0  rtentry2.o(.ARM.Collect$$rtentry$$0000000D)
    __rt_entry_postli_1                      0x08000223   Thumb Code     0  rtentry2.o(.ARM.Collect$$rtentry$$0000000C)
    __rt_exit                                0x0800022b   Thumb Code     0  rtexit.o(.ARM.Collect$$rtexit$$00000000)
    __rt_exit_ls                             0x0800022d   Thumb Code     0  rtexit2.o(.ARM.Collect$$rtexit$$00000003)
    __rt_exit_prels_1                        0x0800022d   Thumb Code     0  rtexit2.o(.ARM.Collect$$rtexit$$00000002)
    __rt_exit_exit                           0x08000231   Thumb Code     0  rtexit2.o(.ARM.Collect$$rtexit$$00000004)
    Reset_Handler                            0x08000239   Thumb Code     8  startup_stm32f411xe.o(.text)
    ADC_IRQHandler                           0x08000253   Thumb Code     0  startup_stm32f411xe.o(.text)
    DMA1_Stream0_IRQHandler                  0x08000253   Thumb Code     0  startup_stm32f411xe.o(.text)
    DMA1_Stream1_IRQHandler                  0x08000253   Thumb Code     0  startup_stm32f411xe.o(.text)
    DMA1_Stream2_IRQHandler                  0x08000253   Thumb Code     0  startup_stm32f411xe.o(.text)
    DMA1_Stream3_IRQHandler                  0x08000253   Thumb Code     0  startup_stm32f411xe.o(.text)
    DMA1_Stream4_IRQHandler                  0x08000253   Thumb Code     0  startup_stm32f411xe.o(.text)
    DMA1_Stream6_IRQHandler                  0x08000253   Thumb Code     0  startup_stm32f411xe.o(.text)
    DMA1_Stream7_IRQHandler                  0x08000253   Thumb Code     0  startup_stm32f411xe.o(.text)
    DMA2_Stream0_IRQHandler                  0x08000253   Thumb Code     0  startup_stm32f411xe.o(.text)
    DMA2_Stream1_IRQHandler                  0x08000253   Thumb Code     0  startup_stm32f411xe.o(.text)
    DMA2_Stream3_IRQHandler                  0x08000253   Thumb Code     0  startup_stm32f411xe.o(.text)
    DMA2_Stream4_IRQHandler                  0x08000253   Thumb Code     0  startup_stm32f411xe.o(.text)
    DMA2_Stream6_IRQHandler                  0x08000253   Thumb Code     0  startup_stm32f411xe.o(.text)
    DMA2_Stream7_IRQHandler                  0x08000253   Thumb Code     0  startup_stm32f411xe.o(.text)
    EXTI0_IRQHandler                         0x08000253   Thumb Code     0  startup_stm32f411xe.o(.text)
    EXTI15_10_IRQHandler                     0x08000253   Thumb Code     0  startup_stm32f411xe.o(.text)
    EXTI1_IRQHandler                         0x08000253   Thumb Code     0  startup_stm32f411xe.o(.text)
    EXTI2_IRQHandler                         0x08000253   Thumb Code     0  startup_stm32f411xe.o(.text)
    EXTI3_IRQHandler                         0x08000253   Thumb Code     0  startup_stm32f411xe.o(.text)
    EXTI4_IRQHandler                         0x08000253   Thumb Code     0  startup_stm32f411xe.o(.text)
    EXTI9_5_IRQHandler                       0x08000253   Thumb Code     0  startup_stm32f411xe.o(.text)
    FLASH_IRQHandler                         0x08000253   Thumb Code     0  startup_stm32f411xe.o(.text)
    FPU_IRQHandler                           0x08000253   Thumb Code     0  startup_stm32f411xe.o(.text)
    I2C1_ER_IRQHandler                       0x08000253   Thumb Code     0  startup_stm32f411xe.o(.text)
    I2C1_EV_IRQHandler                       0x08000253   Thumb Code     0  startup_stm32f411xe.o(.text)
    I2C2_ER_IRQHandler                       0x08000253   Thumb Code     0  startup_stm32f411xe.o(.text)
    I2C2_EV_IRQHandler                       0x08000253   Thumb Code     0  startup_stm32f411xe.o(.text)
    I2C3_ER_IRQHandler                       0x08000253   Thumb Code     0  startup_stm32f411xe.o(.text)
    I2C3_EV_IRQHandler                       0x08000253   Thumb Code     0  startup_stm32f411xe.o(.text)
    OTG_FS_IRQHandler                        0x08000253   Thumb Code     0  startup_stm32f411xe.o(.text)
    OTG_FS_WKUP_IRQHandler                   0x08000253   Thumb Code     0  startup_stm32f411xe.o(.text)
    PVD_IRQHandler                           0x08000253   Thumb Code     0  startup_stm32f411xe.o(.text)
    RCC_IRQHandler                           0x08000253   Thumb Code     0  startup_stm32f411xe.o(.text)
    RTC_Alarm_IRQHandler                     0x08000253   Thumb Code     0  startup_stm32f411xe.o(.text)
    RTC_WKUP_IRQHandler                      0x08000253   Thumb Code     0  startup_stm32f411xe.o(.text)
    SDIO_IRQHandler                          0x08000253   Thumb Code     0  startup_stm32f411xe.o(.text)
    SPI1_IRQHandler                          0x08000253   Thumb Code     0  startup_stm32f411xe.o(.text)
    SPI2_IRQHandler                          0x08000253   Thumb Code     0  startup_stm32f411xe.o(.text)
    SPI3_IRQHandler                          0x08000253   Thumb Code     0  startup_stm32f411xe.o(.text)
    SPI4_IRQHandler                          0x08000253   Thumb Code     0  startup_stm32f411xe.o(.text)
    SPI5_IRQHandler                          0x08000253   Thumb Code     0  startup_stm32f411xe.o(.text)
    TAMP_STAMP_IRQHandler                    0x08000253   Thumb Code     0  startup_stm32f411xe.o(.text)
    TIM1_BRK_TIM9_IRQHandler                 0x08000253   Thumb Code     0  startup_stm32f411xe.o(.text)
    TIM1_CC_IRQHandler                       0x08000253   Thumb Code     0  startup_stm32f411xe.o(.text)
    TIM1_TRG_COM_TIM11_IRQHandler            0x08000253   Thumb Code     0  startup_stm32f411xe.o(.text)
    TIM1_UP_TIM10_IRQHandler                 0x08000253   Thumb Code     0  startup_stm32f411xe.o(.text)
    WWDG_IRQHandler                          0x08000253   Thumb Code     0  startup_stm32f411xe.o(.text)
    __user_initial_stackheap                 0x08000255   Thumb Code     0  startup_stm32f411xe.o(.text)
    __use_two_region_memory                  0x08000279   Thumb Code     2  heapauxi.o(.text)
    __rt_heap_escrow$2region                 0x0800027b   Thumb Code     2  heapauxi.o(.text)
    __rt_heap_expand$2region                 0x0800027d   Thumb Code     2  heapauxi.o(.text)
    __read_errno                             0x0800027f   Thumb Code    10  _rserrno.o(.text)
    __set_errno                              0x08000289   Thumb Code    12  _rserrno.o(.text)
    __aeabi_errno_addr                       0x08000295   Thumb Code     8  rt_errno_addr_intlibspace.o(.text)
    __errno$intlibspace                      0x08000295   Thumb Code     0  rt_errno_addr_intlibspace.o(.text)
    __rt_errno_addr$intlibspace              0x08000295   Thumb Code     0  rt_errno_addr_intlibspace.o(.text)
    __user_libspace                          0x0800029d   Thumb Code     8  libspace.o(.text)
    __user_perproc_libspace                  0x0800029d   Thumb Code     0  libspace.o(.text)
    __user_perthread_libspace                0x0800029d   Thumb Code     0  libspace.o(.text)
    __user_setup_stackheap                   0x080002a5   Thumb Code    74  sys_stackheap_outer.o(.text)
    exit                                     0x080002ef   Thumb Code    12  exit.o(.text)
    _sys_exit                                0x080002fd   Thumb Code     8  sys_exit.o(.text)
    __I$use$semihosting                      0x08000309   Thumb Code     0  use_no_semi.o(.text)
    __use_no_semihosting_swi                 0x08000309   Thumb Code     2  use_no_semi.o(.text)
    BusFault_Handler                         0x0800030b   Thumb Code     2  stm32f4xx_it.o(i.BusFault_Handler)
    __semihosting_library_function           0x0800030b   Thumb Code     0  indicate_semi.o(.text)
    Convert4BytesToWordData                  0x0800030d   Thumb Code    62  functions.o(i.Convert4BytesToWordData)
    Core_Delay_Us                            0x0800034b   Thumb Code    18  srf05.o(i.Core_Delay_Us)
    DMA1_Stream5_IRQHandler                  0x0800035d   Thumb Code    64  stm32f4xx_it.o(i.DMA1_Stream5_IRQHandler)
    DMA2_Stream2_IRQHandler                  0x080003c1   Thumb Code  1764  stm32f4xx_it.o(i.DMA2_Stream2_IRQHandler)
    DMA2_Stream5_IRQHandler                  0x08000ab5   Thumb Code   110  stm32f4xx_it.o(i.DMA2_Stream5_IRQHandler)
    DMA_ClearFlag                            0x08000b49   Thumb Code    32  stm32f4xx_dma.o(i.DMA_ClearFlag)
    DMA_ClearITPendingBit                    0x08000b75   Thumb Code    32  stm32f4xx_dma.o(i.DMA_ClearITPendingBit)
    DMA_Cmd                                  0x08000ba1   Thumb Code    20  stm32f4xx_dma.o(i.DMA_Cmd)
    DMA_GetFlagStatus                        0x08000bb5   Thumb Code    40  stm32f4xx_dma.o(i.DMA_GetFlagStatus)
    DMA_ITConfig                             0x08000be9   Thumb Code    44  stm32f4xx_dma.o(i.DMA_ITConfig)
    DMA_Init                                 0x08000c15   Thumb Code    80  stm32f4xx_dma.o(i.DMA_Init)
    DebugMon_Handler                         0x08000c69   Thumb Code     2  stm32f4xx_it.o(i.DebugMon_Handler)
    Defuzzification_Max_Min                  0x08000c6d   Thumb Code  1162  functions.o(i.Defuzzification_Max_Min)
    Degree_To_Degree                         0x080010fd   Thumb Code    98  functions.o(i.Degree_To_Degree)
    DirPinConfig                             0x08001179   Thumb Code    42  encoder.o(i.DirPinConfig)
    Encoder_Config                           0x080011ad   Thumb Code    30  encoder.o(i.Encoder_Config)
    EraseMemory                              0x080011cb   Thumb Code    24  functions.o(i.EraseMemory)
    Error_AppendError                        0x080011e3   Thumb Code    10  functions.o(i.Error_AppendError)
    Error_ResetIndex                         0x080011ed   Thumb Code     6  functions.o(i.Error_ResetIndex)
    FLASH_EraseSector                        0x080011f5   Thumb Code   104  stm32f4xx_flash.o(i.FLASH_EraseSector)
    FLASH_GetStatus                          0x08001261   Thumb Code    56  stm32f4xx_flash.o(i.FLASH_GetStatus)
    FLASH_Lock                               0x0800129d   Thumb Code    12  stm32f4xx_flash.o(i.FLASH_Lock)
    FLASH_ProgramWord                        0x080012ad   Thumb Code    56  stm32f4xx_flash.o(i.FLASH_ProgramWord)
    FLASH_Unlock                             0x080012e9   Thumb Code    22  stm32f4xx_flash.o(i.FLASH_Unlock)
    FLASH_WaitForLastOperation               0x0800130d   Thumb Code    30  stm32f4xx_flash.o(i.FLASH_WaitForLastOperation)
    FeedBack                                 0x0800132b   Thumb Code    30  functions.o(i.FeedBack)
    Fuzzy_Max                                0x08001349   Thumb Code    68  functions.o(i.Fuzzy_Max)
    Fuzzy_Min                                0x0800138d   Thumb Code    58  functions.o(i.Fuzzy_Min)
    Fuzzy_ParametersInit                     0x080013c9   Thumb Code   250  functions.o(i.Fuzzy_ParametersInit)
    GPIO_Init                                0x08001595   Thumb Code   162  stm32f4xx_gpio.o(i.GPIO_Init)
    GPIO_PinAFConfig                         0x08001637   Thumb Code    32  stm32f4xx_gpio.o(i.GPIO_PinAFConfig)
    GPIO_ReadInputDataBit                    0x08001657   Thumb Code    14  stm32f4xx_gpio.o(i.GPIO_ReadInputDataBit)
    GPIO_ReadOutputDataBit                   0x08001665   Thumb Code    14  stm32f4xx_gpio.o(i.GPIO_ReadOutputDataBit)
    GPIO_ResetBits                           0x08001673   Thumb Code     4  stm32f4xx_gpio.o(i.GPIO_ResetBits)
    GPIO_SetBits                             0x08001677   Thumb Code     4  stm32f4xx_gpio.o(i.GPIO_SetBits)
    GPS_ClearPathBuffer                      0x0800167d   Thumb Code    64  functions.o(i.GPS_ClearPathBuffer)
    GPS_GetLLQMessage                        0x080016c5   Thumb Code   290  functions.o(i.GPS_GetLLQMessage)
    GPS_GetLatFromString                     0x0800180d   Thumb Code   154  functions.o(i.GPS_GetLatFromString)
    GPS_GetLonFromString                     0x080018b9   Thumb Code   140  functions.o(i.GPS_GetLonFromString)
    GPS_HeaderCompare                        0x08001955   Thumb Code    26  functions.o(i.GPS_HeaderCompare)
    GPS_LLToDegree                           0x08001971   Thumb Code   104  functions.o(i.GPS_LLToDegree)
    GPS_LatLonToUTM                          0x080019e9   Thumb Code  1378  functions.o(i.GPS_LatLonToUTM)
    GPS_ParametersInit                       0x08001f65   Thumb Code    64  functions.o(i.GPS_ParametersInit)
    GPS_PathPlanning                         0x08001fc1   Thumb Code   346  functions.o(i.GPS_PathPlanning)
    GPS_SavePathCoordinateToFlash            0x0800211d   Thumb Code   160  functions.o(i.GPS_SavePathCoordinateToFlash)
    GPS_StanleyControl                       0x080021c1   Thumb Code   818  functions.o(i.GPS_StanleyControl)
    GPS_UpdateParameters                     0x0800255d   Thumb Code    10  functions.o(i.GPS_UpdateParameters)
    GPS_UpdatePathCoordinate                 0x08002569   Thumb Code   112  functions.o(i.GPS_UpdatePathCoordinate)
    GPS_UpdatePathYaw                        0x080025e1   Thumb Code   122  functions.o(i.GPS_UpdatePathYaw)
    GetAFFromTIM                             0x08002665   Thumb Code    70  stm32f411_rccenable.o(i.GetAFFromTIM)
    GetIRQHandlerFromTIMxCC                  0x080026cd   Thumb Code    84  stm32f411_rccenable.o(i.GetIRQHandlerFromTIMxCC)
    GetMessageInfo                           0x0800273d   Thumb Code    96  functions.o(i.GetMessageInfo)
    GetNbOfReceiveHeader                     0x0800279d   Thumb Code   144  functions.o(i.GetNbOfReceiveHeader)
    GetPinSourceFromGPIOPin                  0x0800287d   Thumb Code   144  stm32f411_rccenable.o(i.GetPinSourceFromGPIOPin)
    GetValueFromString                       0x0800290d   Thumb Code   344  functions.o(i.GetValueFromString)
    GetVehicleVelocity                       0x08002a89   Thumb Code   252  stm32f4xx_it.o(i.GetVehicleVelocity)
    HardFault_Handler                        0x08002bad   Thumb Code     2  stm32f4xx_it.o(i.HardFault_Handler)
    IMU_GetValueFromMessage                  0x08002bb1   Thumb Code   126  functions.o(i.IMU_GetValueFromMessage)
    IMU_ParametesInit                        0x08002c45   Thumb Code    30  functions.o(i.IMU_ParametesInit)
    IMU_UpdateFuzzyCoefficients              0x08002c6d   Thumb Code     8  functions.o(i.IMU_UpdateFuzzyCoefficients)
    IMU_UpdateFuzzyInput                     0x08002c75   Thumb Code   202  functions.o(i.IMU_UpdateFuzzyInput)
    IMU_UpdatePreAngle                       0x08002d59   Thumb Code    10  functions.o(i.IMU_UpdatePreAngle)
    IMU_UpdateSetAngle                       0x08002d63   Thumb Code    34  functions.o(i.IMU_UpdateSetAngle)
    IsCorrectMessage                         0x08002d85   Thumb Code    46  functions.o(i.IsCorrectMessage)
    IsDouble                                 0x08002db5   Thumb Code    60  functions.o(i.IsDouble)
    IsValidData                              0x08002df9   Thumb Code    12  functions.o(i.IsValidData)
    LRCCalculate                             0x08002e05   Thumb Code    22  functions.o(i.LRCCalculate)
    LengthOfLine                             0x08002e1b   Thumb Code    24  functions.o(i.LengthOfLine)
    M1_Backward                              0x08002e35   Thumb Code     8  encoder.o(i.M1_Backward)
    M1_Encoder_Config                        0x08002e41   Thumb Code   162  encoder.o(i.M1_Encoder_Config)
    M1_Forward                               0x08002ef5   Thumb Code     8  encoder.o(i.M1_Forward)
    M2_Backward                              0x08002f01   Thumb Code     8  encoder.o(i.M2_Backward)
    M2_Encoder_Config                        0x08002f0d   Thumb Code   164  encoder.o(i.M2_Encoder_Config)
    M2_Forward                               0x08002fc1   Thumb Code     8  encoder.o(i.M2_Forward)
    MemManage_Handler                        0x08002fcd   Thumb Code     2  stm32f4xx_it.o(i.MemManage_Handler)
    NMI_Handler                              0x08002fcf   Thumb Code     2  stm32f4xx_it.o(i.NMI_Handler)
    NVIC_Init                                0x08002fd1   Thumb Code    96  misc.o(i.NVIC_Init)
    NVIC_PriorityGroupConfig                 0x08003035   Thumb Code    10  misc.o(i.NVIC_PriorityGroupConfig)
    PID_Compute                              0x08003049   Thumb Code   310  functions.o(i.PID_Compute)
    PID_ParametersInitial                    0x080031a5   Thumb Code    44  functions.o(i.PID_ParametersInitial)
    PID_ParametersUpdate                     0x080031d9   Thumb Code     6  functions.o(i.PID_ParametersUpdate)
    PID_ReadParametersFromFlash              0x080031e1   Thumb Code   158  main.o(i.PID_ReadParametersFromFlash)
    PID_ResetEncoder                         0x08003295   Thumb Code    10  functions.o(i.PID_ResetEncoder)
    PID_ResetPID                             0x080032a1   Thumb Code    18  functions.o(i.PID_ResetPID)
    PID_SavePIDParaToFlash                   0x080032bd   Thumb Code   218  functions.o(i.PID_SavePIDParaToFlash)
    PID_UpdateEnc                            0x080033a1   Thumb Code     4  functions.o(i.PID_UpdateEnc)
    PID_UpdateSetVel                         0x080033a5   Thumb Code     6  functions.o(i.PID_UpdateSetVel)
    PWM_Config                               0x080033ad   Thumb Code   148  encoder.o(i.PWM_Config)
    Parameters_Init                          0x08003451   Thumb Code   128  main.o(i.Parameters_Init)
    PendSV_Handler                           0x08003515   Thumb Code     2  stm32f4xx_it.o(i.PendSV_Handler)
    Peripheral_Config                        0x08003519   Thumb Code    62  main.o(i.Peripheral_Config)
    Pi_To_Pi                                 0x0800355d   Thumb Code   100  functions.o(i.Pi_To_Pi)
    RCC_AHB1PeriphClockCmd                   0x080035d9   Thumb Code    18  stm32f4xx_rcc.o(i.RCC_AHB1PeriphClockCmd)
    RCC_APB1PeriphClockCmd                   0x080035f1   Thumb Code    18  stm32f4xx_rcc.o(i.RCC_APB1PeriphClockCmd)
    RCC_APB2PeriphClockCmd                   0x08003609   Thumb Code    18  stm32f4xx_rcc.o(i.RCC_APB2PeriphClockCmd)
    RCC_GPIOxClockCmd                        0x08003621   Thumb Code   104  stm32f411_rccenable.o(i.RCC_GPIOxClockCmd)
    RCC_GetClocksFreq                        0x080036b1   Thumb Code   132  stm32f4xx_rcc.o(i.RCC_GetClocksFreq)
    RCC_TIMxClockCmd                         0x08003745   Thumb Code   142  stm32f411_rccenable.o(i.RCC_TIMxClockCmd)
    ReadFromFlash                            0x08003805   Thumb Code    60  functions.o(i.ReadFromFlash)
    Reset_Motor                              0x08003841   Thumb Code    80  stm32f4xx_it.o(i.Reset_Motor)
    Robot_AntiClockwise                      0x080038a9   Thumb Code    14  encoder.o(i.Robot_AntiClockwise)
    Robot_Backward                           0x080038b7   Thumb Code    14  encoder.o(i.Robot_Backward)
    Robot_Clockwise                          0x080038c5   Thumb Code    14  encoder.o(i.Robot_Clockwise)
    Robot_Forward                            0x080038d3   Thumb Code    14  encoder.o(i.Robot_Forward)
    Robot_Run                                0x080038e1   Thumb Code   118  encoder.o(i.Robot_Run)
    SVC_Handler                              0x0800396d   Thumb Code     2  stm32f4xx_it.o(i.SVC_Handler)
    SaveDataToInternalFlash                  0x08003971   Thumb Code    36  stm32f4xx_it.o(i.SaveDataToInternalFlash)
    Self_ParametersInit                      0x080039a5   Thumb Code    34  twowheelrobot.o(i.Self_ParametersInit)
    SendData                                 0x080039e1   Thumb Code   582  main.o(i.SendData)
    SendStatusData                           0x08003c4d   Thumb Code   412  main.o(i.SendStatusData)
    Srf05_BackEnd                            0x08003e75   Thumb Code    42  main.o(i.Srf05_BackEnd)
    Srf05_ClearFlag                          0x08003ead   Thumb Code     6  srf05.o(i.Srf05_ClearFlag)
    Srf05_FirstInit                          0x08003eb5   Thumb Code    16  srf05.o(i.Srf05_FirstInit)
    Srf05_Initial                            0x08003ecd   Thumb Code   204  srf05.o(i.Srf05_Initial)
    Srf05_LeftFront                          0x08003fa1   Thumb Code    42  main.o(i.Srf05_LeftFront)
    Srf05_MidFront                           0x08003fd9   Thumb Code    42  main.o(i.Srf05_MidFront)
    Srf05_RightFront                         0x08004011   Thumb Code    38  main.o(i.Srf05_RightFront)
    Srf05_SetFlag                            0x08004045   Thumb Code     6  srf05.o(i.Srf05_SetFlag)
    Srf05_StartSensorBack                    0x0800404d   Thumb Code    48  main.o(i.Srf05_StartSensorBack)
    Srf05_StartSensorLeft                    0x08004081   Thumb Code    48  main.o(i.Srf05_StartSensorLeft)
    Srf05_StartSensorMid                     0x080040b5   Thumb Code    48  main.o(i.Srf05_StartSensorMid)
    Srf05_StartSensorRight                   0x080040e9   Thumb Code    48  main.o(i.Srf05_StartSensorRight)
    StartTimer                               0x0800411d   Thumb Code    52  main.o(i.StartTimer)
    Status_CheckStatus                       0x08004159   Thumb Code     4  functions.o(i.Status_CheckStatus)
    Status_ParametersInit                    0x0800415d   Thumb Code    28  functions.o(i.Status_ParametersInit)
    Status_UpdateStatus                      0x08004179   Thumb Code     4  functions.o(i.Status_UpdateStatus)
    StopTimer                                0x0800417d   Thumb Code    24  main.o(i.StopTimer)
    Stop_Motor                               0x08004195   Thumb Code    10  encoder.o(i.Stop_Motor)
    StringHeaderCompare                      0x080041a5   Thumb Code    28  functions.o(i.StringHeaderCompare)
    SysTick_Handler                          0x080041c1   Thumb Code   110  stm32f4xx_it.o(i.SysTick_Handler)
    SystemInit                               0x08004239   Thumb Code    74  system_stm32f4xx.o(i.SystemInit)
    TIM2_IRQHandler                          0x080042f9   Thumb Code   354  stm32f4xx_it.o(i.TIM2_IRQHandler)
    TIM3_IRQHandler                          0x08004485   Thumb Code    20  stm32f4xx_it.o(i.TIM3_IRQHandler)
    TIM4_IRQHandler                          0x080044a1   Thumb Code    20  stm32f4xx_it.o(i.TIM4_IRQHandler)
    TIM5_IRQHandler                          0x080044bd   Thumb Code    56  main.o(i.TIM5_IRQHandler)
    TIM_ARRPreloadConfig                     0x080044fd   Thumb Code    20  stm32f4xx_tim.o(i.TIM_ARRPreloadConfig)
    TIM_ClearITPendingBit                    0x08004511   Thumb Code     6  stm32f4xx_tim.o(i.TIM_ClearITPendingBit)
    TIM_Cmd                                  0x08004517   Thumb Code    20  stm32f4xx_tim.o(i.TIM_Cmd)
    TIM_EncoderInterfaceConfig               0x0800452b   Thumb Code    50  stm32f4xx_tim.o(i.TIM_EncoderInterfaceConfig)
    TIM_GetCapture3                          0x0800455d   Thumb Code     4  stm32f4xx_tim.o(i.TIM_GetCapture3)
    TIM_GetCapture4                          0x08004561   Thumb Code     4  stm32f4xx_tim.o(i.TIM_GetCapture4)
    TIM_GetCounter                           0x08004565   Thumb Code     4  stm32f4xx_tim.o(i.TIM_GetCounter)
    TIM_GetFlagStatus                        0x08004569   Thumb Code    14  stm32f4xx_tim.o(i.TIM_GetFlagStatus)
    TIM_ICInit                               0x08004577   Thumb Code   172  stm32f4xx_tim.o(i.TIM_ICInit)
    TIM_ITConfig                             0x08004623   Thumb Code    16  stm32f4xx_tim.o(i.TIM_ITConfig)
    TIM_OC1Init                              0x08004635   Thumb Code    88  stm32f4xx_tim.o(i.TIM_OC1Init)
    TIM_OC1PreloadConfig                     0x08004695   Thumb Code    12  stm32f4xx_tim.o(i.TIM_OC1PreloadConfig)
    TIM_OC2Init                              0x080046a1   Thumb Code   120  stm32f4xx_tim.o(i.TIM_OC2Init)
    TIM_OC2PreloadConfig                     0x08004721   Thumb Code    20  stm32f4xx_tim.o(i.TIM_OC2PreloadConfig)
    TIM_SetIC1Prescaler                      0x08004735   Thumb Code    16  stm32f4xx_tim.o(i.TIM_SetIC1Prescaler)
    TIM_SetIC2Prescaler                      0x08004745   Thumb Code    24  stm32f4xx_tim.o(i.TIM_SetIC2Prescaler)
    TIM_SetIC3Prescaler                      0x0800475d   Thumb Code    16  stm32f4xx_tim.o(i.TIM_SetIC3Prescaler)
    TIM_SetIC4Prescaler                      0x0800476d   Thumb Code    24  stm32f4xx_tim.o(i.TIM_SetIC4Prescaler)
    TIM_TimeBaseInit                         0x08004785   Thumb Code    96  stm32f4xx_tim.o(i.TIM_TimeBaseInit)
    Time_GetSampleTime                       0x08004801   Thumb Code    52  functions.o(i.Time_GetSampleTime)
    Time_ParametersInit                      0x08004845   Thumb Code    20  functions.o(i.Time_ParametersInit)
    Time_SampleTimeUpdate                    0x08004859   Thumb Code     4  functions.o(i.Time_SampleTimeUpdate)
    Time_SendTimeUpdate                      0x0800485d   Thumb Code    10  functions.o(i.Time_SendTimeUpdate)
    TimerDelayConfig                         0x08004869   Thumb Code    64  main.o(i.TimerDelayConfig)
    ToChar                                   0x080048b1   Thumb Code   254  functions.o(i.ToChar)
    ToHex                                    0x080049c1   Thumb Code    14  functions.o(i.ToHex)
    ToRPM                                    0x080049d1   Thumb Code    36  functions.o(i.ToRPM)
    Trapf                                    0x08004a05   Thumb Code   198  functions.o(i.Trapf)
    Trimf                                    0x08004add   Thumb Code   194  functions.o(i.Trimf)
    U1_SendData                              0x08004ba9   Thumb Code    32  usart_dma_config.o(i.U1_SendData)
    U6_SendData                              0x08004bcd   Thumb Code    30  usart_dma_config.o(i.U6_SendData)
    USART1_Config                            0x08004bf5   Thumb Code   334  usart_dma_config.o(i.USART1_Config)
    USART1_IRQHandler                        0x08004d59   Thumb Code    50  stm32f4xx_it.o(i.USART1_IRQHandler)
    USART2_Config                            0x08004d99   Thumb Code   332  usart_dma_config.o(i.USART2_Config)
    USART2_IRQHandler                        0x08004ef9   Thumb Code    50  stm32f4xx_it.o(i.USART2_IRQHandler)
    USART6_Config                            0x08004f39   Thumb Code   330  usart_dma_config.o(i.USART6_Config)
    USART6_IRQHandler                        0x08005099   Thumb Code    50  stm32f4xx_it.o(i.USART6_IRQHandler)
    USART_ClearFlag                          0x080050d9   Thumb Code     6  stm32f4xx_usart.o(i.USART_ClearFlag)
    USART_Cmd                                0x080050df   Thumb Code    20  stm32f4xx_usart.o(i.USART_Cmd)
    USART_DMACmd                             0x080050f3   Thumb Code    16  stm32f4xx_usart.o(i.USART_DMACmd)
    USART_GetITStatus                        0x08005103   Thumb Code    62  stm32f4xx_usart.o(i.USART_GetITStatus)
    USART_ITConfig                           0x08005141   Thumb Code    48  stm32f4xx_usart.o(i.USART_ITConfig)
    USART_Init                               0x08005171   Thumb Code   164  stm32f4xx_usart.o(i.USART_Init)
    USART_ReceiveData                        0x0800521d   Thumb Code     8  stm32f4xx_usart.o(i.USART_ReceiveData)
    UsageFault_Handler                       0x08005225   Thumb Code     2  stm32f4xx_it.o(i.UsageFault_Handler)
    Veh_CheckStateChange                     0x08005227   Thumb Code    24  functions.o(i.Veh_CheckStateChange)
    Veh_GetCommandMessage                    0x0800523f   Thumb Code    50  functions.o(i.Veh_GetCommandMessage)
    Veh_ParametersInit                       0x08005271   Thumb Code    58  functions.o(i.Veh_ParametersInit)
    Veh_UpdateMaxVelocity                    0x080052bd   Thumb Code     6  functions.o(i.Veh_UpdateMaxVelocity)
    Veh_UpdateVehicleFromKey                 0x080052c5   Thumb Code   296  functions.o(i.Veh_UpdateVehicleFromKey)
    WriteToFlash                             0x08005421   Thumb Code    86  functions.o(i.WriteToFlash)
    __ARM_fpclassify                         0x08005477   Thumb Code    48  fpclassify.o(i.__ARM_fpclassify)
    __hardfp_atan                            0x080054a9   Thumb Code   632  atan.o(i.__hardfp_atan)
    __hardfp_atan2                           0x08005789   Thumb Code   426  atan2.o(i.__hardfp_atan2)
    __hardfp_cos                             0x08005979   Thumb Code   200  cos.o(i.__hardfp_cos)
    __hardfp_fabs                            0x08005a51   Thumb Code    20  fabs.o(i.__hardfp_fabs)
    __hardfp_log                             0x08005a69   Thumb Code   882  log.o(i.__hardfp_log)
    __hardfp_pow                             0x08005e51   Thumb Code  3048  pow.o(i.__hardfp_pow)
    __hardfp_sin                             0x08006a89   Thumb Code   200  sin.o(i.__hardfp_sin)
    __hardfp_sqrt                            0x08006b61   Thumb Code   122  sqrt.o(i.__hardfp_sqrt)
    __hardfp_tan                             0x08006be1   Thumb Code   142  tan.o(i.__hardfp_tan)
    __ieee754_rem_pio2                       0x08006c81   Thumb Code   938  rred.o(i.__ieee754_rem_pio2)
    __kernel_cos                             0x080070b9   Thumb Code   322  cos_i.o(i.__kernel_cos)
    __kernel_poly                            0x08007229   Thumb Code   248  poly.o(i.__kernel_poly)
    __kernel_sin                             0x08007321   Thumb Code   280  sin_i.o(i.__kernel_sin)
    __kernel_tan                             0x08007451   Thumb Code   764  tan_i.o(i.__kernel_tan)
    __mathlib_dbl_underflow                  0x080077a1   Thumb Code    24  dunder.o(i.__mathlib_dbl_underflow)
    atan                                     0x080077c1   Thumb Code    16  atan.o(i.atan)
    fabs                                     0x080077d1   Thumb Code    24  fabs.o(i.fabs)
    fix                                      0x080077e9   Thumb Code    20  functions.o(i.fix)
    main                                     0x080077fd   Thumb Code  1338  main.o(i.main)
    sqrt                                     0x08007d45   Thumb Code   110  sqrt.o(i.sqrt)
    __aeabi_dneg                             0x08007db3   Thumb Code     0  basic.o(x$fpl$basic)
    _dneg                                    0x08007db3   Thumb Code     6  basic.o(x$fpl$basic)
    __aeabi_fneg                             0x08007db9   Thumb Code     0  basic.o(x$fpl$basic)
    _fneg                                    0x08007db9   Thumb Code     6  basic.o(x$fpl$basic)
    _dabs                                    0x08007dbf   Thumb Code     6  basic.o(x$fpl$basic)
    _fabs                                    0x08007dc5   Thumb Code     6  basic.o(x$fpl$basic)
    __aeabi_d2f                              0x08007dcd   Thumb Code     0  d2f.o(x$fpl$d2f)
    _d2f                                     0x08007dcd   Thumb Code    98  d2f.o(x$fpl$d2f)
    __aeabi_dadd                             0x08007e31   Thumb Code     0  daddsub_clz.o(x$fpl$dadd)
    _dadd                                    0x08007e31   Thumb Code   332  daddsub_clz.o(x$fpl$dadd)
    __fpl_dcheck_NaN1                        0x08007f81   Thumb Code    10  dcheck1.o(x$fpl$dcheck1)
    __fpl_dcmp_Inf                           0x08007f91   Thumb Code    24  dcmpi.o(x$fpl$dcmpinf)
    __aeabi_ddiv                             0x08007fa9   Thumb Code     0  ddiv.o(x$fpl$ddiv)
    _ddiv                                    0x08007fa9   Thumb Code   552  ddiv.o(x$fpl$ddiv)
    __aeabi_cdcmpeq                          0x08008259   Thumb Code     0  deqf.o(x$fpl$deqf)
    _dcmpeq                                  0x08008259   Thumb Code   120  deqf.o(x$fpl$deqf)
    __aeabi_d2iz                             0x080082d1   Thumb Code     0  dfix.o(x$fpl$dfix)
    _dfix                                    0x080082d1   Thumb Code    94  dfix.o(x$fpl$dfix)
    __aeabi_d2uiz                            0x08008331   Thumb Code     0  dfixu.o(x$fpl$dfixu)
    _dfixu                                   0x08008331   Thumb Code    90  dfixu.o(x$fpl$dfixu)
    __aeabi_i2d                              0x0800838b   Thumb Code     0  dflt_clz.o(x$fpl$dflt)
    _dflt                                    0x0800838b   Thumb Code    46  dflt_clz.o(x$fpl$dflt)
    __aeabi_ui2d                             0x080083b9   Thumb Code     0  dflt_clz.o(x$fpl$dfltu)
    _dfltu                                   0x080083b9   Thumb Code    38  dflt_clz.o(x$fpl$dfltu)
    __aeabi_cdcmple                          0x080083e1   Thumb Code     0  dleqf.o(x$fpl$dleqf)
    _dcmple                                  0x080083e1   Thumb Code   120  dleqf.o(x$fpl$dleqf)
    __fpl_dcmple_InfNaN                      0x08008443   Thumb Code     0  dleqf.o(x$fpl$dleqf)
    __aeabi_dmul                             0x08008459   Thumb Code     0  dmul.o(x$fpl$dmul)
    _dmul                                    0x08008459   Thumb Code   332  dmul.o(x$fpl$dmul)
    __fpl_dnaninf                            0x080085ad   Thumb Code   156  dnaninf.o(x$fpl$dnaninf)
    __fpl_dretinf                            0x08008649   Thumb Code    12  dretinf.o(x$fpl$dretinf)
    __aeabi_cdrcmple                         0x08008655   Thumb Code     0  drleqf.o(x$fpl$drleqf)
    _drcmple                                 0x08008655   Thumb Code   108  drleqf.o(x$fpl$drleqf)
    __aeabi_drsub                            0x080086c1   Thumb Code     0  daddsub_clz.o(x$fpl$drsb)
    _drsb                                    0x080086c1   Thumb Code    22  daddsub_clz.o(x$fpl$drsb)
    _dsqrt                                   0x080086d9   Thumb Code   404  dsqrt_umaal.o(x$fpl$dsqrt)
    __aeabi_dsub                             0x08008871   Thumb Code     0  daddsub_clz.o(x$fpl$dsub)
    _dsub                                    0x08008871   Thumb Code   464  daddsub_clz.o(x$fpl$dsub)
    __aeabi_f2d                              0x08008a45   Thumb Code     0  f2d.o(x$fpl$f2d)
    _f2d                                     0x08008a45   Thumb Code    86  f2d.o(x$fpl$f2d)
    __fpl_fnaninf                            0x08008a9b   Thumb Code   140  fnaninf.o(x$fpl$fnaninf)
    _fp_init                                 0x08008b27   Thumb Code    10  fpinit.o(x$fpl$fpinit)
    __fplib_config_fpu_vfp                   0x08008b2f   Thumb Code     0  fpinit.o(x$fpl$fpinit)
    __fplib_config_pureend_doubles           0x08008b2f   Thumb Code     0  fpinit.o(x$fpl$fpinit)
    __fpl_fretinf                            0x08008b31   Thumb Code    10  fretinf.o(x$fpl$fretinf)
    __fpl_return_NaN                         0x08008b3b   Thumb Code   100  retnan.o(x$fpl$retnan)
    __ARM_scalbn                             0x08008b9f   Thumb Code    92  scalbn.o(x$fpl$scalbn)
    __fpl_cmpreturn                          0x08008bfb   Thumb Code    48  trapv.o(x$fpl$trapveneer)
    __I$use$fp                               0x08008c2a   Number         0  usenofp.o(x$fpl$usenofp)
    __mathlib_zero                           0x08008db8   Data           8  qnan.o(.constdata)
    Region$$Table$$Base                      0x08008f10   Number         0  anon$$obj.o(Region$$Table)
    Region$$Table$$Limit                     0x08008f30   Number         0  anon$$obj.o(Region$$Table)
    SystemCoreClock                          0x20000000   Data           4  system_stm32f4xx.o(.data)
    AHBPrescTable                            0x20000004   Data          16  system_stm32f4xx.o(.data)
    Main_NVIC_Struct                         0x20000014   Data           4  main.o(.data)
    temp3                                    0x20000018   Data           1  stm32f4xx_it.o(.data)
    temp2                                    0x20000019   Data           1  stm32f4xx_it.o(.data)
    temp1                                    0x2000001a   Data           1  stm32f4xx_it.o(.data)
    En_NVIC_Struct                           0x2000001c   Data           4  encoder.o(.data)
    En_GPIO_Struct                           0x20000020   Data           8  encoder.o(.data)
    U2_TxBuffer                              0x20000028   Data           1  usart_dma_config.o(.data)
    US_NVIC_Struct                           0x20000029   Data           4  usart_dma_config.o(.data)
    US_GPIO_Struct                           0x20000030   Data           8  usart_dma_config.o(.data)
    F_GPIO_Struct                            0x20000038   Data           8  functions.o(.data)
    NB                                       0x20000040   Data           8  functions.o(.data)
    NM                                       0x20000048   Data           8  functions.o(.data)
    NS                                       0x20000050   Data           8  functions.o(.data)
    ZE                                       0x20000058   Data           8  functions.o(.data)
    PS                                       0x20000060   Data           8  functions.o(.data)
    PM                                       0x20000068   Data           8  functions.o(.data)
    PB                                       0x20000070   Data           8  functions.o(.data)
    Srf05_NVIC_Struct                        0x20000078   Data           4  srf05.o(.data)
    Srf05_GPIO_Struct                        0x2000007c   Data           8  srf05.o(.data)
    Main_TIM_Struct                          0x20000098   Data          12  main.o(.bss)
    Srf05_Struct                             0x200000a4   Data          24  main.o(.bss)
    Mid                                      0x200000c0   Data          16  main.o(.bss)
    Left                                     0x200000d0   Data          16  main.o(.bss)
    Right                                    0x200000e0   Data          16  main.o(.bss)
    Back                                     0x200000f0   Data          16  main.o(.bss)
    En_TIM_BaseStruct                        0x20000100   Data          12  encoder.o(.bss)
    En_TIM_OCStruct                          0x2000010c   Data          20  encoder.o(.bss)
    US_DMA_Struct                            0x20000120   Data          60  usart_dma_config.o(.bss)
    US_USART_Struct                          0x2000015c   Data          16  usart_dma_config.o(.bss)
    U1_TxBuffer                              0x2000016c   Data          20  usart_dma_config.o(.bss)
    U1_RxBuffer                              0x20000180   Data         100  usart_dma_config.o(.bss)
    U2_RxBuffer                              0x200001e4   Data        1000  usart_dma_config.o(.bss)
    U6_TxBuffer                              0x200005cc   Data         200  usart_dma_config.o(.bss)
    U6_RxBuffer                              0x20000694   Data        1000  usart_dma_config.o(.bss)
    VehStt                                   0x20000a7c   Data          13  functions.o(.bss)
    M1                                       0x20000a90   Data          88  functions.o(.bss)
    M2                                       0x20000ae8   Data          88  functions.o(.bss)
    GPS_NEO                                  0x20000b40   Data       73952  functions.o(.bss)
    Mag                                      0x20012c20   Data          72  functions.o(.bss)
    Timer                                    0x20012c68   Data          32  functions.o(.bss)
    Flash                                    0x20012c88   Data        2004  functions.o(.bss)
    In1_NS                                   0x20013460   Data          24  functions.o(.bss)
    In1_ZE                                   0x20013478   Data          24  functions.o(.bss)
    In1_PS                                   0x20013490   Data          24  functions.o(.bss)
    In2_ZE                                   0x200134a8   Data          24  functions.o(.bss)
    In1_NB                                   0x200134c0   Data          32  functions.o(.bss)
    In1_PB                                   0x200134e0   Data          32  functions.o(.bss)
    In2_NE                                   0x20013500   Data          32  functions.o(.bss)
    In2_PO                                   0x20013520   Data          32  functions.o(.bss)
    TempBuffer                               0x20013540   Data          60  functions.o(.bss)
    U2                                       0x2001357c   Data        1500  functions.o(.bss)
    U6                                       0x20013b58   Data        1500  functions.o(.bss)
    Veh                                      0x20014138   Data          48  functions.o(.bss)
    Veh_Error                                0x20014168   Data          21  functions.o(.bss)
    Srf05_TIM_TimeBaseStruct                 0x20014180   Data          12  srf05.o(.bss)
    Srf05_TIM_ICStruct                       0x2001418c   Data          10  srf05.o(.bss)
    selfPosition                             0x20014198   Data          56  twowheelrobot.o(.bss)
    __libspace_start                         0x200141d0   Data          96  libspace.o(.bss)
    __temporary_stack_top$libspace           0x20014230   Data           0  libspace.o(.bss)



==============================================================================

Memory Map of the image

  Image Entry point : 0x08000199

  Load Region LR_IROM1 (Base: 0x08000000, Size: 0x00008fc4, Max: 0x00080000, ABSOLUTE)

    Execution Region ER_IROM1 (Base: 0x08000000, Size: 0x00008f30, Max: 0x00080000, ABSOLUTE)

    Base Addr    Size         Type   Attr      Idx    E Section Name        Object

    0x08000000   0x00000198   Data   RO         1462    RESET               startup_stm32f411xe.o
    0x08000198   0x00000008   Code   RO         3290  * !!!main             c_w.l(__main.o)
    0x080001a0   0x00000034   Code   RO         3645    !!!scatter          c_w.l(__scatter.o)
    0x080001d4   0x0000001a   Code   RO         3647    !!handler_copy      c_w.l(__scatter_copy.o)
    0x080001ee   0x00000002   PAD
    0x080001f0   0x0000001c   Code   RO         3649    !!handler_zi        c_w.l(__scatter_zi.o)
    0x0800020c   0x00000002   Code   RO         3517    .ARM.Collect$$libinit$$00000000  c_w.l(libinit.o)
    0x0800020e   0x00000004   Code   RO         3522    .ARM.Collect$$libinit$$00000001  c_w.l(libinit2.o)
    0x08000212   0x00000000   Code   RO         3526    .ARM.Collect$$libinit$$00000008  c_w.l(libinit2.o)
    0x08000212   0x00000000   Code   RO         3528    .ARM.Collect$$libinit$$0000000A  c_w.l(libinit2.o)
    0x08000212   0x00000000   Code   RO         3530    .ARM.Collect$$libinit$$0000000C  c_w.l(libinit2.o)
    0x08000212   0x00000000   Code   RO         3533    .ARM.Collect$$libinit$$0000000F  c_w.l(libinit2.o)
    0x08000212   0x00000000   Code   RO         3535    .ARM.Collect$$libinit$$00000011  c_w.l(libinit2.o)
    0x08000212   0x00000000   Code   RO         3537    .ARM.Collect$$libinit$$00000013  c_w.l(libinit2.o)
    0x08000212   0x00000000   Code   RO         3539    .ARM.Collect$$libinit$$00000015  c_w.l(libinit2.o)
    0x08000212   0x00000000   Code   RO         3541    .ARM.Collect$$libinit$$00000017  c_w.l(libinit2.o)
    0x08000212   0x00000000   Code   RO         3543    .ARM.Collect$$libinit$$00000019  c_w.l(libinit2.o)
    0x08000212   0x00000000   Code   RO         3545    .ARM.Collect$$libinit$$0000001B  c_w.l(libinit2.o)
    0x08000212   0x00000000   Code   RO         3547    .ARM.Collect$$libinit$$0000001D  c_w.l(libinit2.o)
    0x08000212   0x00000000   Code   RO         3549    .ARM.Collect$$libinit$$0000001F  c_w.l(libinit2.o)
    0x08000212   0x00000000   Code   RO         3551    .ARM.Collect$$libinit$$00000021  c_w.l(libinit2.o)
    0x08000212   0x00000000   Code   RO         3553    .ARM.Collect$$libinit$$00000023  c_w.l(libinit2.o)
    0x08000212   0x00000000   Code   RO         3557    .ARM.Collect$$libinit$$0000002A  c_w.l(libinit2.o)
    0x08000212   0x00000000   Code   RO         3559    .ARM.Collect$$libinit$$0000002C  c_w.l(libinit2.o)
    0x08000212   0x00000000   Code   RO         3561    .ARM.Collect$$libinit$$0000002E  c_w.l(libinit2.o)
    0x08000212   0x00000000   Code   RO         3563    .ARM.Collect$$libinit$$00000030  c_w.l(libinit2.o)
    0x08000212   0x00000002   Code   RO         3564    .ARM.Collect$$libinit$$00000031  c_w.l(libinit2.o)
    0x08000214   0x00000002   Code   RO         3586    .ARM.Collect$$libshutdown$$00000000  c_w.l(libshutdown.o)
    0x08000216   0x00000000   Code   RO         3600    .ARM.Collect$$libshutdown$$00000003  c_w.l(libshutdown2.o)
    0x08000216   0x00000000   Code   RO         3603    .ARM.Collect$$libshutdown$$00000006  c_w.l(libshutdown2.o)
    0x08000216   0x00000000   Code   RO         3606    .ARM.Collect$$libshutdown$$00000009  c_w.l(libshutdown2.o)
    0x08000216   0x00000000   Code   RO         3608    .ARM.Collect$$libshutdown$$0000000B  c_w.l(libshutdown2.o)
    0x08000216   0x00000000   Code   RO         3611    .ARM.Collect$$libshutdown$$0000000E  c_w.l(libshutdown2.o)
    0x08000216   0x00000002   Code   RO         3612    .ARM.Collect$$libshutdown$$0000000F  c_w.l(libshutdown2.o)
    0x08000218   0x00000000   Code   RO         3438    .ARM.Collect$$rtentry$$00000000  c_w.l(rtentry.o)
    0x08000218   0x00000000   Code   RO         3484    .ARM.Collect$$rtentry$$00000002  c_w.l(rtentry2.o)
    0x08000218   0x00000006   Code   RO         3496    .ARM.Collect$$rtentry$$00000004  c_w.l(rtentry4.o)
    0x0800021e   0x00000000   Code   RO         3486    .ARM.Collect$$rtentry$$00000009  c_w.l(rtentry2.o)
    0x0800021e   0x00000004   Code   RO         3487    .ARM.Collect$$rtentry$$0000000A  c_w.l(rtentry2.o)
    0x08000222   0x00000000   Code   RO         3489    .ARM.Collect$$rtentry$$0000000C  c_w.l(rtentry2.o)
    0x08000222   0x00000008   Code   RO         3490    .ARM.Collect$$rtentry$$0000000D  c_w.l(rtentry2.o)
    0x0800022a   0x00000002   Code   RO         3520    .ARM.Collect$$rtexit$$00000000  c_w.l(rtexit.o)
    0x0800022c   0x00000000   Code   RO         3568    .ARM.Collect$$rtexit$$00000002  c_w.l(rtexit2.o)
    0x0800022c   0x00000004   Code   RO         3569    .ARM.Collect$$rtexit$$00000003  c_w.l(rtexit2.o)
    0x08000230   0x00000006   Code   RO         3570    .ARM.Collect$$rtexit$$00000004  c_w.l(rtexit2.o)
    0x08000236   0x00000002   PAD
    0x08000238   0x00000040   Code   RO         1463    .text               startup_stm32f411xe.o
    0x08000278   0x00000006   Code   RO         3288    .text               c_w.l(heapauxi.o)
    0x0800027e   0x00000016   Code   RO         3439    .text               c_w.l(_rserrno.o)
    0x08000294   0x00000008   Code   RO         3501    .text               c_w.l(rt_errno_addr_intlibspace.o)
    0x0800029c   0x00000008   Code   RO         3505    .text               c_w.l(libspace.o)
    0x080002a4   0x0000004a   Code   RO         3508    .text               c_w.l(sys_stackheap_outer.o)
    0x080002ee   0x0000000c   Code   RO         3510    .text               c_w.l(exit.o)
    0x080002fa   0x00000002   PAD
    0x080002fc   0x0000000c   Code   RO         3578    .text               c_w.l(sys_exit.o)
    0x08000308   0x00000002   Code   RO         3589    .text               c_w.l(use_no_semi.o)
    0x0800030a   0x00000000   Code   RO         3591    .text               c_w.l(indicate_semi.o)
    0x0800030a   0x00000002   Code   RO          325    i.BusFault_Handler  stm32f4xx_it.o
    0x0800030c   0x0000003e   Code   RO          693    i.Convert4BytesToWordData  functions.o
    0x0800034a   0x00000012   Code   RO         1302    i.Core_Delay_Us     srf05.o
    0x0800035c   0x00000064   Code   RO          326    i.DMA1_Stream5_IRQHandler  stm32f4xx_it.o
    0x080003c0   0x000006f4   Code   RO          327    i.DMA2_Stream2_IRQHandler  stm32f4xx_it.o
    0x08000ab4   0x00000094   Code   RO          328    i.DMA2_Stream5_IRQHandler  stm32f4xx_it.o
    0x08000b48   0x0000002c   Code   RO         1710    i.DMA_ClearFlag     stm32f4xx_dma.o
    0x08000b74   0x0000002c   Code   RO         1711    i.DMA_ClearITPendingBit  stm32f4xx_dma.o
    0x08000ba0   0x00000014   Code   RO         1712    i.DMA_Cmd           stm32f4xx_dma.o
    0x08000bb4   0x00000034   Code   RO         1721    i.DMA_GetFlagStatus  stm32f4xx_dma.o
    0x08000be8   0x0000002c   Code   RO         1723    i.DMA_ITConfig      stm32f4xx_dma.o
    0x08000c14   0x00000054   Code   RO         1724    i.DMA_Init          stm32f4xx_dma.o
    0x08000c68   0x00000002   Code   RO          329    i.DebugMon_Handler  stm32f4xx_it.o
    0x08000c6a   0x00000002   PAD
    0x08000c6c   0x00000490   Code   RO          694    i.Defuzzification_Max_Min  functions.o
    0x080010fc   0x0000007c   Code   RO          695    i.Degree_To_Degree  functions.o
    0x08001178   0x00000034   Code   RO          476    i.DirPinConfig      encoder.o
    0x080011ac   0x0000001e   Code   RO          477    i.Encoder_Config    encoder.o
    0x080011ca   0x00000018   Code   RO          696    i.EraseMemory       functions.o
    0x080011e2   0x0000000a   Code   RO          697    i.Error_AppendError  functions.o
    0x080011ec   0x00000006   Code   RO          698    i.Error_ResetIndex  functions.o
    0x080011f2   0x00000002   PAD
    0x080011f4   0x0000006c   Code   RO         3037    i.FLASH_EraseSector  stm32f4xx_flash.o
    0x08001260   0x0000003c   Code   RO         3039    i.FLASH_GetStatus   stm32f4xx_flash.o
    0x0800129c   0x00000010   Code   RO         3043    i.FLASH_Lock        stm32f4xx_flash.o
    0x080012ac   0x0000003c   Code   RO         3067    i.FLASH_ProgramWord  stm32f4xx_flash.o
    0x080012e8   0x00000024   Code   RO         3069    i.FLASH_Unlock      stm32f4xx_flash.o
    0x0800130c   0x0000001e   Code   RO         3070    i.FLASH_WaitForLastOperation  stm32f4xx_flash.o
    0x0800132a   0x0000001e   Code   RO          699    i.FeedBack          functions.o
    0x08001348   0x00000044   Code   RO          700    i.Fuzzy_Max         functions.o
    0x0800138c   0x0000003a   Code   RO          701    i.Fuzzy_Min         functions.o
    0x080013c6   0x00000002   PAD
    0x080013c8   0x000001cc   Code   RO          702    i.Fuzzy_ParametersInit  functions.o
    0x08001594   0x000000a2   Code   RO         1843    i.GPIO_Init         stm32f4xx_gpio.o
    0x08001636   0x00000020   Code   RO         1844    i.GPIO_PinAFConfig  stm32f4xx_gpio.o
    0x08001656   0x0000000e   Code   RO         1847    i.GPIO_ReadInputDataBit  stm32f4xx_gpio.o
    0x08001664   0x0000000e   Code   RO         1849    i.GPIO_ReadOutputDataBit  stm32f4xx_gpio.o
    0x08001672   0x00000004   Code   RO         1850    i.GPIO_ResetBits    stm32f4xx_gpio.o
    0x08001676   0x00000004   Code   RO         1851    i.GPIO_SetBits      stm32f4xx_gpio.o
    0x0800167a   0x00000002   PAD
    0x0800167c   0x00000048   Code   RO          703    i.GPS_ClearPathBuffer  functions.o
    0x080016c4   0x00000148   Code   RO          705    i.GPS_GetLLQMessage  functions.o
    0x0800180c   0x000000ac   Code   RO          706    i.GPS_GetLatFromString  functions.o
    0x080018b8   0x0000009c   Code   RO          707    i.GPS_GetLonFromString  functions.o
    0x08001954   0x0000001a   Code   RO          709    i.GPS_HeaderCompare  functions.o
    0x0800196e   0x00000002   PAD
    0x08001970   0x00000078   Code   RO          710    i.GPS_LLToDegree    functions.o
    0x080019e8   0x0000057c   Code   RO          711    i.GPS_LatLonToUTM   functions.o
    0x08001f64   0x0000005c   Code   RO          712    i.GPS_ParametersInit  functions.o
    0x08001fc0   0x0000015a   Code   RO          713    i.GPS_PathPlanning  functions.o
    0x0800211a   0x00000002   PAD
    0x0800211c   0x000000a4   Code   RO          714    i.GPS_SavePathCoordinateToFlash  functions.o
    0x080021c0   0x0000039c   Code   RO          715    i.GPS_StanleyControl  functions.o
    0x0800255c   0x0000000a   Code   RO          716    i.GPS_UpdateParameters  functions.o
    0x08002566   0x00000002   PAD
    0x08002568   0x00000078   Code   RO          717    i.GPS_UpdatePathCoordinate  functions.o
    0x080025e0   0x00000084   Code   RO          718    i.GPS_UpdatePathYaw  functions.o
    0x08002664   0x00000068   Code   RO         1366    i.GetAFFromTIM      stm32f411_rccenable.o
    0x080026cc   0x00000070   Code   RO         1367    i.GetIRQHandlerFromTIMxCC  stm32f411_rccenable.o
    0x0800273c   0x00000060   Code   RO          719    i.GetMessageInfo    functions.o
    0x0800279c   0x000000e0   Code   RO          720    i.GetNbOfReceiveHeader  functions.o
    0x0800287c   0x00000090   Code   RO         1368    i.GetPinSourceFromGPIOPin  stm32f411_rccenable.o
    0x0800290c   0x0000017c   Code   RO          721    i.GetValueFromString  functions.o
    0x08002a88   0x00000124   Code   RO          330    i.GetVehicleVelocity  stm32f4xx_it.o
    0x08002bac   0x00000002   Code   RO          331    i.HardFault_Handler  stm32f4xx_it.o
    0x08002bae   0x00000002   PAD
    0x08002bb0   0x00000094   Code   RO          723    i.IMU_GetValueFromMessage  functions.o
    0x08002c44   0x00000028   Code   RO          724    i.IMU_ParametesInit  functions.o
    0x08002c6c   0x00000008   Code   RO          725    i.IMU_UpdateFuzzyCoefficients  functions.o
    0x08002c74   0x000000e4   Code   RO          726    i.IMU_UpdateFuzzyInput  functions.o
    0x08002d58   0x0000000a   Code   RO          727    i.IMU_UpdatePreAngle  functions.o
    0x08002d62   0x00000022   Code   RO          728    i.IMU_UpdateSetAngle  functions.o
    0x08002d84   0x0000002e   Code   RO          729    i.IsCorrectMessage  functions.o
    0x08002db2   0x00000002   PAD
    0x08002db4   0x00000044   Code   RO          731    i.IsDouble          functions.o
    0x08002df8   0x0000000c   Code   RO          732    i.IsValidData       functions.o
    0x08002e04   0x00000016   Code   RO          733    i.LRCCalculate      functions.o
    0x08002e1a   0x00000018   Code   RO          736    i.LengthOfLine      functions.o
    0x08002e32   0x00000002   PAD
    0x08002e34   0x0000000c   Code   RO          478    i.M1_Backward       encoder.o
    0x08002e40   0x000000b4   Code   RO          479    i.M1_Encoder_Config  encoder.o
    0x08002ef4   0x0000000c   Code   RO          480    i.M1_Forward        encoder.o
    0x08002f00   0x0000000c   Code   RO          481    i.M2_Backward       encoder.o
    0x08002f0c   0x000000b4   Code   RO          482    i.M2_Encoder_Config  encoder.o
    0x08002fc0   0x0000000c   Code   RO          483    i.M2_Forward        encoder.o
    0x08002fcc   0x00000002   Code   RO          332    i.MemManage_Handler  stm32f4xx_it.o
    0x08002fce   0x00000002   Code   RO          333    i.NMI_Handler       stm32f4xx_it.o
    0x08002fd0   0x00000064   Code   RO         1470    i.NVIC_Init         misc.o
    0x08003034   0x00000014   Code   RO         1471    i.NVIC_PriorityGroupConfig  misc.o
    0x08003048   0x0000015c   Code   RO          737    i.PID_Compute       functions.o
    0x080031a4   0x00000034   Code   RO          738    i.PID_ParametersInitial  functions.o
    0x080031d8   0x00000006   Code   RO          739    i.PID_ParametersUpdate  functions.o
    0x080031de   0x00000002   PAD
    0x080031e0   0x000000b4   Code   RO          133    i.PID_ReadParametersFromFlash  main.o
    0x08003294   0x0000000a   Code   RO          740    i.PID_ResetEncoder  functions.o
    0x0800329e   0x00000002   PAD
    0x080032a0   0x0000001c   Code   RO          741    i.PID_ResetPID      functions.o
    0x080032bc   0x000000e4   Code   RO          742    i.PID_SavePIDParaToFlash  functions.o
    0x080033a0   0x00000004   Code   RO          743    i.PID_UpdateEnc     functions.o
    0x080033a4   0x00000006   Code   RO          744    i.PID_UpdateSetVel  functions.o
    0x080033aa   0x00000002   PAD
    0x080033ac   0x000000a4   Code   RO          484    i.PWM_Config        encoder.o
    0x08003450   0x000000c4   Code   RO          135    i.Parameters_Init   main.o
    0x08003514   0x00000002   Code   RO          334    i.PendSV_Handler    stm32f4xx_it.o
    0x08003516   0x00000002   PAD
    0x08003518   0x00000044   Code   RO          136    i.Peripheral_Config  main.o
    0x0800355c   0x0000007c   Code   RO          745    i.Pi_To_Pi          functions.o
    0x080035d8   0x00000018   Code   RO         2172    i.RCC_AHB1PeriphClockCmd  stm32f4xx_rcc.o
    0x080035f0   0x00000018   Code   RO         2178    i.RCC_APB1PeriphClockCmd  stm32f4xx_rcc.o
    0x08003608   0x00000018   Code   RO         2181    i.RCC_APB2PeriphClockCmd  stm32f4xx_rcc.o
    0x08003620   0x00000090   Code   RO         1370    i.RCC_GPIOxClockCmd  stm32f411_rccenable.o
    0x080036b0   0x00000094   Code   RO         2190    i.RCC_GetClocksFreq  stm32f4xx_rcc.o
    0x08003744   0x000000c0   Code   RO         1372    i.RCC_TIMxClockCmd  stm32f411_rccenable.o
    0x08003804   0x0000003c   Code   RO          746    i.ReadFromFlash     functions.o
    0x08003840   0x00000068   Code   RO          335    i.Reset_Motor       stm32f4xx_it.o
    0x080038a8   0x0000000e   Code   RO          485    i.Robot_AntiClockwise  encoder.o
    0x080038b6   0x0000000e   Code   RO          486    i.Robot_Backward    encoder.o
    0x080038c4   0x0000000e   Code   RO          487    i.Robot_Clockwise   encoder.o
    0x080038d2   0x0000000e   Code   RO          488    i.Robot_Forward     encoder.o
    0x080038e0   0x0000008c   Code   RO          489    i.Robot_Run         encoder.o
    0x0800396c   0x00000002   Code   RO          336    i.SVC_Handler       stm32f4xx_it.o
    0x0800396e   0x00000002   PAD
    0x08003970   0x00000034   Code   RO          337    i.SaveDataToInternalFlash  stm32f4xx_it.o
    0x080039a4   0x0000003c   Code   RO         1431    i.Self_ParametersInit  twowheelrobot.o
    0x080039e0   0x0000026c   Code   RO          137    i.SendData          main.o
    0x08003c4c   0x000001b4   Code   RO          138    i.SendStatusData    main.o
    0x08003e00   0x00000074   Code   RO            4    i.SetSysClock       system_stm32f4xx.o
    0x08003e74   0x00000038   Code   RO          139    i.Srf05_BackEnd     main.o
    0x08003eac   0x00000006   Code   RO         1303    i.Srf05_ClearFlag   srf05.o
    0x08003eb2   0x00000002   PAD
    0x08003eb4   0x00000018   Code   RO         1304    i.Srf05_FirstInit   srf05.o
    0x08003ecc   0x000000d4   Code   RO         1305    i.Srf05_Initial     srf05.o
    0x08003fa0   0x00000038   Code   RO          140    i.Srf05_LeftFront   main.o
    0x08003fd8   0x00000038   Code   RO          141    i.Srf05_MidFront    main.o
    0x08004010   0x00000034   Code   RO          142    i.Srf05_RightFront  main.o
    0x08004044   0x00000006   Code   RO         1307    i.Srf05_SetFlag     srf05.o
    0x0800404a   0x00000002   PAD
    0x0800404c   0x00000034   Code   RO          143    i.Srf05_StartSensorBack  main.o
    0x08004080   0x00000034   Code   RO          144    i.Srf05_StartSensorLeft  main.o
    0x080040b4   0x00000034   Code   RO          145    i.Srf05_StartSensorMid  main.o
    0x080040e8   0x00000034   Code   RO          146    i.Srf05_StartSensorRight  main.o
    0x0800411c   0x0000003c   Code   RO          147    i.StartTimer        main.o
    0x08004158   0x00000004   Code   RO          749    i.Status_CheckStatus  functions.o
    0x0800415c   0x0000001c   Code   RO          750    i.Status_ParametersInit  functions.o
    0x08004178   0x00000004   Code   RO          751    i.Status_UpdateStatus  functions.o
    0x0800417c   0x00000018   Code   RO          148    i.StopTimer         main.o
    0x08004194   0x00000010   Code   RO          490    i.Stop_Motor        encoder.o
    0x080041a4   0x0000001c   Code   RO          752    i.StringHeaderCompare  functions.o
    0x080041c0   0x00000078   Code   RO          338    i.SysTick_Handler   stm32f4xx_it.o
    0x08004238   0x0000005c   Code   RO            6    i.SystemInit        system_stm32f4xx.o
    0x08004294   0x0000002e   Code   RO         2480    i.TI1_Config        stm32f4xx_tim.o
    0x080042c2   0x00000036   Code   RO         2481    i.TI2_Config        stm32f4xx_tim.o
    0x080042f8   0x0000018c   Code   RO          339    i.TIM2_IRQHandler   stm32f4xx_it.o
    0x08004484   0x0000001c   Code   RO          340    i.TIM3_IRQHandler   stm32f4xx_it.o
    0x080044a0   0x0000001c   Code   RO          341    i.TIM4_IRQHandler   stm32f4xx_it.o
    0x080044bc   0x00000040   Code   RO          149    i.TIM5_IRQHandler   main.o
    0x080044fc   0x00000014   Code   RO         2482    i.TIM_ARRPreloadConfig  stm32f4xx_tim.o
    0x08004510   0x00000006   Code   RO         2489    i.TIM_ClearITPendingBit  stm32f4xx_tim.o
    0x08004516   0x00000014   Code   RO         2494    i.TIM_Cmd           stm32f4xx_tim.o
    0x0800452a   0x00000032   Code   RO         2503    i.TIM_EncoderInterfaceConfig  stm32f4xx_tim.o
    0x0800455c   0x00000004   Code   RO         2511    i.TIM_GetCapture3   stm32f4xx_tim.o
    0x08004560   0x00000004   Code   RO         2512    i.TIM_GetCapture4   stm32f4xx_tim.o
    0x08004564   0x00000004   Code   RO         2513    i.TIM_GetCounter    stm32f4xx_tim.o
    0x08004568   0x0000000e   Code   RO         2514    i.TIM_GetFlagStatus  stm32f4xx_tim.o
    0x08004576   0x000000ac   Code   RO         2517    i.TIM_ICInit        stm32f4xx_tim.o
    0x08004622   0x00000010   Code   RO         2519    i.TIM_ITConfig      stm32f4xx_tim.o
    0x08004632   0x00000002   PAD
    0x08004634   0x00000060   Code   RO         2523    i.TIM_OC1Init       stm32f4xx_tim.o
    0x08004694   0x0000000c   Code   RO         2526    i.TIM_OC1PreloadConfig  stm32f4xx_tim.o
    0x080046a0   0x00000080   Code   RO         2528    i.TIM_OC2Init       stm32f4xx_tim.o
    0x08004720   0x00000014   Code   RO         2531    i.TIM_OC2PreloadConfig  stm32f4xx_tim.o
    0x08004734   0x00000010   Code   RO         2561    i.TIM_SetIC1Prescaler  stm32f4xx_tim.o
    0x08004744   0x00000018   Code   RO         2562    i.TIM_SetIC2Prescaler  stm32f4xx_tim.o
    0x0800475c   0x00000010   Code   RO         2563    i.TIM_SetIC3Prescaler  stm32f4xx_tim.o
    0x0800476c   0x00000018   Code   RO         2564    i.TIM_SetIC4Prescaler  stm32f4xx_tim.o
    0x08004784   0x0000007c   Code   RO         2566    i.TIM_TimeBaseInit  stm32f4xx_tim.o
    0x08004800   0x00000044   Code   RO          753    i.Time_GetSampleTime  functions.o
    0x08004844   0x00000014   Code   RO          754    i.Time_ParametersInit  functions.o
    0x08004858   0x00000004   Code   RO          755    i.Time_SampleTimeUpdate  functions.o
    0x0800485c   0x0000000a   Code   RO          756    i.Time_SendTimeUpdate  functions.o
    0x08004866   0x00000002   PAD
    0x08004868   0x00000048   Code   RO          150    i.TimerDelayConfig  main.o
    0x080048b0   0x00000110   Code   RO          757    i.ToChar            functions.o
    0x080049c0   0x0000000e   Code   RO          759    i.ToHex             functions.o
    0x080049ce   0x00000002   PAD
    0x080049d0   0x00000034   Code   RO          760    i.ToRPM             functions.o
    0x08004a04   0x000000d8   Code   RO          762    i.Trapf             functions.o
    0x08004adc   0x000000cc   Code   RO          764    i.Trimf             functions.o
    0x08004ba8   0x00000024   Code   RO          627    i.U1_SendData       usart_dma_config.o
    0x08004bcc   0x00000028   Code   RO          629    i.U6_SendData       usart_dma_config.o
    0x08004bf4   0x00000164   Code   RO          630    i.USART1_Config     usart_dma_config.o
    0x08004d58   0x00000040   Code   RO          342    i.USART1_IRQHandler  stm32f4xx_it.o
    0x08004d98   0x00000160   Code   RO          631    i.USART2_Config     usart_dma_config.o
    0x08004ef8   0x00000040   Code   RO          343    i.USART2_IRQHandler  stm32f4xx_it.o
    0x08004f38   0x00000160   Code   RO          632    i.USART6_Config     usart_dma_config.o
    0x08005098   0x00000040   Code   RO          344    i.USART6_IRQHandler  stm32f4xx_it.o
    0x080050d8   0x00000006   Code   RO         1518    i.USART_ClearFlag   stm32f4xx_usart.o
    0x080050de   0x00000014   Code   RO         1522    i.USART_Cmd         stm32f4xx_usart.o
    0x080050f2   0x00000010   Code   RO         1523    i.USART_DMACmd      stm32f4xx_usart.o
    0x08005102   0x0000003e   Code   RO         1526    i.USART_GetITStatus  stm32f4xx_usart.o
    0x08005140   0x00000030   Code   RO         1528    i.USART_ITConfig    stm32f4xx_usart.o
    0x08005170   0x000000ac   Code   RO         1529    i.USART_Init        stm32f4xx_usart.o
    0x0800521c   0x00000008   Code   RO         1536    i.USART_ReceiveData  stm32f4xx_usart.o
    0x08005224   0x00000002   Code   RO          345    i.UsageFault_Handler  stm32f4xx_it.o
    0x08005226   0x00000018   Code   RO          766    i.Veh_CheckStateChange  functions.o
    0x0800523e   0x00000032   Code   RO          767    i.Veh_GetCommandMessage  functions.o
    0x08005270   0x0000004c   Code   RO          768    i.Veh_ParametersInit  functions.o
    0x080052bc   0x00000006   Code   RO          769    i.Veh_UpdateMaxVelocity  functions.o
    0x080052c2   0x00000002   PAD
    0x080052c4   0x0000015c   Code   RO          770    i.Veh_UpdateVehicleFromKey  functions.o
    0x08005420   0x00000056   Code   RO          771    i.WriteToFlash      functions.o
    0x08005476   0x00000030   Code   RO         3461    i.__ARM_fpclassify  m_wm.l(fpclassify.o)
    0x080054a6   0x00000002   PAD
    0x080054a8   0x000002e0   Code   RO         3330    i.__hardfp_atan     m_wm.l(atan.o)
    0x08005788   0x000001f0   Code   RO         3344    i.__hardfp_atan2    m_wm.l(atan2.o)
    0x08005978   0x000000d8   Code   RO         3356    i.__hardfp_cos      m_wm.l(cos.o)
    0x08005a50   0x00000014   Code   RO         3368    i.__hardfp_fabs     m_wm.l(fabs.o)
    0x08005a64   0x00000004   PAD
    0x08005a68   0x000003e4   Code   RO         3374    i.__hardfp_log      m_wm.l(log.o)
    0x08005e4c   0x00000004   PAD
    0x08005e50   0x00000c38   Code   RO         3388    i.__hardfp_pow      m_wm.l(pow.o)
    0x08006a88   0x000000d8   Code   RO         3402    i.__hardfp_sin      m_wm.l(sin.o)
    0x08006b60   0x0000007a   Code   RO         3414    i.__hardfp_sqrt     m_wm.l(sqrt.o)
    0x08006bda   0x00000006   PAD
    0x08006be0   0x000000a0   Code   RO         3426    i.__hardfp_tan      m_wm.l(tan.o)
    0x08006c80   0x00000438   Code   RO         3466    i.__ieee754_rem_pio2  m_wm.l(rred.o)
    0x080070b8   0x00000170   Code   RO         3456    i.__kernel_cos      m_wm.l(cos_i.o)
    0x08007228   0x000000f8   Code   RO         3463    i.__kernel_poly     m_wm.l(poly.o)
    0x08007320   0x00000130   Code   RO         3471    i.__kernel_sin      m_wm.l(sin_i.o)
    0x08007450   0x00000350   Code   RO         3477    i.__kernel_tan      m_wm.l(tan_i.o)
    0x080077a0   0x00000020   Code   RO         3459    i.__mathlib_dbl_underflow  m_wm.l(dunder.o)
    0x080077c0   0x00000010   Code   RO         3332    i.atan              m_wm.l(atan.o)
    0x080077d0   0x00000018   Code   RO         3370    i.fabs              m_wm.l(fabs.o)
    0x080077e8   0x00000014   Code   RO          772    i.fix               functions.o
    0x080077fc   0x00000548   Code   RO          151    i.main              main.o
    0x08007d44   0x0000006e   Code   RO         3416    i.sqrt              m_wm.l(sqrt.o)
    0x08007db2   0x00000018   Code   RO         3292    x$fpl$basic         fz_wm.l(basic.o)
    0x08007dca   0x00000002   PAD
    0x08007dcc   0x00000062   Code   RO         3294    x$fpl$d2f           fz_wm.l(d2f.o)
    0x08007e2e   0x00000002   PAD
    0x08007e30   0x00000150   Code   RO         3296    x$fpl$dadd          fz_wm.l(daddsub_clz.o)
    0x08007f80   0x00000010   Code   RO         3503    x$fpl$dcheck1       fz_wm.l(dcheck1.o)
    0x08007f90   0x00000018   Code   RO         3441    x$fpl$dcmpinf       fz_wm.l(dcmpi.o)
    0x08007fa8   0x000002b0   Code   RO         3303    x$fpl$ddiv          fz_wm.l(ddiv.o)
    0x08008258   0x00000078   Code   RO         3306    x$fpl$deqf          fz_wm.l(deqf.o)
    0x080082d0   0x0000005e   Code   RO         3308    x$fpl$dfix          fz_wm.l(dfix.o)
    0x0800832e   0x00000002   PAD
    0x08008330   0x0000005a   Code   RO         3312    x$fpl$dfixu         fz_wm.l(dfixu.o)
    0x0800838a   0x0000002e   Code   RO         3317    x$fpl$dflt          fz_wm.l(dflt_clz.o)
    0x080083b8   0x00000026   Code   RO         3316    x$fpl$dfltu         fz_wm.l(dflt_clz.o)
    0x080083de   0x00000002   PAD
    0x080083e0   0x00000078   Code   RO         3322    x$fpl$dleqf         fz_wm.l(dleqf.o)
    0x08008458   0x00000154   Code   RO         3324    x$fpl$dmul          fz_wm.l(dmul.o)
    0x080085ac   0x0000009c   Code   RO         3443    x$fpl$dnaninf       fz_wm.l(dnaninf.o)
    0x08008648   0x0000000c   Code   RO         3445    x$fpl$dretinf       fz_wm.l(dretinf.o)
    0x08008654   0x0000006c   Code   RO         3326    x$fpl$drleqf        fz_wm.l(drleqf.o)
    0x080086c0   0x00000016   Code   RO         3297    x$fpl$drsb          fz_wm.l(daddsub_clz.o)
    0x080086d6   0x00000002   PAD
    0x080086d8   0x00000198   Code   RO         3447    x$fpl$dsqrt         fz_wm.l(dsqrt_umaal.o)
    0x08008870   0x000001d4   Code   RO         3298    x$fpl$dsub          fz_wm.l(daddsub_clz.o)
    0x08008a44   0x00000056   Code   RO         3328    x$fpl$f2d           fz_wm.l(f2d.o)
    0x08008a9a   0x0000008c   Code   RO         3449    x$fpl$fnaninf       fz_wm.l(fnaninf.o)
    0x08008b26   0x0000000a   Code   RO         3576    x$fpl$fpinit        fz_wm.l(fpinit.o)
    0x08008b30   0x0000000a   Code   RO         3451    x$fpl$fretinf       fz_wm.l(fretinf.o)
    0x08008b3a   0x00000064   Code   RO         3518    x$fpl$retnan        fz_wm.l(retnan.o)
    0x08008b9e   0x0000005c   Code   RO         3453    x$fpl$scalbn        fz_wm.l(scalbn.o)
    0x08008bfa   0x00000030   Code   RO         3565    x$fpl$trapveneer    fz_wm.l(trapv.o)
    0x08008c2a   0x00000000   Code   RO         3455    x$fpl$usenofp       fz_wm.l(usenofp.o)
    0x08008c2a   0x00000006   PAD
    0x08008c30   0x00000098   Data   RO         3333    .constdata          m_wm.l(atan.o)
    0x08008cc8   0x00000038   Data   RO         3377    .constdata          m_wm.l(log.o)
    0x08008d00   0x00000088   Data   RO         3391    .constdata          m_wm.l(pow.o)
    0x08008d88   0x00000030   Data   RO         3457    .constdata          m_wm.l(cos_i.o)
    0x08008db8   0x00000008   Data   RO         3465    .constdata          m_wm.l(qnan.o)
    0x08008dc0   0x000000c8   Data   RO         3468    .constdata          m_wm.l(rred.o)
    0x08008e88   0x00000028   Data   RO         3472    .constdata          m_wm.l(sin_i.o)
    0x08008eb0   0x00000060   Data   RO         3478    .constdata          m_wm.l(tan_i.o)
    0x08008f10   0x00000020   Data   RO         3643    Region$$Table       anon$$obj.o


    Execution Region RW_IRAM1 (Base: 0x20000000, Size: 0x00014830, Max: 0x00020000, ABSOLUTE)

    Base Addr    Size         Type   Attr      Idx    E Section Name        Object

    0x20000000   0x00000014   Data   RW            7    .data               system_stm32f4xx.o
    0x20000014   0x00000004   Data   RW          153    .data               main.o
    0x20000018   0x00000003   Data   RW          346    .data               stm32f4xx_it.o
    0x2000001b   0x00000001   PAD
    0x2000001c   0x0000000c   Data   RW          492    .data               encoder.o
    0x20000028   0x00000010   Data   RW          634    .data               usart_dma_config.o
    0x20000038   0x00000040   Data   RW          782    .data               functions.o
    0x20000078   0x0000000c   Data   RW         1309    .data               srf05.o
    0x20000084   0x00000010   Data   RW         2220    .data               stm32f4xx_rcc.o
    0x20000094   0x00000004   PAD
    0x20000098   0x00000068   Zero   RW          152    .bss                main.o
    0x20000100   0x00000020   Zero   RW          491    .bss                encoder.o
    0x20000120   0x0000095c   Zero   RW          633    .bss                usart_dma_config.o
    0x20000a7c   0x0000000d   Zero   RW          773    .bss                functions.o
    0x20000a89   0x00000007   PAD
    0x20000a90   0x00000058   Zero   RW          774    .bss                functions.o
    0x20000ae8   0x00000058   Zero   RW          775    .bss                functions.o
    0x20000b40   0x00012a3c   Zero   RW          777    .bss                functions.o
    0x2001357c   0x000005dc   Zero   RW          778    .bss                functions.o
    0x20013b58   0x000005dc   Zero   RW          779    .bss                functions.o
    0x20014134   0x00000004   PAD
    0x20014138   0x00000030   Zero   RW          780    .bss                functions.o
    0x20014168   0x00000015   Zero   RW          781    .bss                functions.o
    0x2001417d   0x00000003   PAD
    0x20014180   0x00000016   Zero   RW         1308    .bss                srf05.o
    0x20014196   0x00000002   PAD
    0x20014198   0x00000038   Zero   RW         1432    .bss                twowheelrobot.o
    0x200141d0   0x00000060   Zero   RW         3506    .bss                c_w.l(libspace.o)
    0x20014230   0x00000200   Zero   RW         1461    HEAP                startup_stm32f411xe.o
    0x20014430   0x00000400   Zero   RW         1460    STACK               startup_stm32f411xe.o


==============================================================================

Image component sizes


      Code (inc. data)   RO Data    RW Data    ZI Data      Debug   Object Name

       866        104          0         12         32       9891   encoder.o
      9816       1084          0         64      79606      55416   functions.o
      3500        374          0          4        104      43429   main.o
       120         14          0          0          0       1751   misc.o
       266         16          0         12         22       4746   srf05.o
        64         26        408          0       1536        976   startup_stm32f411xe.o
       696        152          0          0          0       4586   stm32f411_rccenable.o
       288         40          0          0          0       5376   stm32f4xx_dma.o
       310         30          0          0          0       4635   stm32f4xx_flash.o
       230          0          0          0          0       4492   stm32f4xx_gpio.o
      3256        496          0          3          0      13155   stm32f4xx_it.o
       220         34          0         16          0       5119   stm32f4xx_rcc.o
       870         44          0          0          0      15551   stm32f4xx_tim.o
       332          8          0          0          0       5747   stm32f4xx_usart.o
       208         36          0         20          0     283953   system_stm32f4xx.o
        60         26          0          0         56       1864   twowheelrobot.o
      1136         78          0         16       2396       4998   usart_dma_config.o

    ----------------------------------------------------------------------
     22280       2562        440        148      83772     465685   Object Totals
         0          0         32          0          0          0   (incl. Generated)
        42          0          0          1         20          0   (incl. Padding)

    ----------------------------------------------------------------------

      Code (inc. data)   RO Data    RW Data    ZI Data      Debug   Library Member Name

         8          0          0          0          0         68   __main.o
        52          8          0          0          0          0   __scatter.o
        26          0          0          0          0          0   __scatter_copy.o
        28          0          0          0          0          0   __scatter_zi.o
        22          0          0          0          0        100   _rserrno.o
        12          0          0          0          0         72   exit.o
         6          0          0          0          0        152   heapauxi.o
         0          0          0          0          0          0   indicate_semi.o
         2          0          0          0          0          0   libinit.o
         6          0          0          0          0          0   libinit2.o
         2          0          0          0          0          0   libshutdown.o
         2          0          0          0          0          0   libshutdown2.o
         8          4          0          0         96         68   libspace.o
         8          4          0          0          0         68   rt_errno_addr_intlibspace.o
         0          0          0          0          0          0   rtentry.o
        12          0          0          0          0          0   rtentry2.o
         6          0          0          0          0          0   rtentry4.o
         2          0          0          0          0          0   rtexit.o
        10          0          0          0          0          0   rtexit2.o
        12          4          0          0          0         68   sys_exit.o
        74          0          0          0          0         80   sys_stackheap_outer.o
         2          0          0          0          0         68   use_no_semi.o
        24          0          0          0          0        164   basic.o
        98          4          0          0          0        140   d2f.o
       826         16          0          0          0        492   daddsub_clz.o
        16          4          0          0          0        116   dcheck1.o
        24          0          0          0          0        116   dcmpi.o
       688        140          0          0          0        256   ddiv.o
       120          4          0          0          0        140   deqf.o
        94          4          0          0          0        140   dfix.o
        90          4          0          0          0        140   dfixu.o
        84          0          0          0          0        232   dflt_clz.o
       120          4          0          0          0        140   dleqf.o
       340         12          0          0          0        152   dmul.o
       156          4          0          0          0        140   dnaninf.o
        12          0          0          0          0        116   dretinf.o
       108          0          0          0          0        128   drleqf.o
       408         56          0          0          0        168   dsqrt_umaal.o
        86          4          0          0          0        132   f2d.o
       140          4          0          0          0        132   fnaninf.o
        10          0          0          0          0        116   fpinit.o
        10          0          0          0          0        116   fretinf.o
       100          0          0          0          0        116   retnan.o
        92          0          0          0          0        116   scalbn.o
        48          0          0          0          0        116   trapv.o
         0          0          0          0          0          0   usenofp.o
       752        104        152          0          0        344   atan.o
       496         70          0          0          0        156   atan2.o
       216         16          0          0          0        152   cos.o
       368         46         48          0          0        200   cos_i.o
        32          8          0          0          0        124   dunder.o
        44          0          0          0          0        248   fabs.o
        48          0          0          0          0        124   fpclassify.o
       996        114         56          0          0        232   log.o
       248          0          0          0          0        152   poly.o
      3128        304        136          0          0        216   pow.o
         0          0          8          0          0          0   qnan.o
      1080        142        200          0          0        188   rred.o
       216         16          0          0          0        152   sin.o
       304         24         40          0          0        208   sin_i.o
       232          0          0          0          0        296   sqrt.o
       160         18          0          0          0        152   tan.o
       848         84         96          0          0        196   tan_i.o

    ----------------------------------------------------------------------
     13200       1230        736          0         96       7508   Library Totals
        38          4          0          0          0          0   (incl. Padding)

    ----------------------------------------------------------------------

      Code (inc. data)   RO Data    RW Data    ZI Data      Debug   Library Name

       300         20          0          0         96        744   c_w.l
      3694        260          0          0          0       3624   fz_wm.l
      9168        946        736          0          0       3140   m_wm.l

    ----------------------------------------------------------------------
     13200       1230        736          0         96       7508   Library Totals

    ----------------------------------------------------------------------

==============================================================================


      Code (inc. data)   RO Data    RW Data    ZI Data      Debug   

     35480       3792       1176        148      83868     450833   Grand Totals
     35480       3792       1176        148      83868     450833   ELF Image Totals
     35480       3792       1176        148          0          0   ROM Totals

==============================================================================

    Total RO  Size (Code + RO Data)                36656 (  35.80kB)
    Total RW  Size (RW Data + ZI Data)             84016 (  82.05kB)
    Total ROM Size (Code + RO Data + RW Data)      36804 (  35.94kB)

==============================================================================

