<html>
<body>
<pre>
<h1>µVision Build Log</h1>
<h2>Project:</h2>
C:\Users\DELL-PC\Desktop\Main_Desktop\automation_project\UnmannedVehicle\Control\MDK-ARM\UnmannedVehicle.uvproj
Project File Date:  03/21/2019

<h2>Output:</h2>
Build target 'STM32F411'
compiling main.c...
compiling stm32f4xx_it.c...
compiling functions.c...
linking...
Program Size: Code=27224 RO-data=1176 RW-data=136 ZI-data=8464  
".\UnmannedVehicle.axf" - 0 Error(s), 0 Warning(s).
tion_project\\UnmannedVehicle\\Control\\MDK-ARM\\UnmannedVehicle.axf" 
Erase Done.
Programming Done.
Verify OK.
Application running ...
rogramming Done.
Verify OK.
Application running ...
