Product: MDK-ARM Standard 5.10
Component: ARM Compiler 5.04 update 1 (build 49)
Tool: armlink [5040049]

==============================================================================

Section Cross References

    system_stm32f4xx.o(i.SystemCoreClockUpdate) refers to system_stm32f4xx.o(.data) for .data
    system_stm32f4xx.o(i.SystemInit) refers to system_stm32f4xx.o(i.SetSysClock) for SetSysClock
    main.o(i.PID_ReadParametersFromFlash) refers to functions.o(i.ReadFromFlash) for ReadFromFlash
    main.o(i.PID_ReadParametersFromFlash) refers to functions.o(i.GetMessageInfo) for GetMessageInfo
    main.o(i.PID_ReadParametersFromFlash) refers to functions.o(i.GetValueFromString) for GetValueFromString
    main.o(i.PID_ReadParametersFromFlash) refers to functions.o(i.PID_ParametersUpdate) for PID_ParametersUpdate
    main.o(i.PID_ReadParametersFromFlash) refers to functions.o(.bss) for Flash
    main.o(i.PID_ReadParametersFromFlash) refers to functions.o(.bss) for M1
    main.o(i.PID_ReadParametersFromFlash) refers to functions.o(.bss) for M2
    main.o(i.PID_SaveManual) refers to functions.o(i.ToChar) for ToChar
    main.o(i.PID_SaveManual) refers to functions.o(i.EraseMemory) for EraseMemory
    main.o(i.PID_SaveManual) refers to functions.o(i.WriteToFlash) for WriteToFlash
    main.o(i.PID_SaveManual) refers to functions.o(.bss) for Flash
    main.o(i.Parameters_Init) refers to functions.o(i.Time_ParametersInit) for Time_ParametersInit
    main.o(i.Parameters_Init) refers to functions.o(i.Time_GetSampleTime) for Time_GetSampleTime
    main.o(i.Parameters_Init) refers to main.o(i.PID_ReadParametersFromFlash) for PID_ReadParametersFromFlash
    main.o(i.Parameters_Init) refers to functions.o(i.PID_ParametersInitial) for PID_ParametersInitial
    main.o(i.Parameters_Init) refers to functions.o(i.Fuzzy_ParametersInit) for Fuzzy_ParametersInit
    main.o(i.Parameters_Init) refers to functions.o(i.IMU_ParametesInit) for IMU_ParametesInit
    main.o(i.Parameters_Init) refers to functions.o(i.IMU_UpdateFuzzyCoefficients) for IMU_UpdateFuzzyCoefficients
    main.o(i.Parameters_Init) refers to functions.o(i.GPS_ParametersInit) for GPS_ParametersInit
    main.o(i.Parameters_Init) refers to functions.o(i.Veh_ParametersInit) for Veh_ParametersInit
    main.o(i.Parameters_Init) refers to functions.o(.bss) for Timer
    main.o(i.Parameters_Init) refers to functions.o(.bss) for M1
    main.o(i.Parameters_Init) refers to functions.o(.bss) for M2
    main.o(i.Parameters_Init) refers to functions.o(.bss) for Veh
    main.o(i.Peripheral_Config) refers to usart_dma_config.o(i.USART1_Config) for USART1_Config
    main.o(i.Peripheral_Config) refers to usart_dma_config.o(i.USART2_Config) for USART2_Config
    main.o(i.Peripheral_Config) refers to usart_dma_config.o(i.USART6_Config) for USART6_Config
    main.o(i.Peripheral_Config) refers to encoder.o(i.Encoder_Config) for Encoder_Config
    main.o(i.Peripheral_Config) refers to misc.o(i.NVIC_PriorityGroupConfig) for NVIC_PriorityGroupConfig
    main.o(i.Peripheral_Config) refers to main.o(i.NVIC_SetPriority) for NVIC_SetPriority
    main.o(i.SendData) refers to functions.o(i.ToChar) for ToChar
    main.o(i.SendData) refers to functions.o(i.Status_CheckStatus) for Status_CheckStatus
    main.o(i.SendData) refers to functions.o(i.LRCCalculate) for LRCCalculate
    main.o(i.SendData) refers to functions.o(i.ToHex) for ToHex
    main.o(i.SendData) refers to usart_dma_config.o(i.U6_SendData) for U6_SendData
    main.o(i.SendData) refers to functions.o(.bss) for Veh
    main.o(i.SendData) refers to usart_dma_config.o(.bss) for U6_TxBuffer
    main.o(i.SendData) refers to functions.o(.bss) for M1
    main.o(i.SendData) refers to functions.o(.bss) for M2
    main.o(i.SendData) refers to functions.o(.bss) for Mag
    main.o(i.SendData) refers to functions.o(.data) for VehStt
    main.o(i.TIM2_TimeBaseConfig) refers to stm32f4xx_rcc.o(i.RCC_APB1PeriphClockCmd) for RCC_APB1PeriphClockCmd
    main.o(i.TIM2_TimeBaseConfig) refers to stm32f4xx_tim.o(i.TIM_TimeBaseInit) for TIM_TimeBaseInit
    main.o(i.TIM2_TimeBaseConfig) refers to stm32f4xx_tim.o(i.TIM_ITConfig) for TIM_ITConfig
    main.o(i.TIM2_TimeBaseConfig) refers to misc.o(i.NVIC_Init) for NVIC_Init
    main.o(i.TIM2_TimeBaseConfig) refers to stm32f4xx_tim.o(i.TIM_Cmd) for TIM_Cmd
    main.o(i.TIM2_TimeBaseConfig) refers to main.o(.bss) for .bss
    main.o(i.TIM2_TimeBaseConfig) refers to main.o(.data) for .data
    main.o(i.main) refers to main.o(i.Parameters_Init) for Parameters_Init
    main.o(i.main) refers to main.o(i.Peripheral_Config) for Peripheral_Config
    main.o(i.main) refers to main.o(i.NVIC_SetPriority) for NVIC_SetPriority
    main.o(i.main) refers to functions.o(i.Status_CheckStatus) for Status_CheckStatus
    main.o(i.main) refers to main.o(i.SendData) for SendData
    main.o(i.main) refers to functions.o(i.Status_UpdateStatus) for Status_UpdateStatus
[...]
    i.Parameters_Init                        0x08002c0c   Section        0  main.o(i.Parameters_Init)
    i.PendSV_Handler                         0x08002c90   Section        0  stm32f4xx_it.o(i.PendSV_Handler)
    i.Peripheral_Config                      0x08002c92   Section        0  main.o(i.Peripheral_Config)
    i.Pi_To_Pi                               0x08002cc4   Section        0  functions.o(i.Pi_To_Pi)
    i.RCC_AHB1PeriphClockCmd                 0x08002d40   Section        0  stm32f4xx_rcc.o(i.RCC_AHB1PeriphClockCmd)
    i.RCC_APB1PeriphClockCmd                 0x08002d58   Section        0  stm32f4xx_rcc.o(i.RCC_APB1PeriphClockCmd)
    i.RCC_APB2PeriphClockCmd                 0x08002d70   Section        0  stm32f4xx_rcc.o(i.RCC_APB2PeriphClockCmd)
    i.RCC_GetClocksFreq                      0x08002d88   Section        0  stm32f4xx_rcc.o(i.RCC_GetClocksFreq)
    i.ReadFromFlash                          0x08002e1c   Section        0  functions.o(i.ReadFromFlash)
    i.Reset_Motor                            0x08002e54   Section        0  stm32f4xx_it.o(i.Reset_Motor)
    i.Robot_Forward                          0x08002ea4   Section        0  encoder.o(i.Robot_Forward)
    i.Robot_Spin_AntiClockWise               0x08002eca   Section        0  encoder.o(i.Robot_Spin_AntiClockWise)
    i.SVC_Handler                            0x08002ef0   Section        0  stm32f4xx_it.o(i.SVC_Handler)
    i.SaveDataToInternalFlash                0x08002ef4   Section        0  stm32f4xx_it.o(i.SaveDataToInternalFlash)
    i.SendData                               0x08002f28   Section        0  main.o(i.SendData)
    i.SetSysClock                            0x080030d8   Section        0  system_stm32f4xx.o(i.SetSysClock)
    SetSysClock                              0x080030d9   Thumb Code    98  system_stm32f4xx.o(i.SetSysClock)
    i.Status_CheckStatus                     0x0800314c   Section        0  functions.o(i.Status_CheckStatus)
    i.Status_UpdateStatus                    0x08003150   Section        0  functions.o(i.Status_UpdateStatus)
    i.StringHeaderCompare                    0x08003154   Section        0  functions.o(i.StringHeaderCompare)
    i.SysTick_Handler                        0x08003170   Section        0  stm32f4xx_it.o(i.SysTick_Handler)
    i.SystemInit                             0x080031c8   Section        0  system_stm32f4xx.o(i.SystemInit)
    i.TIM2_IRQHandler                        0x08003224   Section        0  stm32f4xx_it.o(i.TIM2_IRQHandler)
    i.TIM3_IRQHandler                        0x08003228   Section        0  stm32f4xx_it.o(i.TIM3_IRQHandler)
    i.TIM4_IRQHandler                        0x08003244   Section        0  stm32f4xx_it.o(i.TIM4_IRQHandler)
    i.TIM_ARRPreloadConfig                   0x08003260   Section        0  stm32f4xx_tim.o(i.TIM_ARRPreloadConfig)
    i.TIM_ClearITPendingBit                  0x08003274   Section        0  stm32f4xx_tim.o(i.TIM_ClearITPendingBit)
    i.TIM_Cmd                                0x0800327a   Section        0  stm32f4xx_tim.o(i.TIM_Cmd)
    i.TIM_EncoderInterfaceConfig             0x0800328e   Section        0  stm32f4xx_tim.o(i.TIM_EncoderInterfaceConfig)
    i.TIM_GetCounter                         0x080032c0   Section        0  stm32f4xx_tim.o(i.TIM_GetCounter)
    i.TIM_ITConfig                           0x080032c4   Section        0  stm32f4xx_tim.o(i.TIM_ITConfig)
    i.TIM_OC1Init                            0x080032d4   Section        0  stm32f4xx_tim.o(i.TIM_OC1Init)
    i.TIM_OC1PreloadConfig                   0x08003334   Section        0  stm32f4xx_tim.o(i.TIM_OC1PreloadConfig)
    i.TIM_OC2Init                            0x08003340   Section        0  stm32f4xx_tim.o(i.TIM_OC2Init)
    i.TIM_OC2PreloadConfig                   0x080033c0   Section        0  stm32f4xx_tim.o(i.TIM_OC2PreloadConfig)
    i.TIM_TimeBaseInit                       0x080033d4   Section        0  stm32f4xx_tim.o(i.TIM_TimeBaseInit)
    i.Time_GetSampleTime                     0x08003450   Section        0  functions.o(i.Time_GetSampleTime)
    i.Time_ParametersInit                    0x08003494   Section        0  functions.o(i.Time_ParametersInit)
    i.Time_SampleTimeUpdate                  0x080034a0   Section        0  functions.o(i.Time_SampleTimeUpdate)
    i.Time_SendTimeUpdate                    0x080034a4   Section        0  functions.o(i.Time_SendTimeUpdate)
    i.ToChar                                 0x080034b0   Section        0  functions.o(i.ToChar)
    i.ToHex                                  0x080035b8   Section        0  functions.o(i.ToHex)
    i.ToRPM                                  0x080035c8   Section        0  functions.o(i.ToRPM)
    i.Trapf                                  0x080035fc   Section        0  functions.o(i.Trapf)
    i.Trimf                                  0x080036d4   Section        0  functions.o(i.Trimf)
    i.U1_SendData                            0x080037a0   Section        0  usart_dma_config.o(i.U1_SendData)
    i.U6_SendData                            0x080037c4   Section        0  usart_dma_config.o(i.U6_SendData)
    i.USART1_Config                          0x080037ec   Section        0  usart_dma_config.o(i.USART1_Config)
    i.USART2_Config                          0x08003930   Section        0  usart_dma_config.o(i.USART2_Config)
    i.USART2_IRQHandler                      0x08003a90   Section        0  stm32f4xx_it.o(i.USART2_IRQHandler)
    i.USART6_Config                          0x08003ad0   Section        0  usart_dma_config.o(i.USART6_Config)
    i.USART6_IRQHandler                      0x08003c2c   Section        0  stm32f4xx_it.o(i.USART6_IRQHandler)
    i.USART_ClearFlag                        0x08003c6c   Section        0  stm32f4xx_usart.o(i.USART_ClearFlag)
    i.USART_Cmd                              0x08003c72   Section        0  stm32f4xx_usart.o(i.USART_Cmd)
    i.USART_DMACmd                           0x08003c86   Section        0  stm32f4xx_usart.o(i.USART_DMACmd)
    i.USART_GetITStatus                      0x08003c96   Section        0  stm32f4xx_usart.o(i.USART_GetITStatus)
    i.USART_ITConfig                         0x08003cd4   Section        0  stm32f4xx_usart.o(i.USART_ITConfig)
    i.USART_Init                             0x08003d04   Section        0  stm32f4xx_usart.o(i.USART_Init)
    i.USART_ReceiveData                      0x08003db0   Section        0  stm32f4xx_usart.o(i.USART_ReceiveData)
    i.UsageFault_Handler                     0x08003db8   Section        0  stm32f4xx_it.o(i.UsageFault_Handler)
    i.Veh_GetCommandMessage                  0x08003dba   Section        0  functions.o(i.Veh_GetCommandMessage)
    i.Veh_ParametersInit                     0x08003df4   Section        0  functions.o(i.Veh_ParametersInit)
    i.Veh_UpdateMaxVelocity                  0x08003e18   Section        0  functions.o(i.Veh_UpdateMaxVelocity)
    i.Veh_UpdateVehicleFromKey               0x08003e20   Section        0  functions.o(i.Veh_UpdateVehicleFromKey)
    i.WriteToFlash                           0x08003f7c   Section        0  functions.o(i.WriteToFlash)
    i.__ARM_fpclassify                       0x08003fce   Section        0  fpclassify.o(i.__ARM_fpclassify)
    i.__hardfp_atan                          0x08004000   Section        0  atan.o(i.__hardfp_atan)
    i.__hardfp_atan2                         0x080042e0   Section        0  atan2.o(i.__hardfp_atan2)
    i.__hardfp_cos                           0x080044d0   Section        0  cos.o(i.__hardfp_cos)
    i.__hardfp_fabs                          0x080045a8   Section        0  fabs.o(i.__hardfp_fabs)
    i.__hardfp_log                           0x080045c0   Section        0  log.o(i.__hardfp_log)
    i.__hardfp_pow                           0x080049a8   Section        0  pow.o(i.__hardfp_pow)
    i.__hardfp_sin                           0x080055e0   Section        0  sin.o(i.__hardfp_sin)
    i.__hardfp_sqrt                          0x080056b8   Section        0  sqrt.o(i.__hardfp_sqrt)
    i.__hardfp_tan                           0x08005738   Section        0  tan.o(i.__hardfp_tan)
    i.__ieee754_rem_pio2                     0x080057d8   Section        0  rred.o(i.__ieee754_rem_pio2)
    i.__kernel_cos                           0x08005c10   Section        0  cos_i.o(i.__kernel_cos)
    i.__kernel_poly                          0x08005d80   Section        0  poly.o(i.__kernel_poly)
    i.__kernel_sin                           0x08005e78   Section        0  sin_i.o(i.__kernel_sin)
    i.__kernel_tan                           0x08005fa8   Section        0  tan_i.o(i.__kernel_tan)
    i.__mathlib_dbl_underflow                0x080062f8   Section        0  dunder.o(i.__mathlib_dbl_underflow)
    i.atan                                   0x08006318   Section        0  atan.o(i.atan)
    i.fabs                                   0x08006328   Section        0  fabs.o(i.fabs)
    i.fix                                    0x08006340   Section        0  functions.o(i.fix)
    i.main                                   0x08006354   Section        0  main.o(i.main)
    i.sqrt                                   0x08006630   Section        0  sqrt.o(i.sqrt)
    x$fpl$basic                              0x0800669e   Section       24  basic.o(x$fpl$basic)
    $v0                                      0x0800669e   Number         0  basic.o(x$fpl$basic)
    x$fpl$dadd                               0x080066b8   Section      336  daddsub_clz.o(x$fpl$dadd)
    $v0                                      0x080066b8   Number         0  daddsub_clz.o(x$fpl$dadd)
    _dadd1                                   0x080066c9   Thumb Code     0  daddsub_clz.o(x$fpl$dadd)
    x$fpl$dcheck1                            0x08006808   Section       16  dcheck1.o(x$fpl$dcheck1)
    $v0                                      0x08006808   Number         0  dcheck1.o(x$fpl$dcheck1)
    x$fpl$dcmpinf                            0x08006818   Section       24  dcmpi.o(x$fpl$dcmpinf)
    $v0                                      0x08006818   Number         0  dcmpi.o(x$fpl$dcmpinf)
    x$fpl$ddiv                               0x08006830   Section      688  ddiv.o(x$fpl$ddiv)
    $v0                                      0x08006830   Number         0  ddiv.o(x$fpl$ddiv)
    ddiv_entry                               0x08006837   Thumb Code     0  ddiv.o(x$fpl$ddiv)
    x$fpl$deqf                               0x08006ae0   Section      120  deqf.o(x$fpl$deqf)
    $v0                                      0x08006ae0   Number         0  deqf.o(x$fpl$deqf)
    x$fpl$dfix                               0x08006b58   Section       94  dfix.o(x$fpl$dfix)
    $v0                                      0x08006b58   Number         0  dfix.o(x$fpl$dfix)
    x$fpl$dfixu                              0x08006bb8   Section       90  dfixu.o(x$fpl$dfixu)
    $v0                                      0x08006bb8   Number         0  dfixu.o(x$fpl$dfixu)
    x$fpl$dflt                               0x08006c12   Section       46  dflt_clz.o(x$fpl$dflt)
    $v0                                      0x08006c12   Number         0  dflt_clz.o(x$fpl$dflt)
    x$fpl$dfltu                              0x08006c40   Section       38  dflt_clz.o(x$fpl$dfltu)
    $v0                                      0x08006c40   Number         0  dflt_clz.o(x$fpl$dfltu)
    x$fpl$dleqf                              0x08006c68   Section      120  dleqf.o(x$fpl$dleqf)
    $v0                                      0x08006c68   Number         0  dleqf.o(x$fpl$dleqf)
    x$fpl$dmul                               0x08006ce0   Section      340  dmul.o(x$fpl$dmul)
    $v0                                      0x08006ce0   Number         0  dmul.o(x$fpl$dmul)
    x$fpl$dnaninf                            0x08006e34   Section      156  dnaninf.o(x$fpl$dnaninf)
    $v0                                      0x08006e34   Number         0  dnaninf.o(x$fpl$dnaninf)
    x$fpl$dretinf                            0x08006ed0   Section       12  dretinf.o(x$fpl$dretinf)
    $v0                                      0x08006ed0   Number         0  dretinf.o(x$fpl$dretinf)
    x$fpl$drleqf                             0x08006edc   Section      108  drleqf.o(x$fpl$drleqf)
    $v0                                      0x08006edc   Number         0  drleqf.o(x$fpl$drleqf)
    x$fpl$drsb                               0x08006f48   Section       22  daddsub_clz.o(x$fpl$drsb)
    $v0                                      0x08006f48   Number         0  daddsub_clz.o(x$fpl$drsb)
    x$fpl$dsqrt                              0x08006f60   Section      408  dsqrt_umaal.o(x$fpl$dsqrt)
    $v0                                      0x08006f60   Number         0  dsqrt_umaal.o(x$fpl$dsqrt)
    x$fpl$dsub                               0x080070f8   Section      468  daddsub_clz.o(x$fpl$dsub)
    $v0                                      0x080070f8   Number         0  daddsub_clz.o(x$fpl$dsub)
    _dsub1                                   0x08007109   Thumb Code     0  daddsub_clz.o(x$fpl$dsub)
    x$fpl$fpinit                             0x080072cc   Section       10  fpinit.o(x$fpl$fpinit)
    $v0                                      0x080072cc   Number         0  fpinit.o(x$fpl$fpinit)
    x$fpl$retnan                             0x080072d6   Section      100  retnan.o(x$fpl$retnan)
    $v0                                      0x080072d6   Number         0  retnan.o(x$fpl$retnan)
    x$fpl$scalbn                             0x0800733a   Section       92  scalbn.o(x$fpl$scalbn)
    $v0                                      0x0800733a   Number         0  scalbn.o(x$fpl$scalbn)
    x$fpl$trapveneer                         0x08007396   Section       48  trapv.o(x$fpl$trapveneer)
    $v0                                      0x08007396   Number         0  trapv.o(x$fpl$trapveneer)
    x$fpl$usenofp                            0x080073c6   Section        0  usenofp.o(x$fpl$usenofp)
    .constdata                               0x080073c8   Section      152  atan.o(.constdata)
    atanhi                                   0x080073c8   Data          32  atan.o(.constdata)
    atanlo                                   0x080073e8   Data          32  atan.o(.constdata)
    aTodd                                    0x08007408   Data          40  atan.o(.constdata)
    aTeven                                   0x08007430   Data          48  atan.o(.constdata)
    .constdata                               0x08007460   Section       56  log.o(.constdata)
    Lg2                                      0x08007460   Data          24  log.o(.constdata)
    Lg                                       0x08007478   Data          32  log.o(.constdata)
    .constdata                               0x08007498   Section      136  pow.o(.constdata)
    bp                                       0x08007498   Data          16  pow.o(.constdata)
    dp_h                                     0x080074a8   Data          16  pow.o(.constdata)
    dp_l                                     0x080074b8   Data          16  pow.o(.constdata)
    L                                        0x080074c8   Data          48  pow.o(.constdata)
    P                                        0x080074f8   Data          40  pow.o(.constdata)
    .constdata                               0x08007520   Section       48  cos_i.o(.constdata)
    C                                        0x08007520   Data          48  cos_i.o(.constdata)
    .constdata                               0x08007550   Section        8  qnan.o(.constdata)
    .constdata                               0x08007558   Section      200  rred.o(.constdata)
    pio2s                                    0x08007558   Data          48  rred.o(.constdata)
    twooverpi                                0x08007588   Data         152  rred.o(.constdata)
    .constdata                               0x08007620   Section       40  sin_i.o(.constdata)
    S                                        0x08007620   Data          40  sin_i.o(.constdata)
    .constdata                               0x08007648   Section       96  tan_i.o(.constdata)
    Todd                                     0x08007648   Data          48  tan_i.o(.constdata)
    Teven                                    0x08007678   Data          48  tan_i.o(.constdata)
    .data                                    0x20000000   Section       20  system_stm32f4xx.o(.data)
    .data                                    0x20000014   Section        2  stm32f4xx_it.o(.data)
    .data                                    0x20000018   Section       12  encoder.o(.data)
    .data                                    0x20000024   Section       12  usart_dma_config.o(.data)
    .data                                    0x20000030   Section       64  functions.o(.data)
    .data                                    0x20000070   Section        5  functions.o(.data)
    .data                                    0x20000075   Section       16  stm32f4xx_rcc.o(.data)
    APBAHBPrescTable                         0x20000075   Data          16  stm32f4xx_rcc.o(.data)
    .bss                                     0x20000088   Section       32  encoder.o(.bss)
    .bss                                     0x200000a8   Section     1673  usart_dma_config.o(.bss)
    .bss                                     0x20000738   Section       88  functions.o(.bss)
    .bss                                     0x20000790   Section       88  functions.o(.bss)
    .bss                                     0x200007e8   Section     2488  functions.o(.bss)
    .bss                                     0x200011a0   Section     1600  functions.o(.bss)
    .bss                                     0x200017e0   Section     1600  functions.o(.bss)
    .bss                                     0x20001e20   Section       40  functions.o(.bss)
    .bss                                     0x20001e48   Section       96  libspace.o(.bss)
    HEAP                                     0x20001ea8   Section      512  startup_stm32f411xe.o(HEAP)
    Heap_Mem                                 0x20001ea8   Data         512  startup_stm32f411xe.o(HEAP)
    STACK                                    0x200020a8   Section     1024  startup_stm32f411xe.o(STACK)
    Stack_Mem                                0x200020a8   Data        1024  startup_stm32f411xe.o(STACK)
    __initial_sp                             0x200024a8   Data           0  startup_stm32f411xe.o(STACK)

    Global Symbols

    Symbol Name                              Value     Ov Type        Size  Object(Section)

    BuildAttributes$$THM_ISAv4$E$P$D$K$B$S$7EM$VFPi3$EXTD16$VFPS$VFMA$PE$A:L22UL41UL21$X:L11$S22US41US21$IEEE1$IW$USESV6$~STKCKD$USESV7$~SHL$OTIME$ROPI$IEEEX$EBA8$UX$STANDARDLIB$REQ8$PRES8$EABIv2 0x00000000   Number         0  anon$$obj.o ABSOLUTE
    __ARM_use_no_argv                        0x00000000   Number         0  main.o ABSOLUTE
    __ARM_exceptions_init                     - Undefined Weak Reference
    __alloca_initialize                       - Undefined Weak Reference
    __cpp_initialize__aeabi_                  - Undefined Weak Reference
    __cxa_finalize                            - Undefined Weak Reference
    __rt_locale                               - Undefined Weak Reference
    __sigvec_lookup                           - Undefined Weak Reference
    _atexit_init                              - Undefined Weak Reference
    _call_atexit_fns                          - Undefined Weak Reference
    _clock_init                               - Undefined Weak Reference
    _fp_trap_init                             - Undefined Weak Reference
    _fp_trap_shutdown                         - Undefined Weak Reference
    _get_lc_collate                           - Undefined Weak Reference
    _get_lc_ctype                             - Undefined Weak Reference
    _get_lc_monetary                          - Undefined Weak Reference
    _get_lc_numeric                           - Undefined Weak Reference
    _get_lc_time                              - Undefined Weak Reference
    _getenv_init                              - Undefined Weak Reference
    _handle_redirection                       - Undefined Weak Reference
    _init_alloc                               - Undefined Weak Reference
    _init_user_alloc                          - Undefined Weak Reference
    _initio                                   - Undefined Weak Reference
    _rand_init                                - Undefined Weak Reference
    _signal_finish                            - Undefined Weak Reference
    _signal_init                              - Undefined Weak Reference
    _terminate_alloc                          - Undefined Weak Reference
    _terminate_user_alloc                     - Undefined Weak Reference
    _terminateio                              - Undefined Weak Reference
    __Vectors_Size                           0x00000198   Number         0  startup_stm32f411xe.o ABSOLUTE
    __Vectors                                0x08000000   Data           4  startup_stm32f411xe.o(RESET)
    __Vectors_End                            0x08000198   Data           0  startup_stm32f411xe.o(RESET)
    __main                                   0x08000199   Thumb Code     8  __main.o(!!!main)
    __scatterload                            0x080001a1   Thumb Code     0  __scatter.o(!!!scatter)
    __scatterload_rt2                        0x080001a1   Thumb Code    44  __scatter.o(!!!scatter)
    __scatterload_rt2_thumb_only             0x080001a1   Thumb Code     0  __scatter.o(!!!scatter)
    __scatterload_null                       0x080001af   Thumb Code     0  __scatter.o(!!!scatter)
    __scatterload_copy                       0x080001d5   Thumb Code    26  __scatter_copy.o(!!handler_copy)
    __scatterload_zeroinit                   0x080001f1   Thumb Code    28  __scatter_zi.o(!!handler_zi)
    __rt_lib_init                            0x0800020d   Thumb Code     0  libinit.o(.ARM.Collect$$libinit$$00000000)
    __rt_lib_init_fp_1                       0x0800020f   Thumb Code     0  libinit2.o(.ARM.Collect$$libinit$$00000001)
    __rt_lib_init_alloca_1                   0x08000213   Thumb Code     0  libinit2.o(.ARM.Collect$$libinit$$0000002C)
    __rt_lib_init_argv_1                     0x08000213   Thumb Code     0  libinit2.o(.ARM.Collect$$libinit$$0000002A)
    __rt_lib_init_atexit_1                   0x08000213   Thumb Code     0  libinit2.o(.ARM.Collect$$libinit$$00000019)
    __rt_lib_init_clock_1                    0x08000213   Thumb Code     0  libinit2.o(.ARM.Collect$$libinit$$0000001F)
    __rt_lib_init_cpp_1                      0x08000213   Thumb Code     0  libinit2.o(.ARM.Collect$$libinit$$00000030)
    __rt_lib_init_exceptions_1               0x08000213   Thumb Code     0  libinit2.o(.ARM.Collect$$libinit$$0000002E)
    __rt_lib_init_fp_trap_1                  0x08000213   Thumb Code     0  libinit2.o(.ARM.Collect$$libinit$$0000001D)
    __rt_lib_init_getenv_1                   0x08000213   Thumb Code     0  libinit2.o(.ARM.Collect$$libinit$$00000021)
    __rt_lib_init_heap_1                     0x08000213   Thumb Code     0  libinit2.o(.ARM.Collect$$libinit$$00000008)
    __rt_lib_init_lc_collate_1               0x08000213   Thumb Code     0  libinit2.o(.ARM.Collect$$libinit$$0000000F)
    __rt_lib_init_lc_ctype_1                 0x08000213   Thumb Code     0  libinit2.o(.ARM.Collect$$libinit$$00000011)
    __rt_lib_init_lc_monetary_1              0x08000213   Thumb Code     0  libinit2.o(.ARM.Collect$$libinit$$00000013)
    __rt_lib_init_lc_numeric_1               0x08000213   Thumb Code     0  libinit2.o(.ARM.Collect$$libinit$$00000015)
    __rt_lib_init_lc_time_1                  0x08000213   Thumb Code     0  libinit2.o(.ARM.Collect$$libinit$$00000017)
    __rt_lib_init_rand_1                     0x08000213   Thumb Code     0  libinit2.o(.ARM.Collect$$libinit$$0000000C)
    __rt_lib_init_return                     0x08000213   Thumb Code     0  libinit2.o(.ARM.Collect$$libinit$$00000031)
    __rt_lib_init_signal_1                   0x08000213   Thumb Code     0  libinit2.o(.ARM.Collect$$libinit$$0000001B)
    __rt_lib_init_stdio_1                    0x08000213   Thumb Code     0  libinit2.o(.ARM.Collect$$libinit$$00000023)
    __rt_lib_init_user_alloc_1               0x08000213   Thumb Code     0  libinit2.o(.ARM.Collect$$libinit$$0000000A)
    __rt_lib_shutdown                        0x08000215   Thumb Code     0  libshutdown.o(.ARM.Collect$$libshutdown$$00000000)
    __rt_lib_shutdown_fp_trap_1              0x08000217   Thumb Code     0  libshutdown2.o(.ARM.Collect$$libshutdown$$00000006)
    __rt_lib_shutdown_heap_1                 0x08000217   Thumb Code     0  libshutdown2.o(.ARM.Collect$$libshutdown$$0000000E)
    __rt_lib_shutdown_return                 0x08000217   Thumb Code     0  libshutdown2.o(.ARM.Collect$$libshutdown$$0000000F)
    __rt_lib_shutdown_signal_1               0x08000217   Thumb Code     0  libshutdown2.o(.ARM.Collect$$libshutdown$$00000009)
    __rt_lib_shutdown_stdio_1                0x08000217   Thumb Code     0  libshutdown2.o(.ARM.Collect$$libshutdown$$00000003)
    __rt_lib_shutdown_user_alloc_1           0x08000217   Thumb Code     0  libshutdown2.o(.ARM.Collect$$libshutdown$$0000000B)
    __rt_entry                               0x08000219   Thumb Code     0  rtentry.o(.ARM.Collect$$rtentry$$00000000)
    __rt_entry_presh_1                       0x08000219   Thumb Code     0  rtentry2.o(.ARM.Collect$$rtentry$$00000002)
    __rt_entry_sh                            0x08000219   Thumb Code     0  rtentry4.o(.ARM.Collect$$rtentry$$00000004)
    __rt_entry_li                            0x0800021f   Thumb Code     0  rtentry2.o(.ARM.Collect$$rtentry$$0000000A)
    __rt_entry_postsh_1                      0x0800021f   Thumb Code     0  rtentry2.o(.ARM.Collect$$rtentry$$00000009)
    __rt_entry_main                          0x08000223   Thumb Code     0  rtentry2.o(.ARM.Collect$$rtentry$$0000000D)
    __rt_entry_postli_1                      0x08000223   Thumb Code     0  rtentry2.o(.ARM.Collect$$rtentry$$0000000C)
    __rt_exit                                0x0800022b   Thumb Code     0  rtexit.o(.ARM.Collect$$rtexit$$00000000)
    __rt_exit_ls                             0x0800022d   Thumb Code     0  rtexit2.o(.ARM.Collect$$rtexit$$00000003)
    __rt_exit_prels_1                        0x0800022d   Thumb Code     0  rtexit2.o(.ARM.Collect$$rtexit$$00000002)
    __rt_exit_exit                           0x08000231   Thumb Code     0  rtexit2.o(.ARM.Collect$$rtexit$$00000004)
    Reset_Handler                            0x08000239   Thumb Code     8  startup_stm32f411xe.o(.text)
    ADC_IRQHandler                           0x08000253   Thumb Code     0  startup_stm32f411xe.o(.text)
    DMA1_Stream0_IRQHandler                  0x08000253   Thumb Code     0  startup_stm32f411xe.o(.text)
    DMA1_Stream1_IRQHandler                  0x08000253   Thumb Code     0  startup_stm32f411xe.o(.text)
    DMA1_Stream2_IRQHandler                  0x08000253   Thumb Code     0  startup_stm32f411xe.o(.text)
    DMA1_Stream3_IRQHandler                  0x08000253   Thumb Code     0  startup_stm32f411xe.o(.text)
    DMA1_Stream4_IRQHandler                  0x08000253   Thumb Code     0  startup_stm32f411xe.o(.text)
    DMA1_Stream6_IRQHandler                  0x08000253   Thumb Code     0  startup_stm32f411xe.o(.text)
    DMA1_Stream7_IRQHandler                  0x08000253   Thumb Code     0  startup_stm32f411xe.o(.text)
    DMA2_Stream0_IRQHandler                  0x08000253   Thumb Code     0  startup_stm32f411xe.o(.text)
    DMA2_Stream1_IRQHandler                  0x08000253   Thumb Code     0  startup_stm32f411xe.o(.text)
    DMA2_Stream3_IRQHandler                  0x08000253   Thumb Code     0  startup_stm32f411xe.o(.text)
    DMA2_Stream4_IRQHandler                  0x08000253   Thumb Code     0  startup_stm32f411xe.o(.text)
    DMA2_Stream6_IRQHandler                  0x08000253   Thumb Code     0  startup_stm32f411xe.o(.text)
    DMA2_Stream7_IRQHandler                  0x08000253   Thumb Code     0  startup_stm32f411xe.o(.text)
    EXTI0_IRQHandler                         0x08000253   Thumb Code     0  startup_stm32f411xe.o(.text)
    EXTI15_10_IRQHandler                     0x08000253   Thumb Code     0  startup_stm32f411xe.o(.text)
    EXTI1_IRQHandler                         0x08000253   Thumb Code     0  startup_stm32f411xe.o(.text)
    EXTI2_IRQHandler                         0x08000253   Thumb Code     0  startup_stm32f411xe.o(.text)
    EXTI3_IRQHandler                         0x08000253   Thumb Code     0  startup_stm32f411xe.o(.text)
    EXTI4_IRQHandler                         0x08000253   Thumb Code     0  startup_stm32f411xe.o(.text)
    EXTI9_5_IRQHandler                       0x08000253   Thumb Code     0  startup_stm32f411xe.o(.text)
    FLASH_IRQHandler                         0x08000253   Thumb Code     0  startup_stm32f411xe.o(.text)
    FPU_IRQHandler                           0x08000253   Thumb Code     0  startup_stm32f411xe.o(.text)
    I2C1_ER_IRQHandler                       0x08000253   Thumb Code     0  startup_stm32f411xe.o(.text)
    I2C1_EV_IRQHandler                       0x08000253   Thumb Code     0  startup_stm32f411xe.o(.text)
    I2C2_ER_IRQHandler                       0x08000253   Thumb Code     0  startup_stm32f411xe.o(.text)
    I2C2_EV_IRQHandler                       0x08000253   Thumb Code     0  startup_stm32f411xe.o(.text)
    I2C3_ER_IRQHandler                       0x08000253   Thumb Code     0  startup_stm32f411xe.o(.text)
    I2C3_EV_IRQHandler                       0x08000253   Thumb Code     0  startup_stm32f411xe.o(.text)
    OTG_FS_IRQHandler                        0x08000253   Thumb Code     0  startup_stm32f411xe.o(.text)
    OTG_FS_WKUP_IRQHandler                   0x08000253   Thumb Code     0  startup_stm32f411xe.o(.text)
    PVD_IRQHandler                           0x08000253   Thumb Code     0  startup_stm32f411xe.o(.text)
    RCC_IRQHandler                           0x08000253   Thumb Code     0  startup_stm32f411xe.o(.text)
    RTC_Alarm_IRQHandler                     0x08000253   Thumb Code     0  startup_stm32f411xe.o(.text)
    RTC_WKUP_IRQHandler                      0x08000253   Thumb Code     0  startup_stm32f411xe.o(.text)
    SDIO_IRQHandler                          0x08000253   Thumb Code     0  startup_stm32f411xe.o(.text)
    SPI1_IRQHandler                          0x08000253   Thumb Code     0  startup_stm32f411xe.o(.text)
    SPI2_IRQHandler                          0x08000253   Thumb Code     0  startup_stm32f411xe.o(.text)
    SPI3_IRQHandler                          0x08000253   Thumb Code     0  startup_stm32f411xe.o(.text)
    SPI4_IRQHandler                          0x08000253   Thumb Code     0  startup_stm32f411xe.o(.text)
    SPI5_IRQHandler                          0x08000253   Thumb Code     0  startup_stm32f411xe.o(.text)
    TAMP_STAMP_IRQHandler                    0x08000253   Thumb Code     0  startup_stm32f411xe.o(.text)
    TIM1_BRK_TIM9_IRQHandler                 0x08000253   Thumb Code     0  startup_stm32f411xe.o(.text)
    TIM1_CC_IRQHandler                       0x08000253   Thumb Code     0  startup_stm32f411xe.o(.text)
    TIM1_TRG_COM_TIM11_IRQHandler            0x08000253   Thumb Code     0  startup_stm32f411xe.o(.text)
    TIM1_UP_TIM10_IRQHandler                 0x08000253   Thumb Code     0  startup_stm32f411xe.o(.text)
    TIM5_IRQHandler                          0x08000253   Thumb Code     0  startup_stm32f411xe.o(.text)
    USART1_IRQHandler                        0x08000253   Thumb Code     0  startup_stm32f411xe.o(.text)
    WWDG_IRQHandler                          0x08000253   Thumb Code     0  startup_stm32f411xe.o(.text)
    __user_initial_stackheap                 0x08000255   Thumb Code     0  startup_stm32f411xe.o(.text)
    __aeabi_memclr4                          0x08000279   Thumb Code     0  rt_memclr_w.o(.text)
    __aeabi_memclr8                          0x08000279   Thumb Code     0  rt_memclr_w.o(.text)
    __rt_memclr_w                            0x08000279   Thumb Code    78  rt_memclr_w.o(.text)
    _memset_w                                0x0800027d   Thumb Code     0  rt_memclr_w.o(.text)
    __use_two_region_memory                  0x080002c7   Thumb Code     2  heapauxi.o(.text)
    __rt_heap_escrow$2region                 0x080002c9   Thumb Code     2  heapauxi.o(.text)
    __rt_heap_expand$2region                 0x080002cb   Thumb Code     2  heapauxi.o(.text)
    __read_errno                             0x080002cd   Thumb Code    10  _rserrno.o(.text)
    __set_errno                              0x080002d7   Thumb Code    12  _rserrno.o(.text)
    __aeabi_errno_addr                       0x080002e5   Thumb Code     8  rt_errno_addr_intlibspace.o(.text)
    __errno$intlibspace                      0x080002e5   Thumb Code     0  rt_errno_addr_intlibspace.o(.text)
    __rt_errno_addr$intlibspace              0x080002e5   Thumb Code     0  rt_errno_addr_intlibspace.o(.text)
    __user_libspace                          0x080002ed   Thumb Code     8  libspace.o(.text)
    __user_perproc_libspace                  0x080002ed   Thumb Code     0  libspace.o(.text)
    __user_perthread_libspace                0x080002ed   Thumb Code     0  libspace.o(.text)
    __user_setup_stackheap                   0x080002f5   Thumb Code    74  sys_stackheap_outer.o(.text)
    exit                                     0x0800033f   Thumb Code    12  exit.o(.text)
    _sys_exit                                0x0800034d   Thumb Code     8  sys_exit.o(.text)
    __I$use$semihosting                      0x08000359   Thumb Code     0  use_no_semi.o(.text)
    __use_no_semihosting_swi                 0x08000359   Thumb Code     2  use_no_semi.o(.text)
    BusFault_Handler                         0x0800035b   Thumb Code     2  stm32f4xx_it.o(i.BusFault_Handler)
    __semihosting_library_function           0x0800035b   Thumb Code     0  indicate_semi.o(.text)
    Convert4BytesToWordData                  0x0800035d   Thumb Code    62  functions.o(i.Convert4BytesToWordData)
    DMA1_Stream5_IRQHandler                  0x0800039d   Thumb Code    84  stm32f4xx_it.o(i.DMA1_Stream5_IRQHandler)
    DMA2_Stream2_IRQHandler                  0x08000411   Thumb Code  1110  stm32f4xx_it.o(i.DMA2_Stream2_IRQHandler)
    DMA2_Stream5_IRQHandler                  0x08000869   Thumb Code    64  stm32f4xx_it.o(i.DMA2_Stream5_IRQHandler)
    DMA_ClearFlag                            0x080008c5   Thumb Code    32  stm32f4xx_dma.o(i.DMA_ClearFlag)
    DMA_ClearITPendingBit                    0x080008f1   Thumb Code    32  stm32f4xx_dma.o(i.DMA_ClearITPendingBit)
    DMA_Cmd                                  0x0800091d   Thumb Code    20  stm32f4xx_dma.o(i.DMA_Cmd)
    DMA_ITConfig                             0x08000931   Thumb Code    44  stm32f4xx_dma.o(i.DMA_ITConfig)
    DMA_Init                                 0x0800095d   Thumb Code    80  stm32f4xx_dma.o(i.DMA_Init)
    DebugMon_Handler                         0x080009b1   Thumb Code     2  stm32f4xx_it.o(i.DebugMon_Handler)
    Defuzzification_Max_Min                  0x080009b5   Thumb Code  1162  functions.o(i.Defuzzification_Max_Min)
    DirPinConfig                             0x08000e45   Thumb Code    42  encoder.o(i.DirPinConfig)
    Encoder_Config                           0x08000e79   Thumb Code    26  encoder.o(i.Encoder_Config)
    FLASH_GetStatus                          0x08000e95   Thumb Code    56  stm32f4xx_flash.o(i.FLASH_GetStatus)
    FLASH_Lock                               0x08000ed1   Thumb Code    12  stm32f4xx_flash.o(i.FLASH_Lock)
    FLASH_ProgramWord                        0x08000ee1   Thumb Code    56  stm32f4xx_flash.o(i.FLASH_ProgramWord)
    FLASH_Unlock                             0x08000f1d   Thumb Code    22  stm32f4xx_flash.o(i.FLASH_Unlock)
    FLASH_WaitForLastOperation               0x08000f41   Thumb Code    30  stm32f4xx_flash.o(i.FLASH_WaitForLastOperation)
    FeedBack                                 0x08000f5f   Thumb Code    42  functions.o(i.FeedBack)
    Fuzzy_Max                                0x08000f89   Thumb Code    68  functions.o(i.Fuzzy_Max)
    Fuzzy_Min                                0x08000fcd   Thumb Code    58  functions.o(i.Fuzzy_Min)
    Fuzzy_ParametersInit                     0x08001009   Thumb Code   250  functions.o(i.Fuzzy_ParametersInit)
    GPIO_Init                                0x080011d5   Thumb Code   162  stm32f4xx_gpio.o(i.GPIO_Init)
    GPIO_PinAFConfig                         0x08001277   Thumb Code    32  stm32f4xx_gpio.o(i.GPIO_PinAFConfig)
    GPIO_ReadOutputDataBit                   0x08001297   Thumb Code    14  stm32f4xx_gpio.o(i.GPIO_ReadOutputDataBit)
    GPIO_ResetBits                           0x080012a5   Thumb Code     4  stm32f4xx_gpio.o(i.GPIO_ResetBits)
    GPIO_SetBits                             0x080012a9   Thumb Code     4  stm32f4xx_gpio.o(i.GPIO_SetBits)
    GPS_GetLatFromString                     0x080012ad   Thumb Code   154  functions.o(i.GPS_GetLatFromString)
    GPS_GetLonFromString                     0x08001359   Thumb Code   140  functions.o(i.GPS_GetLonFromString)
    GPS_GetMessage                           0x080013f5   Thumb Code    94  functions.o(i.GPS_GetMessage)
    GPS_LLToDegree                           0x08001455   Thumb Code   104  functions.o(i.GPS_LLToDegree)
    GPS_LatLonToUTM                          0x080014cd   Thumb Code  1378  functions.o(i.GPS_LatLonToUTM)
    GPS_ParametersInit                       0x08001a49   Thumb Code    40  functions.o(i.GPS_ParametersInit)
    GPS_SavePathCoordinateToFlash            0x08001a79   Thumb Code    82  functions.o(i.GPS_SavePathCoordinateToFlash)
    GPS_StanleyControl                       0x08001ad1   Thumb Code   708  functions.o(i.GPS_StanleyControl)
    GPS_UpdatePathCoordinate                 0x08001dbd   Thumb Code   134  functions.o(i.GPS_UpdatePathCoordinate)
    GPS_UpdatePathYaw                        0x08001e45   Thumb Code   106  functions.o(i.GPS_UpdatePathYaw)
    GetMessageInfo                           0x08001eb9   Thumb Code    88  functions.o(i.GetMessageInfo)
    GetNbOfReceiveHeader                     0x08001f11   Thumb Code   144  functions.o(i.GetNbOfReceiveHeader)
    GetValueFromString                       0x08001ff1   Thumb Code   308  functions.o(i.GetValueFromString)
    GetVehicleVelocity                       0x08002145   Thumb Code   252  stm32f4xx_it.o(i.GetVehicleVelocity)
    HardFault_Handler                        0x08002269   Thumb Code     2  stm32f4xx_it.o(i.HardFault_Handler)
    IMU_GetCommandMessage                    0x0800226b   Thumb Code    28  functions.o(i.IMU_GetCommandMessage)
    IMU_GetValue                             0x08002289   Thumb Code   162  functions.o(i.IMU_GetValue)
    IMU_ParametesInit                        0x08002341   Thumb Code    30  functions.o(i.IMU_ParametesInit)
    IMU_UpdateAngle                          0x08002369   Thumb Code     6  functions.o(i.IMU_UpdateAngle)
    IMU_UpdateFuzzyCoefficients              0x0800236f   Thumb Code     8  functions.o(i.IMU_UpdateFuzzyCoefficients)
    IMU_UpdateFuzzyInput                     0x08002379   Thumb Code   202  functions.o(i.IMU_UpdateFuzzyInput)
    IMU_UpdatePreAngle                       0x0800245d   Thumb Code    10  functions.o(i.IMU_UpdatePreAngle)
    IMU_UpdateSetAngle                       0x08002467   Thumb Code    26  functions.o(i.IMU_UpdateSetAngle)
    IsCorrectMessage                         0x08002481   Thumb Code    46  functions.o(i.IsCorrectMessage)
    IsDouble                                 0x080024b1   Thumb Code    60  functions.o(i.IsDouble)
    IsValidData                              0x080024f5   Thumb Code    12  functions.o(i.IsValidData)
    LRCCalculate                             0x08002501   Thumb Code    22  functions.o(i.LRCCalculate)
    M1_Encoder_Config                        0x08002519   Thumb Code   162  encoder.o(i.M1_Encoder_Config)
    M1_Forward                               0x080025cd   Thumb Code    70  encoder.o(i.M1_Forward)
    M2_Backward                              0x0800262d   Thumb Code    70  encoder.o(i.M2_Backward)
    M2_Encoder_Config                        0x0800268d   Thumb Code   164  encoder.o(i.M2_Encoder_Config)
    M2_Forward                               0x08002741   Thumb Code    70  encoder.o(i.M2_Forward)
    MemManage_Handler                        0x080027a1   Thumb Code     2  stm32f4xx_it.o(i.MemManage_Handler)
    NMI_Handler                              0x080027a3   Thumb Code     2  stm32f4xx_it.o(i.NMI_Handler)
    NVIC_Init                                0x080027a5   Thumb Code    96  misc.o(i.NVIC_Init)
    NVIC_PriorityGroupConfig                 0x08002809   Thumb Code    10  misc.o(i.NVIC_PriorityGroupConfig)
    PID_Compute                              0x0800283d   Thumb Code   310  functions.o(i.PID_Compute)
    PID_ParametersInitial                    0x08002999   Thumb Code    38  functions.o(i.PID_ParametersInitial)
    PID_ParametersUpdate                     0x080029c9   Thumb Code     6  functions.o(i.PID_ParametersUpdate)
    PID_ReadParametersFromFlash              0x080029d1   Thumb Code   156  main.o(i.PID_ReadParametersFromFlash)
    PID_ResetEncoder                         0x08002a81   Thumb Code    10  functions.o(i.PID_ResetEncoder)
    PID_SavePIDParaToFlash                   0x08002a8d   Thumb Code   200  functions.o(i.PID_SavePIDParaToFlash)
    PID_UpdateEnc                            0x08002b5d   Thumb Code     4  functions.o(i.PID_UpdateEnc)
    PID_UpdateSetVel                         0x08002b61   Thumb Code     6  functions.o(i.PID_UpdateSetVel)
    PWM_Config                               0x08002b69   Thumb Code   148  encoder.o(i.PWM_Config)
    Parameters_Init                          0x08002c0d   Thumb Code    80  main.o(i.Parameters_Init)
    PendSV_Handler                           0x08002c91   Thumb Code     2  stm32f4xx_it.o(i.PendSV_Handler)
    Peripheral_Config                        0x08002c93   Thumb Code    50  main.o(i.Peripheral_Config)
    Pi_To_Pi                                 0x08002cc5   Thumb Code   100  functions.o(i.Pi_To_Pi)
    RCC_AHB1PeriphClockCmd                   0x08002d41   Thumb Code    18  stm32f4xx_rcc.o(i.RCC_AHB1PeriphClockCmd)
    RCC_APB1PeriphClockCmd                   0x08002d59   Thumb Code    18  stm32f4xx_rcc.o(i.RCC_APB1PeriphClockCmd)
    RCC_APB2PeriphClockCmd                   0x08002d71   Thumb Code    18  stm32f4xx_rcc.o(i.RCC_APB2PeriphClockCmd)
    RCC_GetClocksFreq                        0x08002d89   Thumb Code   132  stm32f4xx_rcc.o(i.RCC_GetClocksFreq)
    ReadFromFlash                            0x08002e1d   Thumb Code    54  functions.o(i.ReadFromFlash)
    Reset_Motor                              0x08002e55   Thumb Code    58  stm32f4xx_it.o(i.Reset_Motor)
    Robot_Forward                            0x08002ea5   Thumb Code    38  encoder.o(i.Robot_Forward)
    Robot_Spin_AntiClockWise                 0x08002ecb   Thumb Code    38  encoder.o(i.Robot_Spin_AntiClockWise)
    SVC_Handler                              0x08002ef1   Thumb Code     2  stm32f4xx_it.o(i.SVC_Handler)
    SaveDataToInternalFlash                  0x08002ef5   Thumb Code    36  stm32f4xx_it.o(i.SaveDataToInternalFlash)
    SendData                                 0x08002f29   Thumb Code   404  main.o(i.SendData)
    Status_CheckStatus                       0x0800314d   Thumb Code     4  functions.o(i.Status_CheckStatus)
    Status_UpdateStatus                      0x08003151   Thumb Code     4  functions.o(i.Status_UpdateStatus)
    StringHeaderCompare                      0x08003155   Thumb Code    26  functions.o(i.StringHeaderCompare)
    SysTick_Handler                          0x08003171   Thumb Code    78  stm32f4xx_it.o(i.SysTick_Handler)
    SystemInit                               0x080031c9   Thumb Code    74  system_stm32f4xx.o(i.SystemInit)
    TIM2_IRQHandler                          0x08003225   Thumb Code     2  stm32f4xx_it.o(i.TIM2_IRQHandler)
    TIM3_IRQHandler                          0x08003229   Thumb Code    20  stm32f4xx_it.o(i.TIM3_IRQHandler)
    TIM4_IRQHandler                          0x08003245   Thumb Code    20  stm32f4xx_it.o(i.TIM4_IRQHandler)
    TIM_ARRPreloadConfig                     0x08003261   Thumb Code    20  stm32f4xx_tim.o(i.TIM_ARRPreloadConfig)
    TIM_ClearITPendingBit                    0x08003275   Thumb Code     6  stm32f4xx_tim.o(i.TIM_ClearITPendingBit)
    TIM_Cmd                                  0x0800327b   Thumb Code    20  stm32f4xx_tim.o(i.TIM_Cmd)
    TIM_EncoderInterfaceConfig               0x0800328f   Thumb Code    50  stm32f4xx_tim.o(i.TIM_EncoderInterfaceConfig)
    TIM_GetCounter                           0x080032c1   Thumb Code     4  stm32f4xx_tim.o(i.TIM_GetCounter)
    TIM_ITConfig                             0x080032c5   Thumb Code    16  stm32f4xx_tim.o(i.TIM_ITConfig)
    TIM_OC1Init                              0x080032d5   Thumb Code    88  stm32f4xx_tim.o(i.TIM_OC1Init)
    TIM_OC1PreloadConfig                     0x08003335   Thumb Code    12  stm32f4xx_tim.o(i.TIM_OC1PreloadConfig)
    TIM_OC2Init                              0x08003341   Thumb Code   120  stm32f4xx_tim.o(i.TIM_OC2Init)
    TIM_OC2PreloadConfig                     0x080033c1   Thumb Code    20  stm32f4xx_tim.o(i.TIM_OC2PreloadConfig)
    TIM_TimeBaseInit                         0x080033d5   Thumb Code    96  stm32f4xx_tim.o(i.TIM_TimeBaseInit)
    Time_GetSampleTime                       0x08003451   Thumb Code    52  functions.o(i.Time_GetSampleTime)
    Time_ParametersInit                      0x08003495   Thumb Code    12  functions.o(i.Time_ParametersInit)
    Time_SampleTimeUpdate                    0x080034a1   Thumb Code     4  functions.o(i.Time_SampleTimeUpdate)
    Time_SendTimeUpdate                      0x080034a5   Thumb Code    10  functions.o(i.Time_SendTimeUpdate)
    ToChar                                   0x080034b1   Thumb Code   248  functions.o(i.ToChar)
    ToHex                                    0x080035b9   Thumb Code    14  functions.o(i.ToHex)
    ToRPM                                    0x080035c9   Thumb Code    36  functions.o(i.ToRPM)
    Trapf                                    0x080035fd   Thumb Code   198  functions.o(i.Trapf)
    Trimf                                    0x080036d5   Thumb Code   194  functions.o(i.Trimf)
    U1_SendData                              0x080037a1   Thumb Code    32  usart_dma_config.o(i.U1_SendData)
    U6_SendData                              0x080037c5   Thumb Code    30  usart_dma_config.o(i.U6_SendData)
    USART1_Config                            0x080037ed   Thumb Code   304  usart_dma_config.o(i.USART1_Config)
    USART2_Config                            0x08003931   Thumb Code   330  usart_dma_config.o(i.USART2_Config)
    USART2_IRQHandler                        0x08003a91   Thumb Code    50  stm32f4xx_it.o(i.USART2_IRQHandler)
    USART6_Config                            0x08003ad1   Thumb Code   326  usart_dma_config.o(i.USART6_Config)
    USART6_IRQHandler                        0x08003c2d   Thumb Code    50  stm32f4xx_it.o(i.USART6_IRQHandler)
    USART_ClearFlag                          0x08003c6d   Thumb Code     6  stm32f4xx_usart.o(i.USART_ClearFlag)
    USART_Cmd                                0x08003c73   Thumb Code    20  stm32f4xx_usart.o(i.USART_Cmd)
    USART_DMACmd                             0x08003c87   Thumb Code    16  stm32f4xx_usart.o(i.USART_DMACmd)
    USART_GetITStatus                        0x08003c97   Thumb Code    62  stm32f4xx_usart.o(i.USART_GetITStatus)
    USART_ITConfig                           0x08003cd5   Thumb Code    48  stm32f4xx_usart.o(i.USART_ITConfig)
    USART_Init                               0x08003d05   Thumb Code   164  stm32f4xx_usart.o(i.USART_Init)
    USART_ReceiveData                        0x08003db1   Thumb Code     8  stm32f4xx_usart.o(i.USART_ReceiveData)
    UsageFault_Handler                       0x08003db9   Thumb Code     2  stm32f4xx_it.o(i.UsageFault_Handler)
    Veh_GetCommandMessage                    0x08003dbb   Thumb Code    58  functions.o(i.Veh_GetCommandMessage)
    Veh_ParametersInit                       0x08003df5   Thumb Code    28  functions.o(i.Veh_ParametersInit)
    Veh_UpdateMaxVelocity                    0x08003e19   Thumb Code     6  functions.o(i.Veh_UpdateMaxVelocity)
    Veh_UpdateVehicleFromKey                 0x08003e21   Thumb Code   296  functions.o(i.Veh_UpdateVehicleFromKey)
    WriteToFlash                             0x08003f7d   Thumb Code    82  functions.o(i.WriteToFlash)
    __ARM_fpclassify                         0x08003fcf   Thumb Code    48  fpclassify.o(i.__ARM_fpclassify)
    __hardfp_atan                            0x08004001   Thumb Code   632  atan.o(i.__hardfp_atan)
    __hardfp_atan2                           0x080042e1   Thumb Code   426  atan2.o(i.__hardfp_atan2)
    __hardfp_cos                             0x080044d1   Thumb Code   200  cos.o(i.__hardfp_cos)
    __hardfp_fabs                            0x080045a9   Thumb Code    20  fabs.o(i.__hardfp_fabs)
    __hardfp_log                             0x080045c1   Thumb Code   882  log.o(i.__hardfp_log)
    __hardfp_pow                             0x080049a9   Thumb Code  3048  pow.o(i.__hardfp_pow)
    __hardfp_sin                             0x080055e1   Thumb Code   200  sin.o(i.__hardfp_sin)
    __hardfp_sqrt                            0x080056b9   Thumb Code   122  sqrt.o(i.__hardfp_sqrt)
    __hardfp_tan                             0x08005739   Thumb Code   142  tan.o(i.__hardfp_tan)
    __ieee754_rem_pio2                       0x080057d9   Thumb Code   938  rred.o(i.__ieee754_rem_pio2)
    __kernel_cos                             0x08005c11   Thumb Code   322  cos_i.o(i.__kernel_cos)
    __kernel_poly                            0x08005d81   Thumb Code   248  poly.o(i.__kernel_poly)
    __kernel_sin                             0x08005e79   Thumb Code   280  sin_i.o(i.__kernel_sin)
    __kernel_tan                             0x08005fa9   Thumb Code   764  tan_i.o(i.__kernel_tan)
    __mathlib_dbl_underflow                  0x080062f9   Thumb Code    24  dunder.o(i.__mathlib_dbl_underflow)
    atan                                     0x08006319   Thumb Code    16  atan.o(i.atan)
    fabs                                     0x08006329   Thumb Code    24  fabs.o(i.fabs)
    fix                                      0x08006341   Thumb Code    20  functions.o(i.fix)
    main                                     0x08006355   Thumb Code   670  main.o(i.main)
    sqrt                                     0x08006631   Thumb Code   110  sqrt.o(i.sqrt)
    __aeabi_dneg                             0x0800669f   Thumb Code     0  basic.o(x$fpl$basic)
    _dneg                                    0x0800669f   Thumb Code     6  basic.o(x$fpl$basic)
    __aeabi_fneg                             0x080066a5   Thumb Code     0  basic.o(x$fpl$basic)
    _fneg                                    0x080066a5   Thumb Code     6  basic.o(x$fpl$basic)
    _dabs                                    0x080066ab   Thumb Code     6  basic.o(x$fpl$basic)
    _fabs                                    0x080066b1   Thumb Code     6  basic.o(x$fpl$basic)
    __aeabi_dadd                             0x080066b9   Thumb Code     0  daddsub_clz.o(x$fpl$dadd)
    _dadd                                    0x080066b9   Thumb Code   332  daddsub_clz.o(x$fpl$dadd)
    __fpl_dcheck_NaN1                        0x08006809   Thumb Code    10  dcheck1.o(x$fpl$dcheck1)
    __fpl_dcmp_Inf                           0x08006819   Thumb Code    24  dcmpi.o(x$fpl$dcmpinf)
    __aeabi_ddiv                             0x08006831   Thumb Code     0  ddiv.o(x$fpl$ddiv)
    _ddiv                                    0x08006831   Thumb Code   552  ddiv.o(x$fpl$ddiv)
    __aeabi_cdcmpeq                          0x08006ae1   Thumb Code     0  deqf.o(x$fpl$deqf)
    _dcmpeq                                  0x08006ae1   Thumb Code   120  deqf.o(x$fpl$deqf)
    __aeabi_d2iz                             0x08006b59   Thumb Code     0  dfix.o(x$fpl$dfix)
    _dfix                                    0x08006b59   Thumb Code    94  dfix.o(x$fpl$dfix)
    __aeabi_d2uiz                            0x08006bb9   Thumb Code     0  dfixu.o(x$fpl$dfixu)
    _dfixu                                   0x08006bb9   Thumb Code    90  dfixu.o(x$fpl$dfixu)
    __aeabi_i2d                              0x08006c13   Thumb Code     0  dflt_clz.o(x$fpl$dflt)
    _dflt                                    0x08006c13   Thumb Code    46  dflt_clz.o(x$fpl$dflt)
    __aeabi_ui2d                             0x08006c41   Thumb Code     0  dflt_clz.o(x$fpl$dfltu)
    _dfltu                                   0x08006c41   Thumb Code    38  dflt_clz.o(x$fpl$dfltu)
    __aeabi_cdcmple                          0x08006c69   Thumb Code     0  dleqf.o(x$fpl$dleqf)
    _dcmple                                  0x08006c69   Thumb Code   120  dleqf.o(x$fpl$dleqf)
    __fpl_dcmple_InfNaN                      0x08006ccb   Thumb Code     0  dleqf.o(x$fpl$dleqf)
    __aeabi_dmul                             0x08006ce1   Thumb Code     0  dmul.o(x$fpl$dmul)
    _dmul                                    0x08006ce1   Thumb Code   332  dmul.o(x$fpl$dmul)
    __fpl_dnaninf                            0x08006e35   Thumb Code   156  dnaninf.o(x$fpl$dnaninf)
    __fpl_dretinf                            0x08006ed1   Thumb Code    12  dretinf.o(x$fpl$dretinf)
    __aeabi_cdrcmple                         0x08006edd   Thumb Code     0  drleqf.o(x$fpl$drleqf)
    _drcmple                                 0x08006edd   Thumb Code   108  drleqf.o(x$fpl$drleqf)
    __aeabi_drsub                            0x08006f49   Thumb Code     0  daddsub_clz.o(x$fpl$drsb)
    _drsb                                    0x08006f49   Thumb Code    22  daddsub_clz.o(x$fpl$drsb)
    _dsqrt                                   0x08006f61   Thumb Code   404  dsqrt_umaal.o(x$fpl$dsqrt)
    __aeabi_dsub                             0x080070f9   Thumb Code     0  daddsub_clz.o(x$fpl$dsub)
    _dsub                                    0x080070f9   Thumb Code   464  daddsub_clz.o(x$fpl$dsub)
    _fp_init                                 0x080072cd   Thumb Code    10  fpinit.o(x$fpl$fpinit)
    __fplib_config_fpu_vfp                   0x080072d5   Thumb Code     0  fpinit.o(x$fpl$fpinit)
    __fplib_config_pureend_doubles           0x080072d5   Thumb Code     0  fpinit.o(x$fpl$fpinit)
    __fpl_return_NaN                         0x080072d7   Thumb Code   100  retnan.o(x$fpl$retnan)
    __ARM_scalbn                             0x0800733b   Thumb Code    92  scalbn.o(x$fpl$scalbn)
    __fpl_cmpreturn                          0x08007397   Thumb Code    48  trapv.o(x$fpl$trapveneer)
    __I$use$fp                               0x080073c6   Number         0  usenofp.o(x$fpl$usenofp)
    __mathlib_zero                           0x08007550   Data           8  qnan.o(.constdata)
    Region$$Table$$Base                      0x080076a8   Number         0  anon$$obj.o(Region$$Table)
    Region$$Table$$Limit                     0x080076c8   Number         0  anon$$obj.o(Region$$Table)
    SystemCoreClock                          0x20000000   Data           4  system_stm32f4xx.o(.data)
    AHBPrescTable                            0x20000004   Data          16  system_stm32f4xx.o(.data)
    temp3                                    0x20000014   Data           1  stm32f4xx_it.o(.data)
    temp2                                    0x20000015   Data           1  stm32f4xx_it.o(.data)
    En_NVIC_Struct                           0x20000018   Data           4  encoder.o(.data)
    En_GPIO_Struct                           0x2000001c   Data           8  encoder.o(.data)
    US_NVIC_Struct                           0x20000024   Data           4  usart_dma_config.o(.data)
    US_GPIO_Struct                           0x20000028   Data           8  usart_dma_config.o(.data)
    F_GPIO_Struct                            0x20000030   Data           8  functions.o(.data)
    NB                                       0x20000038   Data           8  functions.o(.data)
    NM                                       0x20000040   Data           8  functions.o(.data)
    NS                                       0x20000048   Data           8  functions.o(.data)
    ZE                                       0x20000050   Data           8  functions.o(.data)
    PS                                       0x20000058   Data           8  functions.o(.data)
    PM                                       0x20000060   Data           8  functions.o(.data)
    PB                                       0x20000068   Data           8  functions.o(.data)
    VehStt                                   0x20000070   Data           5  functions.o(.data)
    En_TIM_BaseStruct                        0x20000088   Data          12  encoder.o(.bss)
    En_TIM_OCStruct                          0x20000094   Data          20  encoder.o(.bss)
    US_DMA_Struct                            0x200000a8   Data          60  usart_dma_config.o(.bss)
    US_USART_Struct                          0x200000e4   Data          16  usart_dma_config.o(.bss)
    U1_TxBuffer                              0x200000f4   Data         100  usart_dma_config.o(.bss)
    U1_RxBuffer                              0x20000158   Data          47  usart_dma_config.o(.bss)
    U2_TxBuffer                              0x20000187   Data          50  usart_dma_config.o(.bss)
    U2_RxBuffer                              0x200001b9   Data        1000  usart_dma_config.o(.bss)
    U6_TxBuffer                              0x200005a1   Data         200  usart_dma_config.o(.bss)
    U6_RxBuffer                              0x20000669   Data         200  usart_dma_config.o(.bss)
    M1                                       0x20000738   Data          88  functions.o(.bss)
    M2                                       0x20000790   Data          88  functions.o(.bss)
    GPS_NEO                                  0x200007e8   Data         560  functions.o(.bss)
    Mag                                      0x20000a18   Data          72  functions.o(.bss)
    Timer                                    0x20000a60   Data          24  functions.o(.bss)
    Flash                                    0x20000a78   Data        1604  functions.o(.bss)
    In1_NS                                   0x200010c0   Data          24  functions.o(.bss)
    In1_ZE                                   0x200010d8   Data          24  functions.o(.bss)
    In1_PS                                   0x200010f0   Data          24  functions.o(.bss)
    In2_ZE                                   0x20001108   Data          24  functions.o(.bss)
    In1_NB                                   0x20001120   Data          32  functions.o(.bss)
    In1_PB                                   0x20001140   Data          32  functions.o(.bss)
    In2_NE                                   0x20001160   Data          32  functions.o(.bss)
    In2_PO                                   0x20001180   Data          32  functions.o(.bss)
    U2                                       0x200011a0   Data        1600  functions.o(.bss)
    U6                                       0x200017e0   Data        1600  functions.o(.bss)
    Veh                                      0x20001e20   Data          40  functions.o(.bss)
    __libspace_start                         0x20001e48   Data          96  libspace.o(.bss)
    __temporary_stack_top$libspace           0x20001ea8   Data           0  libspace.o(.bss)



==============================================================================

Memory Map of the image

  Image Entry point : 0x08000199

  Load Region LR_IROM1 (Base: 0x08000000, Size: 0x00007750, Max: 0x00080000, ABSOLUTE)

    Execution Region ER_IROM1 (Base: 0x08000000, Size: 0x000076c8, Max: 0x00080000, ABSOLUTE)

    Base Addr    Size         Type   Attr      Idx    E Section Name        Object

    0x08000000   0x00000198   Data   RO         1247    RESET               startup_stm32f411xe.o
    0x08000198   0x00000008   Code   RO         3077  * !!!main             c_w.l(__main.o)
    0x080001a0   0x00000034   Code   RO         3428    !!!scatter          c_w.l(__scatter.o)
    0x080001d4   0x0000001a   Code   RO         3430    !!handler_copy      c_w.l(__scatter_copy.o)
    0x080001ee   0x00000002   PAD
    0x080001f0   0x0000001c   Code   RO         3432    !!handler_zi        c_w.l(__scatter_zi.o)
    0x0800020c   0x00000002   Code   RO         3300    .ARM.Collect$$libinit$$00000000  c_w.l(libinit.o)
    0x0800020e   0x00000004   Code   RO         3305    .ARM.Collect$$libinit$$00000001  c_w.l(libinit2.o)
    0x08000212   0x00000000   Code   RO         3309    .ARM.Collect$$libinit$$00000008  c_w.l(libinit2.o)
    0x08000212   0x00000000   Code   RO         3311    .ARM.Collect$$libinit$$0000000A  c_w.l(libinit2.o)
    0x08000212   0x00000000   Code   RO         3313    .ARM.Collect$$libinit$$0000000C  c_w.l(libinit2.o)
    0x08000212   0x00000000   Code   RO         3316    .ARM.Collect$$libinit$$0000000F  c_w.l(libinit2.o)
    0x08000212   0x00000000   Code   RO         3318    .ARM.Collect$$libinit$$00000011  c_w.l(libinit2.o)
    0x08000212   0x00000000   Code   RO         3320    .ARM.Collect$$libinit$$00000013  c_w.l(libinit2.o)
    0x08000212   0x00000000   Code   RO         3322    .ARM.Collect$$libinit$$00000015  c_w.l(libinit2.o)
    0x08000212   0x00000000   Code   RO         3324    .ARM.Collect$$libinit$$00000017  c_w.l(libinit2.o)
    0x08000212   0x00000000   Code   RO         3326    .ARM.Collect$$libinit$$00000019  c_w.l(libinit2.o)
    0x08000212   0x00000000   Code   RO         3328    .ARM.Collect$$libinit$$0000001B  c_w.l(libinit2.o)
    0x08000212   0x00000000   Code   RO         3330    .ARM.Collect$$libinit$$0000001D  c_w.l(libinit2.o)
    0x08000212   0x00000000   Code   RO         3332    .ARM.Collect$$libinit$$0000001F  c_w.l(libinit2.o)
    0x08000212   0x00000000   Code   RO         3334    .ARM.Collect$$libinit$$00000021  c_w.l(libinit2.o)
    0x08000212   0x00000000   Code   RO         3336    .ARM.Collect$$libinit$$00000023  c_w.l(libinit2.o)
    0x08000212   0x00000000   Code   RO         3340    .ARM.Collect$$libinit$$0000002A  c_w.l(libinit2.o)
    0x08000212   0x00000000   Code   RO         3342    .ARM.Collect$$libinit$$0000002C  c_w.l(libinit2.o)
    0x08000212   0x00000000   Code   RO         3344    .ARM.Collect$$libinit$$0000002E  c_w.l(libinit2.o)
    0x08000212   0x00000000   Code   RO         3346    .ARM.Collect$$libinit$$00000030  c_w.l(libinit2.o)
    0x08000212   0x00000002   Code   RO         3347    .ARM.Collect$$libinit$$00000031  c_w.l(libinit2.o)
    0x08000214   0x00000002   Code   RO         3369    .ARM.Collect$$libshutdown$$00000000  c_w.l(libshutdown.o)
    0x08000216   0x00000000   Code   RO         3383    .ARM.Collect$$libshutdown$$00000003  c_w.l(libshutdown2.o)
    0x08000216   0x00000000   Code   RO         3386    .ARM.Collect$$libshutdown$$00000006  c_w.l(libshutdown2.o)
    0x08000216   0x00000000   Code   RO         3389    .ARM.Collect$$libshutdown$$00000009  c_w.l(libshutdown2.o)
    0x08000216   0x00000000   Code   RO         3391    .ARM.Collect$$libshutdown$$0000000B  c_w.l(libshutdown2.o)
    0x08000216   0x00000000   Code   RO         3394    .ARM.Collect$$libshutdown$$0000000E  c_w.l(libshutdown2.o)
    0x08000216   0x00000002   Code   RO         3395    .ARM.Collect$$libshutdown$$0000000F  c_w.l(libshutdown2.o)
    0x08000218   0x00000000   Code   RO         3223    .ARM.Collect$$rtentry$$00000000  c_w.l(rtentry.o)
    0x08000218   0x00000000   Code   RO         3267    .ARM.Collect$$rtentry$$00000002  c_w.l(rtentry2.o)
    0x08000218   0x00000006   Code   RO         3279    .ARM.Collect$$rtentry$$00000004  c_w.l(rtentry4.o)
    0x0800021e   0x00000000   Code   RO         3269    .ARM.Collect$$rtentry$$00000009  c_w.l(rtentry2.o)
    0x0800021e   0x00000004   Code   RO         3270    .ARM.Collect$$rtentry$$0000000A  c_w.l(rtentry2.o)
    0x08000222   0x00000000   Code   RO         3272    .ARM.Collect$$rtentry$$0000000C  c_w.l(rtentry2.o)
    0x08000222   0x00000008   Code   RO         3273    .ARM.Collect$$rtentry$$0000000D  c_w.l(rtentry2.o)
    0x0800022a   0x00000002   Code   RO         3303    .ARM.Collect$$rtexit$$00000000  c_w.l(rtexit.o)
    0x0800022c   0x00000000   Code   RO         3351    .ARM.Collect$$rtexit$$00000002  c_w.l(rtexit2.o)
    0x0800022c   0x00000004   Code   RO         3352    .ARM.Collect$$rtexit$$00000003  c_w.l(rtexit2.o)
    0x08000230   0x00000006   Code   RO         3353    .ARM.Collect$$rtexit$$00000004  c_w.l(rtexit2.o)
    0x08000236   0x00000002   PAD
    0x08000238   0x00000040   Code   RO         1248    .text               startup_stm32f411xe.o
    0x08000278   0x0000004e   Code   RO         3073    .text               c_w.l(rt_memclr_w.o)
    0x080002c6   0x00000006   Code   RO         3075    .text               c_w.l(heapauxi.o)
    0x080002cc   0x00000016   Code   RO         3224    .text               c_w.l(_rserrno.o)
    0x080002e2   0x00000002   PAD
    0x080002e4   0x00000008   Code   RO         3284    .text               c_w.l(rt_errno_addr_intlibspace.o)
    0x080002ec   0x00000008   Code   RO         3288    .text               c_w.l(libspace.o)
    0x080002f4   0x0000004a   Code   RO         3291    .text               c_w.l(sys_stackheap_outer.o)
    0x0800033e   0x0000000c   Code   RO         3293    .text               c_w.l(exit.o)
    0x0800034a   0x00000002   PAD
    0x0800034c   0x0000000c   Code   RO         3361    .text               c_w.l(sys_exit.o)
    0x08000358   0x00000002   Code   RO         3372    .text               c_w.l(use_no_semi.o)
    0x0800035a   0x00000000   Code   RO         3374    .text               c_w.l(indicate_semi.o)
    0x0800035a   0x00000002   Code   RO          253    i.BusFault_Handler  stm32f4xx_it.o
    0x0800035c   0x0000003e   Code   RO          613    i.Convert4BytesToWordData  functions.o
    0x0800039a   0x00000002   PAD
    0x0800039c   0x00000074   Code   RO          254    i.DMA1_Stream5_IRQHandler  stm32f4xx_it.o
    0x08000410   0x00000456   Code   RO          255    i.DMA2_Stream2_IRQHandler  stm32f4xx_it.o
    0x08000866   0x00000002   PAD
    0x08000868   0x0000005c   Code   RO          256    i.DMA2_Stream5_IRQHandler  stm32f4xx_it.o
    0x080008c4   0x0000002c   Code   RO         1495    i.DMA_ClearFlag     stm32f4xx_dma.o
    0x080008f0   0x0000002c   Code   RO         1496    i.DMA_ClearITPendingBit  stm32f4xx_dma.o
    0x0800091c   0x00000014   Code   RO         1497    i.DMA_Cmd           stm32f4xx_dma.o
    0x08000930   0x0000002c   Code   RO         1508    i.DMA_ITConfig      stm32f4xx_dma.o
    0x0800095c   0x00000054   Code   RO         1509    i.DMA_Init          stm32f4xx_dma.o
    0x080009b0   0x00000002   Code   RO          257    i.DebugMon_Handler  stm32f4xx_it.o
    0x080009b2   0x00000002   PAD
    0x080009b4   0x00000490   Code   RO          614    i.Defuzzification_Max_Min  functions.o
    0x08000e44   0x00000034   Code   RO          398    i.DirPinConfig      encoder.o
    0x08000e78   0x0000001a   Code   RO          399    i.Encoder_Config    encoder.o
    0x08000e92   0x00000002   PAD
    0x08000e94   0x0000003c   Code   RO         2824    i.FLASH_GetStatus   stm32f4xx_flash.o
    0x08000ed0   0x00000010   Code   RO         2828    i.FLASH_Lock        stm32f4xx_flash.o
    0x08000ee0   0x0000003c   Code   RO         2852    i.FLASH_ProgramWord  stm32f4xx_flash.o
    0x08000f1c   0x00000024   Code   RO         2854    i.FLASH_Unlock      stm32f4xx_flash.o
    0x08000f40   0x0000001e   Code   RO         2855    i.FLASH_WaitForLastOperation  stm32f4xx_flash.o
    0x08000f5e   0x0000002a   Code   RO          616    i.FeedBack          functions.o
    0x08000f88   0x00000044   Code   RO          617    i.Fuzzy_Max         functions.o
    0x08000fcc   0x0000003a   Code   RO          618    i.Fuzzy_Min         functions.o
    0x08001006   0x00000002   PAD
    0x08001008   0x000001cc   Code   RO          619    i.Fuzzy_ParametersInit  functions.o
    0x080011d4   0x000000a2   Code   RO         1628    i.GPIO_Init         stm32f4xx_gpio.o
    0x08001276   0x00000020   Code   RO         1629    i.GPIO_PinAFConfig  stm32f4xx_gpio.o
    0x08001296   0x0000000e   Code   RO         1634    i.GPIO_ReadOutputDataBit  stm32f4xx_gpio.o
    0x080012a4   0x00000004   Code   RO         1635    i.GPIO_ResetBits    stm32f4xx_gpio.o
    0x080012a8   0x00000004   Code   RO         1636    i.GPIO_SetBits      stm32f4xx_gpio.o
    0x080012ac   0x000000ac   Code   RO          620    i.GPS_GetLatFromString  functions.o
    0x08001358   0x0000009c   Code   RO          621    i.GPS_GetLonFromString  functions.o
    0x080013f4   0x0000005e   Code   RO          622    i.GPS_GetMessage    functions.o
    0x08001452   0x00000002   PAD
    0x08001454   0x00000078   Code   RO          623    i.GPS_LLToDegree    functions.o
    0x080014cc   0x0000057c   Code   RO          624    i.GPS_LatLonToUTM   functions.o
    0x08001a48   0x00000030   Code   RO          625    i.GPS_ParametersInit  functions.o
    0x08001a78   0x00000058   Code   RO          626    i.GPS_SavePathCoordinateToFlash  functions.o
    0x08001ad0   0x000002ec   Code   RO          627    i.GPS_StanleyControl  functions.o
    0x08001dbc   0x00000086   Code   RO          628    i.GPS_UpdatePathCoordinate  functions.o
    0x08001e42   0x00000002   PAD
    0x08001e44   0x00000074   Code   RO          629    i.GPS_UpdatePathYaw  functions.o
    0x08001eb8   0x00000058   Code   RO          630    i.GetMessageInfo    functions.o
    0x08001f10   0x000000e0   Code   RO          631    i.GetNbOfReceiveHeader  functions.o
    0x08001ff0   0x00000154   Code   RO          632    i.GetValueFromString  functions.o
    0x08002144   0x00000124   Code   RO          258    i.GetVehicleVelocity  stm32f4xx_it.o
    0x08002268   0x00000002   Code   RO          259    i.HardFault_Handler  stm32f4xx_it.o
    0x0800226a   0x0000001c   Code   RO          633    i.IMU_GetCommandMessage  functions.o
    0x08002286   0x00000002   PAD
    0x08002288   0x000000b8   Code   RO          634    i.IMU_GetValue      functions.o
    0x08002340   0x00000028   Code   RO          635    i.IMU_ParametesInit  functions.o
    0x08002368   0x00000006   Code   RO          636    i.IMU_UpdateAngle   functions.o
    0x0800236e   0x00000008   Code   RO          637    i.IMU_UpdateFuzzyCoefficients  functions.o
    0x08002376   0x00000002   PAD
    0x08002378   0x000000e4   Code   RO          638    i.IMU_UpdateFuzzyInput  functions.o
    0x0800245c   0x0000000a   Code   RO          639    i.IMU_UpdatePreAngle  functions.o
    0x08002466   0x0000001a   Code   RO          640    i.IMU_UpdateSetAngle  functions.o
    0x08002480   0x0000002e   Code   RO          641    i.IsCorrectMessage  functions.o
    0x080024ae   0x00000002   PAD
    0x080024b0   0x00000044   Code   RO          642    i.IsDouble          functions.o
    0x080024f4   0x0000000c   Code   RO          643    i.IsValidData       functions.o
    0x08002500   0x00000016   Code   RO          644    i.LRCCalculate      functions.o
    0x08002516   0x00000002   PAD
    0x08002518   0x000000b4   Code   RO          401    i.M1_Encoder_Config  encoder.o
    0x080025cc   0x00000060   Code   RO          402    i.M1_Forward        encoder.o
    0x0800262c   0x00000060   Code   RO          403    i.M2_Backward       encoder.o
    0x0800268c   0x000000b4   Code   RO          404    i.M2_Encoder_Config  encoder.o
    0x08002740   0x00000060   Code   RO          405    i.M2_Forward        encoder.o
    0x080027a0   0x00000002   Code   RO          260    i.MemManage_Handler  stm32f4xx_it.o
    0x080027a2   0x00000002   Code   RO          261    i.NMI_Handler       stm32f4xx_it.o
    0x080027a4   0x00000064   Code   RO         1255    i.NVIC_Init         misc.o
    0x08002808   0x00000014   Code   RO         1256    i.NVIC_PriorityGroupConfig  misc.o
    0x0800281c   0x00000020   Code   RO          131    i.NVIC_SetPriority  main.o
    0x0800283c   0x0000015c   Code   RO          646    i.PID_Compute       functions.o
    0x08002998   0x00000030   Code   RO          647    i.PID_ParametersInitial  functions.o
    0x080029c8   0x00000006   Code   RO          648    i.PID_ParametersUpdate  functions.o
    0x080029ce   0x00000002   PAD
    0x080029d0   0x000000b0   Code   RO          132    i.PID_ReadParametersFromFlash  main.o
    0x08002a80   0x0000000a   Code   RO          649    i.PID_ResetEncoder  functions.o
    0x08002a8a   0x00000002   PAD
    0x08002a8c   0x000000d0   Code   RO          650    i.PID_SavePIDParaToFlash  functions.o
    0x08002b5c   0x00000004   Code   RO          651    i.PID_UpdateEnc     functions.o
    0x08002b60   0x00000006   Code   RO          652    i.PID_UpdateSetVel  functions.o
    0x08002b66   0x00000002   PAD
    0x08002b68   0x000000a4   Code   RO          406    i.PWM_Config        encoder.o
    0x08002c0c   0x00000084   Code   RO          134    i.Parameters_Init   main.o
    0x08002c90   0x00000002   Code   RO          262    i.PendSV_Handler    stm32f4xx_it.o
    0x08002c92   0x00000032   Code   RO          135    i.Peripheral_Config  main.o
    0x08002cc4   0x0000007c   Code   RO          653    i.Pi_To_Pi          functions.o
    0x08002d40   0x00000018   Code   RO         1957    i.RCC_AHB1PeriphClockCmd  stm32f4xx_rcc.o
    0x08002d58   0x00000018   Code   RO         1963    i.RCC_APB1PeriphClockCmd  stm32f4xx_rcc.o
    0x08002d70   0x00000018   Code   RO         1966    i.RCC_APB2PeriphClockCmd  stm32f4xx_rcc.o
    0x08002d88   0x00000094   Code   RO         1975    i.RCC_GetClocksFreq  stm32f4xx_rcc.o
    0x08002e1c   0x00000036   Code   RO          654    i.ReadFromFlash     functions.o
    0x08002e52   0x00000002   PAD
    0x08002e54   0x00000050   Code   RO          263    i.Reset_Motor       stm32f4xx_it.o
    0x08002ea4   0x00000026   Code   RO          408    i.Robot_Forward     encoder.o
    0x08002eca   0x00000026   Code   RO          409    i.Robot_Spin_AntiClockWise  encoder.o
    0x08002ef0   0x00000002   Code   RO          264    i.SVC_Handler       stm32f4xx_it.o
    0x08002ef2   0x00000002   PAD
    0x08002ef4   0x00000034   Code   RO          265    i.SaveDataToInternalFlash  stm32f4xx_it.o
    0x08002f28   0x000001b0   Code   RO          136    i.SendData          main.o
    0x080030d8   0x00000074   Code   RO            4    i.SetSysClock       system_stm32f4xx.o
    0x0800314c   0x00000004   Code   RO          657    i.Status_CheckStatus  functions.o
    0x08003150   0x00000004   Code   RO          659    i.Status_UpdateStatus  functions.o
    0x08003154   0x0000001a   Code   RO          660    i.StringHeaderCompare  functions.o
    0x0800316e   0x00000002   PAD
    0x08003170   0x00000058   Code   RO          266    i.SysTick_Handler   stm32f4xx_it.o
    0x080031c8   0x0000005c   Code   RO            6    i.SystemInit        system_stm32f4xx.o
    0x08003224   0x00000002   Code   RO          267    i.TIM2_IRQHandler   stm32f4xx_it.o
    0x08003226   0x00000002   PAD
    0x08003228   0x0000001c   Code   RO          268    i.TIM3_IRQHandler   stm32f4xx_it.o
    0x08003244   0x0000001c   Code   RO          269    i.TIM4_IRQHandler   stm32f4xx_it.o
    0x08003260   0x00000014   Code   RO         2267    i.TIM_ARRPreloadConfig  stm32f4xx_tim.o
    0x08003274   0x00000006   Code   RO         2274    i.TIM_ClearITPendingBit  stm32f4xx_tim.o
    0x0800327a   0x00000014   Code   RO         2279    i.TIM_Cmd           stm32f4xx_tim.o
    0x0800328e   0x00000032   Code   RO         2288    i.TIM_EncoderInterfaceConfig  stm32f4xx_tim.o
    0x080032c0   0x00000004   Code   RO         2298    i.TIM_GetCounter    stm32f4xx_tim.o
    0x080032c4   0x00000010   Code   RO         2304    i.TIM_ITConfig      stm32f4xx_tim.o
    0x080032d4   0x00000060   Code   RO         2308    i.TIM_OC1Init       stm32f4xx_tim.o
    0x08003334   0x0000000c   Code   RO         2311    i.TIM_OC1PreloadConfig  stm32f4xx_tim.o
    0x08003340   0x00000080   Code   RO         2313    i.TIM_OC2Init       stm32f4xx_tim.o
    0x080033c0   0x00000014   Code   RO         2316    i.TIM_OC2PreloadConfig  stm32f4xx_tim.o
    0x080033d4   0x0000007c   Code   RO         2351    i.TIM_TimeBaseInit  stm32f4xx_tim.o
    0x08003450   0x00000044   Code   RO          661    i.Time_GetSampleTime  functions.o
    0x08003494   0x0000000c   Code   RO          662    i.Time_ParametersInit  functions.o
    0x080034a0   0x00000004   Code   RO          663    i.Time_SampleTimeUpdate  functions.o
    0x080034a4   0x0000000a   Code   RO          664    i.Time_SendTimeUpdate  functions.o
    0x080034ae   0x00000002   PAD
    0x080034b0   0x00000108   Code   RO          665    i.ToChar            functions.o
    0x080035b8   0x0000000e   Code   RO          667    i.ToHex             functions.o
    0x080035c6   0x00000002   PAD
    0x080035c8   0x00000034   Code   RO          668    i.ToRPM             functions.o
    0x080035fc   0x000000d8   Code   RO          670    i.Trapf             functions.o
    0x080036d4   0x000000cc   Code   RO          672    i.Trimf             functions.o
    0x080037a0   0x00000024   Code   RO          547    i.U1_SendData       usart_dma_config.o
    0x080037c4   0x00000028   Code   RO          549    i.U6_SendData       usart_dma_config.o
    0x080037ec   0x00000144   Code   RO          550    i.USART1_Config     usart_dma_config.o
    0x08003930   0x00000160   Code   RO          551    i.USART2_Config     usart_dma_config.o
    0x08003a90   0x00000040   Code   RO          270    i.USART2_IRQHandler  stm32f4xx_it.o
    0x08003ad0   0x0000015c   Code   RO          552    i.USART6_Config     usart_dma_config.o
    0x08003c2c   0x00000040   Code   RO          271    i.USART6_IRQHandler  stm32f4xx_it.o
    0x08003c6c   0x00000006   Code   RO         1303    i.USART_ClearFlag   stm32f4xx_usart.o
    0x08003c72   0x00000014   Code   RO         1307    i.USART_Cmd         stm32f4xx_usart.o
    0x08003c86   0x00000010   Code   RO         1308    i.USART_DMACmd      stm32f4xx_usart.o
    0x08003c96   0x0000003e   Code   RO         1311    i.USART_GetITStatus  stm32f4xx_usart.o
    0x08003cd4   0x00000030   Code   RO         1313    i.USART_ITConfig    stm32f4xx_usart.o
    0x08003d04   0x000000ac   Code   RO         1314    i.USART_Init        stm32f4xx_usart.o
    0x08003db0   0x00000008   Code   RO         1321    i.USART_ReceiveData  stm32f4xx_usart.o
    0x08003db8   0x00000002   Code   RO          272    i.UsageFault_Handler  stm32f4xx_it.o
    0x08003dba   0x0000003a   Code   RO          674    i.Veh_GetCommandMessage  functions.o
    0x08003df4   0x00000024   Code   RO          675    i.Veh_ParametersInit  functions.o
    0x08003e18   0x00000006   Code   RO          676    i.Veh_UpdateMaxVelocity  functions.o
    0x08003e1e   0x00000002   PAD
    0x08003e20   0x0000015c   Code   RO          677    i.Veh_UpdateVehicleFromKey  functions.o
    0x08003f7c   0x00000052   Code   RO          678    i.WriteToFlash      functions.o
    0x08003fce   0x00000030   Code   RO         3244    i.__ARM_fpclassify  m_wm.l(fpclassify.o)
    0x08003ffe   0x00000002   PAD
    0x08004000   0x000002e0   Code   RO         3115    i.__hardfp_atan     m_wm.l(atan.o)
    0x080042e0   0x000001f0   Code   RO         3129    i.__hardfp_atan2    m_wm.l(atan2.o)
    0x080044d0   0x000000d8   Code   RO         3141    i.__hardfp_cos      m_wm.l(cos.o)
    0x080045a8   0x00000014   Code   RO         3153    i.__hardfp_fabs     m_wm.l(fabs.o)
    0x080045bc   0x00000004   PAD
    0x080045c0   0x000003e4   Code   RO         3159    i.__hardfp_log      m_wm.l(log.o)
    0x080049a4   0x00000004   PAD
    0x080049a8   0x00000c38   Code   RO         3173    i.__hardfp_pow      m_wm.l(pow.o)
    0x080055e0   0x000000d8   Code   RO         3187    i.__hardfp_sin      m_wm.l(sin.o)
    0x080056b8   0x0000007a   Code   RO         3199    i.__hardfp_sqrt     m_wm.l(sqrt.o)
    0x08005732   0x00000006   PAD
    0x08005738   0x000000a0   Code   RO         3211    i.__hardfp_tan      m_wm.l(tan.o)
    0x080057d8   0x00000438   Code   RO         3249    i.__ieee754_rem_pio2  m_wm.l(rred.o)
    0x08005c10   0x00000170   Code   RO         3239    i.__kernel_cos      m_wm.l(cos_i.o)
    0x08005d80   0x000000f8   Code   RO         3246    i.__kernel_poly     m_wm.l(poly.o)
    0x08005e78   0x00000130   Code   RO         3254    i.__kernel_sin      m_wm.l(sin_i.o)
    0x08005fa8   0x00000350   Code   RO         3260    i.__kernel_tan      m_wm.l(tan_i.o)
    0x080062f8   0x00000020   Code   RO         3242    i.__mathlib_dbl_underflow  m_wm.l(dunder.o)
    0x08006318   0x00000010   Code   RO         3117    i.atan              m_wm.l(atan.o)
    0x08006328   0x00000018   Code   RO         3155    i.fabs              m_wm.l(fabs.o)
    0x08006340   0x00000014   Code   RO          679    i.fix               functions.o
    0x08006354   0x000002dc   Code   RO          139    i.main              main.o
    0x08006630   0x0000006e   Code   RO         3201    i.sqrt              m_wm.l(sqrt.o)
    0x0800669e   0x00000018   Code   RO         3079    x$fpl$basic         fz_wm.l(basic.o)
    0x080066b6   0x00000002   PAD
    0x080066b8   0x00000150   Code   RO         3081    x$fpl$dadd          fz_wm.l(daddsub_clz.o)
    0x08006808   0x00000010   Code   RO         3286    x$fpl$dcheck1       fz_wm.l(dcheck1.o)
    0x08006818   0x00000018   Code   RO         3226    x$fpl$dcmpinf       fz_wm.l(dcmpi.o)
    0x08006830   0x000002b0   Code   RO         3088    x$fpl$ddiv          fz_wm.l(ddiv.o)
    0x08006ae0   0x00000078   Code   RO         3091    x$fpl$deqf          fz_wm.l(deqf.o)
    0x08006b58   0x0000005e   Code   RO         3093    x$fpl$dfix          fz_wm.l(dfix.o)
    0x08006bb6   0x00000002   PAD
    0x08006bb8   0x0000005a   Code   RO         3097    x$fpl$dfixu         fz_wm.l(dfixu.o)
    0x08006c12   0x0000002e   Code   RO         3102    x$fpl$dflt          fz_wm.l(dflt_clz.o)
    0x08006c40   0x00000026   Code   RO         3101    x$fpl$dfltu         fz_wm.l(dflt_clz.o)
    0x08006c66   0x00000002   PAD
    0x08006c68   0x00000078   Code   RO         3107    x$fpl$dleqf         fz_wm.l(dleqf.o)
    0x08006ce0   0x00000154   Code   RO         3109    x$fpl$dmul          fz_wm.l(dmul.o)
    0x08006e34   0x0000009c   Code   RO         3228    x$fpl$dnaninf       fz_wm.l(dnaninf.o)
    0x08006ed0   0x0000000c   Code   RO         3230    x$fpl$dretinf       fz_wm.l(dretinf.o)
    0x08006edc   0x0000006c   Code   RO         3111    x$fpl$drleqf        fz_wm.l(drleqf.o)
    0x08006f48   0x00000016   Code   RO         3082    x$fpl$drsb          fz_wm.l(daddsub_clz.o)
    0x08006f5e   0x00000002   PAD
    0x08006f60   0x00000198   Code   RO         3232    x$fpl$dsqrt         fz_wm.l(dsqrt_umaal.o)
    0x080070f8   0x000001d4   Code   RO         3083    x$fpl$dsub          fz_wm.l(daddsub_clz.o)
    0x080072cc   0x0000000a   Code   RO         3359    x$fpl$fpinit        fz_wm.l(fpinit.o)
    0x080072d6   0x00000064   Code   RO         3301    x$fpl$retnan        fz_wm.l(retnan.o)
    0x0800733a   0x0000005c   Code   RO         3236    x$fpl$scalbn        fz_wm.l(scalbn.o)
    0x08007396   0x00000030   Code   RO         3348    x$fpl$trapveneer    fz_wm.l(trapv.o)
    0x080073c6   0x00000000   Code   RO         3238    x$fpl$usenofp       fz_wm.l(usenofp.o)
    0x080073c6   0x00000002   PAD
    0x080073c8   0x00000098   Data   RO         3118    .constdata          m_wm.l(atan.o)
    0x08007460   0x00000038   Data   RO         3162    .constdata          m_wm.l(log.o)
    0x08007498   0x00000088   Data   RO         3176    .constdata          m_wm.l(pow.o)
    0x08007520   0x00000030   Data   RO         3240    .constdata          m_wm.l(cos_i.o)
    0x08007550   0x00000008   Data   RO         3248    .constdata          m_wm.l(qnan.o)
    0x08007558   0x000000c8   Data   RO         3251    .constdata          m_wm.l(rred.o)
    0x08007620   0x00000028   Data   RO         3255    .constdata          m_wm.l(sin_i.o)
    0x08007648   0x00000060   Data   RO         3261    .constdata          m_wm.l(tan_i.o)
    0x080076a8   0x00000020   Data   RO         3426    Region$$Table       anon$$obj.o


    Execution Region RW_IRAM1 (Base: 0x20000000, Size: 0x000024a8, Max: 0x00020000, ABSOLUTE)

    Base Addr    Size         Type   Attr      Idx    E Section Name        Object

    0x20000000   0x00000014   Data   RW            7    .data               system_stm32f4xx.o
    0x20000014   0x00000002   Data   RW          273    .data               stm32f4xx_it.o
    0x20000016   0x00000002   PAD
    0x20000018   0x0000000c   Data   RW          413    .data               encoder.o
    0x20000024   0x0000000c   Data   RW          554    .data               usart_dma_config.o
    0x20000030   0x00000040   Data   RW          687    .data               functions.o
    0x20000070   0x00000005   Data   RW          688    .data               functions.o
    0x20000075   0x00000010   Data   RW         2005    .data               stm32f4xx_rcc.o
    0x20000085   0x00000003   PAD
    0x20000088   0x00000020   Zero   RW          412    .bss                encoder.o
    0x200000a8   0x00000689   Zero   RW          553    .bss                usart_dma_config.o
    0x20000731   0x00000007   PAD
    0x20000738   0x00000058   Zero   RW          680    .bss                functions.o
    0x20000790   0x00000058   Zero   RW          681    .bss                functions.o
    0x200007e8   0x000009b8   Zero   RW          683    .bss                functions.o
    0x200011a0   0x00000640   Zero   RW          684    .bss                functions.o
    0x200017e0   0x00000640   Zero   RW          685    .bss                functions.o
    0x20001e20   0x00000028   Zero   RW          686    .bss                functions.o
    0x20001e48   0x00000060   Zero   RW         3289    .bss                c_w.l(libspace.o)
    0x20001ea8   0x00000200   Zero   RW         1246    HEAP                startup_stm32f411xe.o
    0x200020a8   0x00000400   Zero   RW         1245    STACK               startup_stm32f411xe.o


==============================================================================

Image component sizes


      Code (inc. data)   RO Data    RW Data    ZI Data      Debug   Object Name

       966        138          0         12         32       6998   encoder.o
      8504        894          0         69       5904      47160   functions.o
      1554        162          0          0          0      30301   main.o
       120         14          0          0          0       1751   misc.o
        64         26        408          0       1536        976   startup_stm32f411xe.o
       236         28          0          0          0       4632   stm32f4xx_dma.o
       202         26          0          0          0       3823   stm32f4xx_flash.o
       216          0          0          0          0       3808   stm32f4xx_gpio.o
      2032        288          0          2          0      38316   stm32f4xx_it.o
       220         34          0         16          0       5119   stm32f4xx_rcc.o
       496         44          0          0          0       9134   stm32f4xx_tim.o
       332          8          0          0          0       5747   stm32f4xx_usart.o
       208         36          0         20          0     283953   system_stm32f4xx.o
      1100         78          0         12       1673       4946   usart_dma_config.o

    ----------------------------------------------------------------------
     16292       1776        440        136       9152     446664   Object Totals
         0          0         32          0          0          0   (incl. Generated)
        42          0          0          5          7          0   (incl. Padding)

    ----------------------------------------------------------------------

      Code (inc. data)   RO Data    RW Data    ZI Data      Debug   Library Member Name

         8          0          0          0          0         68   __main.o
        52          8          0          0          0          0   __scatter.o
        26          0          0          0          0          0   __scatter_copy.o
        28          0          0          0          0          0   __scatter_zi.o
        22          0          0          0          0        100   _rserrno.o
        12          0          0          0          0         72   exit.o
         6          0          0          0          0        152   heapauxi.o
         0          0          0          0          0          0   indicate_semi.o
         2          0          0          0          0          0   libinit.o
         6          0          0          0          0          0   libinit2.o
         2          0          0          0          0          0   libshutdown.o
         2          0          0          0          0          0   libshutdown2.o
         8          4          0          0         96         68   libspace.o
         8          4          0          0          0         68   rt_errno_addr_intlibspace.o
        78          0          0          0          0         80   rt_memclr_w.o
         0          0          0          0          0          0   rtentry.o
        12          0          0          0          0          0   rtentry2.o
         6          0          0          0          0          0   rtentry4.o
         2          0          0          0          0          0   rtexit.o
        10          0          0          0          0          0   rtexit2.o
        12          4          0          0          0         68   sys_exit.o
        74          0          0          0          0         80   sys_stackheap_outer.o
         2          0          0          0          0         68   use_no_semi.o
        24          0          0          0          0        164   basic.o
       826         16          0          0          0        492   daddsub_clz.o
        16          4          0          0          0        116   dcheck1.o
        24          0          0          0          0        116   dcmpi.o
       688        140          0          0          0        256   ddiv.o
       120          4          0          0          0        140   deqf.o
        94          4          0          0          0        140   dfix.o
        90          4          0          0          0        140   dfixu.o
        84          0          0          0          0        232   dflt_clz.o
       120          4          0          0          0        140   dleqf.o
       340         12          0          0          0        152   dmul.o
       156          4          0          0          0        140   dnaninf.o
        12          0          0          0          0        116   dretinf.o
       108          0          0          0          0        128   drleqf.o
       408         56          0          0          0        168   dsqrt_umaal.o
        10          0          0          0          0        116   fpinit.o
       100          0          0          0          0        116   retnan.o
        92          0          0          0          0        116   scalbn.o
        48          0          0          0          0        116   trapv.o
         0          0          0          0          0          0   usenofp.o
       752        104        152          0          0        344   atan.o
       496         70          0          0          0        156   atan2.o
       216         16          0          0          0        152   cos.o
       368         46         48          0          0        200   cos_i.o
        32          8          0          0          0        124   dunder.o
        44          0          0          0          0        248   fabs.o
        48          0          0          0          0        124   fpclassify.o
       996        114         56          0          0        232   log.o
       248          0          0          0          0        152   poly.o
      3128        304        136          0          0        216   pow.o
         0          0          8          0          0          0   qnan.o
      1080        142        200          0          0        188   rred.o
       216         16          0          0          0        152   sin.o
       304         24         40          0          0        208   sin_i.o
       232          0          0          0          0        296   sqrt.o
       160         18          0          0          0        152   tan.o
       848         84         96          0          0        196   tan_i.o

    ----------------------------------------------------------------------
     12940       1218        736          0         96       7068   Library Totals
        34          4          0          0          0          0   (incl. Padding)

    ----------------------------------------------------------------------

      Code (inc. data)   RO Data    RW Data    ZI Data      Debug   Library Name

       378         20          0          0         96        824   c_w.l
      3360        248          0          0          0       3104   fz_wm.l
      9168        946        736          0          0       3140   m_wm.l

    ----------------------------------------------------------------------
     12940       1218        736          0         96       7068   Library Totals

    ----------------------------------------------------------------------

==============================================================================


      Code (inc. data)   RO Data    RW Data    ZI Data      Debug   

     29232       2994       1176        136       9248     436520   Grand Totals
     29232       2994       1176        136       9248     436520   ELF Image Totals
     29232       2994       1176        136          0          0   ROM Totals

==============================================================================

    Total RO  Size (Code + RO Data)                30408 (  29.70kB)
    Total RW  Size (RW Data + ZI Data)              9384 (   9.16kB)
    Total ROM Size (Code + RO Data + RW Data)      30544 (  29.83kB)

==============================================================================

