Product: MDK-ARM Standard 5.10
Component: ARM Compiler 5.04 update 1 (build 49)
Tool: armlink [5040049]

==============================================================================

Section Cross References

    system_stm32f4xx.o(i.SystemCoreClockUpdate) refers to system_stm32f4xx.o(.data) for .data
    system_stm32f4xx.o(i.SystemInit) refers to system_stm32f4xx.o(i.SetSysClock) for SetSysClock
    main.o(i.Peripheral_Config) refers to usart_dma_config.o(i.USART2_Rx_Config) for USART2_Rx_Config
    main.o(i.Peripheral_Config) refers to usart_dma_config.o(i.USART6_Config) for USART6_Config
    main.o(i.Peripheral_Config) refers to encoder.o(i.Encoder_Config) for Encoder_Config
    main.o(i.Peripheral_Config) refers to e_compass.o(i.ECompass_Config) for ECompass_Config
    main.o(i.Peripheral_Config) refers to system_stm32f4xx.o(.data) for SystemCoreClock
    main.o(i.ResetPID) refers to functions.o(.data) for M1_Pre_Error
    main.o(i.main) refers to functions.o(i.Parameters_Init) for Parameters_Init
    main.o(i.main) refers to functions.o(i.Defuzzification_Max_Min) for Defuzzification_Max_Min
    main.o(i.main) refers to main.o(.data) for .data
    stm32f4xx_it.o(i.DMA1_Stream5_IRQHandler) refers to stm32f4xx_dma.o(i.DMA_ClearITPendingBit) for DMA_ClearITPendingBit
    stm32f4xx_it.o(i.DMA1_Stream5_IRQHandler) refers to functions.o(i.GetMessageInfo) for GetMessageInfo
    stm32f4xx_it.o(i.DMA1_Stream5_IRQHandler) refers to functions.o(i.IsCorrectHeader) for IsCorrectHeader
    stm32f4xx_it.o(i.DMA1_Stream5_IRQHandler) refers to functions.o(i.IsValidData) for IsValidData
    stm32f4xx_it.o(i.DMA1_Stream5_IRQHandler) refers to functions.o(i.GetValueFromString) for GetValueFromString
    stm32f4xx_it.o(i.DMA1_Stream5_IRQHandler) refers to functions.o(i.LLToDegree) for LLToDegree
    stm32f4xx_it.o(i.DMA1_Stream5_IRQHandler) refers to functions.o(i.LatLonToUTM) for LatLonToUTM
    stm32f4xx_it.o(i.DMA1_Stream5_IRQHandler) refers to stm32f4xx_dma.o(i.DMA_Cmd) for DMA_Cmd
    stm32f4xx_it.o(i.DMA1_Stream5_IRQHandler) refers to stm32f4xx_it.o(.bss) for .bss
    stm32f4xx_it.o(i.DMA1_Stream5_IRQHandler) refers to usart_dma_config.o(.bss) for U2_RxBuffer
    stm32f4xx_it.o(i.DMA1_Stream5_IRQHandler) refers to stm32f4xx_it.o(.data) for .data
    stm32f4xx_it.o(i.DMA2_Stream2_IRQHandler) refers to stm32f4xx_dma.o(i.DMA_ClearITPendingBit) for DMA_ClearITPendingBit
    stm32f4xx_it.o(i.DMA2_Stream2_IRQHandler) refers to functions.o(i.GetMessageInfo) for GetMessageInfo
    stm32f4xx_it.o(i.DMA2_Stream2_IRQHandler) refers to stm32f4xx_dma.o(i.DMA_Cmd) for DMA_Cmd
    stm32f4xx_it.o(i.DMA2_Stream2_IRQHandler) refers to stm32f4xx_it.o(.bss) for .bss
    stm32f4xx_it.o(i.DMA2_Stream2_IRQHandler) refers to usart_dma_config.o(.bss) for U6_RxBuffer
    stm32f4xx_it.o(i.DMA2_Stream2_IRQHandler) refers to main.o(.data) for control
    stm32f4xx_it.o(i.DMA2_Stream5_IRQHandler) refers to stm32f4xx_dma.o(i.DMA_ClearITPendingBit) for DMA_ClearITPendingBit
    stm32f4xx_it.o(i.DMA2_Stream5_IRQHandler) refers to stm32f4xx_dma.o(i.DMA_Cmd) for DMA_Cmd
    stm32f4xx_it.o(i.SampleTime) refers to pow.o(i.__hardfp_pow) for __hardfp_pow
    stm32f4xx_it.o(i.SampleTime) refers to dflt_clz.o(x$fpl$dfltu) for __aeabi_ui2d
    stm32f4xx_it.o(i.SampleTime) refers to dmul.o(x$fpl$dmul) for __aeabi_dmul
    stm32f4xx_it.o(i.SampleTime) refers to stm32f4xx_it.o(.data) for .data
    stm32f4xx_it.o(i.SendData) refers to functions.o(i.ToChar) for ToChar
    stm32f4xx_it.o(i.SendData) refers to usart_dma_config.o(i.U6_SendData) for U6_SendData
    stm32f4xx_it.o(i.SendData) refers to usart_dma_config.o(.bss) for U6_TxBuffer
    stm32f4xx_it.o(i.SendData) refers to stm32f4xx_it.o(.data) for .data
    stm32f4xx_it.o(i.SendData) refers to stm32f4xx_it.o(.bss) for .bss
    stm32f4xx_it.o(i.SysTick_Handler) refers to stm32f4xx_it.o(i.SampleTime) for SampleTime
    stm32f4xx_it.o(i.SysTick_Handler) refers to stm32f4xx_tim.o(i.TIM_GetCounter) for TIM_GetCounter
    stm32f4xx_it.o(i.SysTick_Handler) refers to e_compass.o(i.GetAngle) for GetAngle
    stm32f4xx_it.o(i.SysTick_Handler) refers to daddsub_clz.o(x$fpl$dadd) for __aeabi_dadd
    stm32f4xx_it.o(i.SysTick_Handler) refers to drleqf.o(x$fpl$drleqf) for __aeabi_cdrcmple
    stm32f4xx_it.o(i.SysTick_Handler) refers to daddsub_clz.o(x$fpl$dsub) for __aeabi_dsub
    stm32f4xx_it.o(i.SysTick_Handler) refers to dleqf.o(x$fpl$dleqf) for __aeabi_cdcmple
    stm32f4xx_it.o(i.SysTick_Handler) refers to functions.o(i.ToRadian) for ToRadian
    stm32f4xx_it.o(i.SysTick_Handler) refers to ddiv.o(x$fpl$ddiv) for __aeabi_ddiv
    stm32f4xx_it.o(i.SysTick_Handler) refers to dmul.o(x$fpl$dmul) for __aeabi_dmul
    stm32f4xx_it.o(i.SysTick_Handler) refers to functions.o(i.Defuzzification_Max_Min) for Defuzzification_Max_Min
    stm32f4xx_it.o(i.SysTick_Handler) refers to dflt_clz.o(x$fpl$dfltu) for __aeabi_ui2d
    stm32f4xx_it.o(i.SysTick_Handler) refers to functions.o(i.PID_ControlM1) for PID_ControlM1
[...]
    ../clib/signal.c                         0x00000000   Number         0  __raise.o ABSOLUTE
    ../clib/signal.s                         0x00000000   Number         0  defsig.o ABSOLUTE
    ../clib/stdlib.c                         0x00000000   Number         0  exit.o ABSOLUTE
    ../fplib/basic.s                         0x00000000   Number         0  basic.o ABSOLUTE
    ../fplib/daddsub.s                       0x00000000   Number         0  daddsub_clz.o ABSOLUTE
    ../fplib/dcheck1.s                       0x00000000   Number         0  dcheck1.o ABSOLUTE
    ../fplib/dcmpi.s                         0x00000000   Number         0  dcmpi.o ABSOLUTE
    ../fplib/ddiv.s                          0x00000000   Number         0  ddiv.o ABSOLUTE
    ../fplib/deqf.s                          0x00000000   Number         0  deqf.o ABSOLUTE
    ../fplib/dfix.s                          0x00000000   Number         0  dfix.o ABSOLUTE
    ../fplib/dfixu.s                         0x00000000   Number         0  dfixu.o ABSOLUTE
    ../fplib/dflt.s                          0x00000000   Number         0  dflt_clz.o ABSOLUTE
    ../fplib/dleqf.s                         0x00000000   Number         0  dleqf.o ABSOLUTE
    ../fplib/dmul.s                          0x00000000   Number         0  dmul.o ABSOLUTE
    ../fplib/dnaninf.s                       0x00000000   Number         0  dnaninf.o ABSOLUTE
    ../fplib/dretinf.s                       0x00000000   Number         0  dretinf.o ABSOLUTE
    ../fplib/drleqf.s                        0x00000000   Number         0  drleqf.o ABSOLUTE
    ../fplib/dsqrt.s                         0x00000000   Number         0  dsqrt_umaal.o ABSOLUTE
    ../fplib/f2d.s                           0x00000000   Number         0  f2d.o ABSOLUTE
    ../fplib/fnaninf.s                       0x00000000   Number         0  fnaninf.o ABSOLUTE
    ../fplib/fpinit.s                        0x00000000   Number         0  fpinit.o ABSOLUTE
    ../fplib/retnan.s                        0x00000000   Number         0  retnan.o ABSOLUTE
    ../fplib/scalbn.s                        0x00000000   Number         0  scalbn.o ABSOLUTE
    ../fplib/trapv.s                         0x00000000   Number         0  trapv.o ABSOLUTE
    ../fplib/usenofp.s                       0x00000000   Number         0  usenofp.o ABSOLUTE
    ../mathlib/atan.c                        0x00000000   Number         0  atan_x.o ABSOLUTE
    ../mathlib/atan.c                        0x00000000   Number         0  atan.o ABSOLUTE
    ../mathlib/atan2.c                       0x00000000   Number         0  atan2.o ABSOLUTE
    ../mathlib/atan2.c                       0x00000000   Number         0  atan2_x.o ABSOLUTE
    ../mathlib/cos.c                         0x00000000   Number         0  cos_x.o ABSOLUTE
    ../mathlib/cos.c                         0x00000000   Number         0  cos.o ABSOLUTE
    ../mathlib/cos_i.c                       0x00000000   Number         0  cos_i.o ABSOLUTE
    ../mathlib/dunder.c                      0x00000000   Number         0  dunder.o ABSOLUTE
    ../mathlib/fabs.c                        0x00000000   Number         0  fabs.o ABSOLUTE
    ../mathlib/fpclassify.c                  0x00000000   Number         0  fpclassify.o ABSOLUTE
    ../mathlib/log.c                         0x00000000   Number         0  log.o ABSOLUTE
    ../mathlib/log.c                         0x00000000   Number         0  log_x.o ABSOLUTE
    ../mathlib/poly.c                        0x00000000   Number         0  poly.o ABSOLUTE
    ../mathlib/pow.c                         0x00000000   Number         0  pow_x.o ABSOLUTE
    ../mathlib/pow.c                         0x00000000   Number         0  pow.o ABSOLUTE
    ../mathlib/qnan.c                        0x00000000   Number         0  qnan.o ABSOLUTE
    ../mathlib/rred.c                        0x00000000   Number         0  rred.o ABSOLUTE
    ../mathlib/sin.c                         0x00000000   Number         0  sin_x.o ABSOLUTE
    ../mathlib/sin.c                         0x00000000   Number         0  sin.o ABSOLUTE
    ../mathlib/sin_i.c                       0x00000000   Number         0  sin_i.o ABSOLUTE
    ../mathlib/sin_i.c                       0x00000000   Number         0  sin_i_x.o ABSOLUTE
    ../mathlib/sqrt.c                        0x00000000   Number         0  sqrt.o ABSOLUTE
    ../mathlib/sqrt.c                        0x00000000   Number         0  sqrt_x.o ABSOLUTE
    ../mathlib/tan.c                         0x00000000   Number         0  tan.o ABSOLUTE
    ../mathlib/tan.c                         0x00000000   Number         0  tan_x.o ABSOLUTE
    ../mathlib/tan_i.c                       0x00000000   Number         0  tan_i.o ABSOLUTE
    ../mathlib/tan_i.c                       0x00000000   Number         0  tan_i_x.o ABSOLUTE
    ..\..\..\Embeded_Project\MyStm_Lib\src\E_Compass.c 0x00000000   Number         0  e_compass.o ABSOLUTE
    ..\..\..\Embeded_Project\MyStm_Lib\src\Encoder.c 0x00000000   Number         0  encoder.o ABSOLUTE
    ..\..\..\Embeded_Project\MyStm_Lib\src\USART_DMA_Config.c 0x00000000   Number         0  usart_dma_config.o ABSOLUTE
    ..\..\..\Embeded_Project\MyStm_Lib\src\functions.c 0x00000000   Number         0  functions.o ABSOLUTE
    ..\..\..\Embeded_Project\MyStm_Lib\src\stm32f4xx_delay.c 0x00000000   Number         0  stm32f4xx_delay.o ABSOLUTE
    ..\Libraries\CMSIS\Device\ST\STM32F4xx\Source\Templates\arm\startup_stm32f411xe.s 0x00000000   Number         0  startup_stm32f411xe.o ABSOLUTE
    ..\Libraries\STM32F4xx_StdPeriph_Driver\src\misc.c 0x00000000   Number         0  misc.o ABSOLUTE
    ..\Libraries\STM32F4xx_StdPeriph_Driver\src\stm32f4xx_dma.c 0x00000000   Number         0  stm32f4xx_dma.o ABSOLUTE
    ..\Libraries\STM32F4xx_StdPeriph_Driver\src\stm32f4xx_gpio.c 0x00000000   Number         0  stm32f4xx_gpio.o ABSOLUTE
    ..\Libraries\STM32F4xx_StdPeriph_Driver\src\stm32f4xx_i2c.c 0x00000000   Number         0  stm32f4xx_i2c.o ABSOLUTE
    ..\Libraries\STM32F4xx_StdPeriph_Driver\src\stm32f4xx_rcc.c 0x00000000   Number         0  stm32f4xx_rcc.o ABSOLUTE
    ..\Libraries\STM32F4xx_StdPeriph_Driver\src\stm32f4xx_tim.c 0x00000000   Number         0  stm32f4xx_tim.o ABSOLUTE
    ..\Libraries\STM32F4xx_StdPeriph_Driver\src\stm32f4xx_usart.c 0x00000000   Number         0  stm32f4xx_usart.o ABSOLUTE
    ..\\..\\..\\Embeded_Project\\MyStm_Lib\\src\\E_Compass.c 0x00000000   Number         0  e_compass.o ABSOLUTE
    ..\\..\\..\\Embeded_Project\\MyStm_Lib\\src\\Encoder.c 0x00000000   Number         0  encoder.o ABSOLUTE
    ..\\..\\..\\Embeded_Project\\MyStm_Lib\\src\\USART_DMA_Config.c 0x00000000   Number         0  usart_dma_config.o ABSOLUTE
    ..\\..\\..\\Embeded_Project\\MyStm_Lib\\src\\functions.c 0x00000000   Number         0  functions.o ABSOLUTE
    ..\\..\\..\\Embeded_Project\\MyStm_Lib\\src\\stm32f4xx_delay.c 0x00000000   Number         0  stm32f4xx_delay.o ABSOLUTE
    ..\\Libraries\\STM32F4xx_StdPeriph_Driver\\src\\misc.c 0x00000000   Number         0  misc.o ABSOLUTE
    ..\\Libraries\\STM32F4xx_StdPeriph_Driver\\src\\stm32f4xx_dma.c 0x00000000   Number         0  stm32f4xx_dma.o ABSOLUTE
    ..\\Libraries\\STM32F4xx_StdPeriph_Driver\\src\\stm32f4xx_gpio.c 0x00000000   Number         0  stm32f4xx_gpio.o ABSOLUTE
    ..\\Libraries\\STM32F4xx_StdPeriph_Driver\\src\\stm32f4xx_i2c.c 0x00000000   Number         0  stm32f4xx_i2c.o ABSOLUTE
    ..\\Libraries\\STM32F4xx_StdPeriph_Driver\\src\\stm32f4xx_rcc.c 0x00000000   Number         0  stm32f4xx_rcc.o ABSOLUTE
    ..\\Libraries\\STM32F4xx_StdPeriph_Driver\\src\\stm32f4xx_tim.c 0x00000000   Number         0  stm32f4xx_tim.o ABSOLUTE
    ..\\Libraries\\STM32F4xx_StdPeriph_Driver\\src\\stm32f4xx_usart.c 0x00000000   Number         0  stm32f4xx_usart.o ABSOLUTE
    ..\\main.c                               0x00000000   Number         0  main.o ABSOLUTE
    ..\\stm32f4xx_it.c                       0x00000000   Number         0  stm32f4xx_it.o ABSOLUTE
    ..\\system_stm32f4xx.c                   0x00000000   Number         0  system_stm32f4xx.o ABSOLUTE
    ..\main.c                                0x00000000   Number         0  main.o ABSOLUTE
    ..\stm32f4xx_it.c                        0x00000000   Number         0  stm32f4xx_it.o ABSOLUTE
    ..\system_stm32f4xx.c                    0x00000000   Number         0  system_stm32f4xx.o ABSOLUTE
    dc.s                                     0x00000000   Number         0  dc.o ABSOLUTE
    RESET                                    0x08000000   Section      408  startup_stm32f411xe.o(RESET)
    !!!main                                  0x08000198   Section        8  __main.o(!!!main)
    !!!scatter                               0x080001a0   Section       52  __scatter.o(!!!scatter)
    !!dczerorl2                              0x080001d4   Section       90  __dczerorl2.o(!!dczerorl2)
    !!handler_zi                             0x08000230   Section       28  __scatter_zi.o(!!handler_zi)
    .ARM.Collect$$libinit$$00000000          0x0800024c   Section        2  libinit.o(.ARM.Collect$$libinit$$00000000)
    .ARM.Collect$$libinit$$00000001          0x0800024e   Section        4  libinit2.o(.ARM.Collect$$libinit$$00000001)
    .ARM.Collect$$libinit$$00000008          0x08000252   Section        0  libinit2.o(.ARM.Collect$$libinit$$00000008)
    .ARM.Collect$$libinit$$0000000A          0x08000252   Section        0  libinit2.o(.ARM.Collect$$libinit$$0000000A)
    .ARM.Collect$$libinit$$0000000C          0x08000252   Section        0  libinit2.o(.ARM.Collect$$libinit$$0000000C)
    .ARM.Collect$$libinit$$0000000F          0x08000252   Section        0  libinit2.o(.ARM.Collect$$libinit$$0000000F)
    .ARM.Collect$$libinit$$00000011          0x08000252   Section        0  libinit2.o(.ARM.Collect$$libinit$$00000011)
    .ARM.Collect$$libinit$$00000013          0x08000252   Section        0  libinit2.o(.ARM.Collect$$libinit$$00000013)
    .ARM.Collect$$libinit$$00000015          0x08000252   Section        0  libinit2.o(.ARM.Collect$$libinit$$00000015)
    .ARM.Collect$$libinit$$00000017          0x08000252   Section        0  libinit2.o(.ARM.Collect$$libinit$$00000017)
    .ARM.Collect$$libinit$$00000019          0x08000252   Section        0  libinit2.o(.ARM.Collect$$libinit$$00000019)
    .ARM.Collect$$libinit$$0000001B          0x08000252   Section        0  libinit2.o(.ARM.Collect$$libinit$$0000001B)
    .ARM.Collect$$libinit$$0000001D          0x08000252   Section        0  libinit2.o(.ARM.Collect$$libinit$$0000001D)
    .ARM.Collect$$libinit$$0000001F          0x08000252   Section        0  libinit2.o(.ARM.Collect$$libinit$$0000001F)
    .ARM.Collect$$libinit$$00000021          0x08000252   Section        0  libinit2.o(.ARM.Collect$$libinit$$00000021)
    .ARM.Collect$$libinit$$00000023          0x08000252   Section        0  libinit2.o(.ARM.Collect$$libinit$$00000023)
    .ARM.Collect$$libinit$$0000002A          0x08000252   Section        0  libinit2.o(.ARM.Collect$$libinit$$0000002A)
    .ARM.Collect$$libinit$$0000002C          0x08000252   Section        0  libinit2.o(.ARM.Collect$$libinit$$0000002C)
    .ARM.Collect$$libinit$$0000002E          0x08000252   Section        0  libinit2.o(.ARM.Collect$$libinit$$0000002E)
    .ARM.Collect$$libinit$$00000030          0x08000252   Section        0  libinit2.o(.ARM.Collect$$libinit$$00000030)
    .ARM.Collect$$libinit$$00000031          0x08000252   Section        2  libinit2.o(.ARM.Collect$$libinit$$00000031)
    .ARM.Collect$$libshutdown$$00000000      0x08000254   Section        2  libshutdown.o(.ARM.Collect$$libshutdown$$00000000)
    .ARM.Collect$$libshutdown$$00000003      0x08000256   Section        0  libshutdown2.o(.ARM.Collect$$libshutdown$$00000003)
    .ARM.Collect$$libshutdown$$00000006      0x08000256   Section        0  libshutdown2.o(.ARM.Collect$$libshutdown$$00000006)
    .ARM.Collect$$libshutdown$$00000009      0x08000256   Section        0  libshutdown2.o(.ARM.Collect$$libshutdown$$00000009)
    .ARM.Collect$$libshutdown$$0000000B      0x08000256   Section        0  libshutdown2.o(.ARM.Collect$$libshutdown$$0000000B)
    .ARM.Collect$$libshutdown$$0000000E      0x08000256   Section        0  libshutdown2.o(.ARM.Collect$$libshutdown$$0000000E)
    .ARM.Collect$$libshutdown$$0000000F      0x08000256   Section        2  libshutdown2.o(.ARM.Collect$$libshutdown$$0000000F)
    .ARM.Collect$$rtentry$$00000000          0x08000258   Section        0  rtentry.o(.ARM.Collect$$rtentry$$00000000)
    .ARM.Collect$$rtentry$$00000002          0x08000258   Section        0  rtentry2.o(.ARM.Collect$$rtentry$$00000002)
    .ARM.Collect$$rtentry$$00000004          0x08000258   Section        6  rtentry4.o(.ARM.Collect$$rtentry$$00000004)
    .ARM.Collect$$rtentry$$00000009          0x0800025e   Section        0  rtentry2.o(.ARM.Collect$$rtentry$$00000009)
    .ARM.Collect$$rtentry$$0000000A          0x0800025e   Section        4  rtentry2.o(.ARM.Collect$$rtentry$$0000000A)
    .ARM.Collect$$rtentry$$0000000C          0x08000262   Section        0  rtentry2.o(.ARM.Collect$$rtentry$$0000000C)
    .ARM.Collect$$rtentry$$0000000D          0x08000262   Section        8  rtentry2.o(.ARM.Collect$$rtentry$$0000000D)
    .ARM.Collect$$rtexit$$00000000           0x0800026a   Section        2  rtexit.o(.ARM.Collect$$rtexit$$00000000)
    .ARM.Collect$$rtexit$$00000002           0x0800026c   Section        0  rtexit2.o(.ARM.Collect$$rtexit$$00000002)
    .ARM.Collect$$rtexit$$00000003           0x0800026c   Section        4  rtexit2.o(.ARM.Collect$$rtexit$$00000003)
    .ARM.Collect$$rtexit$$00000004           0x08000270   Section        6  rtexit2.o(.ARM.Collect$$rtexit$$00000004)
    .text                                    0x08000278   Section       64  startup_stm32f411xe.o(.text)
    $v0                                      0x08000278   Number         0  startup_stm32f411xe.o(.text)
    .text                                    0x080002b8   Section        0  heapauxi.o(.text)
    .text                                    0x080002be   Section        0  _rserrno.o(.text)
    .text                                    0x080002d4   Section        8  rt_errno_addr_intlibspace.o(.text)
    .text                                    0x080002dc   Section        8  libspace.o(.text)
    .text                                    0x080002e4   Section       74  sys_stackheap_outer.o(.text)
    .text                                    0x0800032e   Section        0  exit.o(.text)
    .text                                    0x0800033c   Section        0  sys_exit.o(.text)
    .text                                    0x08000348   Section        2  use_no_semi.o(.text)
    .text                                    0x0800034a   Section        0  indicate_semi.o(.text)
    i.BusFault_Handler                       0x0800034a   Section        0  stm32f4xx_it.o(i.BusFault_Handler)
    i.DMA1_Stream5_IRQHandler                0x0800034c   Section        0  stm32f4xx_it.o(i.DMA1_Stream5_IRQHandler)
    i.DMA2_Stream2_IRQHandler                0x080003d0   Section        0  stm32f4xx_it.o(i.DMA2_Stream2_IRQHandler)
    i.DMA2_Stream5_IRQHandler                0x0800040c   Section        0  stm32f4xx_it.o(i.DMA2_Stream5_IRQHandler)
    i.DMA_ClearFlag                          0x0800042c   Section        0  stm32f4xx_dma.o(i.DMA_ClearFlag)
    i.DMA_ClearITPendingBit                  0x08000458   Section        0  stm32f4xx_dma.o(i.DMA_ClearITPendingBit)
    i.DMA_Cmd                                0x08000484   Section        0  stm32f4xx_dma.o(i.DMA_Cmd)
    i.DebugMon_Handler                       0x08000498   Section        0  stm32f4xx_it.o(i.DebugMon_Handler)
    i.Defuzzification_Max_Min                0x0800049c   Section        0  functions.o(i.Defuzzification_Max_Min)
    i.Fuzzy_Max                              0x08000980   Section        0  functions.o(i.Fuzzy_Max)
    i.Fuzzy_Min                              0x080009c4   Section        0  functions.o(i.Fuzzy_Min)
    i.GPIO_SetBits                           0x080009fe   Section        0  stm32f4xx_gpio.o(i.GPIO_SetBits)
    i.GetAngle                               0x08000a04   Section        0  e_compass.o(i.GetAngle)
    i.GetMessageInfo                         0x08000ac0   Section        0  functions.o(i.GetMessageInfo)
    i.GetValueFromString                     0x08000aec   Section        0  functions.o(i.GetValueFromString)
    i.HardFault_Handler                      0x08000c14   Section        0  stm32f4xx_it.o(i.HardFault_Handler)
    i.I2C_AcknowledgeConfig                  0x08000c16   Section        0  stm32f4xx_i2c.o(i.I2C_AcknowledgeConfig)
    i.I2C_CheckEvent                         0x08000c2a   Section        0  stm32f4xx_i2c.o(i.I2C_CheckEvent)
    i.I2C_GenerateSTART                      0x08000c42   Section        0  stm32f4xx_i2c.o(i.I2C_GenerateSTART)
    i.I2C_GenerateSTOP                       0x08000c56   Section        0  stm32f4xx_i2c.o(i.I2C_GenerateSTOP)
    i.I2C_GetFlagStatus                      0x08000c6a   Section        0  stm32f4xx_i2c.o(i.I2C_GetFlagStatus)
    i.I2C_ReceiveData                        0x08000c94   Section        0  stm32f4xx_i2c.o(i.I2C_ReceiveData)
    i.I2C_Send7bitAddress                    0x08000c9a   Section        0  stm32f4xx_i2c.o(i.I2C_Send7bitAddress)
    i.I2C_SendData                           0x08000caa   Section        0  stm32f4xx_i2c.o(i.I2C_SendData)
    i.I2C_Start_Receive                      0x08000cb0   Section        0  e_compass.o(i.I2C_Start_Receive)
    i.I2C_Start_Transmit                     0x08000d10   Section        0  e_compass.o(i.I2C_Start_Transmit)
    i.Input1                                 0x08000d74   Section        0  functions.o(i.Input1)
    i.Input2                                 0x08000ed8   Section        0  functions.o(i.Input2)
    i.IsCorrectHeader                        0x08001028   Section        0  functions.o(i.IsCorrectHeader)
    i.IsDouble                               0x08001084   Section        0  functions.o(i.IsDouble)
    i.IsValidData                            0x080010c8   Section        0  functions.o(i.IsValidData)
    i.LLToDegree                             0x080010d8   Section        0  functions.o(i.LLToDegree)
    i.LatLonToUTM                            0x08001150   Section        0  functions.o(i.LatLonToUTM)
    i.M1_Forward                             0x080016d4   Section        0  encoder.o(i.M1_Forward)
    i.M2_Forward                             0x08001730   Section        0  encoder.o(i.M2_Forward)
    i.MemManage_Handler                      0x0800178c   Section        0  stm32f4xx_it.o(i.MemManage_Handler)
    i.NMI_Handler                            0x0800178e   Section        0  stm32f4xx_it.o(i.NMI_Handler)
    i.PID_ControlM1                          0x08001790   Section        0  functions.o(i.PID_ControlM1)
    i.PID_ControlM2                          0x080018e4   Section        0  functions.o(i.PID_ControlM2)
    i.Parameters_Init                        0x08001a38   Section        0  functions.o(i.Parameters_Init)
    i.PendSV_Handler                         0x08001bc0   Section        0  stm32f4xx_it.o(i.PendSV_Handler)
    i.Read3AxisMagnetometer                  0x08001bc4   Section        0  e_compass.o(i.Read3AxisMagnetometer)
    i.Robot_Forward                          0x08001ce0   Section        0  encoder.o(i.Robot_Forward)
    i.SVC_Handler                            0x08001d06   Section        0  stm32f4xx_it.o(i.SVC_Handler)
    i.SampleTime                             0x08001d08   Section        0  stm32f4xx_it.o(i.SampleTime)
    i.SendData                               0x08001d50   Section        0  stm32f4xx_it.o(i.SendData)
    i.SetSysClock                            0x08001e10   Section        0  system_stm32f4xx.o(i.SetSysClock)
    SetSysClock                              0x08001e11   Thumb Code    98  system_stm32f4xx.o(i.SetSysClock)
    i.SysTick_Handler                        0x08001e84   Section        0  stm32f4xx_it.o(i.SysTick_Handler)
    i.SystemInit                             0x08002180   Section        0  system_stm32f4xx.o(i.SystemInit)
    i.TIM3_IRQHandler                        0x080021dc   Section        0  stm32f4xx_it.o(i.TIM3_IRQHandler)
    i.TIM4_IRQHandler                        0x080021f8   Section        0  stm32f4xx_it.o(i.TIM4_IRQHandler)
    i.TIM_ClearITPendingBit                  0x08002214   Section        0  stm32f4xx_tim.o(i.TIM_ClearITPendingBit)
    i.TIM_GetCounter                         0x0800221a   Section        0  stm32f4xx_tim.o(i.TIM_GetCounter)
    i.ToChar                                 0x08002220   Section        0  functions.o(i.ToChar)
    i.ToRadian                               0x08002328   Section        0  functions.o(i.ToRadian)
    i.U6_SendData                            0x0800235c   Section        0  usart_dma_config.o(i.U6_SendData)
    i.USART1_IRQHandler                      0x08002384   Section        0  stm32f4xx_it.o(i.USART1_IRQHandler)
    i.USART2_IRQHandler                      0x080023c4   Section        0  stm32f4xx_it.o(i.USART2_IRQHandler)
    i.USART6_IRQHandler                      0x08002404   Section        0  stm32f4xx_it.o(i.USART6_IRQHandler)
    i.USART_ClearFlag                        0x08002444   Section        0  stm32f4xx_usart.o(i.USART_ClearFlag)
    i.USART_GetITStatus                      0x0800244a   Section        0  stm32f4xx_usart.o(i.USART_GetITStatus)
    i.USART_ReceiveData                      0x08002488   Section        0  stm32f4xx_usart.o(i.USART_ReceiveData)
    i.UsageFault_Handler                     0x08002490   Section        0  stm32f4xx_it.o(i.UsageFault_Handler)
    i.__ARM_fpclassify                       0x08002492   Section        0  fpclassify.o(i.__ARM_fpclassify)
    i.__hardfp_atan                          0x080024c8   Section        0  atan.o(i.__hardfp_atan)
    i.__hardfp_cos                           0x080027a8   Section        0  cos.o(i.__hardfp_cos)
    i.__hardfp_fabs                          0x08002880   Section        0  fabs.o(i.__hardfp_fabs)
    i.__hardfp_log                           0x08002898   Section        0  log.o(i.__hardfp_log)
    i.__hardfp_pow                           0x08002c80   Section        0  pow.o(i.__hardfp_pow)
    i.__hardfp_sin                           0x080038b8   Section        0  sin.o(i.__hardfp_sin)
    i.__hardfp_tan                           0x08003990   Section        0  tan.o(i.__hardfp_tan)
    i.__ieee754_rem_pio2                     0x08003a30   Section        0  rred.o(i.__ieee754_rem_pio2)
    i.__kernel_cos                           0x08003e68   Section        0  cos_i.o(i.__kernel_cos)
    i.__kernel_poly                          0x08003fd8   Section        0  poly.o(i.__kernel_poly)
    i.__kernel_sin                           0x080040d0   Section        0  sin_i.o(i.__kernel_sin)
    i.__kernel_tan                           0x08004200   Section        0  tan_i.o(i.__kernel_tan)
    i.__mathlib_dbl_underflow                0x08004550   Section        0  dunder.o(i.__mathlib_dbl_underflow)
    i.fabs                                   0x08004570   Section        0  fabs.o(i.fabs)
    i.fix                                    0x08004588   Section        0  functions.o(i.fix)
    i.main                                   0x0800459c   Section        0  main.o(i.main)
    i.sqrt                                   0x080045c8   Section        0  sqrt.o(i.sqrt)
    x$fpl$basic                              0x08004636   Section       24  basic.o(x$fpl$basic)
    $v0                                      0x08004636   Number         0  basic.o(x$fpl$basic)
    x$fpl$dadd                               0x08004650   Section      336  daddsub_clz.o(x$fpl$dadd)
    $v0                                      0x08004650   Number         0  daddsub_clz.o(x$fpl$dadd)
    _dadd1                                   0x08004661   Thumb Code     0  daddsub_clz.o(x$fpl$dadd)
    x$fpl$dcheck1                            0x080047a0   Section       16  dcheck1.o(x$fpl$dcheck1)
    $v0                                      0x080047a0   Number         0  dcheck1.o(x$fpl$dcheck1)
    x$fpl$dcmpinf                            0x080047b0   Section       24  dcmpi.o(x$fpl$dcmpinf)
    $v0                                      0x080047b0   Number         0  dcmpi.o(x$fpl$dcmpinf)
    x$fpl$ddiv                               0x080047c8   Section      688  ddiv.o(x$fpl$ddiv)
    $v0                                      0x080047c8   Number         0  ddiv.o(x$fpl$ddiv)
    ddiv_entry                               0x080047cf   Thumb Code     0  ddiv.o(x$fpl$ddiv)
    x$fpl$deqf                               0x08004a78   Section      120  deqf.o(x$fpl$deqf)
    $v0                                      0x08004a78   Number         0  deqf.o(x$fpl$deqf)
    x$fpl$dfix                               0x08004af0   Section       94  dfix.o(x$fpl$dfix)
    $v0                                      0x08004af0   Number         0  dfix.o(x$fpl$dfix)
    x$fpl$dfixu                              0x08004b50   Section       90  dfixu.o(x$fpl$dfixu)
    $v0                                      0x08004b50   Number         0  dfixu.o(x$fpl$dfixu)
    x$fpl$dflt                               0x08004baa   Section       46  dflt_clz.o(x$fpl$dflt)
    $v0                                      0x08004baa   Number         0  dflt_clz.o(x$fpl$dflt)
    x$fpl$dfltu                              0x08004bd8   Section       38  dflt_clz.o(x$fpl$dfltu)
    $v0                                      0x08004bd8   Number         0  dflt_clz.o(x$fpl$dfltu)
    x$fpl$dleqf                              0x08004c00   Section      120  dleqf.o(x$fpl$dleqf)
    $v0                                      0x08004c00   Number         0  dleqf.o(x$fpl$dleqf)
    x$fpl$dmul                               0x08004c78   Section      340  dmul.o(x$fpl$dmul)
    $v0                                      0x08004c78   Number         0  dmul.o(x$fpl$dmul)
    x$fpl$dnaninf                            0x08004dcc   Section      156  dnaninf.o(x$fpl$dnaninf)
    $v0                                      0x08004dcc   Number         0  dnaninf.o(x$fpl$dnaninf)
    x$fpl$dretinf                            0x08004e68   Section       12  dretinf.o(x$fpl$dretinf)
    $v0                                      0x08004e68   Number         0  dretinf.o(x$fpl$dretinf)
    x$fpl$drleqf                             0x08004e74   Section      108  drleqf.o(x$fpl$drleqf)
    $v0                                      0x08004e74   Number         0  drleqf.o(x$fpl$drleqf)
    x$fpl$drsb                               0x08004ee0   Section       22  daddsub_clz.o(x$fpl$drsb)
    $v0                                      0x08004ee0   Number         0  daddsub_clz.o(x$fpl$drsb)
    x$fpl$dsqrt                              0x08004ef8   Section      408  dsqrt_umaal.o(x$fpl$dsqrt)
    $v0                                      0x08004ef8   Number         0  dsqrt_umaal.o(x$fpl$dsqrt)
    x$fpl$dsub                               0x08005090   Section      468  daddsub_clz.o(x$fpl$dsub)
    $v0                                      0x08005090   Number         0  daddsub_clz.o(x$fpl$dsub)
    _dsub1                                   0x080050a1   Thumb Code     0  daddsub_clz.o(x$fpl$dsub)
    x$fpl$fpinit                             0x08005264   Section       10  fpinit.o(x$fpl$fpinit)
    $v0                                      0x08005264   Number         0  fpinit.o(x$fpl$fpinit)
    x$fpl$retnan                             0x0800526e   Section      100  retnan.o(x$fpl$retnan)
    $v0                                      0x0800526e   Number         0  retnan.o(x$fpl$retnan)
    x$fpl$scalbn                             0x080052d2   Section       92  scalbn.o(x$fpl$scalbn)
    $v0                                      0x080052d2   Number         0  scalbn.o(x$fpl$scalbn)
    x$fpl$trapveneer                         0x0800532e   Section       48  trapv.o(x$fpl$trapveneer)
    $v0                                      0x0800532e   Number         0  trapv.o(x$fpl$trapveneer)
    x$fpl$usenofp                            0x0800535e   Section        0  usenofp.o(x$fpl$usenofp)
    .constdata                               0x08005360   Section      152  atan.o(.constdata)
    atanhi                                   0x08005360   Data          32  atan.o(.constdata)
    atanlo                                   0x08005380   Data          32  atan.o(.constdata)
    aTodd                                    0x080053a0   Data          40  atan.o(.constdata)
    aTeven                                   0x080053c8   Data          48  atan.o(.constdata)
    .constdata                               0x080053f8   Section       56  log.o(.constdata)
    Lg2                                      0x080053f8   Data          24  log.o(.constdata)
    Lg                                       0x08005410   Data          32  log.o(.constdata)
    .constdata                               0x08005430   Section      136  pow.o(.constdata)
    bp                                       0x08005430   Data          16  pow.o(.constdata)
    dp_h                                     0x08005440   Data          16  pow.o(.constdata)
    dp_l                                     0x08005450   Data          16  pow.o(.constdata)
    L                                        0x08005460   Data          48  pow.o(.constdata)
    P                                        0x08005490   Data          40  pow.o(.constdata)
    .constdata                               0x080054b8   Section       48  cos_i.o(.constdata)
    C                                        0x080054b8   Data          48  cos_i.o(.constdata)
    .constdata                               0x080054e8   Section        8  qnan.o(.constdata)
    .constdata                               0x080054f0   Section      200  rred.o(.constdata)
    pio2s                                    0x080054f0   Data          48  rred.o(.constdata)
    twooverpi                                0x08005520   Data         152  rred.o(.constdata)
    .constdata                               0x080055b8   Section       40  sin_i.o(.constdata)
    S                                        0x080055b8   Data          40  sin_i.o(.constdata)
    .constdata                               0x080055e0   Section       96  tan_i.o(.constdata)
    Todd                                     0x080055e0   Data          48  tan_i.o(.constdata)
    Teven                                    0x08005610   Data          48  tan_i.o(.constdata)
    .data                                    0x20000000   Section        1  main.o(.data)
    .data                                    0x20000002   Section        2  main.o(.data)
    .data                                    0x20000008   Section        8  main.o(.data)
    .data                                    0x20000010   Section      168  stm32f4xx_it.o(.data)
    .data                                    0x200000b8   Section      232  functions.o(.data)
    .bss                                     0x200001a0   Section     2016  stm32f4xx_it.o(.bss)
    .bss                                     0x20000980   Section     2576  usart_dma_config.o(.bss)
    .bss                                     0x20001390   Section      224  functions.o(.bss)
    .bss                                     0x20001470   Section       96  libspace.o(.bss)
    HEAP                                     0x200014d0   Section      512  startup_stm32f411xe.o(HEAP)
    Heap_Mem                                 0x200014d0   Data         512  startup_stm32f411xe.o(HEAP)
    STACK                                    0x200016d0   Section     1024  startup_stm32f411xe.o(STACK)
    Stack_Mem                                0x200016d0   Data        1024  startup_stm32f411xe.o(STACK)
    __initial_sp                             0x20001ad0   Data           0  startup_stm32f411xe.o(STACK)

    Global Symbols

    Symbol Name                              Value     Ov Type        Size  Object(Section)

    BuildAttributes$$THM_ISAv4$E$P$D$K$B$S$7EM$VFPi3$EXTD16$VFPS$VFMA$PE$A:L22UL41UL21$X:L11$S22US41US21$IEEE1$IW$USESV6$~STKCKD$USESV7$~SHL$OTIME$ROPI$IEEEX$EBA8$UX$STANDARDLIB$REQ8$PRES8$EABIv2 0x00000000   Number         0  anon$$obj.o ABSOLUTE
    __ARM_use_no_argv                        0x00000000   Number         0  main.o ABSOLUTE
    __ARM_exceptions_init                     - Undefined Weak Reference
    __alloca_initialize                       - Undefined Weak Reference
    __cpp_initialize__aeabi_                  - Undefined Weak Reference
    __cxa_finalize                            - Undefined Weak Reference
    __rt_locale                               - Undefined Weak Reference
    __sigvec_lookup                           - Undefined Weak Reference
    _atexit_init                              - Undefined Weak Reference
    _call_atexit_fns                          - Undefined Weak Reference
    _clock_init                               - Undefined Weak Reference
    _fp_trap_init                             - Undefined Weak Reference
    _fp_trap_shutdown                         - Undefined Weak Reference
    _get_lc_collate                           - Undefined Weak Reference
    _get_lc_ctype                             - Undefined Weak Reference
    _get_lc_monetary                          - Undefined Weak Reference
    _get_lc_numeric                           - Undefined Weak Reference
    _get_lc_time                              - Undefined Weak Reference
    _getenv_init                              - Undefined Weak Reference
    _handle_redirection                       - Undefined Weak Reference
    _init_alloc                               - Undefined Weak Reference
    _init_user_alloc                          - Undefined Weak Reference
    _initio                                   - Undefined Weak Reference
    _rand_init                                - Undefined Weak Reference
    _signal_finish                            - Undefined Weak Reference
    _signal_init                              - Undefined Weak Reference
    _terminate_alloc                          - Undefined Weak Reference
    _terminate_user_alloc                     - Undefined Weak Reference
    _terminateio                              - Undefined Weak Reference
    __Vectors_Size                           0x00000198   Number         0  startup_stm32f411xe.o ABSOLUTE
    __Vectors                                0x08000000   Data           4  startup_stm32f411xe.o(RESET)
    __Vectors_End                            0x08000198   Data           0  startup_stm32f411xe.o(RESET)
    __main                                   0x08000199   Thumb Code     8  __main.o(!!!main)
    __scatterload                            0x080001a1   Thumb Code     0  __scatter.o(!!!scatter)
    __scatterload_rt2                        0x080001a1   Thumb Code    44  __scatter.o(!!!scatter)
    __scatterload_rt2_thumb_only             0x080001a1   Thumb Code     0  __scatter.o(!!!scatter)
    __scatterload_null                       0x080001af   Thumb Code     0  __scatter.o(!!!scatter)
    __decompress                             0x080001d5   Thumb Code    90  __dczerorl2.o(!!dczerorl2)
    __decompress1                            0x080001d5   Thumb Code     0  __dczerorl2.o(!!dczerorl2)
    __scatterload_zeroinit                   0x08000231   Thumb Code    28  __scatter_zi.o(!!handler_zi)
    __rt_lib_init                            0x0800024d   Thumb Code     0  libinit.o(.ARM.Collect$$libinit$$00000000)
    __rt_lib_init_fp_1                       0x0800024f   Thumb Code     0  libinit2.o(.ARM.Collect$$libinit$$00000001)
    __rt_lib_init_alloca_1                   0x08000253   Thumb Code     0  libinit2.o(.ARM.Collect$$libinit$$0000002C)
    __rt_lib_init_argv_1                     0x08000253   Thumb Code     0  libinit2.o(.ARM.Collect$$libinit$$0000002A)
    __rt_lib_init_atexit_1                   0x08000253   Thumb Code     0  libinit2.o(.ARM.Collect$$libinit$$00000019)
    __rt_lib_init_clock_1                    0x08000253   Thumb Code     0  libinit2.o(.ARM.Collect$$libinit$$0000001F)
    __rt_lib_init_cpp_1                      0x08000253   Thumb Code     0  libinit2.o(.ARM.Collect$$libinit$$00000030)
    __rt_lib_init_exceptions_1               0x08000253   Thumb Code     0  libinit2.o(.ARM.Collect$$libinit$$0000002E)
    __rt_lib_init_fp_trap_1                  0x08000253   Thumb Code     0  libinit2.o(.ARM.Collect$$libinit$$0000001D)
    __rt_lib_init_getenv_1                   0x08000253   Thumb Code     0  libinit2.o(.ARM.Collect$$libinit$$00000021)
    __rt_lib_init_heap_1                     0x08000253   Thumb Code     0  libinit2.o(.ARM.Collect$$libinit$$00000008)
    __rt_lib_init_lc_collate_1               0x08000253   Thumb Code     0  libinit2.o(.ARM.Collect$$libinit$$0000000F)
    __rt_lib_init_lc_ctype_1                 0x08000253   Thumb Code     0  libinit2.o(.ARM.Collect$$libinit$$00000011)
    __rt_lib_init_lc_monetary_1              0x08000253   Thumb Code     0  libinit2.o(.ARM.Collect$$libinit$$00000013)
    __rt_lib_init_lc_numeric_1               0x08000253   Thumb Code     0  libinit2.o(.ARM.Collect$$libinit$$00000015)
    __rt_lib_init_lc_time_1                  0x08000253   Thumb Code     0  libinit2.o(.ARM.Collect$$libinit$$00000017)
    __rt_lib_init_rand_1                     0x08000253   Thumb Code     0  libinit2.o(.ARM.Collect$$libinit$$0000000C)
    __rt_lib_init_return                     0x08000253   Thumb Code     0  libinit2.o(.ARM.Collect$$libinit$$00000031)
    __rt_lib_init_signal_1                   0x08000253   Thumb Code     0  libinit2.o(.ARM.Collect$$libinit$$0000001B)
    __rt_lib_init_stdio_1                    0x08000253   Thumb Code     0  libinit2.o(.ARM.Collect$$libinit$$00000023)
    __rt_lib_init_user_alloc_1               0x08000253   Thumb Code     0  libinit2.o(.ARM.Collect$$libinit$$0000000A)
    __rt_lib_shutdown                        0x08000255   Thumb Code     0  libshutdown.o(.ARM.Collect$$libshutdown$$00000000)
    __rt_lib_shutdown_fp_trap_1              0x08000257   Thumb Code     0  libshutdown2.o(.ARM.Collect$$libshutdown$$00000006)
    __rt_lib_shutdown_heap_1                 0x08000257   Thumb Code     0  libshutdown2.o(.ARM.Collect$$libshutdown$$0000000E)
    __rt_lib_shutdown_return                 0x08000257   Thumb Code     0  libshutdown2.o(.ARM.Collect$$libshutdown$$0000000F)
    __rt_lib_shutdown_signal_1               0x08000257   Thumb Code     0  libshutdown2.o(.ARM.Collect$$libshutdown$$00000009)
    __rt_lib_shutdown_stdio_1                0x08000257   Thumb Code     0  libshutdown2.o(.ARM.Collect$$libshutdown$$00000003)
    __rt_lib_shutdown_user_alloc_1           0x08000257   Thumb Code     0  libshutdown2.o(.ARM.Collect$$libshutdown$$0000000B)
    __rt_entry                               0x08000259   Thumb Code     0  rtentry.o(.ARM.Collect$$rtentry$$00000000)
    __rt_entry_presh_1                       0x08000259   Thumb Code     0  rtentry2.o(.ARM.Collect$$rtentry$$00000002)
    __rt_entry_sh                            0x08000259   Thumb Code     0  rtentry4.o(.ARM.Collect$$rtentry$$00000004)
    __rt_entry_li                            0x0800025f   Thumb Code     0  rtentry2.o(.ARM.Collect$$rtentry$$0000000A)
    __rt_entry_postsh_1                      0x0800025f   Thumb Code     0  rtentry2.o(.ARM.Collect$$rtentry$$00000009)
    __rt_entry_main                          0x08000263   Thumb Code     0  rtentry2.o(.ARM.Collect$$rtentry$$0000000D)
    __rt_entry_postli_1                      0x08000263   Thumb Code     0  rtentry2.o(.ARM.Collect$$rtentry$$0000000C)
    __rt_exit                                0x0800026b   Thumb Code     0  rtexit.o(.ARM.Collect$$rtexit$$00000000)
    __rt_exit_ls                             0x0800026d   Thumb Code     0  rtexit2.o(.ARM.Collect$$rtexit$$00000003)
    __rt_exit_prels_1                        0x0800026d   Thumb Code     0  rtexit2.o(.ARM.Collect$$rtexit$$00000002)
    __rt_exit_exit                           0x08000271   Thumb Code     0  rtexit2.o(.ARM.Collect$$rtexit$$00000004)
    Reset_Handler                            0x08000279   Thumb Code     8  startup_stm32f411xe.o(.text)
    ADC_IRQHandler                           0x08000293   Thumb Code     0  startup_stm32f411xe.o(.text)
    DMA1_Stream0_IRQHandler                  0x08000293   Thumb Code     0  startup_stm32f411xe.o(.text)
    DMA1_Stream1_IRQHandler                  0x08000293   Thumb Code     0  startup_stm32f411xe.o(.text)
    DMA1_Stream2_IRQHandler                  0x08000293   Thumb Code     0  startup_stm32f411xe.o(.text)
    DMA1_Stream3_IRQHandler                  0x08000293   Thumb Code     0  startup_stm32f411xe.o(.text)
    DMA1_Stream4_IRQHandler                  0x08000293   Thumb Code     0  startup_stm32f411xe.o(.text)
    DMA1_Stream6_IRQHandler                  0x08000293   Thumb Code     0  startup_stm32f411xe.o(.text)
    DMA1_Stream7_IRQHandler                  0x08000293   Thumb Code     0  startup_stm32f411xe.o(.text)
    DMA2_Stream0_IRQHandler                  0x08000293   Thumb Code     0  startup_stm32f411xe.o(.text)
    DMA2_Stream1_IRQHandler                  0x08000293   Thumb Code     0  startup_stm32f411xe.o(.text)
    DMA2_Stream3_IRQHandler                  0x08000293   Thumb Code     0  startup_stm32f411xe.o(.text)
    DMA2_Stream4_IRQHandler                  0x08000293   Thumb Code     0  startup_stm32f411xe.o(.text)
    DMA2_Stream6_IRQHandler                  0x08000293   Thumb Code     0  startup_stm32f411xe.o(.text)
    DMA2_Stream7_IRQHandler                  0x08000293   Thumb Code     0  startup_stm32f411xe.o(.text)
    EXTI0_IRQHandler                         0x08000293   Thumb Code     0  startup_stm32f411xe.o(.text)
    EXTI15_10_IRQHandler                     0x08000293   Thumb Code     0  startup_stm32f411xe.o(.text)
    EXTI1_IRQHandler                         0x08000293   Thumb Code     0  startup_stm32f411xe.o(.text)
    EXTI2_IRQHandler                         0x08000293   Thumb Code     0  startup_stm32f411xe.o(.text)
    EXTI3_IRQHandler                         0x08000293   Thumb Code     0  startup_stm32f411xe.o(.text)
    EXTI4_IRQHandler                         0x08000293   Thumb Code     0  startup_stm32f411xe.o(.text)
    EXTI9_5_IRQHandler                       0x08000293   Thumb Code     0  startup_stm32f411xe.o(.text)
    FLASH_IRQHandler                         0x08000293   Thumb Code     0  startup_stm32f411xe.o(.text)
    FPU_IRQHandler                           0x08000293   Thumb Code     0  startup_stm32f411xe.o(.text)
    I2C1_ER_IRQHandler                       0x08000293   Thumb Code     0  startup_stm32f411xe.o(.text)
    I2C1_EV_IRQHandler                       0x08000293   Thumb Code     0  startup_stm32f411xe.o(.text)
    I2C2_ER_IRQHandler                       0x08000293   Thumb Code     0  startup_stm32f411xe.o(.text)
    I2C2_EV_IRQHandler                       0x08000293   Thumb Code     0  startup_stm32f411xe.o(.text)
    I2C3_ER_IRQHandler                       0x08000293   Thumb Code     0  startup_stm32f411xe.o(.text)
    I2C3_EV_IRQHandler                       0x08000293   Thumb Code     0  startup_stm32f411xe.o(.text)
    OTG_FS_IRQHandler                        0x08000293   Thumb Code     0  startup_stm32f411xe.o(.text)
    OTG_FS_WKUP_IRQHandler                   0x08000293   Thumb Code     0  startup_stm32f411xe.o(.text)
    PVD_IRQHandler                           0x08000293   Thumb Code     0  startup_stm32f411xe.o(.text)
    RCC_IRQHandler                           0x08000293   Thumb Code     0  startup_stm32f411xe.o(.text)
    RTC_Alarm_IRQHandler                     0x08000293   Thumb Code     0  startup_stm32f411xe.o(.text)
    RTC_WKUP_IRQHandler                      0x08000293   Thumb Code     0  startup_stm32f411xe.o(.text)
    SDIO_IRQHandler                          0x08000293   Thumb Code     0  startup_stm32f411xe.o(.text)
    SPI1_IRQHandler                          0x08000293   Thumb Code     0  startup_stm32f411xe.o(.text)
    SPI2_IRQHandler                          0x08000293   Thumb Code     0  startup_stm32f411xe.o(.text)
    SPI3_IRQHandler                          0x08000293   Thumb Code     0  startup_stm32f411xe.o(.text)
    SPI4_IRQHandler                          0x08000293   Thumb Code     0  startup_stm32f411xe.o(.text)
    SPI5_IRQHandler                          0x08000293   Thumb Code     0  startup_stm32f411xe.o(.text)
    TAMP_STAMP_IRQHandler                    0x08000293   Thumb Code     0  startup_stm32f411xe.o(.text)
    TIM1_BRK_TIM9_IRQHandler                 0x08000293   Thumb Code     0  startup_stm32f411xe.o(.text)
    TIM1_CC_IRQHandler                       0x08000293   Thumb Code     0  startup_stm32f411xe.o(.text)
    TIM1_TRG_COM_TIM11_IRQHandler            0x08000293   Thumb Code     0  startup_stm32f411xe.o(.text)
    TIM1_UP_TIM10_IRQHandler                 0x08000293   Thumb Code     0  startup_stm32f411xe.o(.text)
    TIM2_IRQHandler                          0x08000293   Thumb Code     0  startup_stm32f411xe.o(.text)
    TIM5_IRQHandler                          0x08000293   Thumb Code     0  startup_stm32f411xe.o(.text)
    WWDG_IRQHandler                          0x08000293   Thumb Code     0  startup_stm32f411xe.o(.text)
    __user_initial_stackheap                 0x08000295   Thumb Code     0  startup_stm32f411xe.o(.text)
    __use_two_region_memory                  0x080002b9   Thumb Code     2  heapauxi.o(.text)
    __rt_heap_escrow$2region                 0x080002bb   Thumb Code     2  heapauxi.o(.text)
    __rt_heap_expand$2region                 0x080002bd   Thumb Code     2  heapauxi.o(.text)
    __read_errno                             0x080002bf   Thumb Code    10  _rserrno.o(.text)
    __set_errno                              0x080002c9   Thumb Code    12  _rserrno.o(.text)
    __aeabi_errno_addr                       0x080002d5   Thumb Code     8  rt_errno_addr_intlibspace.o(.text)
    __errno$intlibspace                      0x080002d5   Thumb Code     0  rt_errno_addr_intlibspace.o(.text)
    __rt_errno_addr$intlibspace              0x080002d5   Thumb Code     0  rt_errno_addr_intlibspace.o(.text)
    __user_libspace                          0x080002dd   Thumb Code     8  libspace.o(.text)
    __user_perproc_libspace                  0x080002dd   Thumb Code     0  libspace.o(.text)
    __user_perthread_libspace                0x080002dd   Thumb Code     0  libspace.o(.text)
    __user_setup_stackheap                   0x080002e5   Thumb Code    74  sys_stackheap_outer.o(.text)
    exit                                     0x0800032f   Thumb Code    12  exit.o(.text)
    _sys_exit                                0x0800033d   Thumb Code     8  sys_exit.o(.text)
    __I$use$semihosting                      0x08000349   Thumb Code     0  use_no_semi.o(.text)
    __use_no_semihosting_swi                 0x08000349   Thumb Code     2  use_no_semi.o(.text)
    BusFault_Handler                         0x0800034b   Thumb Code     2  stm32f4xx_it.o(i.BusFault_Handler)
    __semihosting_library_function           0x0800034b   Thumb Code     0  indicate_semi.o(.text)
    DMA1_Stream5_IRQHandler                  0x0800034d   Thumb Code   106  stm32f4xx_it.o(i.DMA1_Stream5_IRQHandler)
    DMA2_Stream2_IRQHandler                  0x080003d1   Thumb Code    40  stm32f4xx_it.o(i.DMA2_Stream2_IRQHandler)
    DMA2_Stream5_IRQHandler                  0x0800040d   Thumb Code    24  stm32f4xx_it.o(i.DMA2_Stream5_IRQHandler)
    DMA_ClearFlag                            0x0800042d   Thumb Code    32  stm32f4xx_dma.o(i.DMA_ClearFlag)
    DMA_ClearITPendingBit                    0x08000459   Thumb Code    32  stm32f4xx_dma.o(i.DMA_ClearITPendingBit)
    DMA_Cmd                                  0x08000485   Thumb Code    20  stm32f4xx_dma.o(i.DMA_Cmd)
    DebugMon_Handler                         0x08000499   Thumb Code     2  stm32f4xx_it.o(i.DebugMon_Handler)
    Defuzzification_Max_Min                  0x0800049d   Thumb Code  1244  functions.o(i.Defuzzification_Max_Min)
    Fuzzy_Max                                0x08000981   Thumb Code    68  functions.o(i.Fuzzy_Max)
    Fuzzy_Min                                0x080009c5   Thumb Code    58  functions.o(i.Fuzzy_Min)
    GPIO_SetBits                             0x080009ff   Thumb Code     4  stm32f4xx_gpio.o(i.GPIO_SetBits)
    GetAngle                                 0x08000a05   Thumb Code   164  e_compass.o(i.GetAngle)
    GetMessageInfo                           0x08000ac1   Thumb Code    42  functions.o(i.GetMessageInfo)
    GetValueFromString                       0x08000aed   Thumb Code   264  functions.o(i.GetValueFromString)
    HardFault_Handler                        0x08000c15   Thumb Code     2  stm32f4xx_it.o(i.HardFault_Handler)
    I2C_AcknowledgeConfig                    0x08000c17   Thumb Code    20  stm32f4xx_i2c.o(i.I2C_AcknowledgeConfig)
    I2C_CheckEvent                           0x08000c2b   Thumb Code    24  stm32f4xx_i2c.o(i.I2C_CheckEvent)
    I2C_GenerateSTART                        0x08000c43   Thumb Code    20  stm32f4xx_i2c.o(i.I2C_GenerateSTART)
    I2C_GenerateSTOP                         0x08000c57   Thumb Code    20  stm32f4xx_i2c.o(i.I2C_GenerateSTOP)
    I2C_GetFlagStatus                        0x08000c6b   Thumb Code    42  stm32f4xx_i2c.o(i.I2C_GetFlagStatus)
    I2C_ReceiveData                          0x08000c95   Thumb Code     6  stm32f4xx_i2c.o(i.I2C_ReceiveData)
    I2C_Send7bitAddress                      0x08000c9b   Thumb Code    16  stm32f4xx_i2c.o(i.I2C_Send7bitAddress)
    I2C_SendData                             0x08000cab   Thumb Code     4  stm32f4xx_i2c.o(i.I2C_SendData)
    I2C_Start_Receive                        0x08000cb1   Thumb Code    88  e_compass.o(i.I2C_Start_Receive)
    I2C_Start_Transmit                       0x08000d11   Thumb Code    86  e_compass.o(i.I2C_Start_Transmit)
    Input1                                   0x08000d75   Thumb Code   336  functions.o(i.Input1)
    Input2                                   0x08000ed9   Thumb Code   314  functions.o(i.Input2)
    IsCorrectHeader                          0x08001029   Thumb Code    92  functions.o(i.IsCorrectHeader)
    IsDouble                                 0x08001085   Thumb Code    60  functions.o(i.IsDouble)
    IsValidData                              0x080010c9   Thumb Code    14  functions.o(i.IsValidData)
    LLToDegree                               0x080010d9   Thumb Code   104  functions.o(i.LLToDegree)
    LatLonToUTM                              0x08001151   Thumb Code  1386  functions.o(i.LatLonToUTM)
    M1_Forward                               0x080016d5   Thumb Code    68  encoder.o(i.M1_Forward)
    M2_Forward                               0x08001731   Thumb Code    68  encoder.o(i.M2_Forward)
    MemManage_Handler                        0x0800178d   Thumb Code     2  stm32f4xx_it.o(i.MemManage_Handler)
    NMI_Handler                              0x0800178f   Thumb Code     2  stm32f4xx_it.o(i.NMI_Handler)
    PID_ControlM1                            0x08001791   Thumb Code   302  functions.o(i.PID_ControlM1)
    PID_ControlM2                            0x080018e5   Thumb Code   302  functions.o(i.PID_ControlM2)
    Parameters_Init                          0x08001a39   Thumb Code   230  functions.o(i.Parameters_Init)
    PendSV_Handler                           0x08001bc1   Thumb Code     2  stm32f4xx_it.o(i.PendSV_Handler)
    Read3AxisMagnetometer                    0x08001bc5   Thumb Code   262  e_compass.o(i.Read3AxisMagnetometer)
    Robot_Forward                            0x08001ce1   Thumb Code    38  encoder.o(i.Robot_Forward)
    SVC_Handler                              0x08001d07   Thumb Code     2  stm32f4xx_it.o(i.SVC_Handler)
    SampleTime                               0x08001d09   Thumb Code    52  stm32f4xx_it.o(i.SampleTime)
    SendData                                 0x08001d51   Thumb Code   178  stm32f4xx_it.o(i.SendData)
    SysTick_Handler                          0x08001e85   Thumb Code   700  stm32f4xx_it.o(i.SysTick_Handler)
    SystemInit                               0x08002181   Thumb Code    74  system_stm32f4xx.o(i.SystemInit)
    TIM3_IRQHandler                          0x080021dd   Thumb Code    20  stm32f4xx_it.o(i.TIM3_IRQHandler)
    TIM4_IRQHandler                          0x080021f9   Thumb Code    20  stm32f4xx_it.o(i.TIM4_IRQHandler)
    TIM_ClearITPendingBit                    0x08002215   Thumb Code     6  stm32f4xx_tim.o(i.TIM_ClearITPendingBit)
    TIM_GetCounter                           0x0800221b   Thumb Code     4  stm32f4xx_tim.o(i.TIM_GetCounter)
    ToChar                                   0x08002221   Thumb Code   246  functions.o(i.ToChar)
    ToRadian                                 0x08002329   Thumb Code    36  functions.o(i.ToRadian)
    U6_SendData                              0x0800235d   Thumb Code    30  usart_dma_config.o(i.U6_SendData)
    USART1_IRQHandler                        0x08002385   Thumb Code    50  stm32f4xx_it.o(i.USART1_IRQHandler)
    USART2_IRQHandler                        0x080023c5   Thumb Code    50  stm32f4xx_it.o(i.USART2_IRQHandler)
    USART6_IRQHandler                        0x08002405   Thumb Code    50  stm32f4xx_it.o(i.USART6_IRQHandler)
    USART_ClearFlag                          0x08002445   Thumb Code     6  stm32f4xx_usart.o(i.USART_ClearFlag)
    USART_GetITStatus                        0x0800244b   Thumb Code    62  stm32f4xx_usart.o(i.USART_GetITStatus)
    USART_ReceiveData                        0x08002489   Thumb Code     8  stm32f4xx_usart.o(i.USART_ReceiveData)
    UsageFault_Handler                       0x08002491   Thumb Code     2  stm32f4xx_it.o(i.UsageFault_Handler)
    __ARM_fpclassify                         0x08002493   Thumb Code    48  fpclassify.o(i.__ARM_fpclassify)
    __hardfp_atan                            0x080024c9   Thumb Code   632  atan.o(i.__hardfp_atan)
    __hardfp_cos                             0x080027a9   Thumb Code   200  cos.o(i.__hardfp_cos)
    __hardfp_fabs                            0x08002881   Thumb Code    20  fabs.o(i.__hardfp_fabs)
    __hardfp_log                             0x08002899   Thumb Code   882  log.o(i.__hardfp_log)
    __hardfp_pow                             0x08002c81   Thumb Code  3048  pow.o(i.__hardfp_pow)
    __hardfp_sin                             0x080038b9   Thumb Code   200  sin.o(i.__hardfp_sin)
    __hardfp_tan                             0x08003991   Thumb Code   142  tan.o(i.__hardfp_tan)
    __ieee754_rem_pio2                       0x08003a31   Thumb Code   938  rred.o(i.__ieee754_rem_pio2)
    __kernel_cos                             0x08003e69   Thumb Code   322  cos_i.o(i.__kernel_cos)
    __kernel_poly                            0x08003fd9   Thumb Code   248  poly.o(i.__kernel_poly)
    __kernel_sin                             0x080040d1   Thumb Code   280  sin_i.o(i.__kernel_sin)
    __kernel_tan                             0x08004201   Thumb Code   764  tan_i.o(i.__kernel_tan)
    __mathlib_dbl_underflow                  0x08004551   Thumb Code    24  dunder.o(i.__mathlib_dbl_underflow)
    fabs                                     0x08004571   Thumb Code    24  fabs.o(i.fabs)
    fix                                      0x08004589   Thumb Code    20  functions.o(i.fix)
    main                                     0x0800459d   Thumb Code    24  main.o(i.main)
    sqrt                                     0x080045c9   Thumb Code   110  sqrt.o(i.sqrt)
    __aeabi_dneg                             0x08004637   Thumb Code     0  basic.o(x$fpl$basic)
    _dneg                                    0x08004637   Thumb Code     6  basic.o(x$fpl$basic)
    __aeabi_fneg                             0x0800463d   Thumb Code     0  basic.o(x$fpl$basic)
    _fneg                                    0x0800463d   Thumb Code     6  basic.o(x$fpl$basic)
    _dabs                                    0x08004643   Thumb Code     6  basic.o(x$fpl$basic)
    _fabs                                    0x08004649   Thumb Code     6  basic.o(x$fpl$basic)
    __aeabi_dadd                             0x08004651   Thumb Code     0  daddsub_clz.o(x$fpl$dadd)
    _dadd                                    0x08004651   Thumb Code   332  daddsub_clz.o(x$fpl$dadd)
    __fpl_dcheck_NaN1                        0x080047a1   Thumb Code    10  dcheck1.o(x$fpl$dcheck1)
    __fpl_dcmp_Inf                           0x080047b1   Thumb Code    24  dcmpi.o(x$fpl$dcmpinf)
    __aeabi_ddiv                             0x080047c9   Thumb Code     0  ddiv.o(x$fpl$ddiv)
    _ddiv                                    0x080047c9   Thumb Code   552  ddiv.o(x$fpl$ddiv)
    __aeabi_cdcmpeq                          0x08004a79   Thumb Code     0  deqf.o(x$fpl$deqf)
    _dcmpeq                                  0x08004a79   Thumb Code   120  deqf.o(x$fpl$deqf)
    __aeabi_d2iz                             0x08004af1   Thumb Code     0  dfix.o(x$fpl$dfix)
    _dfix                                    0x08004af1   Thumb Code    94  dfix.o(x$fpl$dfix)
    __aeabi_d2uiz                            0x08004b51   Thumb Code     0  dfixu.o(x$fpl$dfixu)
    _dfixu                                   0x08004b51   Thumb Code    90  dfixu.o(x$fpl$dfixu)
    __aeabi_i2d                              0x08004bab   Thumb Code     0  dflt_clz.o(x$fpl$dflt)
    _dflt                                    0x08004bab   Thumb Code    46  dflt_clz.o(x$fpl$dflt)
    __aeabi_ui2d                             0x08004bd9   Thumb Code     0  dflt_clz.o(x$fpl$dfltu)
    _dfltu                                   0x08004bd9   Thumb Code    38  dflt_clz.o(x$fpl$dfltu)
    __aeabi_cdcmple                          0x08004c01   Thumb Code     0  dleqf.o(x$fpl$dleqf)
    _dcmple                                  0x08004c01   Thumb Code   120  dleqf.o(x$fpl$dleqf)
    __fpl_dcmple_InfNaN                      0x08004c63   Thumb Code     0  dleqf.o(x$fpl$dleqf)
    __aeabi_dmul                             0x08004c79   Thumb Code     0  dmul.o(x$fpl$dmul)
    _dmul                                    0x08004c79   Thumb Code   332  dmul.o(x$fpl$dmul)
    __fpl_dnaninf                            0x08004dcd   Thumb Code   156  dnaninf.o(x$fpl$dnaninf)
    __fpl_dretinf                            0x08004e69   Thumb Code    12  dretinf.o(x$fpl$dretinf)
    __aeabi_cdrcmple                         0x08004e75   Thumb Code     0  drleqf.o(x$fpl$drleqf)
    _drcmple                                 0x08004e75   Thumb Code   108  drleqf.o(x$fpl$drleqf)
    __aeabi_drsub                            0x08004ee1   Thumb Code     0  daddsub_clz.o(x$fpl$drsb)
    _drsb                                    0x08004ee1   Thumb Code    22  daddsub_clz.o(x$fpl$drsb)
    _dsqrt                                   0x08004ef9   Thumb Code   404  dsqrt_umaal.o(x$fpl$dsqrt)
    __aeabi_dsub                             0x08005091   Thumb Code     0  daddsub_clz.o(x$fpl$dsub)
    _dsub                                    0x08005091   Thumb Code   464  daddsub_clz.o(x$fpl$dsub)
    _fp_init                                 0x08005265   Thumb Code    10  fpinit.o(x$fpl$fpinit)
    __fplib_config_fpu_vfp                   0x0800526d   Thumb Code     0  fpinit.o(x$fpl$fpinit)
    __fplib_config_pureend_doubles           0x0800526d   Thumb Code     0  fpinit.o(x$fpl$fpinit)
    __fpl_return_NaN                         0x0800526f   Thumb Code   100  retnan.o(x$fpl$retnan)
    __ARM_scalbn                             0x080052d3   Thumb Code    92  scalbn.o(x$fpl$scalbn)
    __fpl_cmpreturn                          0x0800532f   Thumb Code    48  trapv.o(x$fpl$trapveneer)
    __I$use$fp                               0x0800535e   Number         0  usenofp.o(x$fpl$usenofp)
    __mathlib_zero                           0x080054e8   Data           8  qnan.o(.constdata)
    Region$$Table$$Base                      0x08005640   Number         0  anon$$obj.o(Region$$Table)
    Region$$Table$$Limit                     0x08005660   Number         0  anon$$obj.o(Region$$Table)
    control                                  0x20000000   Data           1  main.o(.data)
    velocity                                 0x20000002   Data           2  main.o(.data)
    Mz                                       0x20000008   Data           8  main.o(.data)
    ind                                      0x20000010   Data           1  stm32f4xx_it.o(.data)
    GPS_RxFlag                               0x20000011   Data           1  stm32f4xx_it.o(.data)
    ManAuto_Control                          0x20000012   Data           1  stm32f4xx_it.o(.data)
    multiM1                                  0x20000013   Data           1  stm32f4xx_it.o(.data)
    multiM2                                  0x20000014   Data           1  stm32f4xx_it.o(.data)
    temp1                                    0x20000015   Data           1  stm32f4xx_it.o(.data)
    temp2                                    0x20000016   Data           1  stm32f4xx_it.o(.data)
    temp3                                    0x20000017   Data           1  stm32f4xx_it.o(.data)
    EncM1                                    0x20000018   Data           2  stm32f4xx_it.o(.data)
    EncM2                                    0x2000001a   Data           2  stm32f4xx_it.o(.data)
    PreEncM1                                 0x2000001c   Data           2  stm32f4xx_it.o(.data)
    PreEncM2                                 0x2000001e   Data           2  stm32f4xx_it.o(.data)
    time_tick                                0x20000020   Data           4  stm32f4xx_it.o(.data)
    sample_time                              0x20000024   Data           4  stm32f4xx_it.o(.data)
    time_temp                                0x20000028   Data           4  stm32f4xx_it.o(.data)
    DisEncM1                                 0x2000002c   Data           4  stm32f4xx_it.o(.data)
    DisEncM2                                 0x20000030   Data           4  stm32f4xx_it.o(.data)
    SetAngle                                 0x20000038   Data           8  stm32f4xx_it.o(.data)
    SendAngle                                0x20000040   Data           8  stm32f4xx_it.o(.data)
    lat                                      0x20000048   Data           8  stm32f4xx_it.o(.data)
    lon                                      0x20000050   Data           8  stm32f4xx_it.o(.data)
    VelM1                                    0x20000058   Data           8  stm32f4xx_it.o(.data)
    VelM2                                    0x20000060   Data           8  stm32f4xx_it.o(.data)
    PIDM1                                    0x20000068   Data           8  stm32f4xx_it.o(.data)
    PIDM2                                    0x20000070   Data           8  stm32f4xx_it.o(.data)
    rollM1                                   0x20000078   Data           8  stm32f4xx_it.o(.data)
    rollM2                                   0x20000080   Data           8  stm32f4xx_it.o(.data)
    time                                     0x20000088   Data           8  stm32f4xx_it.o(.data)
    Angle                                    0x20000090   Data           8  stm32f4xx_it.o(.data)
    A_Error                                  0x20000098   Data           8  stm32f4xx_it.o(.data)
    A_Error_dot                              0x200000a0   Data           8  stm32f4xx_it.o(.data)
    Pre_A                                    0x200000a8   Data           8  stm32f4xx_it.o(.data)
    Fuzzy                                    0x200000b0   Data           8  stm32f4xx_it.o(.data)
    NbOfWP                                   0x200000b8   Data           4  functions.o(.data)
    M1_Pre_Error                             0x200000c0   Data           8  functions.o(.data)
    M1_Pre2_Error                            0x200000c8   Data           8  functions.o(.data)
    M1_Pre_PID                               0x200000d0   Data           8  functions.o(.data)
    M2_Pre_Error                             0x200000d8   Data           8  functions.o(.data)
    M2_Pre2_Error                            0x200000e0   Data           8  functions.o(.data)
    M2_Pre_PID                               0x200000e8   Data           8  functions.o(.data)
    M1_Kp                                    0x200000f0   Data           8  functions.o(.data)
    M1_Ki                                    0x200000f8   Data           8  functions.o(.data)
    M1_Kd                                    0x20000100   Data           8  functions.o(.data)
    M2_Kp                                    0x20000108   Data           8  functions.o(.data)
    M2_Ki                                    0x20000110   Data           8  functions.o(.data)
    M2_Kd                                    0x20000118   Data           8  functions.o(.data)
    Ang_Pre_Error                            0x20000120   Data           8  functions.o(.data)
    Ang_Pre2_Error                           0x20000128   Data           8  functions.o(.data)
    Ang_Pre_PID                              0x20000130   Data           8  functions.o(.data)
    Ang_Kp                                   0x20000138   Data           8  functions.o(.data)
    Ang_Ki                                   0x20000140   Data           8  functions.o(.data)
    Ang_Kd                                   0x20000148   Data           8  functions.o(.data)
    K                                        0x20000150   Data           8  functions.o(.data)
    Wheel_Radius                             0x20000158   Data           8  functions.o(.data)
    F_GPIO_Struct                            0x20000160   Data           8  functions.o(.data)
    NB                                       0x20000168   Data           8  functions.o(.data)
    NM                                       0x20000170   Data           8  functions.o(.data)
    NS                                       0x20000178   Data           8  functions.o(.data)
    ZE                                       0x20000180   Data           8  functions.o(.data)
    PS                                       0x20000188   Data           8  functions.o(.data)
    PM                                       0x20000190   Data           8  functions.o(.data)
    PB                                       0x20000198   Data           8  functions.o(.data)
    U2_Message                               0x200001a0   Data        1000  stm32f4xx_it.o(.bss)
    U6_Message                               0x20000588   Data        1000  stm32f4xx_it.o(.bss)
    cor                                      0x20000970   Data          16  stm32f4xx_it.o(.bss)
    US_DMA_Struct                            0x20000980   Data          60  usart_dma_config.o(.bss)
    US_USART_Struct                          0x200009bc   Data          16  usart_dma_config.o(.bss)
    U1_TxBuffer                              0x200009cc   Data         500  usart_dma_config.o(.bss)
    U1_RxBuffer                              0x20000bc0   Data         500  usart_dma_config.o(.bss)
    U2_RxBuffer                              0x20000db4   Data         500  usart_dma_config.o(.bss)
    U6_TxBuffer                              0x20000fa8   Data         500  usart_dma_config.o(.bss)
    U6_RxBuffer                              0x2000119c   Data         500  usart_dma_config.o(.bss)
    In1_NS                                   0x20001390   Data          24  functions.o(.bss)
    In1_ZE                                   0x200013a8   Data          24  functions.o(.bss)
    In1_PS                                   0x200013c0   Data          24  functions.o(.bss)
    In2_ZE                                   0x200013d8   Data          24  functions.o(.bss)
    In1_NB                                   0x200013f0   Data          32  functions.o(.bss)
    In1_PB                                   0x20001410   Data          32  functions.o(.bss)
    In2_NE                                   0x20001430   Data          32  functions.o(.bss)
    In2_PO                                   0x20001450   Data          32  functions.o(.bss)
    __libspace_start                         0x20001470   Data          96  libspace.o(.bss)
    __temporary_stack_top$libspace           0x200014d0   Data           0  libspace.o(.bss)



==============================================================================

Memory Map of the image

  Image Entry point : 0x08000199

  Load Region LR_IROM1 (Base: 0x08000000, Size: 0x00005800, Max: 0x00080000, ABSOLUTE, COMPRESSED[0x00005684])

    Execution Region ER_IROM1 (Base: 0x08000000, Size: 0x00005660, Max: 0x00080000, ABSOLUTE)

    Base Addr    Size         Type   Attr      Idx    E Section Name        Object

    0x08000000   0x00000198   Data   RO          822    RESET               startup_stm32f411xe.o
    0x08000198   0x00000008   Code   RO         2364  * !!!main             c_w.l(__main.o)
    0x080001a0   0x00000034   Code   RO         2717    !!!scatter          c_w.l(__scatter.o)
    0x080001d4   0x0000005a   Code   RO         2715    !!dczerorl2         c_w.l(__dczerorl2.o)
    0x0800022e   0x00000002   PAD
    0x08000230   0x0000001c   Code   RO         2719    !!handler_zi        c_w.l(__scatter_zi.o)
    0x0800024c   0x00000002   Code   RO         2587    .ARM.Collect$$libinit$$00000000  c_w.l(libinit.o)
    0x0800024e   0x00000004   Code   RO         2592    .ARM.Collect$$libinit$$00000001  c_w.l(libinit2.o)
    0x08000252   0x00000000   Code   RO         2596    .ARM.Collect$$libinit$$00000008  c_w.l(libinit2.o)
    0x08000252   0x00000000   Code   RO         2598    .ARM.Collect$$libinit$$0000000A  c_w.l(libinit2.o)
    0x08000252   0x00000000   Code   RO         2600    .ARM.Collect$$libinit$$0000000C  c_w.l(libinit2.o)
    0x08000252   0x00000000   Code   RO         2603    .ARM.Collect$$libinit$$0000000F  c_w.l(libinit2.o)
    0x08000252   0x00000000   Code   RO         2605    .ARM.Collect$$libinit$$00000011  c_w.l(libinit2.o)
    0x08000252   0x00000000   Code   RO         2607    .ARM.Collect$$libinit$$00000013  c_w.l(libinit2.o)
    0x08000252   0x00000000   Code   RO         2609    .ARM.Collect$$libinit$$00000015  c_w.l(libinit2.o)
    0x08000252   0x00000000   Code   RO         2611    .ARM.Collect$$libinit$$00000017  c_w.l(libinit2.o)
    0x08000252   0x00000000   Code   RO         2613    .ARM.Collect$$libinit$$00000019  c_w.l(libinit2.o)
    0x08000252   0x00000000   Code   RO         2615    .ARM.Collect$$libinit$$0000001B  c_w.l(libinit2.o)
    0x08000252   0x00000000   Code   RO         2617    .ARM.Collect$$libinit$$0000001D  c_w.l(libinit2.o)
    0x08000252   0x00000000   Code   RO         2619    .ARM.Collect$$libinit$$0000001F  c_w.l(libinit2.o)
    0x08000252   0x00000000   Code   RO         2621    .ARM.Collect$$libinit$$00000021  c_w.l(libinit2.o)
    0x08000252   0x00000000   Code   RO         2623    .ARM.Collect$$libinit$$00000023  c_w.l(libinit2.o)
    0x08000252   0x00000000   Code   RO         2627    .ARM.Collect$$libinit$$0000002A  c_w.l(libinit2.o)
    0x08000252   0x00000000   Code   RO         2629    .ARM.Collect$$libinit$$0000002C  c_w.l(libinit2.o)
    0x08000252   0x00000000   Code   RO         2631    .ARM.Collect$$libinit$$0000002E  c_w.l(libinit2.o)
    0x08000252   0x00000000   Code   RO         2633    .ARM.Collect$$libinit$$00000030  c_w.l(libinit2.o)
    0x08000252   0x00000002   Code   RO         2634    .ARM.Collect$$libinit$$00000031  c_w.l(libinit2.o)
    0x08000254   0x00000002   Code   RO         2656    .ARM.Collect$$libshutdown$$00000000  c_w.l(libshutdown.o)
    0x08000256   0x00000000   Code   RO         2670    .ARM.Collect$$libshutdown$$00000003  c_w.l(libshutdown2.o)
    0x08000256   0x00000000   Code   RO         2673    .ARM.Collect$$libshutdown$$00000006  c_w.l(libshutdown2.o)
    0x08000256   0x00000000   Code   RO         2676    .ARM.Collect$$libshutdown$$00000009  c_w.l(libshutdown2.o)
    0x08000256   0x00000000   Code   RO         2678    .ARM.Collect$$libshutdown$$0000000B  c_w.l(libshutdown2.o)
    0x08000256   0x00000000   Code   RO         2681    .ARM.Collect$$libshutdown$$0000000E  c_w.l(libshutdown2.o)
    0x08000256   0x00000002   Code   RO         2682    .ARM.Collect$$libshutdown$$0000000F  c_w.l(libshutdown2.o)
    0x08000258   0x00000000   Code   RO         2510    .ARM.Collect$$rtentry$$00000000  c_w.l(rtentry.o)
    0x08000258   0x00000000   Code   RO         2554    .ARM.Collect$$rtentry$$00000002  c_w.l(rtentry2.o)
    0x08000258   0x00000006   Code   RO         2566    .ARM.Collect$$rtentry$$00000004  c_w.l(rtentry4.o)
    0x0800025e   0x00000000   Code   RO         2556    .ARM.Collect$$rtentry$$00000009  c_w.l(rtentry2.o)
    0x0800025e   0x00000004   Code   RO         2557    .ARM.Collect$$rtentry$$0000000A  c_w.l(rtentry2.o)
    0x08000262   0x00000000   Code   RO         2559    .ARM.Collect$$rtentry$$0000000C  c_w.l(rtentry2.o)
    0x08000262   0x00000008   Code   RO         2560    .ARM.Collect$$rtentry$$0000000D  c_w.l(rtentry2.o)
    0x0800026a   0x00000002   Code   RO         2590    .ARM.Collect$$rtexit$$00000000  c_w.l(rtexit.o)
    0x0800026c   0x00000000   Code   RO         2638    .ARM.Collect$$rtexit$$00000002  c_w.l(rtexit2.o)
    0x0800026c   0x00000004   Code   RO         2639    .ARM.Collect$$rtexit$$00000003  c_w.l(rtexit2.o)
    0x08000270   0x00000006   Code   RO         2640    .ARM.Collect$$rtexit$$00000004  c_w.l(rtexit2.o)
    0x08000276   0x00000002   PAD
    0x08000278   0x00000040   Code   RO          823    .text               startup_stm32f411xe.o
    0x080002b8   0x00000006   Code   RO         2362    .text               c_w.l(heapauxi.o)
    0x080002be   0x00000016   Code   RO         2511    .text               c_w.l(_rserrno.o)
    0x080002d4   0x00000008   Code   RO         2571    .text               c_w.l(rt_errno_addr_intlibspace.o)
    0x080002dc   0x00000008   Code   RO         2575    .text               c_w.l(libspace.o)
    0x080002e4   0x0000004a   Code   RO         2578    .text               c_w.l(sys_stackheap_outer.o)
    0x0800032e   0x0000000c   Code   RO         2580    .text               c_w.l(exit.o)
    0x0800033a   0x00000002   PAD
    0x0800033c   0x0000000c   Code   RO         2648    .text               c_w.l(sys_exit.o)
    0x08000348   0x00000002   Code   RO         2659    .text               c_w.l(use_no_semi.o)
    0x0800034a   0x00000000   Code   RO         2661    .text               c_w.l(indicate_semi.o)
    0x0800034a   0x00000002   Code   RO          216    i.BusFault_Handler  stm32f4xx_it.o
    0x0800034c   0x00000084   Code   RO          217    i.DMA1_Stream5_IRQHandler  stm32f4xx_it.o
    0x080003d0   0x0000003c   Code   RO          218    i.DMA2_Stream2_IRQHandler  stm32f4xx_it.o
    0x0800040c   0x00000020   Code   RO          219    i.DMA2_Stream5_IRQHandler  stm32f4xx_it.o
    0x0800042c   0x0000002c   Code   RO         1061    i.DMA_ClearFlag     stm32f4xx_dma.o
    0x08000458   0x0000002c   Code   RO         1062    i.DMA_ClearITPendingBit  stm32f4xx_dma.o
    0x08000484   0x00000014   Code   RO         1063    i.DMA_Cmd           stm32f4xx_dma.o
    0x08000498   0x00000002   Code   RO          220    i.DebugMon_Handler  stm32f4xx_it.o
    0x0800049a   0x00000002   PAD
    0x0800049c   0x000004e4   Code   RO          555    i.Defuzzification_Max_Min  functions.o
    0x08000980   0x00000044   Code   RO          557    i.Fuzzy_Max         functions.o
    0x080009c4   0x0000003a   Code   RO          558    i.Fuzzy_Min         functions.o
    0x080009fe   0x00000004   Code   RO         1198    i.GPIO_SetBits      stm32f4xx_gpio.o
    0x08000a02   0x00000002   PAD
    0x08000a04   0x000000bc   Code   RO          736    i.GetAngle          e_compass.o
    0x08000ac0   0x0000002a   Code   RO          559    i.GetMessageInfo    functions.o
    0x08000aea   0x00000002   PAD
    0x08000aec   0x00000128   Code   RO          560    i.GetValueFromString  functions.o
    0x08000c14   0x00000002   Code   RO          221    i.HardFault_Handler  stm32f4xx_it.o
    0x08000c16   0x00000014   Code   RO         1288    i.I2C_AcknowledgeConfig  stm32f4xx_i2c.o
    0x08000c2a   0x00000018   Code   RO         1291    i.I2C_CheckEvent    stm32f4xx_i2c.o
    0x08000c42   0x00000014   Code   RO         1302    i.I2C_GenerateSTART  stm32f4xx_i2c.o
    0x08000c56   0x00000014   Code   RO         1303    i.I2C_GenerateSTOP  stm32f4xx_i2c.o
    0x08000c6a   0x0000002a   Code   RO         1304    i.I2C_GetFlagStatus  stm32f4xx_i2c.o
    0x08000c94   0x00000006   Code   RO         1314    i.I2C_ReceiveData   stm32f4xx_i2c.o
    0x08000c9a   0x00000010   Code   RO         1316    i.I2C_Send7bitAddress  stm32f4xx_i2c.o
    0x08000caa   0x00000004   Code   RO         1317    i.I2C_SendData      stm32f4xx_i2c.o
    0x08000cae   0x00000002   PAD
    0x08000cb0   0x00000060   Code   RO          738    i.I2C_Start_Receive  e_compass.o
    0x08000d10   0x00000064   Code   RO          739    i.I2C_Start_Transmit  e_compass.o
    0x08000d74   0x00000164   Code   RO          561    i.Input1            functions.o
    0x08000ed8   0x00000150   Code   RO          562    i.Input2            functions.o
    0x08001028   0x0000005c   Code   RO          563    i.IsCorrectHeader   functions.o
    0x08001084   0x00000044   Code   RO          564    i.IsDouble          functions.o
    0x080010c8   0x0000000e   Code   RO          565    i.IsValidData       functions.o
    0x080010d6   0x00000002   PAD
    0x080010d8   0x00000078   Code   RO          566    i.LLToDegree        functions.o
    0x08001150   0x00000584   Code   RO          567    i.LatLonToUTM       functions.o
    0x080016d4   0x0000005c   Code   RO          367    i.M1_Forward        encoder.o
    0x08001730   0x0000005c   Code   RO          370    i.M2_Forward        encoder.o
    0x0800178c   0x00000002   Code   RO          222    i.MemManage_Handler  stm32f4xx_it.o
    0x0800178e   0x00000002   Code   RO          223    i.NMI_Handler       stm32f4xx_it.o
    0x08001790   0x00000154   Code   RO          570    i.PID_ControlM1     functions.o
    0x080018e4   0x00000154   Code   RO          571    i.PID_ControlM2     functions.o
    0x08001a38   0x00000188   Code   RO          572    i.Parameters_Init   functions.o
    0x08001bc0   0x00000002   Code   RO          224    i.PendSV_Handler    stm32f4xx_it.o
    0x08001bc2   0x00000002   PAD
    0x08001bc4   0x0000011c   Code   RO          741    i.Read3AxisMagnetometer  e_compass.o
    0x08001ce0   0x00000026   Code   RO          373    i.Robot_Forward     encoder.o
    0x08001d06   0x00000002   Code   RO          225    i.SVC_Handler       stm32f4xx_it.o
    0x08001d08   0x00000048   Code   RO          226    i.SampleTime        stm32f4xx_it.o
    0x08001d50   0x000000c0   Code   RO          227    i.SendData          stm32f4xx_it.o
    0x08001e10   0x00000074   Code   RO            3    i.SetSysClock       system_stm32f4xx.o
    0x08001e84   0x000002fc   Code   RO          228    i.SysTick_Handler   stm32f4xx_it.o
    0x08002180   0x0000005c   Code   RO            5    i.SystemInit        system_stm32f4xx.o
    0x080021dc   0x0000001c   Code   RO          229    i.TIM3_IRQHandler   stm32f4xx_it.o
    0x080021f8   0x0000001c   Code   RO          230    i.TIM4_IRQHandler   stm32f4xx_it.o
    0x08002214   0x00000006   Code   RO         1824    i.TIM_ClearITPendingBit  stm32f4xx_tim.o
    0x0800221a   0x00000004   Code   RO         1848    i.TIM_GetCounter    stm32f4xx_tim.o
    0x0800221e   0x00000002   PAD
    0x08002220   0x00000108   Code   RO          576    i.ToChar            functions.o
    0x08002328   0x00000034   Code   RO          579    i.ToRadian          functions.o
    0x0800235c   0x00000028   Code   RO          489    i.U6_SendData       usart_dma_config.o
    0x08002384   0x00000040   Code   RO          231    i.USART1_IRQHandler  stm32f4xx_it.o
    0x080023c4   0x00000040   Code   RO          232    i.USART2_IRQHandler  stm32f4xx_it.o
    0x08002404   0x00000040   Code   RO          233    i.USART6_IRQHandler  stm32f4xx_it.o
    0x08002444   0x00000006   Code   RO          873    i.USART_ClearFlag   stm32f4xx_usart.o
    0x0800244a   0x0000003e   Code   RO          881    i.USART_GetITStatus  stm32f4xx_usart.o
    0x08002488   0x00000008   Code   RO          891    i.USART_ReceiveData  stm32f4xx_usart.o
    0x08002490   0x00000002   Code   RO          234    i.UsageFault_Handler  stm32f4xx_it.o
    0x08002492   0x00000030   Code   RO         2531    i.__ARM_fpclassify  m_wm.l(fpclassify.o)
    0x080024c2   0x00000006   PAD
    0x080024c8   0x000002e0   Code   RO         2402    i.__hardfp_atan     m_wm.l(atan.o)
    0x080027a8   0x000000d8   Code   RO         2428    i.__hardfp_cos      m_wm.l(cos.o)
    0x08002880   0x00000014   Code   RO         2440    i.__hardfp_fabs     m_wm.l(fabs.o)
    0x08002894   0x00000004   PAD
    0x08002898   0x000003e4   Code   RO         2446    i.__hardfp_log      m_wm.l(log.o)
    0x08002c7c   0x00000004   PAD
    0x08002c80   0x00000c38   Code   RO         2460    i.__hardfp_pow      m_wm.l(pow.o)
    0x080038b8   0x000000d8   Code   RO         2474    i.__hardfp_sin      m_wm.l(sin.o)
    0x08003990   0x000000a0   Code   RO         2498    i.__hardfp_tan      m_wm.l(tan.o)
    0x08003a30   0x00000438   Code   RO         2536    i.__ieee754_rem_pio2  m_wm.l(rred.o)
    0x08003e68   0x00000170   Code   RO         2526    i.__kernel_cos      m_wm.l(cos_i.o)
    0x08003fd8   0x000000f8   Code   RO         2533    i.__kernel_poly     m_wm.l(poly.o)
    0x080040d0   0x00000130   Code   RO         2541    i.__kernel_sin      m_wm.l(sin_i.o)
    0x08004200   0x00000350   Code   RO         2547    i.__kernel_tan      m_wm.l(tan_i.o)
    0x08004550   0x00000020   Code   RO         2529    i.__mathlib_dbl_underflow  m_wm.l(dunder.o)
    0x08004570   0x00000018   Code   RO         2442    i.fabs              m_wm.l(fabs.o)
    0x08004588   0x00000014   Code   RO          580    i.fix               functions.o
    0x0800459c   0x0000002c   Code   RO          128    i.main              main.o
    0x080045c8   0x0000006e   Code   RO         2488    i.sqrt              m_wm.l(sqrt.o)
    0x08004636   0x00000018   Code   RO         2366    x$fpl$basic         fz_wm.l(basic.o)
    0x0800464e   0x00000002   PAD
    0x08004650   0x00000150   Code   RO         2368    x$fpl$dadd          fz_wm.l(daddsub_clz.o)
    0x080047a0   0x00000010   Code   RO         2573    x$fpl$dcheck1       fz_wm.l(dcheck1.o)
    0x080047b0   0x00000018   Code   RO         2513    x$fpl$dcmpinf       fz_wm.l(dcmpi.o)
    0x080047c8   0x000002b0   Code   RO         2375    x$fpl$ddiv          fz_wm.l(ddiv.o)
    0x08004a78   0x00000078   Code   RO         2378    x$fpl$deqf          fz_wm.l(deqf.o)
    0x08004af0   0x0000005e   Code   RO         2380    x$fpl$dfix          fz_wm.l(dfix.o)
    0x08004b4e   0x00000002   PAD
    0x08004b50   0x0000005a   Code   RO         2384    x$fpl$dfixu         fz_wm.l(dfixu.o)
    0x08004baa   0x0000002e   Code   RO         2389    x$fpl$dflt          fz_wm.l(dflt_clz.o)
    0x08004bd8   0x00000026   Code   RO         2388    x$fpl$dfltu         fz_wm.l(dflt_clz.o)
    0x08004bfe   0x00000002   PAD
    0x08004c00   0x00000078   Code   RO         2394    x$fpl$dleqf         fz_wm.l(dleqf.o)
    0x08004c78   0x00000154   Code   RO         2396    x$fpl$dmul          fz_wm.l(dmul.o)
    0x08004dcc   0x0000009c   Code   RO         2515    x$fpl$dnaninf       fz_wm.l(dnaninf.o)
    0x08004e68   0x0000000c   Code   RO         2517    x$fpl$dretinf       fz_wm.l(dretinf.o)
    0x08004e74   0x0000006c   Code   RO         2398    x$fpl$drleqf        fz_wm.l(drleqf.o)
    0x08004ee0   0x00000016   Code   RO         2369    x$fpl$drsb          fz_wm.l(daddsub_clz.o)
    0x08004ef6   0x00000002   PAD
    0x08004ef8   0x00000198   Code   RO         2519    x$fpl$dsqrt         fz_wm.l(dsqrt_umaal.o)
    0x08005090   0x000001d4   Code   RO         2370    x$fpl$dsub          fz_wm.l(daddsub_clz.o)
    0x08005264   0x0000000a   Code   RO         2646    x$fpl$fpinit        fz_wm.l(fpinit.o)
    0x0800526e   0x00000064   Code   RO         2588    x$fpl$retnan        fz_wm.l(retnan.o)
    0x080052d2   0x0000005c   Code   RO         2523    x$fpl$scalbn        fz_wm.l(scalbn.o)
    0x0800532e   0x00000030   Code   RO         2635    x$fpl$trapveneer    fz_wm.l(trapv.o)
    0x0800535e   0x00000000   Code   RO         2525    x$fpl$usenofp       fz_wm.l(usenofp.o)
    0x0800535e   0x00000002   PAD
    0x08005360   0x00000098   Data   RO         2405    .constdata          m_wm.l(atan.o)
    0x080053f8   0x00000038   Data   RO         2449    .constdata          m_wm.l(log.o)
    0x08005430   0x00000088   Data   RO         2463    .constdata          m_wm.l(pow.o)
    0x080054b8   0x00000030   Data   RO         2527    .constdata          m_wm.l(cos_i.o)
    0x080054e8   0x00000008   Data   RO         2535    .constdata          m_wm.l(qnan.o)
    0x080054f0   0x000000c8   Data   RO         2538    .constdata          m_wm.l(rred.o)
    0x080055b8   0x00000028   Data   RO         2542    .constdata          m_wm.l(sin_i.o)
    0x080055e0   0x00000060   Data   RO         2548    .constdata          m_wm.l(tan_i.o)
    0x08005640   0x00000020   Data   RO         2713    Region$$Table       anon$$obj.o


    Execution Region RW_IRAM1 (Base: 0x20000000, Size: 0x00001ad0, Max: 0x00020000, ABSOLUTE, COMPRESSED[0x00000024])

    Base Addr    Size         Type   Attr      Idx    E Section Name        Object

    0x20000000   0x00000001   Data   RW          132    .data               main.o
    0x20000001   0x00000001   PAD
    0x20000002   0x00000002   Data   RW          135    .data               main.o
    0x20000004   0x00000004   PAD
    0x20000008   0x00000008   Data   RW          138    .data               main.o
    0x20000010   0x000000a8   Data   RW          237    .data               stm32f4xx_it.o
    0x200000b8   0x000000e8   Data   RW          584    .data               functions.o
    0x200001a0   0x000007e0   Zero   RW          236    .bss                stm32f4xx_it.o
    0x20000980   0x00000a10   Zero   RW          493    .bss                usart_dma_config.o
    0x20001390   0x000000e0   Zero   RW          583    .bss                functions.o
    0x20001470   0x00000060   Zero   RW         2576    .bss                c_w.l(libspace.o)
    0x200014d0   0x00000200   Zero   RW          821    HEAP                startup_stm32f411xe.o
    0x200016d0   0x00000400   Zero   RW          820    STACK               startup_stm32f411xe.o


==============================================================================

Image component sizes


      Code (inc. data)   RO Data    RW Data    ZI Data      Debug   Object Name

       668         68          0          0          0       3304   e_compass.o
       222         48          0          0          0       1950   encoder.o
      5522        602          0        232        224      17483   functions.o
        44         20          0         11          0       2287   main.o
        64         26        408          0       1536        976   startup_stm32f411xe.o
       108         24          0          0          0       3274   stm32f4xx_dma.o
         4          0          0          0          0       1059   stm32f4xx_gpio.o
       152          0          0          0          0       5795   stm32f4xx_i2c.o
      1516        210          0        168       2016      12702   stm32f4xx_it.o
        10          0          0          0          0       2880   stm32f4xx_tim.o
        76          0          0          0          0       2834   stm32f4xx_usart.o
       208         36          0          0          0     267357   system_stm32f4xx.o
        40         10          0          0       2576       1856   usart_dma_config.o

    ----------------------------------------------------------------------
      8648       1044        440        416       6352     323757   Object Totals
         0          0         32          0          0          0   (incl. Generated)
        14          0          0          5          0          0   (incl. Padding)

    ----------------------------------------------------------------------

      Code (inc. data)   RO Data    RW Data    ZI Data      Debug   Library Member Name

        90          0          0          0          0          0   __dczerorl2.o
         8          0          0          0          0         68   __main.o
        52          8          0          0          0          0   __scatter.o
        28          0          0          0          0          0   __scatter_zi.o
        22          0          0          0          0        100   _rserrno.o
        12          0          0          0          0         72   exit.o
         6          0          0          0          0        152   heapauxi.o
         0          0          0          0          0          0   indicate_semi.o
         2          0          0          0          0          0   libinit.o
         6          0          0          0          0          0   libinit2.o
         2          0          0          0          0          0   libshutdown.o
         2          0          0          0          0          0   libshutdown2.o
         8          4          0          0         96         68   libspace.o
         8          4          0          0          0         68   rt_errno_addr_intlibspace.o
         0          0          0          0          0          0   rtentry.o
        12          0          0          0          0          0   rtentry2.o
         6          0          0          0          0          0   rtentry4.o
         2          0          0          0          0          0   rtexit.o
        10          0          0          0          0          0   rtexit2.o
        12          4          0          0          0         68   sys_exit.o
        74          0          0          0          0         80   sys_stackheap_outer.o
         2          0          0          0          0         68   use_no_semi.o
        24          0          0          0          0        164   basic.o
       826         16          0          0          0        492   daddsub_clz.o
        16          4          0          0          0        116   dcheck1.o
        24          0          0          0          0        116   dcmpi.o
       688        140          0          0          0        256   ddiv.o
       120          4          0          0          0        140   deqf.o
        94          4          0          0          0        140   dfix.o
        90          4          0          0          0        140   dfixu.o
        84          0          0          0          0        232   dflt_clz.o
       120          4          0          0          0        140   dleqf.o
       340         12          0          0          0        152   dmul.o
       156          4          0          0          0        140   dnaninf.o
        12          0          0          0          0        116   dretinf.o
       108          0          0          0          0        128   drleqf.o
       408         56          0          0          0        168   dsqrt_umaal.o
        10          0          0          0          0        116   fpinit.o
       100          0          0          0          0        116   retnan.o
        92          0          0          0          0        116   scalbn.o
        48          0          0          0          0        116   trapv.o
         0          0          0          0          0          0   usenofp.o
       736        104        152          0          0        220   atan.o
       216         16          0          0          0        152   cos.o
       368         46         48          0          0        200   cos_i.o
        32          8          0          0          0        124   dunder.o
        44          0          0          0          0        248   fabs.o
        48          0          0          0          0        124   fpclassify.o
       996        114         56          0          0        232   log.o
       248          0          0          0          0        152   poly.o
      3128        304        136          0          0        216   pow.o
         0          0          8          0          0          0   qnan.o
      1080        142        200          0          0        188   rred.o
       216         16          0          0          0        152   sin.o
       304         24         40          0          0        208   sin_i.o
       110          0          0          0          0        148   sqrt.o
       160         18          0          0          0        152   tan.o
       848         84         96          0          0        196   tan_i.o

    ----------------------------------------------------------------------
     12288       1148        736          0         96       6560   Library Totals
        30          4          0          0          0          0   (incl. Padding)

    ----------------------------------------------------------------------

      Code (inc. data)   RO Data    RW Data    ZI Data      Debug   Library Name

       364         20          0          0         96        744   c_w.l
      3360        248          0          0          0       3104   fz_wm.l
      8534        876        736          0          0       2712   m_wm.l

    ----------------------------------------------------------------------
     12288       1148        736          0         96       6560   Library Totals

    ----------------------------------------------------------------------

==============================================================================


      Code (inc. data)   RO Data    RW Data    ZI Data      Debug   

     20936       2192       1176        416       6448     320557   Grand Totals
     20936       2192       1176         36       6448     320557   ELF Image Totals (compressed)
     20936       2192       1176         36          0          0   ROM Totals

==============================================================================

    Total RO  Size (Code + RO Data)                22112 (  21.59kB)
    Total RW  Size (RW Data + ZI Data)              6864 (   6.70kB)
    Total ROM Size (Code + RO Data + RW Data)      22148 (  21.63kB)

==============================================================================

