<html>
<body>
<pre>
<h1>µVision Build Log</h1>
<h2>Project:</h2>
C:\Users\DELL-PC\Desktop\Main_Desktop\automation_project\UnmannedVehicle\Control\MDK-ARM\UnmannedVehicle.uvproj
Project File Date:  05/19/2019

<h2>Output:</h2>
Build target 'STM32F411'
compiling stm32f4xx_it.c...
linking...
Program Size: Code=35496 RO-data=1176 RW-data=156 ZI-data=60188  
".\UnmannedVehicle.axf" - 0 Error(s), 0 Warning(s).
Load "C:\\Users\\DELL-PC\\Desktop\\Main_Desktop\\automation_project\\UnmannedVehicle\\Control\\MDK-ARM\\UnmannedVehicle.axf" 
Erase Done.
Programming Done.
Verify OK.
Application running ...
O-data=1176 RW-data=156 ZI-data=60188  
".\UnmannedVehicle.axf" - 0 Error(s), 1 Warning(s).
Load "C:\\Users\\DELL-PC\\Desktop\\Main_Desktop\\automation_project\\UnmannedVehicle\\Control\\MDK-ARM\\UnmannedVehicle.axf" 
Erase Done.
Programming Done.
Verify OK.
Application running ...
