Product: MDK-ARM Standard 5.10
Component: ARM Compiler 5.04 update 1 (build 49)
Tool: armlink [5040049]

==============================================================================

Section Cross References

    system_stm32f4xx.o(i.SystemCoreClockUpdate) refers to system_stm32f4xx.o(.data) for .data
    system_stm32f4xx.o(i.SystemInit) refers to system_stm32f4xx.o(i.SetSysClock) for SetSysClock
    main.o(i.PID_ReadParametersFromFlash) refers to functions.o(i.ReadFromFlash) for ReadFromFlash
    main.o(i.PID_ReadParametersFromFlash) refers to functions.o(i.GetMessageInfo) for GetMessageInfo
    main.o(i.PID_ReadParametersFromFlash) refers to functions.o(i.GetValueFromString) for GetValueFromString
    main.o(i.PID_ReadParametersFromFlash) refers to functions.o(i.PID_ParametersUpdate) for PID_ParametersUpdate
    main.o(i.PID_ReadParametersFromFlash) refers to functions.o(.bss) for Flash
    main.o(i.PID_ReadParametersFromFlash) refers to functions.o(.bss) for M1
    main.o(i.PID_ReadParametersFromFlash) refers to functions.o(.bss) for M2
    main.o(i.PID_SaveManual) refers to functions.o(i.ToChar) for ToChar
    main.o(i.PID_SaveManual) refers to functions.o(i.EraseMemory) for EraseMemory
    main.o(i.PID_SaveManual) refers to functions.o(i.WriteToFlash) for WriteToFlash
    main.o(i.PID_SaveManual) refers to functions.o(.bss) for Flash
    main.o(i.Parameters_Init) refers to functions.o(i.Time_ParametersInit) for Time_ParametersInit
    main.o(i.Parameters_Init) refers to functions.o(i.Time_GetSampleTime) for Time_GetSampleTime
    main.o(i.Parameters_Init) refers to main.o(i.PID_ReadParametersFromFlash) for PID_ReadParametersFromFlash
    main.o(i.Parameters_Init) refers to functions.o(i.PID_ParametersInitial) for PID_ParametersInitial
    main.o(i.Parameters_Init) refers to functions.o(i.Fuzzy_ParametersInit) for Fuzzy_ParametersInit
    main.o(i.Parameters_Init) refers to functions.o(i.IMU_ParametesInit) for IMU_ParametesInit
    main.o(i.Parameters_Init) refers to functions.o(i.IMU_UpdateFuzzyCoefficients) for IMU_UpdateFuzzyCoefficients
    main.o(i.Parameters_Init) refers to functions.o(i.GPS_ParametersInit) for GPS_ParametersInit
    main.o(i.Parameters_Init) refers to functions.o(i.Veh_ParametersInit) for Veh_ParametersInit
    main.o(i.Parameters_Init) refers to functions.o(.bss) for Timer
    main.o(i.Parameters_Init) refers to functions.o(.bss) for M1
    main.o(i.Parameters_Init) refers to functions.o(.bss) for M2
    main.o(i.Parameters_Init) refers to functions.o(.bss) for GPS_NEO
    main.o(i.Parameters_Init) refers to functions.o(.bss) for Veh
    main.o(i.Peripheral_Config) refers to usart_dma_config.o(i.USART1_Config) for USART1_Config
    main.o(i.Peripheral_Config) refers to usart_dma_config.o(i.USART6_Config) for USART6_Config
    main.o(i.Peripheral_Config) refers to encoder.o(i.Encoder_Config) for Encoder_Config
    main.o(i.Peripheral_Config) refers to misc.o(i.NVIC_PriorityGroupConfig) for NVIC_PriorityGroupConfig
    main.o(i.Peripheral_Config) refers to main.o(i.NVIC_SetPriority) for NVIC_SetPriority
    main.o(i.Peripheral_Config) refers to main.o(i.TIM2_TimeBaseConfig) for TIM2_TimeBaseConfig
    main.o(i.Peripheral_Config) refers to functions.o(.bss) for Timer
    main.o(i.TIM2_TimeBaseConfig) refers to stm32f4xx_rcc.o(i.RCC_APB1PeriphClockCmd) for RCC_APB1PeriphClockCmd
    main.o(i.TIM2_TimeBaseConfig) refers to stm32f4xx_tim.o(i.TIM_TimeBaseInit) for TIM_TimeBaseInit
    main.o(i.TIM2_TimeBaseConfig) refers to stm32f4xx_tim.o(i.TIM_ITConfig) for TIM_ITConfig
    main.o(i.TIM2_TimeBaseConfig) refers to misc.o(i.NVIC_Init) for NVIC_Init
    main.o(i.TIM2_TimeBaseConfig) refers to stm32f4xx_tim.o(i.TIM_Cmd) for TIM_Cmd
    main.o(i.TIM2_TimeBaseConfig) refers to main.o(.bss) for .bss
    main.o(i.TIM2_TimeBaseConfig) refers to main.o(.data) for .data
    main.o(i.main) refers to main.o(i.Parameters_Init) for Parameters_Init
    main.o(i.main) refers to main.o(i.Peripheral_Config) for Peripheral_Config
    main.o(i.main) refers to main.o(i.NVIC_SetPriority) for NVIC_SetPriority
    main.o(i.main) refers to system_stm32f4xx.o(.data) for SystemCoreClock
    stm32f4xx_it.o(i.DMA1_Stream5_IRQHandler) refers to stm32f4xx_dma.o(i.DMA_ClearITPendingBit) for DMA_ClearITPendingBit
    stm32f4xx_it.o(i.DMA1_Stream5_IRQHandler) refers to functions.o(i.Readline) for Readline
    stm32f4xx_it.o(i.DMA1_Stream5_IRQHandler) refers to functions.o(i.GetMessageInfo) for GetMessageInfo
    stm32f4xx_it.o(i.DMA1_Stream5_IRQHandler) refers to functions.o(i.StringHeaderCompare) for StringHeaderCompare
    stm32f4xx_it.o(i.DMA1_Stream5_IRQHandler) refers to functions.o(i.IsCorrectMessage) for IsCorrectMessage
    stm32f4xx_it.o(i.DMA1_Stream5_IRQHandler) refers to functions.o(i.IsValidData) for IsValidData
    stm32f4xx_it.o(i.DMA1_Stream5_IRQHandler) refers to functions.o(i.GPS_GetLatFromString) for GPS_GetLatFromString
[...]
    i.GetVehicleVelocity                     0x08001c34   Section        0  stm32f4xx_it.o(i.GetVehicleVelocity)
    i.HardFault_Handler                      0x08001d58   Section        0  stm32f4xx_it.o(i.HardFault_Handler)
    i.IMU_GetCommandMessage                  0x08001d5a   Section        0  functions.o(i.IMU_GetCommandMessage)
    i.IMU_GetValue                           0x08001d78   Section        0  functions.o(i.IMU_GetValue)
    i.IMU_ParametesInit                      0x08001e24   Section        0  functions.o(i.IMU_ParametesInit)
    i.IMU_UpdateAngle                        0x08001e50   Section        0  functions.o(i.IMU_UpdateAngle)
    i.IMU_UpdateFuzzyCoefficients            0x08001e56   Section        0  functions.o(i.IMU_UpdateFuzzyCoefficients)
    i.IMU_UpdateFuzzyInput                   0x08001e60   Section        0  functions.o(i.IMU_UpdateFuzzyInput)
    i.IMU_UpdatePreAngle                     0x08001f44   Section        0  functions.o(i.IMU_UpdatePreAngle)
    i.IMU_UpdateSetAngle                     0x08001f4e   Section        0  functions.o(i.IMU_UpdateSetAngle)
    i.IsCorrectMessage                       0x08001f6c   Section        0  functions.o(i.IsCorrectMessage)
    i.IsDouble                               0x08001f9c   Section        0  functions.o(i.IsDouble)
    i.IsValidData                            0x08001fe0   Section        0  functions.o(i.IsValidData)
    i.LRCCalculate                           0x08001fec   Section        0  functions.o(i.LRCCalculate)
    i.M1_Backward                            0x08002004   Section        0  encoder.o(i.M1_Backward)
    i.M1_Encoder_Config                      0x08002064   Section        0  encoder.o(i.M1_Encoder_Config)
    i.M1_Forward                             0x08002120   Section        0  encoder.o(i.M1_Forward)
    i.M2_Encoder_Config                      0x08002180   Section        0  encoder.o(i.M2_Encoder_Config)
    i.M2_Forward                             0x0800223c   Section        0  encoder.o(i.M2_Forward)
    i.MemManage_Handler                      0x0800229c   Section        0  stm32f4xx_it.o(i.MemManage_Handler)
    i.NMI_Handler                            0x0800229e   Section        0  stm32f4xx_it.o(i.NMI_Handler)
    i.NVIC_Init                              0x080022a0   Section        0  misc.o(i.NVIC_Init)
    i.NVIC_PriorityGroupConfig               0x08002304   Section        0  misc.o(i.NVIC_PriorityGroupConfig)
    i.NVIC_SetPriority                       0x08002318   Section        0  main.o(i.NVIC_SetPriority)
    NVIC_SetPriority                         0x08002319   Thumb Code    32  main.o(i.NVIC_SetPriority)
    i.PID_Compute                            0x08002338   Section        0  functions.o(i.PID_Compute)
    i.PID_ParametersInitial                  0x08002494   Section        0  functions.o(i.PID_ParametersInitial)
    i.PID_ParametersUpdate                   0x080024d0   Section        0  functions.o(i.PID_ParametersUpdate)
    i.PID_ReadParametersFromFlash            0x080024d8   Section        0  main.o(i.PID_ReadParametersFromFlash)
    i.PID_ResetEncoder                       0x08002588   Section        0  functions.o(i.PID_ResetEncoder)
    i.PID_UpdateEnc                          0x08002592   Section        0  functions.o(i.PID_UpdateEnc)
    i.PID_UpdateSetVel                       0x08002596   Section        0  functions.o(i.PID_UpdateSetVel)
    i.PWM_Config                             0x0800259c   Section        0  encoder.o(i.PWM_Config)
    i.Parameters_Init                        0x08002640   Section        0  main.o(i.Parameters_Init)
    i.PendSV_Handler                         0x080026c4   Section        0  stm32f4xx_it.o(i.PendSV_Handler)
    i.Peripheral_Config                      0x080026c8   Section        0  main.o(i.Peripheral_Config)
    i.Pi_To_Pi                               0x08002700   Section        0  functions.o(i.Pi_To_Pi)
    i.RCC_AHB1PeriphClockCmd                 0x0800277c   Section        0  stm32f4xx_rcc.o(i.RCC_AHB1PeriphClockCmd)
    i.RCC_APB1PeriphClockCmd                 0x08002794   Section        0  stm32f4xx_rcc.o(i.RCC_APB1PeriphClockCmd)
    i.RCC_APB2PeriphClockCmd                 0x080027ac   Section        0  stm32f4xx_rcc.o(i.RCC_APB2PeriphClockCmd)
    i.RCC_GetClocksFreq                      0x080027c4   Section        0  stm32f4xx_rcc.o(i.RCC_GetClocksFreq)
    i.ReadFromFlash                          0x08002858   Section        0  functions.o(i.ReadFromFlash)
    i.Readline                               0x0800288e   Section        0  functions.o(i.Readline)
    i.Reset_Motor                            0x080028b4   Section        0  stm32f4xx_it.o(i.Reset_Motor)
    i.Robot_Forward                          0x080028e4   Section        0  encoder.o(i.Robot_Forward)
    i.Robot_Spin_ClockWise                   0x0800290a   Section        0  encoder.o(i.Robot_Spin_ClockWise)
    i.SVC_Handler                            0x08002930   Section        0  stm32f4xx_it.o(i.SVC_Handler)
    i.SendData                               0x08002934   Section        0  stm32f4xx_it.o(i.SendData)
    i.SetSysClock                            0x08002adc   Section        0  system_stm32f4xx.o(i.SetSysClock)
    SetSysClock                              0x08002add   Thumb Code    98  system_stm32f4xx.o(i.SetSysClock)
    i.StringHeaderCompare                    0x08002b50   Section        0  functions.o(i.StringHeaderCompare)
    i.SysTick_Handler                        0x08002b6c   Section        0  stm32f4xx_it.o(i.SysTick_Handler)
    i.SystemInit                             0x08002e14   Section        0  system_stm32f4xx.o(i.SystemInit)
    i.TIM2_IRQHandler                        0x08002e70   Section        0  stm32f4xx_it.o(i.TIM2_IRQHandler)
    i.TIM2_TimeBaseConfig                    0x08002e84   Section        0  main.o(i.TIM2_TimeBaseConfig)
    i.TIM3_IRQHandler                        0x08002ee4   Section        0  stm32f4xx_it.o(i.TIM3_IRQHandler)
    i.TIM4_IRQHandler                        0x08002f00   Section        0  stm32f4xx_it.o(i.TIM4_IRQHandler)
    i.TIM_ARRPreloadConfig                   0x08002f1c   Section        0  stm32f4xx_tim.o(i.TIM_ARRPreloadConfig)
    i.TIM_ClearITPendingBit                  0x08002f30   Section        0  stm32f4xx_tim.o(i.TIM_ClearITPendingBit)
    i.TIM_Cmd                                0x08002f36   Section        0  stm32f4xx_tim.o(i.TIM_Cmd)
    i.TIM_EncoderInterfaceConfig             0x08002f4a   Section        0  stm32f4xx_tim.o(i.TIM_EncoderInterfaceConfig)
    i.TIM_GetCounter                         0x08002f7c   Section        0  stm32f4xx_tim.o(i.TIM_GetCounter)
    i.TIM_ITConfig                           0x08002f80   Section        0  stm32f4xx_tim.o(i.TIM_ITConfig)
    i.TIM_OC1Init                            0x08002f90   Section        0  stm32f4xx_tim.o(i.TIM_OC1Init)
    i.TIM_OC1PreloadConfig                   0x08002ff0   Section        0  stm32f4xx_tim.o(i.TIM_OC1PreloadConfig)
    i.TIM_OC2Init                            0x08002ffc   Section        0  stm32f4xx_tim.o(i.TIM_OC2Init)
    i.TIM_OC2PreloadConfig                   0x0800307c   Section        0  stm32f4xx_tim.o(i.TIM_OC2PreloadConfig)
    i.TIM_TimeBaseInit                       0x08003090   Section        0  stm32f4xx_tim.o(i.TIM_TimeBaseInit)
    i.Time_GetSampleTime                     0x0800310c   Section        0  functions.o(i.Time_GetSampleTime)
    i.Time_ParametersInit                    0x08003150   Section        0  functions.o(i.Time_ParametersInit)
    i.Time_SampleTimeUpdate                  0x08003156   Section        0  functions.o(i.Time_SampleTimeUpdate)
    i.Time_SendTimeUpdate                    0x0800315a   Section        0  functions.o(i.Time_SendTimeUpdate)
    i.ToChar                                 0x08003160   Section        0  functions.o(i.ToChar)
    i.ToHex                                  0x08003268   Section        0  functions.o(i.ToHex)
    i.ToRPM                                  0x08003278   Section        0  functions.o(i.ToRPM)
    i.Trapf                                  0x080032ac   Section        0  functions.o(i.Trapf)
    i.Trimf                                  0x08003384   Section        0  functions.o(i.Trimf)
    i.U1_SendData                            0x08003450   Section        0  usart_dma_config.o(i.U1_SendData)
    i.U6_SendData                            0x08003474   Section        0  usart_dma_config.o(i.U6_SendData)
    i.USART1_Config                          0x0800349c   Section        0  usart_dma_config.o(i.USART1_Config)
    i.USART2_IRQHandler                      0x080035e0   Section        0  stm32f4xx_it.o(i.USART2_IRQHandler)
    i.USART6_Config                          0x08003620   Section        0  usart_dma_config.o(i.USART6_Config)
    i.USART6_IRQHandler                      0x0800377c   Section        0  stm32f4xx_it.o(i.USART6_IRQHandler)
    i.USART_ClearFlag                        0x080037bc   Section        0  stm32f4xx_usart.o(i.USART_ClearFlag)
    i.USART_Cmd                              0x080037c2   Section        0  stm32f4xx_usart.o(i.USART_Cmd)
    i.USART_DMACmd                           0x080037d6   Section        0  stm32f4xx_usart.o(i.USART_DMACmd)
    i.USART_GetITStatus                      0x080037e6   Section        0  stm32f4xx_usart.o(i.USART_GetITStatus)
    i.USART_ITConfig                         0x08003824   Section        0  stm32f4xx_usart.o(i.USART_ITConfig)
    i.USART_Init                             0x08003854   Section        0  stm32f4xx_usart.o(i.USART_Init)
    i.USART_ReceiveData                      0x08003900   Section        0  stm32f4xx_usart.o(i.USART_ReceiveData)
    i.UsageFault_Handler                     0x08003908   Section        0  stm32f4xx_it.o(i.UsageFault_Handler)
    i.Veh_ParametersInit                     0x0800390c   Section        0  functions.o(i.Veh_ParametersInit)
    i.Veh_UpdateMaxVelocity                  0x08003930   Section        0  functions.o(i.Veh_UpdateMaxVelocity)
    i.Veh_UpdateVehicleFromKey               0x08003938   Section        0  functions.o(i.Veh_UpdateVehicleFromKey)
    i.__ARM_fpclassify                       0x08003a98   Section        0  fpclassify.o(i.__ARM_fpclassify)
    i.__hardfp_atan                          0x08003ac8   Section        0  atan.o(i.__hardfp_atan)
    i.__hardfp_atan2                         0x08003da8   Section        0  atan2.o(i.__hardfp_atan2)
    i.__hardfp_cos                           0x08003f98   Section        0  cos.o(i.__hardfp_cos)
    i.__hardfp_fabs                          0x08004070   Section        0  fabs.o(i.__hardfp_fabs)
    i.__hardfp_log                           0x08004088   Section        0  log.o(i.__hardfp_log)
    i.__hardfp_pow                           0x08004470   Section        0  pow.o(i.__hardfp_pow)
    i.__hardfp_sin                           0x080050a8   Section        0  sin.o(i.__hardfp_sin)
    i.__hardfp_sqrt                          0x08005180   Section        0  sqrt.o(i.__hardfp_sqrt)
    i.__hardfp_tan                           0x08005200   Section        0  tan.o(i.__hardfp_tan)
    i.__ieee754_rem_pio2                     0x080052a0   Section        0  rred.o(i.__ieee754_rem_pio2)
    i.__kernel_cos                           0x080056d8   Section        0  cos_i.o(i.__kernel_cos)
    i.__kernel_poly                          0x08005848   Section        0  poly.o(i.__kernel_poly)
    i.__kernel_sin                           0x08005940   Section        0  sin_i.o(i.__kernel_sin)
    i.__kernel_tan                           0x08005a70   Section        0  tan_i.o(i.__kernel_tan)
    i.__mathlib_dbl_underflow                0x08005dc0   Section        0  dunder.o(i.__mathlib_dbl_underflow)
    i.atan                                   0x08005de0   Section        0  atan.o(i.atan)
    i.fabs                                   0x08005df0   Section        0  fabs.o(i.fabs)
    i.fix                                    0x08005e08   Section        0  functions.o(i.fix)
    i.main                                   0x08005e1c   Section        0  main.o(i.main)
    i.sqrt                                   0x08005e58   Section        0  sqrt.o(i.sqrt)
    x$fpl$basic                              0x08005ec6   Section       24  basic.o(x$fpl$basic)
    $v0                                      0x08005ec6   Number         0  basic.o(x$fpl$basic)
    x$fpl$dadd                               0x08005ee0   Section      336  daddsub_clz.o(x$fpl$dadd)
    $v0                                      0x08005ee0   Number         0  daddsub_clz.o(x$fpl$dadd)
    _dadd1                                   0x08005ef1   Thumb Code     0  daddsub_clz.o(x$fpl$dadd)
    x$fpl$dcheck1                            0x08006030   Section       16  dcheck1.o(x$fpl$dcheck1)
    $v0                                      0x08006030   Number         0  dcheck1.o(x$fpl$dcheck1)
    x$fpl$dcmpinf                            0x08006040   Section       24  dcmpi.o(x$fpl$dcmpinf)
    $v0                                      0x08006040   Number         0  dcmpi.o(x$fpl$dcmpinf)
    x$fpl$ddiv                               0x08006058   Section      688  ddiv.o(x$fpl$ddiv)
    $v0                                      0x08006058   Number         0  ddiv.o(x$fpl$ddiv)
    ddiv_entry                               0x0800605f   Thumb Code     0  ddiv.o(x$fpl$ddiv)
    x$fpl$deqf                               0x08006308   Section      120  deqf.o(x$fpl$deqf)
    $v0                                      0x08006308   Number         0  deqf.o(x$fpl$deqf)
    x$fpl$dfix                               0x08006380   Section       94  dfix.o(x$fpl$dfix)
    $v0                                      0x08006380   Number         0  dfix.o(x$fpl$dfix)
    x$fpl$dfixu                              0x080063e0   Section       90  dfixu.o(x$fpl$dfixu)
    $v0                                      0x080063e0   Number         0  dfixu.o(x$fpl$dfixu)
    x$fpl$dflt                               0x0800643a   Section       46  dflt_clz.o(x$fpl$dflt)
    $v0                                      0x0800643a   Number         0  dflt_clz.o(x$fpl$dflt)
    x$fpl$dfltu                              0x08006468   Section       38  dflt_clz.o(x$fpl$dfltu)
    $v0                                      0x08006468   Number         0  dflt_clz.o(x$fpl$dfltu)
    x$fpl$dleqf                              0x08006490   Section      120  dleqf.o(x$fpl$dleqf)
    $v0                                      0x08006490   Number         0  dleqf.o(x$fpl$dleqf)
    x$fpl$dmul                               0x08006508   Section      340  dmul.o(x$fpl$dmul)
    $v0                                      0x08006508   Number         0  dmul.o(x$fpl$dmul)
    x$fpl$dnaninf                            0x0800665c   Section      156  dnaninf.o(x$fpl$dnaninf)
    $v0                                      0x0800665c   Number         0  dnaninf.o(x$fpl$dnaninf)
    x$fpl$dretinf                            0x080066f8   Section       12  dretinf.o(x$fpl$dretinf)
    $v0                                      0x080066f8   Number         0  dretinf.o(x$fpl$dretinf)
    x$fpl$drleqf                             0x08006704   Section      108  drleqf.o(x$fpl$drleqf)
    $v0                                      0x08006704   Number         0  drleqf.o(x$fpl$drleqf)
    x$fpl$drsb                               0x08006770   Section       22  daddsub_clz.o(x$fpl$drsb)
    $v0                                      0x08006770   Number         0  daddsub_clz.o(x$fpl$drsb)
    x$fpl$dsqrt                              0x08006788   Section      408  dsqrt_umaal.o(x$fpl$dsqrt)
    $v0                                      0x08006788   Number         0  dsqrt_umaal.o(x$fpl$dsqrt)
    x$fpl$dsub                               0x08006920   Section      468  daddsub_clz.o(x$fpl$dsub)
    $v0                                      0x08006920   Number         0  daddsub_clz.o(x$fpl$dsub)
    _dsub1                                   0x08006931   Thumb Code     0  daddsub_clz.o(x$fpl$dsub)
    x$fpl$fpinit                             0x08006af4   Section       10  fpinit.o(x$fpl$fpinit)
    $v0                                      0x08006af4   Number         0  fpinit.o(x$fpl$fpinit)
    x$fpl$retnan                             0x08006afe   Section      100  retnan.o(x$fpl$retnan)
    $v0                                      0x08006afe   Number         0  retnan.o(x$fpl$retnan)
    x$fpl$scalbn                             0x08006b62   Section       92  scalbn.o(x$fpl$scalbn)
    $v0                                      0x08006b62   Number         0  scalbn.o(x$fpl$scalbn)
    x$fpl$trapveneer                         0x08006bbe   Section       48  trapv.o(x$fpl$trapveneer)
    $v0                                      0x08006bbe   Number         0  trapv.o(x$fpl$trapveneer)
    x$fpl$usenofp                            0x08006bee   Section        0  usenofp.o(x$fpl$usenofp)
    .constdata                               0x08006bf0   Section      152  atan.o(.constdata)
    atanhi                                   0x08006bf0   Data          32  atan.o(.constdata)
    atanlo                                   0x08006c10   Data          32  atan.o(.constdata)
    aTodd                                    0x08006c30   Data          40  atan.o(.constdata)
    aTeven                                   0x08006c58   Data          48  atan.o(.constdata)
    .constdata                               0x08006c88   Section       56  log.o(.constdata)
    Lg2                                      0x08006c88   Data          24  log.o(.constdata)
    Lg                                       0x08006ca0   Data          32  log.o(.constdata)
    .constdata                               0x08006cc0   Section      136  pow.o(.constdata)
    bp                                       0x08006cc0   Data          16  pow.o(.constdata)
    dp_h                                     0x08006cd0   Data          16  pow.o(.constdata)
    dp_l                                     0x08006ce0   Data          16  pow.o(.constdata)
    L                                        0x08006cf0   Data          48  pow.o(.constdata)
    P                                        0x08006d20   Data          40  pow.o(.constdata)
    .constdata                               0x08006d48   Section       48  cos_i.o(.constdata)
    C                                        0x08006d48   Data          48  cos_i.o(.constdata)
    .constdata                               0x08006d78   Section        8  qnan.o(.constdata)
    .constdata                               0x08006d80   Section      200  rred.o(.constdata)
    pio2s                                    0x08006d80   Data          48  rred.o(.constdata)
    twooverpi                                0x08006db0   Data         152  rred.o(.constdata)
    .constdata                               0x08006e48   Section       40  sin_i.o(.constdata)
    S                                        0x08006e48   Data          40  sin_i.o(.constdata)
    .constdata                               0x08006e70   Section       96  tan_i.o(.constdata)
    Todd                                     0x08006e70   Data          48  tan_i.o(.constdata)
    Teven                                    0x08006ea0   Data          48  tan_i.o(.constdata)
    .data                                    0x20000000   Section       20  system_stm32f4xx.o(.data)
    .data                                    0x20000014   Section        4  main.o(.data)
    .data                                    0x20000018   Section        8  stm32f4xx_it.o(.data)
    .data                                    0x20000020   Section       12  encoder.o(.data)
    .data                                    0x2000002c   Section       12  usart_dma_config.o(.data)
    .data                                    0x20000038   Section       64  functions.o(.data)
    .data                                    0x20000078   Section       16  stm32f4xx_rcc.o(.data)
    APBAHBPrescTable                         0x20000078   Data          16  stm32f4xx_rcc.o(.data)
    .bss                                     0x20000088   Section       12  main.o(.bss)
    .bss                                     0x20000094   Section       32  encoder.o(.bss)
    .bss                                     0x200000b4   Section      876  usart_dma_config.o(.bss)
    .bss                                     0x20000420   Section       88  functions.o(.bss)
    .bss                                     0x20000478   Section       88  functions.o(.bss)
    .bss                                     0x200004d0   Section      560  functions.o(.bss)
    .bss                                     0x20000700   Section     1936  functions.o(.bss)
    .bss                                     0x20000e90   Section     1600  functions.o(.bss)
    .bss                                     0x200014d0   Section     1600  functions.o(.bss)
    .bss                                     0x20001b10   Section       40  functions.o(.bss)
    .bss                                     0x20001b38   Section       96  libspace.o(.bss)
    HEAP                                     0x20001b98   Section      512  startup_stm32f411xe.o(HEAP)
    Heap_Mem                                 0x20001b98   Data         512  startup_stm32f411xe.o(HEAP)
    STACK                                    0x20001d98   Section     1024  startup_stm32f411xe.o(STACK)
    Stack_Mem                                0x20001d98   Data        1024  startup_stm32f411xe.o(STACK)
    __initial_sp                             0x20002198   Data           0  startup_stm32f411xe.o(STACK)

    Global Symbols

    Symbol Name                              Value     Ov Type        Size  Object(Section)

    BuildAttributes$$THM_ISAv4$E$P$D$K$B$S$7EM$VFPi3$EXTD16$VFPS$VFMA$PE$A:L22UL41UL21$X:L11$S22US41US21$IEEE1$IW$USESV6$~STKCKD$USESV7$~SHL$OTIME$ROPI$IEEEX$EBA8$UX$STANDARDLIB$REQ8$PRES8$EABIv2 0x00000000   Number         0  anon$$obj.o ABSOLUTE
    __ARM_use_no_argv                        0x00000000   Number         0  main.o ABSOLUTE
    __ARM_exceptions_init                     - Undefined Weak Reference
    __alloca_initialize                       - Undefined Weak Reference
    __cpp_initialize__aeabi_                  - Undefined Weak Reference
    __cxa_finalize                            - Undefined Weak Reference
    __rt_locale                               - Undefined Weak Reference
    __sigvec_lookup                           - Undefined Weak Reference
    _atexit_init                              - Undefined Weak Reference
    _call_atexit_fns                          - Undefined Weak Reference
    _clock_init                               - Undefined Weak Reference
    _fp_trap_init                             - Undefined Weak Reference
    _fp_trap_shutdown                         - Undefined Weak Reference
    _get_lc_collate                           - Undefined Weak Reference
    _get_lc_ctype                             - Undefined Weak Reference
    _get_lc_monetary                          - Undefined Weak Reference
    _get_lc_numeric                           - Undefined Weak Reference
    _get_lc_time                              - Undefined Weak Reference
    _getenv_init                              - Undefined Weak Reference
    _handle_redirection                       - Undefined Weak Reference
    _init_alloc                               - Undefined Weak Reference
    _init_user_alloc                          - Undefined Weak Reference
    _initio                                   - Undefined Weak Reference
    _rand_init                                - Undefined Weak Reference
    _signal_finish                            - Undefined Weak Reference
    _signal_init                              - Undefined Weak Reference
    _terminate_alloc                          - Undefined Weak Reference
    _terminate_user_alloc                     - Undefined Weak Reference
    _terminateio                              - Undefined Weak Reference
    __Vectors_Size                           0x00000198   Number         0  startup_stm32f411xe.o ABSOLUTE
    __Vectors                                0x08000000   Data           4  startup_stm32f411xe.o(RESET)
    __Vectors_End                            0x08000198   Data           0  startup_stm32f411xe.o(RESET)
    __main                                   0x08000199   Thumb Code     8  __main.o(!!!main)
    __scatterload                            0x080001a1   Thumb Code     0  __scatter.o(!!!scatter)
    __scatterload_rt2                        0x080001a1   Thumb Code    44  __scatter.o(!!!scatter)
    __scatterload_rt2_thumb_only             0x080001a1   Thumb Code     0  __scatter.o(!!!scatter)
    __scatterload_null                       0x080001af   Thumb Code     0  __scatter.o(!!!scatter)
    __scatterload_copy                       0x080001d5   Thumb Code    26  __scatter_copy.o(!!handler_copy)
    __scatterload_zeroinit                   0x080001f1   Thumb Code    28  __scatter_zi.o(!!handler_zi)
    __rt_lib_init                            0x0800020d   Thumb Code     0  libinit.o(.ARM.Collect$$libinit$$00000000)
    __rt_lib_init_fp_1                       0x0800020f   Thumb Code     0  libinit2.o(.ARM.Collect$$libinit$$00000001)
    __rt_lib_init_alloca_1                   0x08000213   Thumb Code     0  libinit2.o(.ARM.Collect$$libinit$$0000002C)
    __rt_lib_init_argv_1                     0x08000213   Thumb Code     0  libinit2.o(.ARM.Collect$$libinit$$0000002A)
    __rt_lib_init_atexit_1                   0x08000213   Thumb Code     0  libinit2.o(.ARM.Collect$$libinit$$00000019)
    __rt_lib_init_clock_1                    0x08000213   Thumb Code     0  libinit2.o(.ARM.Collect$$libinit$$0000001F)
    __rt_lib_init_cpp_1                      0x08000213   Thumb Code     0  libinit2.o(.ARM.Collect$$libinit$$00000030)
    __rt_lib_init_exceptions_1               0x08000213   Thumb Code     0  libinit2.o(.ARM.Collect$$libinit$$0000002E)
    __rt_lib_init_fp_trap_1                  0x08000213   Thumb Code     0  libinit2.o(.ARM.Collect$$libinit$$0000001D)
    __rt_lib_init_getenv_1                   0x08000213   Thumb Code     0  libinit2.o(.ARM.Collect$$libinit$$00000021)
    __rt_lib_init_heap_1                     0x08000213   Thumb Code     0  libinit2.o(.ARM.Collect$$libinit$$00000008)
    __rt_lib_init_lc_collate_1               0x08000213   Thumb Code     0  libinit2.o(.ARM.Collect$$libinit$$0000000F)
    __rt_lib_init_lc_ctype_1                 0x08000213   Thumb Code     0  libinit2.o(.ARM.Collect$$libinit$$00000011)
    __rt_lib_init_lc_monetary_1              0x08000213   Thumb Code     0  libinit2.o(.ARM.Collect$$libinit$$00000013)
    __rt_lib_init_lc_numeric_1               0x08000213   Thumb Code     0  libinit2.o(.ARM.Collect$$libinit$$00000015)
    __rt_lib_init_lc_time_1                  0x08000213   Thumb Code     0  libinit2.o(.ARM.Collect$$libinit$$00000017)
    __rt_lib_init_rand_1                     0x08000213   Thumb Code     0  libinit2.o(.ARM.Collect$$libinit$$0000000C)
    __rt_lib_init_return                     0x08000213   Thumb Code     0  libinit2.o(.ARM.Collect$$libinit$$00000031)
    __rt_lib_init_signal_1                   0x08000213   Thumb Code     0  libinit2.o(.ARM.Collect$$libinit$$0000001B)
    __rt_lib_init_stdio_1                    0x08000213   Thumb Code     0  libinit2.o(.ARM.Collect$$libinit$$00000023)
    __rt_lib_init_user_alloc_1               0x08000213   Thumb Code     0  libinit2.o(.ARM.Collect$$libinit$$0000000A)
    __rt_lib_shutdown                        0x08000215   Thumb Code     0  libshutdown.o(.ARM.Collect$$libshutdown$$00000000)
    __rt_lib_shutdown_fp_trap_1              0x08000217   Thumb Code     0  libshutdown2.o(.ARM.Collect$$libshutdown$$00000006)
    __rt_lib_shutdown_heap_1                 0x08000217   Thumb Code     0  libshutdown2.o(.ARM.Collect$$libshutdown$$0000000E)
    __rt_lib_shutdown_return                 0x08000217   Thumb Code     0  libshutdown2.o(.ARM.Collect$$libshutdown$$0000000F)
    __rt_lib_shutdown_signal_1               0x08000217   Thumb Code     0  libshutdown2.o(.ARM.Collect$$libshutdown$$00000009)
    __rt_lib_shutdown_stdio_1                0x08000217   Thumb Code     0  libshutdown2.o(.ARM.Collect$$libshutdown$$00000003)
    __rt_lib_shutdown_user_alloc_1           0x08000217   Thumb Code     0  libshutdown2.o(.ARM.Collect$$libshutdown$$0000000B)
    __rt_entry                               0x08000219   Thumb Code     0  rtentry.o(.ARM.Collect$$rtentry$$00000000)
    __rt_entry_presh_1                       0x08000219   Thumb Code     0  rtentry2.o(.ARM.Collect$$rtentry$$00000002)
    __rt_entry_sh                            0x08000219   Thumb Code     0  rtentry4.o(.ARM.Collect$$rtentry$$00000004)
    __rt_entry_li                            0x0800021f   Thumb Code     0  rtentry2.o(.ARM.Collect$$rtentry$$0000000A)
    __rt_entry_postsh_1                      0x0800021f   Thumb Code     0  rtentry2.o(.ARM.Collect$$rtentry$$00000009)
    __rt_entry_main                          0x08000223   Thumb Code     0  rtentry2.o(.ARM.Collect$$rtentry$$0000000D)
    __rt_entry_postli_1                      0x08000223   Thumb Code     0  rtentry2.o(.ARM.Collect$$rtentry$$0000000C)
    __rt_exit                                0x0800022b   Thumb Code     0  rtexit.o(.ARM.Collect$$rtexit$$00000000)
    __rt_exit_ls                             0x0800022d   Thumb Code     0  rtexit2.o(.ARM.Collect$$rtexit$$00000003)
    __rt_exit_prels_1                        0x0800022d   Thumb Code     0  rtexit2.o(.ARM.Collect$$rtexit$$00000002)
    __rt_exit_exit                           0x08000231   Thumb Code     0  rtexit2.o(.ARM.Collect$$rtexit$$00000004)
    Reset_Handler                            0x08000239   Thumb Code     8  startup_stm32f411xe.o(.text)
    ADC_IRQHandler                           0x08000253   Thumb Code     0  startup_stm32f411xe.o(.text)
    DMA1_Stream0_IRQHandler                  0x08000253   Thumb Code     0  startup_stm32f411xe.o(.text)
    DMA1_Stream1_IRQHandler                  0x08000253   Thumb Code     0  startup_stm32f411xe.o(.text)
    DMA1_Stream2_IRQHandler                  0x08000253   Thumb Code     0  startup_stm32f411xe.o(.text)
    DMA1_Stream3_IRQHandler                  0x08000253   Thumb Code     0  startup_stm32f411xe.o(.text)
    DMA1_Stream4_IRQHandler                  0x08000253   Thumb Code     0  startup_stm32f411xe.o(.text)
    DMA1_Stream6_IRQHandler                  0x08000253   Thumb Code     0  startup_stm32f411xe.o(.text)
    DMA1_Stream7_IRQHandler                  0x08000253   Thumb Code     0  startup_stm32f411xe.o(.text)
    DMA2_Stream0_IRQHandler                  0x08000253   Thumb Code     0  startup_stm32f411xe.o(.text)
    DMA2_Stream1_IRQHandler                  0x08000253   Thumb Code     0  startup_stm32f411xe.o(.text)
    DMA2_Stream3_IRQHandler                  0x08000253   Thumb Code     0  startup_stm32f411xe.o(.text)
    DMA2_Stream4_IRQHandler                  0x08000253   Thumb Code     0  startup_stm32f411xe.o(.text)
    DMA2_Stream6_IRQHandler                  0x08000253   Thumb Code     0  startup_stm32f411xe.o(.text)
    DMA2_Stream7_IRQHandler                  0x08000253   Thumb Code     0  startup_stm32f411xe.o(.text)
    EXTI0_IRQHandler                         0x08000253   Thumb Code     0  startup_stm32f411xe.o(.text)
    EXTI15_10_IRQHandler                     0x08000253   Thumb Code     0  startup_stm32f411xe.o(.text)
    EXTI1_IRQHandler                         0x08000253   Thumb Code     0  startup_stm32f411xe.o(.text)
    EXTI2_IRQHandler                         0x08000253   Thumb Code     0  startup_stm32f411xe.o(.text)
    EXTI3_IRQHandler                         0x08000253   Thumb Code     0  startup_stm32f411xe.o(.text)
    EXTI4_IRQHandler                         0x08000253   Thumb Code     0  startup_stm32f411xe.o(.text)
    EXTI9_5_IRQHandler                       0x08000253   Thumb Code     0  startup_stm32f411xe.o(.text)
    FLASH_IRQHandler                         0x08000253   Thumb Code     0  startup_stm32f411xe.o(.text)
    FPU_IRQHandler                           0x08000253   Thumb Code     0  startup_stm32f411xe.o(.text)
    I2C1_ER_IRQHandler                       0x08000253   Thumb Code     0  startup_stm32f411xe.o(.text)
    I2C1_EV_IRQHandler                       0x08000253   Thumb Code     0  startup_stm32f411xe.o(.text)
    I2C2_ER_IRQHandler                       0x08000253   Thumb Code     0  startup_stm32f411xe.o(.text)
    I2C2_EV_IRQHandler                       0x08000253   Thumb Code     0  startup_stm32f411xe.o(.text)
    I2C3_ER_IRQHandler                       0x08000253   Thumb Code     0  startup_stm32f411xe.o(.text)
    I2C3_EV_IRQHandler                       0x08000253   Thumb Code     0  startup_stm32f411xe.o(.text)
    OTG_FS_IRQHandler                        0x08000253   Thumb Code     0  startup_stm32f411xe.o(.text)
    OTG_FS_WKUP_IRQHandler                   0x08000253   Thumb Code     0  startup_stm32f411xe.o(.text)
    PVD_IRQHandler                           0x08000253   Thumb Code     0  startup_stm32f411xe.o(.text)
    RCC_IRQHandler                           0x08000253   Thumb Code     0  startup_stm32f411xe.o(.text)
    RTC_Alarm_IRQHandler                     0x08000253   Thumb Code     0  startup_stm32f411xe.o(.text)
    RTC_WKUP_IRQHandler                      0x08000253   Thumb Code     0  startup_stm32f411xe.o(.text)
    SDIO_IRQHandler                          0x08000253   Thumb Code     0  startup_stm32f411xe.o(.text)
    SPI1_IRQHandler                          0x08000253   Thumb Code     0  startup_stm32f411xe.o(.text)
    SPI2_IRQHandler                          0x08000253   Thumb Code     0  startup_stm32f411xe.o(.text)
    SPI3_IRQHandler                          0x08000253   Thumb Code     0  startup_stm32f411xe.o(.text)
    SPI4_IRQHandler                          0x08000253   Thumb Code     0  startup_stm32f411xe.o(.text)
    SPI5_IRQHandler                          0x08000253   Thumb Code     0  startup_stm32f411xe.o(.text)
    TAMP_STAMP_IRQHandler                    0x08000253   Thumb Code     0  startup_stm32f411xe.o(.text)
    TIM1_BRK_TIM9_IRQHandler                 0x08000253   Thumb Code     0  startup_stm32f411xe.o(.text)
    TIM1_CC_IRQHandler                       0x08000253   Thumb Code     0  startup_stm32f411xe.o(.text)
    TIM1_TRG_COM_TIM11_IRQHandler            0x08000253   Thumb Code     0  startup_stm32f411xe.o(.text)
    TIM1_UP_TIM10_IRQHandler                 0x08000253   Thumb Code     0  startup_stm32f411xe.o(.text)
    TIM5_IRQHandler                          0x08000253   Thumb Code     0  startup_stm32f411xe.o(.text)
    USART1_IRQHandler                        0x08000253   Thumb Code     0  startup_stm32f411xe.o(.text)
    WWDG_IRQHandler                          0x08000253   Thumb Code     0  startup_stm32f411xe.o(.text)
    __user_initial_stackheap                 0x08000255   Thumb Code     0  startup_stm32f411xe.o(.text)
    __use_two_region_memory                  0x08000279   Thumb Code     2  heapauxi.o(.text)
    __rt_heap_escrow$2region                 0x0800027b   Thumb Code     2  heapauxi.o(.text)
    __rt_heap_expand$2region                 0x0800027d   Thumb Code     2  heapauxi.o(.text)
    __read_errno                             0x0800027f   Thumb Code    10  _rserrno.o(.text)
    __set_errno                              0x08000289   Thumb Code    12  _rserrno.o(.text)
    __aeabi_errno_addr                       0x08000295   Thumb Code     8  rt_errno_addr_intlibspace.o(.text)
    __errno$intlibspace                      0x08000295   Thumb Code     0  rt_errno_addr_intlibspace.o(.text)
    __rt_errno_addr$intlibspace              0x08000295   Thumb Code     0  rt_errno_addr_intlibspace.o(.text)
    __user_libspace                          0x0800029d   Thumb Code     8  libspace.o(.text)
    __user_perproc_libspace                  0x0800029d   Thumb Code     0  libspace.o(.text)
    __user_perthread_libspace                0x0800029d   Thumb Code     0  libspace.o(.text)
    __user_setup_stackheap                   0x080002a5   Thumb Code    74  sys_stackheap_outer.o(.text)
    exit                                     0x080002ef   Thumb Code    12  exit.o(.text)
    _sys_exit                                0x080002fd   Thumb Code     8  sys_exit.o(.text)
    __I$use$semihosting                      0x08000309   Thumb Code     0  use_no_semi.o(.text)
    __use_no_semihosting_swi                 0x08000309   Thumb Code     2  use_no_semi.o(.text)
    BusFault_Handler                         0x0800030b   Thumb Code     2  stm32f4xx_it.o(i.BusFault_Handler)
    __semihosting_library_function           0x0800030b   Thumb Code     0  indicate_semi.o(.text)
    DMA1_Stream5_IRQHandler                  0x0800030d   Thumb Code   122  stm32f4xx_it.o(i.DMA1_Stream5_IRQHandler)
    DMA2_Stream2_IRQHandler                  0x080003a5   Thumb Code   496  stm32f4xx_it.o(i.DMA2_Stream2_IRQHandler)
    DMA2_Stream5_IRQHandler                  0x080005d1   Thumb Code    58  stm32f4xx_it.o(i.DMA2_Stream5_IRQHandler)
    DMA_ClearFlag                            0x0800061d   Thumb Code    32  stm32f4xx_dma.o(i.DMA_ClearFlag)
    DMA_ClearITPendingBit                    0x08000649   Thumb Code    32  stm32f4xx_dma.o(i.DMA_ClearITPendingBit)
    DMA_Cmd                                  0x08000675   Thumb Code    20  stm32f4xx_dma.o(i.DMA_Cmd)
    DMA_ITConfig                             0x08000689   Thumb Code    44  stm32f4xx_dma.o(i.DMA_ITConfig)
    DMA_Init                                 0x080006b5   Thumb Code    80  stm32f4xx_dma.o(i.DMA_Init)
    DebugMon_Handler                         0x08000709   Thumb Code     2  stm32f4xx_it.o(i.DebugMon_Handler)
    Defuzzification_Max_Min                  0x0800070d   Thumb Code  1162  functions.o(i.Defuzzification_Max_Min)
    DirPinConfig                             0x08000b9d   Thumb Code    42  encoder.o(i.DirPinConfig)
    Encoder_Config                           0x08000bd1   Thumb Code    26  encoder.o(i.Encoder_Config)
    FeedBack                                 0x08000beb   Thumb Code    42  functions.o(i.FeedBack)
    Fuzzy_Max                                0x08000c15   Thumb Code    68  functions.o(i.Fuzzy_Max)
    Fuzzy_Min                                0x08000c59   Thumb Code    58  functions.o(i.Fuzzy_Min)
    Fuzzy_ParametersInit                     0x08000c95   Thumb Code   250  functions.o(i.Fuzzy_ParametersInit)
    GPIO_Init                                0x08000e61   Thumb Code   162  stm32f4xx_gpio.o(i.GPIO_Init)
    GPIO_PinAFConfig                         0x08000f03   Thumb Code    32  stm32f4xx_gpio.o(i.GPIO_PinAFConfig)
    GPIO_ReadOutputDataBit                   0x08000f23   Thumb Code    14  stm32f4xx_gpio.o(i.GPIO_ReadOutputDataBit)
    GPIO_ResetBits                           0x08000f31   Thumb Code     4  stm32f4xx_gpio.o(i.GPIO_ResetBits)
    GPIO_SetBits                             0x08000f35   Thumb Code     4  stm32f4xx_gpio.o(i.GPIO_SetBits)
    GPS_GetLatFromString                     0x08000f39   Thumb Code   154  functions.o(i.GPS_GetLatFromString)
    GPS_GetLonFromString                     0x08000fe5   Thumb Code   140  functions.o(i.GPS_GetLonFromString)
    GPS_LLToDegree                           0x08001081   Thumb Code   104  functions.o(i.GPS_LLToDegree)
    GPS_LatLonToUTM                          0x080010f9   Thumb Code  1378  functions.o(i.GPS_LatLonToUTM)
    GPS_ParametersInit                       0x08001675   Thumb Code    42  functions.o(i.GPS_ParametersInit)
    GPS_StanleyControl                       0x080016a9   Thumb Code   546  functions.o(i.GPS_StanleyControl)
    GPS_UpdatePathCoordinate                 0x080018f1   Thumb Code   122  functions.o(i.GPS_UpdatePathCoordinate)
    GPS_UpdatePathYaw                        0x0800196d   Thumb Code   106  functions.o(i.GPS_UpdatePathYaw)
    GetMessageInfo                           0x080019e1   Thumb Code    50  functions.o(i.GetMessageInfo)
    GetNbOfReceiveHeader                     0x08001a15   Thumb Code   130  functions.o(i.GetNbOfReceiveHeader)
    GetValueFromString                       0x08001ae1   Thumb Code   308  functions.o(i.GetValueFromString)
    GetVehicleVelocity                       0x08001c35   Thumb Code   252  stm32f4xx_it.o(i.GetVehicleVelocity)
    HardFault_Handler                        0x08001d59   Thumb Code     2  stm32f4xx_it.o(i.HardFault_Handler)
    IMU_GetCommandMessage                    0x08001d5b   Thumb Code    28  functions.o(i.IMU_GetCommandMessage)
    IMU_GetValue                             0x08001d79   Thumb Code   152  functions.o(i.IMU_GetValue)
    IMU_ParametesInit                        0x08001e25   Thumb Code    36  functions.o(i.IMU_ParametesInit)
    IMU_UpdateAngle                          0x08001e51   Thumb Code     6  functions.o(i.IMU_UpdateAngle)
    IMU_UpdateFuzzyCoefficients              0x08001e57   Thumb Code     8  functions.o(i.IMU_UpdateFuzzyCoefficients)
    IMU_UpdateFuzzyInput                     0x08001e61   Thumb Code   202  functions.o(i.IMU_UpdateFuzzyInput)
    IMU_UpdatePreAngle                       0x08001f45   Thumb Code    10  functions.o(i.IMU_UpdatePreAngle)
    IMU_UpdateSetAngle                       0x08001f4f   Thumb Code    30  functions.o(i.IMU_UpdateSetAngle)
    IsCorrectMessage                         0x08001f6d   Thumb Code    46  functions.o(i.IsCorrectMessage)
    IsDouble                                 0x08001f9d   Thumb Code    60  functions.o(i.IsDouble)
    IsValidData                              0x08001fe1   Thumb Code    12  functions.o(i.IsValidData)
    LRCCalculate                             0x08001fed   Thumb Code    22  functions.o(i.LRCCalculate)
    M1_Backward                              0x08002005   Thumb Code    70  encoder.o(i.M1_Backward)
    M1_Encoder_Config                        0x08002065   Thumb Code   170  encoder.o(i.M1_Encoder_Config)
    M1_Forward                               0x08002121   Thumb Code    70  encoder.o(i.M1_Forward)
    M2_Encoder_Config                        0x08002181   Thumb Code   172  encoder.o(i.M2_Encoder_Config)
    M2_Forward                               0x0800223d   Thumb Code    70  encoder.o(i.M2_Forward)
    MemManage_Handler                        0x0800229d   Thumb Code     2  stm32f4xx_it.o(i.MemManage_Handler)
    NMI_Handler                              0x0800229f   Thumb Code     2  stm32f4xx_it.o(i.NMI_Handler)
    NVIC_Init                                0x080022a1   Thumb Code    96  misc.o(i.NVIC_Init)
    NVIC_PriorityGroupConfig                 0x08002305   Thumb Code    10  misc.o(i.NVIC_PriorityGroupConfig)
    PID_Compute                              0x08002339   Thumb Code   310  functions.o(i.PID_Compute)
    PID_ParametersInitial                    0x08002495   Thumb Code    42  functions.o(i.PID_ParametersInitial)
    PID_ParametersUpdate                     0x080024d1   Thumb Code     6  functions.o(i.PID_ParametersUpdate)
    PID_ReadParametersFromFlash              0x080024d9   Thumb Code   156  main.o(i.PID_ReadParametersFromFlash)
    PID_ResetEncoder                         0x08002589   Thumb Code    10  functions.o(i.PID_ResetEncoder)
    PID_UpdateEnc                            0x08002593   Thumb Code     4  functions.o(i.PID_UpdateEnc)
    PID_UpdateSetVel                         0x08002597   Thumb Code     6  functions.o(i.PID_UpdateSetVel)
    PWM_Config                               0x0800259d   Thumb Code   148  encoder.o(i.PWM_Config)
    Parameters_Init                          0x08002641   Thumb Code    82  main.o(i.Parameters_Init)
    PendSV_Handler                           0x080026c5   Thumb Code     2  stm32f4xx_it.o(i.PendSV_Handler)
    Peripheral_Config                        0x080026c9   Thumb Code    50  main.o(i.Peripheral_Config)
    Pi_To_Pi                                 0x08002701   Thumb Code   100  functions.o(i.Pi_To_Pi)
    RCC_AHB1PeriphClockCmd                   0x0800277d   Thumb Code    18  stm32f4xx_rcc.o(i.RCC_AHB1PeriphClockCmd)
    RCC_APB1PeriphClockCmd                   0x08002795   Thumb Code    18  stm32f4xx_rcc.o(i.RCC_APB1PeriphClockCmd)
    RCC_APB2PeriphClockCmd                   0x080027ad   Thumb Code    18  stm32f4xx_rcc.o(i.RCC_APB2PeriphClockCmd)
    RCC_GetClocksFreq                        0x080027c5   Thumb Code   132  stm32f4xx_rcc.o(i.RCC_GetClocksFreq)
    ReadFromFlash                            0x08002859   Thumb Code    54  functions.o(i.ReadFromFlash)
    Readline                                 0x0800288f   Thumb Code    36  functions.o(i.Readline)
    Reset_Motor                              0x080028b5   Thumb Code    28  stm32f4xx_it.o(i.Reset_Motor)
    Robot_Forward                            0x080028e5   Thumb Code    38  encoder.o(i.Robot_Forward)
    Robot_Spin_ClockWise                     0x0800290b   Thumb Code    38  encoder.o(i.Robot_Spin_ClockWise)
    SVC_Handler                              0x08002931   Thumb Code     2  stm32f4xx_it.o(i.SVC_Handler)
    SendData                                 0x08002935   Thumb Code   398  stm32f4xx_it.o(i.SendData)
    StringHeaderCompare                      0x08002b51   Thumb Code    26  functions.o(i.StringHeaderCompare)
    SysTick_Handler                          0x08002b6d   Thumb Code   622  stm32f4xx_it.o(i.SysTick_Handler)
    SystemInit                               0x08002e15   Thumb Code    74  system_stm32f4xx.o(i.SystemInit)
    TIM2_IRQHandler                          0x08002e71   Thumb Code    18  stm32f4xx_it.o(i.TIM2_IRQHandler)
    TIM2_TimeBaseConfig                      0x08002e85   Thumb Code    88  main.o(i.TIM2_TimeBaseConfig)
    TIM3_IRQHandler                          0x08002ee5   Thumb Code    20  stm32f4xx_it.o(i.TIM3_IRQHandler)
    TIM4_IRQHandler                          0x08002f01   Thumb Code    20  stm32f4xx_it.o(i.TIM4_IRQHandler)
    TIM_ARRPreloadConfig                     0x08002f1d   Thumb Code    20  stm32f4xx_tim.o(i.TIM_ARRPreloadConfig)
    TIM_ClearITPendingBit                    0x08002f31   Thumb Code     6  stm32f4xx_tim.o(i.TIM_ClearITPendingBit)
    TIM_Cmd                                  0x08002f37   Thumb Code    20  stm32f4xx_tim.o(i.TIM_Cmd)
    TIM_EncoderInterfaceConfig               0x08002f4b   Thumb Code    50  stm32f4xx_tim.o(i.TIM_EncoderInterfaceConfig)
    TIM_GetCounter                           0x08002f7d   Thumb Code     4  stm32f4xx_tim.o(i.TIM_GetCounter)
    TIM_ITConfig                             0x08002f81   Thumb Code    16  stm32f4xx_tim.o(i.TIM_ITConfig)
    TIM_OC1Init                              0x08002f91   Thumb Code    88  stm32f4xx_tim.o(i.TIM_OC1Init)
    TIM_OC1PreloadConfig                     0x08002ff1   Thumb Code    12  stm32f4xx_tim.o(i.TIM_OC1PreloadConfig)
    TIM_OC2Init                              0x08002ffd   Thumb Code   120  stm32f4xx_tim.o(i.TIM_OC2Init)
    TIM_OC2PreloadConfig                     0x0800307d   Thumb Code    20  stm32f4xx_tim.o(i.TIM_OC2PreloadConfig)
    TIM_TimeBaseInit                         0x08003091   Thumb Code    96  stm32f4xx_tim.o(i.TIM_TimeBaseInit)
    Time_GetSampleTime                       0x0800310d   Thumb Code    52  functions.o(i.Time_GetSampleTime)
    Time_ParametersInit                      0x08003151   Thumb Code     6  functions.o(i.Time_ParametersInit)
    Time_SampleTimeUpdate                    0x08003157   Thumb Code     4  functions.o(i.Time_SampleTimeUpdate)
    Time_SendTimeUpdate                      0x0800315b   Thumb Code     4  functions.o(i.Time_SendTimeUpdate)
    ToChar                                   0x08003161   Thumb Code   248  functions.o(i.ToChar)
    ToHex                                    0x08003269   Thumb Code    14  functions.o(i.ToHex)
    ToRPM                                    0x08003279   Thumb Code    36  functions.o(i.ToRPM)
    Trapf                                    0x080032ad   Thumb Code   198  functions.o(i.Trapf)
    Trimf                                    0x08003385   Thumb Code   194  functions.o(i.Trimf)
    U1_SendData                              0x08003451   Thumb Code    32  usart_dma_config.o(i.U1_SendData)
    U6_SendData                              0x08003475   Thumb Code    30  usart_dma_config.o(i.U6_SendData)
    USART1_Config                            0x0800349d   Thumb Code   304  usart_dma_config.o(i.USART1_Config)
    USART2_IRQHandler                        0x080035e1   Thumb Code    50  stm32f4xx_it.o(i.USART2_IRQHandler)
    USART6_Config                            0x08003621   Thumb Code   326  usart_dma_config.o(i.USART6_Config)
    USART6_IRQHandler                        0x0800377d   Thumb Code    50  stm32f4xx_it.o(i.USART6_IRQHandler)
    USART_ClearFlag                          0x080037bd   Thumb Code     6  stm32f4xx_usart.o(i.USART_ClearFlag)
    USART_Cmd                                0x080037c3   Thumb Code    20  stm32f4xx_usart.o(i.USART_Cmd)
    USART_DMACmd                             0x080037d7   Thumb Code    16  stm32f4xx_usart.o(i.USART_DMACmd)
    USART_GetITStatus                        0x080037e7   Thumb Code    62  stm32f4xx_usart.o(i.USART_GetITStatus)
    USART_ITConfig                           0x08003825   Thumb Code    48  stm32f4xx_usart.o(i.USART_ITConfig)
    USART_Init                               0x08003855   Thumb Code   164  stm32f4xx_usart.o(i.USART_Init)
    USART_ReceiveData                        0x08003901   Thumb Code     8  stm32f4xx_usart.o(i.USART_ReceiveData)
    UsageFault_Handler                       0x08003909   Thumb Code     2  stm32f4xx_it.o(i.UsageFault_Handler)
    Veh_ParametersInit                       0x0800390d   Thumb Code    28  functions.o(i.Veh_ParametersInit)
    Veh_UpdateMaxVelocity                    0x08003931   Thumb Code     6  functions.o(i.Veh_UpdateMaxVelocity)
    Veh_UpdateVehicleFromKey                 0x08003939   Thumb Code   298  functions.o(i.Veh_UpdateVehicleFromKey)
    __ARM_fpclassify                         0x08003a99   Thumb Code    48  fpclassify.o(i.__ARM_fpclassify)
    __hardfp_atan                            0x08003ac9   Thumb Code   632  atan.o(i.__hardfp_atan)
    __hardfp_atan2                           0x08003da9   Thumb Code   426  atan2.o(i.__hardfp_atan2)
    __hardfp_cos                             0x08003f99   Thumb Code   200  cos.o(i.__hardfp_cos)
    __hardfp_fabs                            0x08004071   Thumb Code    20  fabs.o(i.__hardfp_fabs)
    __hardfp_log                             0x08004089   Thumb Code   882  log.o(i.__hardfp_log)
    __hardfp_pow                             0x08004471   Thumb Code  3048  pow.o(i.__hardfp_pow)
    __hardfp_sin                             0x080050a9   Thumb Code   200  sin.o(i.__hardfp_sin)
    __hardfp_sqrt                            0x08005181   Thumb Code   122  sqrt.o(i.__hardfp_sqrt)
    __hardfp_tan                             0x08005201   Thumb Code   142  tan.o(i.__hardfp_tan)
    __ieee754_rem_pio2                       0x080052a1   Thumb Code   938  rred.o(i.__ieee754_rem_pio2)
    __kernel_cos                             0x080056d9   Thumb Code   322  cos_i.o(i.__kernel_cos)
    __kernel_poly                            0x08005849   Thumb Code   248  poly.o(i.__kernel_poly)
    __kernel_sin                             0x08005941   Thumb Code   280  sin_i.o(i.__kernel_sin)
    __kernel_tan                             0x08005a71   Thumb Code   764  tan_i.o(i.__kernel_tan)
    __mathlib_dbl_underflow                  0x08005dc1   Thumb Code    24  dunder.o(i.__mathlib_dbl_underflow)
    atan                                     0x08005de1   Thumb Code    16  atan.o(i.atan)
    fabs                                     0x08005df1   Thumb Code    24  fabs.o(i.fabs)
    fix                                      0x08005e09   Thumb Code    20  functions.o(i.fix)
    main                                     0x08005e1d   Thumb Code    50  main.o(i.main)
    sqrt                                     0x08005e59   Thumb Code   110  sqrt.o(i.sqrt)
    __aeabi_dneg                             0x08005ec7   Thumb Code     0  basic.o(x$fpl$basic)
    _dneg                                    0x08005ec7   Thumb Code     6  basic.o(x$fpl$basic)
    __aeabi_fneg                             0x08005ecd   Thumb Code     0  basic.o(x$fpl$basic)
    _fneg                                    0x08005ecd   Thumb Code     6  basic.o(x$fpl$basic)
    _dabs                                    0x08005ed3   Thumb Code     6  basic.o(x$fpl$basic)
    _fabs                                    0x08005ed9   Thumb Code     6  basic.o(x$fpl$basic)
    __aeabi_dadd                             0x08005ee1   Thumb Code     0  daddsub_clz.o(x$fpl$dadd)
    _dadd                                    0x08005ee1   Thumb Code   332  daddsub_clz.o(x$fpl$dadd)
    __fpl_dcheck_NaN1                        0x08006031   Thumb Code    10  dcheck1.o(x$fpl$dcheck1)
    __fpl_dcmp_Inf                           0x08006041   Thumb Code    24  dcmpi.o(x$fpl$dcmpinf)
    __aeabi_ddiv                             0x08006059   Thumb Code     0  ddiv.o(x$fpl$ddiv)
    _ddiv                                    0x08006059   Thumb Code   552  ddiv.o(x$fpl$ddiv)
    __aeabi_cdcmpeq                          0x08006309   Thumb Code     0  deqf.o(x$fpl$deqf)
    _dcmpeq                                  0x08006309   Thumb Code   120  deqf.o(x$fpl$deqf)
    __aeabi_d2iz                             0x08006381   Thumb Code     0  dfix.o(x$fpl$dfix)
    _dfix                                    0x08006381   Thumb Code    94  dfix.o(x$fpl$dfix)
    __aeabi_d2uiz                            0x080063e1   Thumb Code     0  dfixu.o(x$fpl$dfixu)
    _dfixu                                   0x080063e1   Thumb Code    90  dfixu.o(x$fpl$dfixu)
    __aeabi_i2d                              0x0800643b   Thumb Code     0  dflt_clz.o(x$fpl$dflt)
    _dflt                                    0x0800643b   Thumb Code    46  dflt_clz.o(x$fpl$dflt)
    __aeabi_ui2d                             0x08006469   Thumb Code     0  dflt_clz.o(x$fpl$dfltu)
    _dfltu                                   0x08006469   Thumb Code    38  dflt_clz.o(x$fpl$dfltu)
    __aeabi_cdcmple                          0x08006491   Thumb Code     0  dleqf.o(x$fpl$dleqf)
    _dcmple                                  0x08006491   Thumb Code   120  dleqf.o(x$fpl$dleqf)
    __fpl_dcmple_InfNaN                      0x080064f3   Thumb Code     0  dleqf.o(x$fpl$dleqf)
    __aeabi_dmul                             0x08006509   Thumb Code     0  dmul.o(x$fpl$dmul)
    _dmul                                    0x08006509   Thumb Code   332  dmul.o(x$fpl$dmul)
    __fpl_dnaninf                            0x0800665d   Thumb Code   156  dnaninf.o(x$fpl$dnaninf)
    __fpl_dretinf                            0x080066f9   Thumb Code    12  dretinf.o(x$fpl$dretinf)
    __aeabi_cdrcmple                         0x08006705   Thumb Code     0  drleqf.o(x$fpl$drleqf)
    _drcmple                                 0x08006705   Thumb Code   108  drleqf.o(x$fpl$drleqf)
    __aeabi_drsub                            0x08006771   Thumb Code     0  daddsub_clz.o(x$fpl$drsb)
    _drsb                                    0x08006771   Thumb Code    22  daddsub_clz.o(x$fpl$drsb)
    _dsqrt                                   0x08006789   Thumb Code   404  dsqrt_umaal.o(x$fpl$dsqrt)
    __aeabi_dsub                             0x08006921   Thumb Code     0  daddsub_clz.o(x$fpl$dsub)
    _dsub                                    0x08006921   Thumb Code   464  daddsub_clz.o(x$fpl$dsub)
    _fp_init                                 0x08006af5   Thumb Code    10  fpinit.o(x$fpl$fpinit)
    __fplib_config_fpu_vfp                   0x08006afd   Thumb Code     0  fpinit.o(x$fpl$fpinit)
    __fplib_config_pureend_doubles           0x08006afd   Thumb Code     0  fpinit.o(x$fpl$fpinit)
    __fpl_return_NaN                         0x08006aff   Thumb Code   100  retnan.o(x$fpl$retnan)
    __ARM_scalbn                             0x08006b63   Thumb Code    92  scalbn.o(x$fpl$scalbn)
    __fpl_cmpreturn                          0x08006bbf   Thumb Code    48  trapv.o(x$fpl$trapveneer)
    __I$use$fp                               0x08006bee   Number         0  usenofp.o(x$fpl$usenofp)
    __mathlib_zero                           0x08006d78   Data           8  qnan.o(.constdata)
    Region$$Table$$Base                      0x08006ed0   Number         0  anon$$obj.o(Region$$Table)
    Region$$Table$$Limit                     0x08006ef0   Number         0  anon$$obj.o(Region$$Table)
    SystemCoreClock                          0x20000000   Data           4  system_stm32f4xx.o(.data)
    AHBPrescTable                            0x20000004   Data          16  system_stm32f4xx.o(.data)
    Main_NVIC_Struct                         0x20000014   Data           4  main.o(.data)
    temp3                                    0x20000018   Data           1  stm32f4xx_it.o(.data)
    temp2                                    0x20000019   Data           1  stm32f4xx_it.o(.data)
    ind                                      0x2000001c   Data           4  stm32f4xx_it.o(.data)
    En_NVIC_Struct                           0x20000020   Data           4  encoder.o(.data)
    En_GPIO_Struct                           0x20000024   Data           8  encoder.o(.data)
    US_NVIC_Struct                           0x2000002c   Data           4  usart_dma_config.o(.data)
    US_GPIO_Struct                           0x20000030   Data           8  usart_dma_config.o(.data)
    F_GPIO_Struct                            0x20000038   Data           8  functions.o(.data)
    NB                                       0x20000040   Data           8  functions.o(.data)
    NM                                       0x20000048   Data           8  functions.o(.data)
    NS                                       0x20000050   Data           8  functions.o(.data)
    ZE                                       0x20000058   Data           8  functions.o(.data)
    PS                                       0x20000060   Data           8  functions.o(.data)
    PM                                       0x20000068   Data           8  functions.o(.data)
    PB                                       0x20000070   Data           8  functions.o(.data)
    Main_TIM_Struct                          0x20000088   Data          12  main.o(.bss)
    En_TIM_BaseStruct                        0x20000094   Data          12  encoder.o(.bss)
    En_TIM_OCStruct                          0x200000a0   Data          20  encoder.o(.bss)
    US_DMA_Struct                            0x200000b4   Data          60  usart_dma_config.o(.bss)
    US_USART_Struct                          0x200000f0   Data          16  usart_dma_config.o(.bss)
    U1_TxBuffer                              0x20000100   Data         100  usart_dma_config.o(.bss)
    U1_RxBuffer                              0x20000164   Data          50  usart_dma_config.o(.bss)
    U2_TxBuffer                              0x20000196   Data          50  usart_dma_config.o(.bss)
    U2_RxBuffer                              0x200001c8   Data         200  usart_dma_config.o(.bss)
    U6_TxBuffer                              0x20000290   Data         200  usart_dma_config.o(.bss)
    U6_RxBuffer                              0x20000358   Data         200  usart_dma_config.o(.bss)
    M1                                       0x20000420   Data          88  functions.o(.bss)
    M2                                       0x20000478   Data          88  functions.o(.bss)
    GPS_NEO                                  0x200004d0   Data         560  functions.o(.bss)
    Mag                                      0x20000700   Data          80  functions.o(.bss)
    Timer                                    0x20000750   Data          24  functions.o(.bss)
    Flash                                    0x20000768   Data        1604  functions.o(.bss)
    In1_NS                                   0x20000db0   Data          24  functions.o(.bss)
    In1_ZE                                   0x20000dc8   Data          24  functions.o(.bss)
    In1_PS                                   0x20000de0   Data          24  functions.o(.bss)
    In2_ZE                                   0x20000df8   Data          24  functions.o(.bss)
    In1_NB                                   0x20000e10   Data          32  functions.o(.bss)
    In1_PB                                   0x20000e30   Data          32  functions.o(.bss)
    In2_NE                                   0x20000e50   Data          32  functions.o(.bss)
    In2_PO                                   0x20000e70   Data          32  functions.o(.bss)
    U2                                       0x20000e90   Data        1600  functions.o(.bss)
    U6                                       0x200014d0   Data        1600  functions.o(.bss)
    Veh                                      0x20001b10   Data          40  functions.o(.bss)
    __libspace_start                         0x20001b38   Data          96  libspace.o(.bss)
    __temporary_stack_top$libspace           0x20001b98   Data           0  libspace.o(.bss)



==============================================================================

Memory Map of the image

  Image Entry point : 0x08000199

  Load Region LR_IROM1 (Base: 0x08000000, Size: 0x00006f78, Max: 0x00080000, ABSOLUTE)

    Execution Region ER_IROM1 (Base: 0x08000000, Size: 0x00006ef0, Max: 0x00080000, ABSOLUTE)

    Base Addr    Size         Type   Attr      Idx    E Section Name        Object

    0x08000000   0x00000198   Data   RO         1101    RESET               startup_stm32f411xe.o
    0x08000198   0x00000008   Code   RO         2931  * !!!main             c_w.l(__main.o)
    0x080001a0   0x00000034   Code   RO         3282    !!!scatter          c_w.l(__scatter.o)
    0x080001d4   0x0000001a   Code   RO         3284    !!handler_copy      c_w.l(__scatter_copy.o)
    0x080001ee   0x00000002   PAD
    0x080001f0   0x0000001c   Code   RO         3286    !!handler_zi        c_w.l(__scatter_zi.o)
    0x0800020c   0x00000002   Code   RO         3154    .ARM.Collect$$libinit$$00000000  c_w.l(libinit.o)
    0x0800020e   0x00000004   Code   RO         3159    .ARM.Collect$$libinit$$00000001  c_w.l(libinit2.o)
    0x08000212   0x00000000   Code   RO         3163    .ARM.Collect$$libinit$$00000008  c_w.l(libinit2.o)
    0x08000212   0x00000000   Code   RO         3165    .ARM.Collect$$libinit$$0000000A  c_w.l(libinit2.o)
    0x08000212   0x00000000   Code   RO         3167    .ARM.Collect$$libinit$$0000000C  c_w.l(libinit2.o)
    0x08000212   0x00000000   Code   RO         3170    .ARM.Collect$$libinit$$0000000F  c_w.l(libinit2.o)
    0x08000212   0x00000000   Code   RO         3172    .ARM.Collect$$libinit$$00000011  c_w.l(libinit2.o)
    0x08000212   0x00000000   Code   RO         3174    .ARM.Collect$$libinit$$00000013  c_w.l(libinit2.o)
    0x08000212   0x00000000   Code   RO         3176    .ARM.Collect$$libinit$$00000015  c_w.l(libinit2.o)
    0x08000212   0x00000000   Code   RO         3178    .ARM.Collect$$libinit$$00000017  c_w.l(libinit2.o)
    0x08000212   0x00000000   Code   RO         3180    .ARM.Collect$$libinit$$00000019  c_w.l(libinit2.o)
    0x08000212   0x00000000   Code   RO         3182    .ARM.Collect$$libinit$$0000001B  c_w.l(libinit2.o)
    0x08000212   0x00000000   Code   RO         3184    .ARM.Collect$$libinit$$0000001D  c_w.l(libinit2.o)
    0x08000212   0x00000000   Code   RO         3186    .ARM.Collect$$libinit$$0000001F  c_w.l(libinit2.o)
    0x08000212   0x00000000   Code   RO         3188    .ARM.Collect$$libinit$$00000021  c_w.l(libinit2.o)
    0x08000212   0x00000000   Code   RO         3190    .ARM.Collect$$libinit$$00000023  c_w.l(libinit2.o)
    0x08000212   0x00000000   Code   RO         3194    .ARM.Collect$$libinit$$0000002A  c_w.l(libinit2.o)
    0x08000212   0x00000000   Code   RO         3196    .ARM.Collect$$libinit$$0000002C  c_w.l(libinit2.o)
    0x08000212   0x00000000   Code   RO         3198    .ARM.Collect$$libinit$$0000002E  c_w.l(libinit2.o)
    0x08000212   0x00000000   Code   RO         3200    .ARM.Collect$$libinit$$00000030  c_w.l(libinit2.o)
    0x08000212   0x00000002   Code   RO         3201    .ARM.Collect$$libinit$$00000031  c_w.l(libinit2.o)
    0x08000214   0x00000002   Code   RO         3223    .ARM.Collect$$libshutdown$$00000000  c_w.l(libshutdown.o)
    0x08000216   0x00000000   Code   RO         3237    .ARM.Collect$$libshutdown$$00000003  c_w.l(libshutdown2.o)
    0x08000216   0x00000000   Code   RO         3240    .ARM.Collect$$libshutdown$$00000006  c_w.l(libshutdown2.o)
    0x08000216   0x00000000   Code   RO         3243    .ARM.Collect$$libshutdown$$00000009  c_w.l(libshutdown2.o)
    0x08000216   0x00000000   Code   RO         3245    .ARM.Collect$$libshutdown$$0000000B  c_w.l(libshutdown2.o)
    0x08000216   0x00000000   Code   RO         3248    .ARM.Collect$$libshutdown$$0000000E  c_w.l(libshutdown2.o)
    0x08000216   0x00000002   Code   RO         3249    .ARM.Collect$$libshutdown$$0000000F  c_w.l(libshutdown2.o)
    0x08000218   0x00000000   Code   RO         3077    .ARM.Collect$$rtentry$$00000000  c_w.l(rtentry.o)
    0x08000218   0x00000000   Code   RO         3121    .ARM.Collect$$rtentry$$00000002  c_w.l(rtentry2.o)
    0x08000218   0x00000006   Code   RO         3133    .ARM.Collect$$rtentry$$00000004  c_w.l(rtentry4.o)
    0x0800021e   0x00000000   Code   RO         3123    .ARM.Collect$$rtentry$$00000009  c_w.l(rtentry2.o)
    0x0800021e   0x00000004   Code   RO         3124    .ARM.Collect$$rtentry$$0000000A  c_w.l(rtentry2.o)
    0x08000222   0x00000000   Code   RO         3126    .ARM.Collect$$rtentry$$0000000C  c_w.l(rtentry2.o)
    0x08000222   0x00000008   Code   RO         3127    .ARM.Collect$$rtentry$$0000000D  c_w.l(rtentry2.o)
    0x0800022a   0x00000002   Code   RO         3157    .ARM.Collect$$rtexit$$00000000  c_w.l(rtexit.o)
    0x0800022c   0x00000000   Code   RO         3205    .ARM.Collect$$rtexit$$00000002  c_w.l(rtexit2.o)
    0x0800022c   0x00000004   Code   RO         3206    .ARM.Collect$$rtexit$$00000003  c_w.l(rtexit2.o)
    0x08000230   0x00000006   Code   RO         3207    .ARM.Collect$$rtexit$$00000004  c_w.l(rtexit2.o)
    0x08000236   0x00000002   PAD
    0x08000238   0x00000040   Code   RO         1102    .text               startup_stm32f411xe.o
    0x08000278   0x00000006   Code   RO         2929    .text               c_w.l(heapauxi.o)
    0x0800027e   0x00000016   Code   RO         3078    .text               c_w.l(_rserrno.o)
    0x08000294   0x00000008   Code   RO         3138    .text               c_w.l(rt_errno_addr_intlibspace.o)
    0x0800029c   0x00000008   Code   RO         3142    .text               c_w.l(libspace.o)
    0x080002a4   0x0000004a   Code   RO         3145    .text               c_w.l(sys_stackheap_outer.o)
    0x080002ee   0x0000000c   Code   RO         3147    .text               c_w.l(exit.o)
    0x080002fa   0x00000002   PAD
    0x080002fc   0x0000000c   Code   RO         3215    .text               c_w.l(sys_exit.o)
    0x08000308   0x00000002   Code   RO         3226    .text               c_w.l(use_no_semi.o)
    0x0800030a   0x00000000   Code   RO         3228    .text               c_w.l(indicate_semi.o)
    0x0800030a   0x00000002   Code   RO          234    i.BusFault_Handler  stm32f4xx_it.o
    0x0800030c   0x00000098   Code   RO          235    i.DMA1_Stream5_IRQHandler  stm32f4xx_it.o
    0x080003a4   0x0000022c   Code   RO          236    i.DMA2_Stream2_IRQHandler  stm32f4xx_it.o
    0x080005d0   0x0000004c   Code   RO          237    i.DMA2_Stream5_IRQHandler  stm32f4xx_it.o
    0x0800061c   0x0000002c   Code   RO         1349    i.DMA_ClearFlag     stm32f4xx_dma.o
    0x08000648   0x0000002c   Code   RO         1350    i.DMA_ClearITPendingBit  stm32f4xx_dma.o
    0x08000674   0x00000014   Code   RO         1351    i.DMA_Cmd           stm32f4xx_dma.o
    0x08000688   0x0000002c   Code   RO         1362    i.DMA_ITConfig      stm32f4xx_dma.o
    0x080006b4   0x00000054   Code   RO         1363    i.DMA_Init          stm32f4xx_dma.o
    0x08000708   0x00000002   Code   RO          238    i.DebugMon_Handler  stm32f4xx_it.o
    0x0800070a   0x00000002   PAD
    0x0800070c   0x00000490   Code   RO          596    i.Defuzzification_Max_Min  functions.o
    0x08000b9c   0x00000034   Code   RO          386    i.DirPinConfig      encoder.o
    0x08000bd0   0x0000001a   Code   RO          387    i.Encoder_Config    encoder.o
    0x08000bea   0x0000002a   Code   RO          598    i.FeedBack          functions.o
    0x08000c14   0x00000044   Code   RO          599    i.Fuzzy_Max         functions.o
    0x08000c58   0x0000003a   Code   RO          600    i.Fuzzy_Min         functions.o
    0x08000c92   0x00000002   PAD
    0x08000c94   0x000001cc   Code   RO          601    i.Fuzzy_ParametersInit  functions.o
    0x08000e60   0x000000a2   Code   RO         1482    i.GPIO_Init         stm32f4xx_gpio.o
    0x08000f02   0x00000020   Code   RO         1483    i.GPIO_PinAFConfig  stm32f4xx_gpio.o
    0x08000f22   0x0000000e   Code   RO         1488    i.GPIO_ReadOutputDataBit  stm32f4xx_gpio.o
    0x08000f30   0x00000004   Code   RO         1489    i.GPIO_ResetBits    stm32f4xx_gpio.o
    0x08000f34   0x00000004   Code   RO         1490    i.GPIO_SetBits      stm32f4xx_gpio.o
    0x08000f38   0x000000ac   Code   RO          602    i.GPS_GetLatFromString  functions.o
    0x08000fe4   0x0000009c   Code   RO          603    i.GPS_GetLonFromString  functions.o
    0x08001080   0x00000078   Code   RO          604    i.GPS_LLToDegree    functions.o
    0x080010f8   0x0000057c   Code   RO          605    i.GPS_LatLonToUTM   functions.o
    0x08001674   0x00000034   Code   RO          606    i.GPS_ParametersInit  functions.o
    0x080016a8   0x00000248   Code   RO          608    i.GPS_StanleyControl  functions.o
    0x080018f0   0x0000007a   Code   RO          609    i.GPS_UpdatePathCoordinate  functions.o
    0x0800196a   0x00000002   PAD
    0x0800196c   0x00000074   Code   RO          610    i.GPS_UpdatePathYaw  functions.o
    0x080019e0   0x00000032   Code   RO          611    i.GetMessageInfo    functions.o
    0x08001a12   0x00000002   PAD
    0x08001a14   0x000000cc   Code   RO          612    i.GetNbOfReceiveHeader  functions.o
    0x08001ae0   0x00000154   Code   RO          613    i.GetValueFromString  functions.o
    0x08001c34   0x00000124   Code   RO          239    i.GetVehicleVelocity  stm32f4xx_it.o
    0x08001d58   0x00000002   Code   RO          240    i.HardFault_Handler  stm32f4xx_it.o
    0x08001d5a   0x0000001c   Code   RO          614    i.IMU_GetCommandMessage  functions.o
    0x08001d76   0x00000002   PAD
    0x08001d78   0x000000ac   Code   RO          615    i.IMU_GetValue      functions.o
    0x08001e24   0x0000002c   Code   RO          616    i.IMU_ParametesInit  functions.o
    0x08001e50   0x00000006   Code   RO          617    i.IMU_UpdateAngle   functions.o
    0x08001e56   0x00000008   Code   RO          618    i.IMU_UpdateFuzzyCoefficients  functions.o
    0x08001e5e   0x00000002   PAD
    0x08001e60   0x000000e4   Code   RO          619    i.IMU_UpdateFuzzyInput  functions.o
    0x08001f44   0x0000000a   Code   RO          620    i.IMU_UpdatePreAngle  functions.o
    0x08001f4e   0x0000001e   Code   RO          621    i.IMU_UpdateSetAngle  functions.o
    0x08001f6c   0x0000002e   Code   RO          622    i.IsCorrectMessage  functions.o
    0x08001f9a   0x00000002   PAD
    0x08001f9c   0x00000044   Code   RO          623    i.IsDouble          functions.o
    0x08001fe0   0x0000000c   Code   RO          624    i.IsValidData       functions.o
    0x08001fec   0x00000016   Code   RO          625    i.LRCCalculate      functions.o
    0x08002002   0x00000002   PAD
    0x08002004   0x00000060   Code   RO          388    i.M1_Backward       encoder.o
    0x08002064   0x000000bc   Code   RO          389    i.M1_Encoder_Config  encoder.o
    0x08002120   0x00000060   Code   RO          390    i.M1_Forward        encoder.o
    0x08002180   0x000000bc   Code   RO          392    i.M2_Encoder_Config  encoder.o
    0x0800223c   0x00000060   Code   RO          393    i.M2_Forward        encoder.o
    0x0800229c   0x00000002   Code   RO          241    i.MemManage_Handler  stm32f4xx_it.o
    0x0800229e   0x00000002   Code   RO          242    i.NMI_Handler       stm32f4xx_it.o
    0x080022a0   0x00000064   Code   RO         1109    i.NVIC_Init         misc.o
    0x08002304   0x00000014   Code   RO         1110    i.NVIC_PriorityGroupConfig  misc.o
    0x08002318   0x00000020   Code   RO          131    i.NVIC_SetPriority  main.o
    0x08002338   0x0000015c   Code   RO          627    i.PID_Compute       functions.o
    0x08002494   0x0000003c   Code   RO          628    i.PID_ParametersInitial  functions.o
    0x080024d0   0x00000006   Code   RO          629    i.PID_ParametersUpdate  functions.o
    0x080024d6   0x00000002   PAD
    0x080024d8   0x000000b0   Code   RO          132    i.PID_ReadParametersFromFlash  main.o
    0x08002588   0x0000000a   Code   RO          630    i.PID_ResetEncoder  functions.o
    0x08002592   0x00000004   Code   RO          632    i.PID_UpdateEnc     functions.o
    0x08002596   0x00000006   Code   RO          633    i.PID_UpdateSetVel  functions.o
    0x0800259c   0x000000a4   Code   RO          394    i.PWM_Config        encoder.o
    0x08002640   0x00000084   Code   RO          134    i.Parameters_Init   main.o
    0x080026c4   0x00000002   Code   RO          243    i.PendSV_Handler    stm32f4xx_it.o
    0x080026c6   0x00000002   PAD
    0x080026c8   0x00000038   Code   RO          135    i.Peripheral_Config  main.o
    0x08002700   0x0000007c   Code   RO          634    i.Pi_To_Pi          functions.o
    0x0800277c   0x00000018   Code   RO         1811    i.RCC_AHB1PeriphClockCmd  stm32f4xx_rcc.o
    0x08002794   0x00000018   Code   RO         1817    i.RCC_APB1PeriphClockCmd  stm32f4xx_rcc.o
    0x080027ac   0x00000018   Code   RO         1820    i.RCC_APB2PeriphClockCmd  stm32f4xx_rcc.o
    0x080027c4   0x00000094   Code   RO         1829    i.RCC_GetClocksFreq  stm32f4xx_rcc.o
    0x08002858   0x00000036   Code   RO          635    i.ReadFromFlash     functions.o
    0x0800288e   0x00000024   Code   RO          636    i.Readline          functions.o
    0x080028b2   0x00000002   PAD
    0x080028b4   0x00000030   Code   RO          244    i.Reset_Motor       stm32f4xx_it.o
    0x080028e4   0x00000026   Code   RO          396    i.Robot_Forward     encoder.o
    0x0800290a   0x00000026   Code   RO          398    i.Robot_Spin_ClockWise  encoder.o
    0x08002930   0x00000002   Code   RO          245    i.SVC_Handler       stm32f4xx_it.o
    0x08002932   0x00000002   PAD
    0x08002934   0x000001a8   Code   RO          247    i.SendData          stm32f4xx_it.o
    0x08002adc   0x00000074   Code   RO            4    i.SetSysClock       system_stm32f4xx.o
    0x08002b50   0x0000001a   Code   RO          638    i.StringHeaderCompare  functions.o
    0x08002b6a   0x00000002   PAD
    0x08002b6c   0x000002a8   Code   RO          248    i.SysTick_Handler   stm32f4xx_it.o
    0x08002e14   0x0000005c   Code   RO            6    i.SystemInit        system_stm32f4xx.o
    0x08002e70   0x00000012   Code   RO          249    i.TIM2_IRQHandler   stm32f4xx_it.o
    0x08002e82   0x00000002   PAD
    0x08002e84   0x00000060   Code   RO          136    i.TIM2_TimeBaseConfig  main.o
    0x08002ee4   0x0000001c   Code   RO          250    i.TIM3_IRQHandler   stm32f4xx_it.o
    0x08002f00   0x0000001c   Code   RO          251    i.TIM4_IRQHandler   stm32f4xx_it.o
    0x08002f1c   0x00000014   Code   RO         2121    i.TIM_ARRPreloadConfig  stm32f4xx_tim.o
    0x08002f30   0x00000006   Code   RO         2128    i.TIM_ClearITPendingBit  stm32f4xx_tim.o
    0x08002f36   0x00000014   Code   RO         2133    i.TIM_Cmd           stm32f4xx_tim.o
    0x08002f4a   0x00000032   Code   RO         2142    i.TIM_EncoderInterfaceConfig  stm32f4xx_tim.o
    0x08002f7c   0x00000004   Code   RO         2152    i.TIM_GetCounter    stm32f4xx_tim.o
    0x08002f80   0x00000010   Code   RO         2158    i.TIM_ITConfig      stm32f4xx_tim.o
    0x08002f90   0x00000060   Code   RO         2162    i.TIM_OC1Init       stm32f4xx_tim.o
    0x08002ff0   0x0000000c   Code   RO         2165    i.TIM_OC1PreloadConfig  stm32f4xx_tim.o
    0x08002ffc   0x00000080   Code   RO         2167    i.TIM_OC2Init       stm32f4xx_tim.o
    0x0800307c   0x00000014   Code   RO         2170    i.TIM_OC2PreloadConfig  stm32f4xx_tim.o
    0x08003090   0x0000007c   Code   RO         2205    i.TIM_TimeBaseInit  stm32f4xx_tim.o
    0x0800310c   0x00000044   Code   RO          639    i.Time_GetSampleTime  functions.o
    0x08003150   0x00000006   Code   RO          640    i.Time_ParametersInit  functions.o
    0x08003156   0x00000004   Code   RO          641    i.Time_SampleTimeUpdate  functions.o
    0x0800315a   0x00000004   Code   RO          642    i.Time_SendTimeUpdate  functions.o
    0x0800315e   0x00000002   PAD
    0x08003160   0x00000108   Code   RO          643    i.ToChar            functions.o
    0x08003268   0x0000000e   Code   RO          645    i.ToHex             functions.o
    0x08003276   0x00000002   PAD
    0x08003278   0x00000034   Code   RO          646    i.ToRPM             functions.o
    0x080032ac   0x000000d8   Code   RO          648    i.Trapf             functions.o
    0x08003384   0x000000cc   Code   RO          650    i.Trimf             functions.o
    0x08003450   0x00000024   Code   RO          529    i.U1_SendData       usart_dma_config.o
    0x08003474   0x00000028   Code   RO          531    i.U6_SendData       usart_dma_config.o
    0x0800349c   0x00000144   Code   RO          532    i.USART1_Config     usart_dma_config.o
    0x080035e0   0x00000040   Code   RO          252    i.USART2_IRQHandler  stm32f4xx_it.o
    0x08003620   0x0000015c   Code   RO          534    i.USART6_Config     usart_dma_config.o
    0x0800377c   0x00000040   Code   RO          253    i.USART6_IRQHandler  stm32f4xx_it.o
    0x080037bc   0x00000006   Code   RO         1157    i.USART_ClearFlag   stm32f4xx_usart.o
    0x080037c2   0x00000014   Code   RO         1161    i.USART_Cmd         stm32f4xx_usart.o
    0x080037d6   0x00000010   Code   RO         1162    i.USART_DMACmd      stm32f4xx_usart.o
    0x080037e6   0x0000003e   Code   RO         1165    i.USART_GetITStatus  stm32f4xx_usart.o
    0x08003824   0x00000030   Code   RO         1167    i.USART_ITConfig    stm32f4xx_usart.o
    0x08003854   0x000000ac   Code   RO         1168    i.USART_Init        stm32f4xx_usart.o
    0x08003900   0x00000008   Code   RO         1175    i.USART_ReceiveData  stm32f4xx_usart.o
    0x08003908   0x00000002   Code   RO          254    i.UsageFault_Handler  stm32f4xx_it.o
    0x0800390a   0x00000002   PAD
    0x0800390c   0x00000024   Code   RO          652    i.Veh_ParametersInit  functions.o
    0x08003930   0x00000006   Code   RO          653    i.Veh_UpdateMaxVelocity  functions.o
    0x08003936   0x00000002   PAD
    0x08003938   0x00000160   Code   RO          654    i.Veh_UpdateVehicleFromKey  functions.o
    0x08003a98   0x00000030   Code   RO         3098    i.__ARM_fpclassify  m_wm.l(fpclassify.o)
    0x08003ac8   0x000002e0   Code   RO         2969    i.__hardfp_atan     m_wm.l(atan.o)
    0x08003da8   0x000001f0   Code   RO         2983    i.__hardfp_atan2    m_wm.l(atan2.o)
    0x08003f98   0x000000d8   Code   RO         2995    i.__hardfp_cos      m_wm.l(cos.o)
    0x08004070   0x00000014   Code   RO         3007    i.__hardfp_fabs     m_wm.l(fabs.o)
    0x08004084   0x00000004   PAD
    0x08004088   0x000003e4   Code   RO         3013    i.__hardfp_log      m_wm.l(log.o)
    0x0800446c   0x00000004   PAD
    0x08004470   0x00000c38   Code   RO         3027    i.__hardfp_pow      m_wm.l(pow.o)
    0x080050a8   0x000000d8   Code   RO         3041    i.__hardfp_sin      m_wm.l(sin.o)
    0x08005180   0x0000007a   Code   RO         3053    i.__hardfp_sqrt     m_wm.l(sqrt.o)
    0x080051fa   0x00000006   PAD
    0x08005200   0x000000a0   Code   RO         3065    i.__hardfp_tan      m_wm.l(tan.o)
    0x080052a0   0x00000438   Code   RO         3103    i.__ieee754_rem_pio2  m_wm.l(rred.o)
    0x080056d8   0x00000170   Code   RO         3093    i.__kernel_cos      m_wm.l(cos_i.o)
    0x08005848   0x000000f8   Code   RO         3100    i.__kernel_poly     m_wm.l(poly.o)
    0x08005940   0x00000130   Code   RO         3108    i.__kernel_sin      m_wm.l(sin_i.o)
    0x08005a70   0x00000350   Code   RO         3114    i.__kernel_tan      m_wm.l(tan_i.o)
    0x08005dc0   0x00000020   Code   RO         3096    i.__mathlib_dbl_underflow  m_wm.l(dunder.o)
    0x08005de0   0x00000010   Code   RO         2971    i.atan              m_wm.l(atan.o)
    0x08005df0   0x00000018   Code   RO         3009    i.fabs              m_wm.l(fabs.o)
    0x08005e08   0x00000014   Code   RO          656    i.fix               functions.o
    0x08005e1c   0x0000003c   Code   RO          137    i.main              main.o
    0x08005e58   0x0000006e   Code   RO         3055    i.sqrt              m_wm.l(sqrt.o)
    0x08005ec6   0x00000018   Code   RO         2933    x$fpl$basic         fz_wm.l(basic.o)
    0x08005ede   0x00000002   PAD
    0x08005ee0   0x00000150   Code   RO         2935    x$fpl$dadd          fz_wm.l(daddsub_clz.o)
    0x08006030   0x00000010   Code   RO         3140    x$fpl$dcheck1       fz_wm.l(dcheck1.o)
    0x08006040   0x00000018   Code   RO         3080    x$fpl$dcmpinf       fz_wm.l(dcmpi.o)
    0x08006058   0x000002b0   Code   RO         2942    x$fpl$ddiv          fz_wm.l(ddiv.o)
    0x08006308   0x00000078   Code   RO         2945    x$fpl$deqf          fz_wm.l(deqf.o)
    0x08006380   0x0000005e   Code   RO         2947    x$fpl$dfix          fz_wm.l(dfix.o)
    0x080063de   0x00000002   PAD
    0x080063e0   0x0000005a   Code   RO         2951    x$fpl$dfixu         fz_wm.l(dfixu.o)
    0x0800643a   0x0000002e   Code   RO         2956    x$fpl$dflt          fz_wm.l(dflt_clz.o)
    0x08006468   0x00000026   Code   RO         2955    x$fpl$dfltu         fz_wm.l(dflt_clz.o)
    0x0800648e   0x00000002   PAD
    0x08006490   0x00000078   Code   RO         2961    x$fpl$dleqf         fz_wm.l(dleqf.o)
    0x08006508   0x00000154   Code   RO         2963    x$fpl$dmul          fz_wm.l(dmul.o)
    0x0800665c   0x0000009c   Code   RO         3082    x$fpl$dnaninf       fz_wm.l(dnaninf.o)
    0x080066f8   0x0000000c   Code   RO         3084    x$fpl$dretinf       fz_wm.l(dretinf.o)
    0x08006704   0x0000006c   Code   RO         2965    x$fpl$drleqf        fz_wm.l(drleqf.o)
    0x08006770   0x00000016   Code   RO         2936    x$fpl$drsb          fz_wm.l(daddsub_clz.o)
    0x08006786   0x00000002   PAD
    0x08006788   0x00000198   Code   RO         3086    x$fpl$dsqrt         fz_wm.l(dsqrt_umaal.o)
    0x08006920   0x000001d4   Code   RO         2937    x$fpl$dsub          fz_wm.l(daddsub_clz.o)
    0x08006af4   0x0000000a   Code   RO         3213    x$fpl$fpinit        fz_wm.l(fpinit.o)
    0x08006afe   0x00000064   Code   RO         3155    x$fpl$retnan        fz_wm.l(retnan.o)
    0x08006b62   0x0000005c   Code   RO         3090    x$fpl$scalbn        fz_wm.l(scalbn.o)
    0x08006bbe   0x00000030   Code   RO         3202    x$fpl$trapveneer    fz_wm.l(trapv.o)
    0x08006bee   0x00000000   Code   RO         3092    x$fpl$usenofp       fz_wm.l(usenofp.o)
    0x08006bee   0x00000002   PAD
    0x08006bf0   0x00000098   Data   RO         2972    .constdata          m_wm.l(atan.o)
    0x08006c88   0x00000038   Data   RO         3016    .constdata          m_wm.l(log.o)
    0x08006cc0   0x00000088   Data   RO         3030    .constdata          m_wm.l(pow.o)
    0x08006d48   0x00000030   Data   RO         3094    .constdata          m_wm.l(cos_i.o)
    0x08006d78   0x00000008   Data   RO         3102    .constdata          m_wm.l(qnan.o)
    0x08006d80   0x000000c8   Data   RO         3105    .constdata          m_wm.l(rred.o)
    0x08006e48   0x00000028   Data   RO         3109    .constdata          m_wm.l(sin_i.o)
    0x08006e70   0x00000060   Data   RO         3115    .constdata          m_wm.l(tan_i.o)
    0x08006ed0   0x00000020   Data   RO         3280    Region$$Table       anon$$obj.o


    Execution Region RW_IRAM1 (Base: 0x20000000, Size: 0x00002198, Max: 0x00020000, ABSOLUTE)

    Base Addr    Size         Type   Attr      Idx    E Section Name        Object

    0x20000000   0x00000014   Data   RW            7    .data               system_stm32f4xx.o
    0x20000014   0x00000004   Data   RW          139    .data               main.o
    0x20000018   0x00000008   Data   RW          257    .data               stm32f4xx_it.o
    0x20000020   0x0000000c   Data   RW          401    .data               encoder.o
    0x2000002c   0x0000000c   Data   RW          536    .data               usart_dma_config.o
    0x20000038   0x00000040   Data   RW          665    .data               functions.o
    0x20000078   0x00000010   Data   RW         1859    .data               stm32f4xx_rcc.o
    0x20000088   0x0000000c   Zero   RW          138    .bss                main.o
    0x20000094   0x00000020   Zero   RW          400    .bss                encoder.o
    0x200000b4   0x0000036c   Zero   RW          535    .bss                usart_dma_config.o
    0x20000420   0x00000058   Zero   RW          657    .bss                functions.o
    0x20000478   0x00000058   Zero   RW          658    .bss                functions.o
    0x200004d0   0x00000230   Zero   RW          660    .bss                functions.o
    0x20000700   0x00000790   Zero   RW          661    .bss                functions.o
    0x20000e90   0x00000640   Zero   RW          662    .bss                functions.o
    0x200014d0   0x00000640   Zero   RW          663    .bss                functions.o
    0x20001b10   0x00000028   Zero   RW          664    .bss                functions.o
    0x20001b38   0x00000060   Zero   RW         3143    .bss                c_w.l(libspace.o)
    0x20001b98   0x00000200   Zero   RW         1100    HEAP                startup_stm32f411xe.o
    0x20001d98   0x00000400   Zero   RW         1099    STACK               startup_stm32f411xe.o


==============================================================================

Image component sizes


      Code (inc. data)   RO Data    RW Data    ZI Data      Debug   Object Name

       982        138          0         12         32       7010   encoder.o
      7710        880          0         64       5912      41470   functions.o
       552         94          0          4         12      29891   main.o
       120         14          0          0          0       1751   misc.o
        64         26        408          0       1536        976   startup_stm32f411xe.o
       236         28          0          0          0       4632   stm32f4xx_dma.o
       216          0          0          0          0       3808   stm32f4xx_gpio.o
      2446        306          0          8          0      38719   stm32f4xx_it.o
       220         34          0         16          0       5119   stm32f4xx_rcc.o
       496         44          0          0          0       9134   stm32f4xx_tim.o
       332          8          0          0          0       5747   stm32f4xx_usart.o
       208         36          0         20          0     274841   system_stm32f4xx.o
       748         56          0         12        876       4126   usart_dma_config.o

    ----------------------------------------------------------------------
     14366       1664        440        136       8368     427224   Object Totals
         0          0         32          0          0          0   (incl. Generated)
        36          0          0          0          0          0   (incl. Padding)

    ----------------------------------------------------------------------

      Code (inc. data)   RO Data    RW Data    ZI Data      Debug   Library Member Name

         8          0          0          0          0         68   __main.o
        52          8          0          0          0          0   __scatter.o
        26          0          0          0          0          0   __scatter_copy.o
        28          0          0          0          0          0   __scatter_zi.o
        22          0          0          0          0        100   _rserrno.o
        12          0          0          0          0         72   exit.o
         6          0          0          0          0        152   heapauxi.o
         0          0          0          0          0          0   indicate_semi.o
         2          0          0          0          0          0   libinit.o
         6          0          0          0          0          0   libinit2.o
         2          0          0          0          0          0   libshutdown.o
         2          0          0          0          0          0   libshutdown2.o
         8          4          0          0         96         68   libspace.o
         8          4          0          0          0         68   rt_errno_addr_intlibspace.o
         0          0          0          0          0          0   rtentry.o
        12          0          0          0          0          0   rtentry2.o
         6          0          0          0          0          0   rtentry4.o
         2          0          0          0          0          0   rtexit.o
        10          0          0          0          0          0   rtexit2.o
        12          4          0          0          0         68   sys_exit.o
        74          0          0          0          0         80   sys_stackheap_outer.o
         2          0          0          0          0         68   use_no_semi.o
        24          0          0          0          0        164   basic.o
       826         16          0          0          0        492   daddsub_clz.o
        16          4          0          0          0        116   dcheck1.o
        24          0          0          0          0        116   dcmpi.o
       688        140          0          0          0        256   ddiv.o
       120          4          0          0          0        140   deqf.o
        94          4          0          0          0        140   dfix.o
        90          4          0          0          0        140   dfixu.o
        84          0          0          0          0        232   dflt_clz.o
       120          4          0          0          0        140   dleqf.o
       340         12          0          0          0        152   dmul.o
       156          4          0          0          0        140   dnaninf.o
        12          0          0          0          0        116   dretinf.o
       108          0          0          0          0        128   drleqf.o
       408         56          0          0          0        168   dsqrt_umaal.o
        10          0          0          0          0        116   fpinit.o
       100          0          0          0          0        116   retnan.o
        92          0          0          0          0        116   scalbn.o
        48          0          0          0          0        116   trapv.o
         0          0          0          0          0          0   usenofp.o
       752        104        152          0          0        344   atan.o
       496         70          0          0          0        156   atan2.o
       216         16          0          0          0        152   cos.o
       368         46         48          0          0        200   cos_i.o
        32          8          0          0          0        124   dunder.o
        44          0          0          0          0        248   fabs.o
        48          0          0          0          0        124   fpclassify.o
       996        114         56          0          0        232   log.o
       248          0          0          0          0        152   poly.o
      3128        304        136          0          0        216   pow.o
         0          0          8          0          0          0   qnan.o
      1080        142        200          0          0        188   rred.o
       216         16          0          0          0        152   sin.o
       304         24         40          0          0        208   sin_i.o
       232          0          0          0          0        296   sqrt.o
       160         18          0          0          0        152   tan.o
       848         84         96          0          0        196   tan_i.o

    ----------------------------------------------------------------------
     12858       1218        736          0         96       6988   Library Totals
        30          4          0          0          0          0   (incl. Padding)

    ----------------------------------------------------------------------

      Code (inc. data)   RO Data    RW Data    ZI Data      Debug   Library Name

       300         20          0          0         96        744   c_w.l
      3360        248          0          0          0       3104   fz_wm.l
      9168        946        736          0          0       3140   m_wm.l

    ----------------------------------------------------------------------
     12858       1218        736          0         96       6988   Library Totals

    ----------------------------------------------------------------------

==============================================================================


      Code (inc. data)   RO Data    RW Data    ZI Data      Debug   

     27224       2882       1176        136       8464     418552   Grand Totals
     27224       2882       1176        136       8464     418552   ELF Image Totals
     27224       2882       1176        136          0          0   ROM Totals

==============================================================================

    Total RO  Size (Code + RO Data)                28400 (  27.73kB)
    Total RW  Size (RW Data + ZI Data)              8600 (   8.40kB)
    Total ROM Size (Code + RO Data + RW Data)      28536 (  27.87kB)

==============================================================================

