Product: MDK-ARM Standard 5.10
Component: ARM Compiler 5.04 update 1 (build 49)
Tool: armlink [5040049]

==============================================================================

Section Cross References

    system_stm32f4xx.o(i.SystemCoreClockUpdate) refers to system_stm32f4xx.o(.data) for .data
    system_stm32f4xx.o(i.SystemInit) refers to system_stm32f4xx.o(i.SetSysClock) for SetSysClock
    main.o(i.GPS_ReadParametersFromFlash) refers to functions.o(i.ReadFromFlash) for ReadFromFlash
    main.o(i.GPS_ReadParametersFromFlash) refers to functions.o(i.GetMessageInfo) for GetMessageInfo
    main.o(i.GPS_ReadParametersFromFlash) refers to functions.o(i.GetValueFromString) for GetValueFromString
    main.o(i.GPS_ReadParametersFromFlash) refers to dfix.o(x$fpl$dfix) for __aeabi_d2iz
    main.o(i.GPS_ReadParametersFromFlash) refers to functions.o(i.GPS_LatLonToUTM) for GPS_LatLonToUTM
    main.o(i.GPS_ReadParametersFromFlash) refers to functions.o(i.GPS_UpdatePathYaw) for GPS_UpdatePathYaw
    main.o(i.GPS_ReadParametersFromFlash) refers to functions.o(.bss) for Flash
    main.o(i.GPS_SaveManual) refers to functions.o(i.ToChar) for ToChar
    main.o(i.GPS_SaveManual) refers to functions.o(i.EraseMemory) for EraseMemory
    main.o(i.GPS_SaveManual) refers to functions.o(i.WriteToFlash) for WriteToFlash
    main.o(i.GPS_SaveManual) refers to functions.o(.bss) for Flash
    main.o(i.PID_ReadParametersFromFlash) refers to functions.o(i.ReadFromFlash) for ReadFromFlash
    main.o(i.PID_ReadParametersFromFlash) refers to functions.o(i.GetMessageInfo) for GetMessageInfo
    main.o(i.PID_ReadParametersFromFlash) refers to functions.o(i.GetValueFromString) for GetValueFromString
    main.o(i.PID_ReadParametersFromFlash) refers to functions.o(i.PID_ParametersUpdate) for PID_ParametersUpdate
    main.o(i.PID_ReadParametersFromFlash) refers to functions.o(.bss) for Flash
    main.o(i.PID_ReadParametersFromFlash) refers to functions.o(.bss) for M1
    main.o(i.PID_ReadParametersFromFlash) refers to functions.o(.bss) for M2
    main.o(i.PID_SaveManual) refers to functions.o(i.ToChar) for ToChar
    main.o(i.PID_SaveManual) refers to functions.o(i.EraseMemory) for EraseMemory
    main.o(i.PID_SaveManual) refers to functions.o(i.WriteToFlash) for WriteToFlash
    main.o(i.PID_SaveManual) refers to functions.o(.bss) for Flash
    main.o(i.Parameters_Init) refers to functions.o(i.Error_ResetIndex) for Error_ResetIndex
    main.o(i.Parameters_Init) refers to functions.o(i.Time_ParametersInit) for Time_ParametersInit
    main.o(i.Parameters_Init) refers to functions.o(i.Time_GetSampleTime) for Time_GetSampleTime
    main.o(i.Parameters_Init) refers to functions.o(i.Status_ParametersInit) for Status_ParametersInit
    main.o(i.Parameters_Init) refers to main.o(i.PID_ReadParametersFromFlash) for PID_ReadParametersFromFlash
    main.o(i.Parameters_Init) refers to functions.o(i.PID_ParametersInitial) for PID_ParametersInitial
    main.o(i.Parameters_Init) refers to functions.o(i.Fuzzy_ParametersInit) for Fuzzy_ParametersInit
    main.o(i.Parameters_Init) refers to functions.o(i.IMU_ParametesInit) for IMU_ParametesInit
    main.o(i.Parameters_Init) refers to functions.o(i.IMU_UpdateFuzzyCoefficients) for IMU_UpdateFuzzyCoefficients
    main.o(i.Parameters_Init) refers to functions.o(i.GPS_ParametersInit) for GPS_ParametersInit
    main.o(i.Parameters_Init) refers to functions.o(i.Veh_ParametersInit) for Veh_ParametersInit
    main.o(i.Parameters_Init) refers to srf05.o(i.Srf05_FirstInit) for Srf05_FirstInit
    main.o(i.Parameters_Init) refers to twowheelrobot.o(i.Self_ParametersInit) for Self_ParametersInit
    main.o(i.Parameters_Init) refers to functions.o(.bss) for Veh_Error
    main.o(i.Parameters_Init) refers to functions.o(.bss) for Timer
    main.o(i.Parameters_Init) refers to functions.o(.bss) for VehStt
    main.o(i.Parameters_Init) refers to functions.o(.bss) for M1
    main.o(i.Parameters_Init) refers to functions.o(.bss) for M2
    main.o(i.Parameters_Init) refers to functions.o(.bss) for Veh
    main.o(i.Parameters_Init) refers to main.o(.bss) for .bss
    main.o(i.Parameters_Init) refers to twowheelrobot.o(.bss) for selfPosition
    main.o(i.Peripheral_Config) refers to main.o(i.TimerDelayConfig) for TimerDelayConfig
    main.o(i.Peripheral_Config) refers to usart_dma_config.o(i.USART1_Config) for USART1_Config
    main.o(i.Peripheral_Config) refers to usart_dma_config.o(i.USART2_Config) for USART2_Config
    main.o(i.Peripheral_Config) refers to usart_dma_config.o(i.USART6_Config) for USART6_Config
    main.o(i.Peripheral_Config) refers to encoder.o(i.Encoder_Config) for Encoder_Config
    main.o(i.Peripheral_Config) refers to main.o(i.Srf05_MidFront) for Srf05_MidFront
    main.o(i.Peripheral_Config) refers to main.o(i.Srf05_LeftFront) for Srf05_LeftFront
    main.o(i.Peripheral_Config) refers to main.o(i.Srf05_RightFront) for Srf05_RightFront
[...]
    x$fpl$dnaninf                            0x0800830c   Section      156  dnaninf.o(x$fpl$dnaninf)
    $v0                                      0x0800830c   Number         0  dnaninf.o(x$fpl$dnaninf)
    x$fpl$dretinf                            0x080083a8   Section       12  dretinf.o(x$fpl$dretinf)
    $v0                                      0x080083a8   Number         0  dretinf.o(x$fpl$dretinf)
    x$fpl$drleqf                             0x080083b4   Section      108  drleqf.o(x$fpl$drleqf)
    $v0                                      0x080083b4   Number         0  drleqf.o(x$fpl$drleqf)
    x$fpl$drsb                               0x08008420   Section       22  daddsub_clz.o(x$fpl$drsb)
    $v0                                      0x08008420   Number         0  daddsub_clz.o(x$fpl$drsb)
    x$fpl$dsqrt                              0x08008438   Section      408  dsqrt_umaal.o(x$fpl$dsqrt)
    $v0                                      0x08008438   Number         0  dsqrt_umaal.o(x$fpl$dsqrt)
    x$fpl$dsub                               0x080085d0   Section      468  daddsub_clz.o(x$fpl$dsub)
    $v0                                      0x080085d0   Number         0  daddsub_clz.o(x$fpl$dsub)
    _dsub1                                   0x080085e1   Thumb Code     0  daddsub_clz.o(x$fpl$dsub)
    x$fpl$fpinit                             0x080087a4   Section       10  fpinit.o(x$fpl$fpinit)
    $v0                                      0x080087a4   Number         0  fpinit.o(x$fpl$fpinit)
    x$fpl$retnan                             0x080087ae   Section      100  retnan.o(x$fpl$retnan)
    $v0                                      0x080087ae   Number         0  retnan.o(x$fpl$retnan)
    x$fpl$scalbn                             0x08008812   Section       92  scalbn.o(x$fpl$scalbn)
    $v0                                      0x08008812   Number         0  scalbn.o(x$fpl$scalbn)
    x$fpl$trapveneer                         0x0800886e   Section       48  trapv.o(x$fpl$trapveneer)
    $v0                                      0x0800886e   Number         0  trapv.o(x$fpl$trapveneer)
    x$fpl$usenofp                            0x0800889e   Section        0  usenofp.o(x$fpl$usenofp)
    .constdata                               0x080088a0   Section      152  atan.o(.constdata)
    atanhi                                   0x080088a0   Data          32  atan.o(.constdata)
    atanlo                                   0x080088c0   Data          32  atan.o(.constdata)
    aTodd                                    0x080088e0   Data          40  atan.o(.constdata)
    aTeven                                   0x08008908   Data          48  atan.o(.constdata)
    .constdata                               0x08008938   Section       56  log.o(.constdata)
    Lg2                                      0x08008938   Data          24  log.o(.constdata)
    Lg                                       0x08008950   Data          32  log.o(.constdata)
    .constdata                               0x08008970   Section      136  pow.o(.constdata)
    bp                                       0x08008970   Data          16  pow.o(.constdata)
    dp_h                                     0x08008980   Data          16  pow.o(.constdata)
    dp_l                                     0x08008990   Data          16  pow.o(.constdata)
    L                                        0x080089a0   Data          48  pow.o(.constdata)
    P                                        0x080089d0   Data          40  pow.o(.constdata)
    .constdata                               0x080089f8   Section       48  cos_i.o(.constdata)
    C                                        0x080089f8   Data          48  cos_i.o(.constdata)
    .constdata                               0x08008a28   Section        8  qnan.o(.constdata)
    .constdata                               0x08008a30   Section      200  rred.o(.constdata)
    pio2s                                    0x08008a30   Data          48  rred.o(.constdata)
    twooverpi                                0x08008a60   Data         152  rred.o(.constdata)
    .constdata                               0x08008af8   Section       40  sin_i.o(.constdata)
    S                                        0x08008af8   Data          40  sin_i.o(.constdata)
    .constdata                               0x08008b20   Section       96  tan_i.o(.constdata)
    Todd                                     0x08008b20   Data          48  tan_i.o(.constdata)
    Teven                                    0x08008b50   Data          48  tan_i.o(.constdata)
    .data                                    0x20000000   Section       20  system_stm32f4xx.o(.data)
    .data                                    0x20000014   Section        4  main.o(.data)
    .data                                    0x20000018   Section        3  stm32f4xx_it.o(.data)
    .data                                    0x2000001c   Section       12  encoder.o(.data)
    .data                                    0x20000028   Section       20  usart_dma_config.o(.data)
    .data                                    0x20000040   Section       64  functions.o(.data)
    .data                                    0x20000080   Section       12  srf05.o(.data)
    .data                                    0x2000008c   Section       16  stm32f4xx_rcc.o(.data)
    APBAHBPrescTable                         0x2000008c   Data          16  stm32f4xx_rcc.o(.data)
    .bss                                     0x200000a0   Section      104  main.o(.bss)
    .bss                                     0x20000108   Section       32  encoder.o(.bss)
    .bss                                     0x20000128   Section     2696  usart_dma_config.o(.bss)
    .bss                                     0x20000bb0   Section       13  functions.o(.bss)
    .bss                                     0x20000bc0   Section       88  functions.o(.bss)
    .bss                                     0x20000c18   Section       88  functions.o(.bss)
    .bss                                     0x20000c70   Section     4484  functions.o(.bss)
    .bss                                     0x20001df4   Section     1500  functions.o(.bss)
    .bss                                     0x200023d0   Section     1500  functions.o(.bss)
    .bss                                     0x200029b0   Section       48  functions.o(.bss)
    .bss                                     0x200029e0   Section       21  functions.o(.bss)
    .bss                                     0x200029f8   Section       22  srf05.o(.bss)
    .bss                                     0x20002a10   Section       56  twowheelrobot.o(.bss)
    .bss                                     0x20002a48   Section       96  libspace.o(.bss)
    HEAP                                     0x20002aa8   Section      512  startup_stm32f411xe.o(HEAP)
    Heap_Mem                                 0x20002aa8   Data         512  startup_stm32f411xe.o(HEAP)
    STACK                                    0x20002ca8   Section     1024  startup_stm32f411xe.o(STACK)
    Stack_Mem                                0x20002ca8   Data        1024  startup_stm32f411xe.o(STACK)
    __initial_sp                             0x200030a8   Data           0  startup_stm32f411xe.o(STACK)

    Global Symbols

    Symbol Name                              Value     Ov Type        Size  Object(Section)

    BuildAttributes$$THM_ISAv4$E$P$D$K$B$S$7EM$VFPi3$EXTD16$VFPS$VFMA$PE$A:L22UL41UL21$X:L11$S22US41US21$IEEE1$IW$USESV6$~STKCKD$USESV7$~SHL$OTIME$ROPI$IEEEX$EBA8$UX$STANDARDLIB$REQ8$PRES8$EABIv2 0x00000000   Number         0  anon$$obj.o ABSOLUTE
    __ARM_use_no_argv                        0x00000000   Number         0  main.o ABSOLUTE
    __ARM_exceptions_init                     - Undefined Weak Reference
    __alloca_initialize                       - Undefined Weak Reference
    __cpp_initialize__aeabi_                  - Undefined Weak Reference
    __cxa_finalize                            - Undefined Weak Reference
    __rt_locale                               - Undefined Weak Reference
    __sigvec_lookup                           - Undefined Weak Reference
    _atexit_init                              - Undefined Weak Reference
    _call_atexit_fns                          - Undefined Weak Reference
    _clock_init                               - Undefined Weak Reference
    _fp_trap_init                             - Undefined Weak Reference
    _fp_trap_shutdown                         - Undefined Weak Reference
    _get_lc_collate                           - Undefined Weak Reference
    _get_lc_ctype                             - Undefined Weak Reference
    _get_lc_monetary                          - Undefined Weak Reference
    _get_lc_numeric                           - Undefined Weak Reference
    _get_lc_time                              - Undefined Weak Reference
    _getenv_init                              - Undefined Weak Reference
    _handle_redirection                       - Undefined Weak Reference
    _init_alloc                               - Undefined Weak Reference
    _init_user_alloc                          - Undefined Weak Reference
    _initio                                   - Undefined Weak Reference
    _rand_init                                - Undefined Weak Reference
    _signal_finish                            - Undefined Weak Reference
    _signal_init                              - Undefined Weak Reference
    _terminate_alloc                          - Undefined Weak Reference
    _terminate_user_alloc                     - Undefined Weak Reference
    _terminateio                              - Undefined Weak Reference
    __Vectors_Size                           0x00000198   Number         0  startup_stm32f411xe.o ABSOLUTE
    __Vectors                                0x08000000   Data           4  startup_stm32f411xe.o(RESET)
    __Vectors_End                            0x08000198   Data           0  startup_stm32f411xe.o(RESET)
    __main                                   0x08000199   Thumb Code     8  __main.o(!!!main)
    __scatterload                            0x080001a1   Thumb Code     0  __scatter.o(!!!scatter)
    __scatterload_rt2                        0x080001a1   Thumb Code    44  __scatter.o(!!!scatter)
    __scatterload_rt2_thumb_only             0x080001a1   Thumb Code     0  __scatter.o(!!!scatter)
    __scatterload_null                       0x080001af   Thumb Code     0  __scatter.o(!!!scatter)
    __scatterload_copy                       0x080001d5   Thumb Code    26  __scatter_copy.o(!!handler_copy)
    __scatterload_zeroinit                   0x080001f1   Thumb Code    28  __scatter_zi.o(!!handler_zi)
    __rt_lib_init                            0x0800020d   Thumb Code     0  libinit.o(.ARM.Collect$$libinit$$00000000)
    __rt_lib_init_fp_1                       0x0800020f   Thumb Code     0  libinit2.o(.ARM.Collect$$libinit$$00000001)
    __rt_lib_init_alloca_1                   0x08000213   Thumb Code     0  libinit2.o(.ARM.Collect$$libinit$$0000002C)
    __rt_lib_init_argv_1                     0x08000213   Thumb Code     0  libinit2.o(.ARM.Collect$$libinit$$0000002A)
    __rt_lib_init_atexit_1                   0x08000213   Thumb Code     0  libinit2.o(.ARM.Collect$$libinit$$00000019)
    __rt_lib_init_clock_1                    0x08000213   Thumb Code     0  libinit2.o(.ARM.Collect$$libinit$$0000001F)
    __rt_lib_init_cpp_1                      0x08000213   Thumb Code     0  libinit2.o(.ARM.Collect$$libinit$$00000030)
    __rt_lib_init_exceptions_1               0x08000213   Thumb Code     0  libinit2.o(.ARM.Collect$$libinit$$0000002E)
    __rt_lib_init_fp_trap_1                  0x08000213   Thumb Code     0  libinit2.o(.ARM.Collect$$libinit$$0000001D)
    __rt_lib_init_getenv_1                   0x08000213   Thumb Code     0  libinit2.o(.ARM.Collect$$libinit$$00000021)
    __rt_lib_init_heap_1                     0x08000213   Thumb Code     0  libinit2.o(.ARM.Collect$$libinit$$00000008)
    __rt_lib_init_lc_collate_1               0x08000213   Thumb Code     0  libinit2.o(.ARM.Collect$$libinit$$0000000F)
    __rt_lib_init_lc_ctype_1                 0x08000213   Thumb Code     0  libinit2.o(.ARM.Collect$$libinit$$00000011)
    __rt_lib_init_lc_monetary_1              0x08000213   Thumb Code     0  libinit2.o(.ARM.Collect$$libinit$$00000013)
    __rt_lib_init_lc_numeric_1               0x08000213   Thumb Code     0  libinit2.o(.ARM.Collect$$libinit$$00000015)
    __rt_lib_init_lc_time_1                  0x08000213   Thumb Code     0  libinit2.o(.ARM.Collect$$libinit$$00000017)
    __rt_lib_init_rand_1                     0x08000213   Thumb Code     0  libinit2.o(.ARM.Collect$$libinit$$0000000C)
    __rt_lib_init_return                     0x08000213   Thumb Code     0  libinit2.o(.ARM.Collect$$libinit$$00000031)
    __rt_lib_init_signal_1                   0x08000213   Thumb Code     0  libinit2.o(.ARM.Collect$$libinit$$0000001B)
    __rt_lib_init_stdio_1                    0x08000213   Thumb Code     0  libinit2.o(.ARM.Collect$$libinit$$00000023)
    __rt_lib_init_user_alloc_1               0x08000213   Thumb Code     0  libinit2.o(.ARM.Collect$$libinit$$0000000A)
    __rt_lib_shutdown                        0x08000215   Thumb Code     0  libshutdown.o(.ARM.Collect$$libshutdown$$00000000)
    __rt_lib_shutdown_fp_trap_1              0x08000217   Thumb Code     0  libshutdown2.o(.ARM.Collect$$libshutdown$$00000006)
    __rt_lib_shutdown_heap_1                 0x08000217   Thumb Code     0  libshutdown2.o(.ARM.Collect$$libshutdown$$0000000E)
    __rt_lib_shutdown_return                 0x08000217   Thumb Code     0  libshutdown2.o(.ARM.Collect$$libshutdown$$0000000F)
    __rt_lib_shutdown_signal_1               0x08000217   Thumb Code     0  libshutdown2.o(.ARM.Collect$$libshutdown$$00000009)
    __rt_lib_shutdown_stdio_1                0x08000217   Thumb Code     0  libshutdown2.o(.ARM.Collect$$libshutdown$$00000003)
    __rt_lib_shutdown_user_alloc_1           0x08000217   Thumb Code     0  libshutdown2.o(.ARM.Collect$$libshutdown$$0000000B)
    __rt_entry                               0x08000219   Thumb Code     0  rtentry.o(.ARM.Collect$$rtentry$$00000000)
    __rt_entry_presh_1                       0x08000219   Thumb Code     0  rtentry2.o(.ARM.Collect$$rtentry$$00000002)
    __rt_entry_sh                            0x08000219   Thumb Code     0  rtentry4.o(.ARM.Collect$$rtentry$$00000004)
    __rt_entry_li                            0x0800021f   Thumb Code     0  rtentry2.o(.ARM.Collect$$rtentry$$0000000A)
    __rt_entry_postsh_1                      0x0800021f   Thumb Code     0  rtentry2.o(.ARM.Collect$$rtentry$$00000009)
    __rt_entry_main                          0x08000223   Thumb Code     0  rtentry2.o(.ARM.Collect$$rtentry$$0000000D)
    __rt_entry_postli_1                      0x08000223   Thumb Code     0  rtentry2.o(.ARM.Collect$$rtentry$$0000000C)
    __rt_exit                                0x0800022b   Thumb Code     0  rtexit.o(.ARM.Collect$$rtexit$$00000000)
    __rt_exit_ls                             0x0800022d   Thumb Code     0  rtexit2.o(.ARM.Collect$$rtexit$$00000003)
    __rt_exit_prels_1                        0x0800022d   Thumb Code     0  rtexit2.o(.ARM.Collect$$rtexit$$00000002)
    __rt_exit_exit                           0x08000231   Thumb Code     0  rtexit2.o(.ARM.Collect$$rtexit$$00000004)
    Reset_Handler                            0x08000239   Thumb Code     8  startup_stm32f411xe.o(.text)
    ADC_IRQHandler                           0x08000253   Thumb Code     0  startup_stm32f411xe.o(.text)
    DMA1_Stream0_IRQHandler                  0x08000253   Thumb Code     0  startup_stm32f411xe.o(.text)
    DMA1_Stream1_IRQHandler                  0x08000253   Thumb Code     0  startup_stm32f411xe.o(.text)
    DMA1_Stream2_IRQHandler                  0x08000253   Thumb Code     0  startup_stm32f411xe.o(.text)
    DMA1_Stream3_IRQHandler                  0x08000253   Thumb Code     0  startup_stm32f411xe.o(.text)
    DMA1_Stream4_IRQHandler                  0x08000253   Thumb Code     0  startup_stm32f411xe.o(.text)
    DMA1_Stream6_IRQHandler                  0x08000253   Thumb Code     0  startup_stm32f411xe.o(.text)
    DMA1_Stream7_IRQHandler                  0x08000253   Thumb Code     0  startup_stm32f411xe.o(.text)
    DMA2_Stream0_IRQHandler                  0x08000253   Thumb Code     0  startup_stm32f411xe.o(.text)
    DMA2_Stream1_IRQHandler                  0x08000253   Thumb Code     0  startup_stm32f411xe.o(.text)
    DMA2_Stream3_IRQHandler                  0x08000253   Thumb Code     0  startup_stm32f411xe.o(.text)
    DMA2_Stream4_IRQHandler                  0x08000253   Thumb Code     0  startup_stm32f411xe.o(.text)
    DMA2_Stream6_IRQHandler                  0x08000253   Thumb Code     0  startup_stm32f411xe.o(.text)
    DMA2_Stream7_IRQHandler                  0x08000253   Thumb Code     0  startup_stm32f411xe.o(.text)
    EXTI0_IRQHandler                         0x08000253   Thumb Code     0  startup_stm32f411xe.o(.text)
    EXTI15_10_IRQHandler                     0x08000253   Thumb Code     0  startup_stm32f411xe.o(.text)
    EXTI1_IRQHandler                         0x08000253   Thumb Code     0  startup_stm32f411xe.o(.text)
    EXTI2_IRQHandler                         0x08000253   Thumb Code     0  startup_stm32f411xe.o(.text)
    EXTI3_IRQHandler                         0x08000253   Thumb Code     0  startup_stm32f411xe.o(.text)
    EXTI4_IRQHandler                         0x08000253   Thumb Code     0  startup_stm32f411xe.o(.text)
    EXTI9_5_IRQHandler                       0x08000253   Thumb Code     0  startup_stm32f411xe.o(.text)
    FLASH_IRQHandler                         0x08000253   Thumb Code     0  startup_stm32f411xe.o(.text)
    FPU_IRQHandler                           0x08000253   Thumb Code     0  startup_stm32f411xe.o(.text)
    I2C1_ER_IRQHandler                       0x08000253   Thumb Code     0  startup_stm32f411xe.o(.text)
    I2C1_EV_IRQHandler                       0x08000253   Thumb Code     0  startup_stm32f411xe.o(.text)
    I2C2_ER_IRQHandler                       0x08000253   Thumb Code     0  startup_stm32f411xe.o(.text)
    I2C2_EV_IRQHandler                       0x08000253   Thumb Code     0  startup_stm32f411xe.o(.text)
    I2C3_ER_IRQHandler                       0x08000253   Thumb Code     0  startup_stm32f411xe.o(.text)
    I2C3_EV_IRQHandler                       0x08000253   Thumb Code     0  startup_stm32f411xe.o(.text)
    OTG_FS_IRQHandler                        0x08000253   Thumb Code     0  startup_stm32f411xe.o(.text)
    OTG_FS_WKUP_IRQHandler                   0x08000253   Thumb Code     0  startup_stm32f411xe.o(.text)
    PVD_IRQHandler                           0x08000253   Thumb Code     0  startup_stm32f411xe.o(.text)
    RCC_IRQHandler                           0x08000253   Thumb Code     0  startup_stm32f411xe.o(.text)
    RTC_Alarm_IRQHandler                     0x08000253   Thumb Code     0  startup_stm32f411xe.o(.text)
    RTC_WKUP_IRQHandler                      0x08000253   Thumb Code     0  startup_stm32f411xe.o(.text)
    SDIO_IRQHandler                          0x08000253   Thumb Code     0  startup_stm32f411xe.o(.text)
    SPI1_IRQHandler                          0x08000253   Thumb Code     0  startup_stm32f411xe.o(.text)
    SPI2_IRQHandler                          0x08000253   Thumb Code     0  startup_stm32f411xe.o(.text)
    SPI3_IRQHandler                          0x08000253   Thumb Code     0  startup_stm32f411xe.o(.text)
    SPI4_IRQHandler                          0x08000253   Thumb Code     0  startup_stm32f411xe.o(.text)
    SPI5_IRQHandler                          0x08000253   Thumb Code     0  startup_stm32f411xe.o(.text)
    TAMP_STAMP_IRQHandler                    0x08000253   Thumb Code     0  startup_stm32f411xe.o(.text)
    TIM1_BRK_TIM9_IRQHandler                 0x08000253   Thumb Code     0  startup_stm32f411xe.o(.text)
    TIM1_CC_IRQHandler                       0x08000253   Thumb Code     0  startup_stm32f411xe.o(.text)
    TIM1_TRG_COM_TIM11_IRQHandler            0x08000253   Thumb Code     0  startup_stm32f411xe.o(.text)
    TIM1_UP_TIM10_IRQHandler                 0x08000253   Thumb Code     0  startup_stm32f411xe.o(.text)
    WWDG_IRQHandler                          0x08000253   Thumb Code     0  startup_stm32f411xe.o(.text)
    __user_initial_stackheap                 0x08000255   Thumb Code     0  startup_stm32f411xe.o(.text)
    __use_two_region_memory                  0x08000279   Thumb Code     2  heapauxi.o(.text)
    __rt_heap_escrow$2region                 0x0800027b   Thumb Code     2  heapauxi.o(.text)
    __rt_heap_expand$2region                 0x0800027d   Thumb Code     2  heapauxi.o(.text)
    __read_errno                             0x0800027f   Thumb Code    10  _rserrno.o(.text)
    __set_errno                              0x08000289   Thumb Code    12  _rserrno.o(.text)
    __aeabi_errno_addr                       0x08000295   Thumb Code     8  rt_errno_addr_intlibspace.o(.text)
    __errno$intlibspace                      0x08000295   Thumb Code     0  rt_errno_addr_intlibspace.o(.text)
    __rt_errno_addr$intlibspace              0x08000295   Thumb Code     0  rt_errno_addr_intlibspace.o(.text)
    __user_libspace                          0x0800029d   Thumb Code     8  libspace.o(.text)
    __user_perproc_libspace                  0x0800029d   Thumb Code     0  libspace.o(.text)
    __user_perthread_libspace                0x0800029d   Thumb Code     0  libspace.o(.text)
    __user_setup_stackheap                   0x080002a5   Thumb Code    74  sys_stackheap_outer.o(.text)
    exit                                     0x080002ef   Thumb Code    12  exit.o(.text)
    _sys_exit                                0x080002fd   Thumb Code     8  sys_exit.o(.text)
    __I$use$semihosting                      0x08000309   Thumb Code     0  use_no_semi.o(.text)
    __use_no_semihosting_swi                 0x08000309   Thumb Code     2  use_no_semi.o(.text)
    BusFault_Handler                         0x0800030b   Thumb Code     2  stm32f4xx_it.o(i.BusFault_Handler)
    __semihosting_library_function           0x0800030b   Thumb Code     0  indicate_semi.o(.text)
    Convert4BytesToWordData                  0x0800030d   Thumb Code    62  functions.o(i.Convert4BytesToWordData)
    Core_Delay_Us                            0x0800034b   Thumb Code    18  srf05.o(i.Core_Delay_Us)
    DMA1_Stream5_IRQHandler                  0x0800035d   Thumb Code    64  stm32f4xx_it.o(i.DMA1_Stream5_IRQHandler)
    DMA2_Stream2_IRQHandler                  0x080003bd   Thumb Code  1908  stm32f4xx_it.o(i.DMA2_Stream2_IRQHandler)
    DMA2_Stream5_IRQHandler                  0x08000b3d   Thumb Code   110  stm32f4xx_it.o(i.DMA2_Stream5_IRQHandler)
    DMA_ClearFlag                            0x08000bd1   Thumb Code    32  stm32f4xx_dma.o(i.DMA_ClearFlag)
    DMA_ClearITPendingBit                    0x08000bfd   Thumb Code    32  stm32f4xx_dma.o(i.DMA_ClearITPendingBit)
    DMA_Cmd                                  0x08000c29   Thumb Code    20  stm32f4xx_dma.o(i.DMA_Cmd)
    DMA_ITConfig                             0x08000c3d   Thumb Code    44  stm32f4xx_dma.o(i.DMA_ITConfig)
    DMA_Init                                 0x08000c69   Thumb Code    80  stm32f4xx_dma.o(i.DMA_Init)
    DebugMon_Handler                         0x08000cbd   Thumb Code     2  stm32f4xx_it.o(i.DebugMon_Handler)
    Defuzzification_Max_Min                  0x08000cc1   Thumb Code  1162  functions.o(i.Defuzzification_Max_Min)
    Degree_To_Degree                         0x08001151   Thumb Code    98  functions.o(i.Degree_To_Degree)
    DirPinConfig                             0x080011cd   Thumb Code    42  encoder.o(i.DirPinConfig)
    Encoder_Config                           0x08001201   Thumb Code    30  encoder.o(i.Encoder_Config)
    EraseMemory                              0x0800121f   Thumb Code    24  functions.o(i.EraseMemory)
    Error_AppendError                        0x08001237   Thumb Code    10  functions.o(i.Error_AppendError)
    Error_ResetIndex                         0x08001241   Thumb Code     6  functions.o(i.Error_ResetIndex)
    FLASH_EraseSector                        0x08001249   Thumb Code   104  stm32f4xx_flash.o(i.FLASH_EraseSector)
    FLASH_GetStatus                          0x080012b5   Thumb Code    56  stm32f4xx_flash.o(i.FLASH_GetStatus)
    FLASH_Lock                               0x080012f1   Thumb Code    12  stm32f4xx_flash.o(i.FLASH_Lock)
    FLASH_ProgramWord                        0x08001301   Thumb Code    56  stm32f4xx_flash.o(i.FLASH_ProgramWord)
    FLASH_Unlock                             0x0800133d   Thumb Code    22  stm32f4xx_flash.o(i.FLASH_Unlock)
    FLASH_WaitForLastOperation               0x08001361   Thumb Code    30  stm32f4xx_flash.o(i.FLASH_WaitForLastOperation)
    FeedBack                                 0x0800137f   Thumb Code    30  functions.o(i.FeedBack)
    Fuzzy_Max                                0x0800139d   Thumb Code    68  functions.o(i.Fuzzy_Max)
    Fuzzy_Min                                0x080013e1   Thumb Code    58  functions.o(i.Fuzzy_Min)
    Fuzzy_ParametersInit                     0x0800141d   Thumb Code   250  functions.o(i.Fuzzy_ParametersInit)
    GPIO_Init                                0x080015e9   Thumb Code   162  stm32f4xx_gpio.o(i.GPIO_Init)
    GPIO_PinAFConfig                         0x0800168b   Thumb Code    32  stm32f4xx_gpio.o(i.GPIO_PinAFConfig)
    GPIO_ReadInputDataBit                    0x080016ab   Thumb Code    14  stm32f4xx_gpio.o(i.GPIO_ReadInputDataBit)
    GPIO_ReadOutputDataBit                   0x080016b9   Thumb Code    14  stm32f4xx_gpio.o(i.GPIO_ReadOutputDataBit)
    GPIO_ResetBits                           0x080016c7   Thumb Code     4  stm32f4xx_gpio.o(i.GPIO_ResetBits)
    GPIO_SetBits                             0x080016cb   Thumb Code     4  stm32f4xx_gpio.o(i.GPIO_SetBits)
    GPS_ClearPathBuffer                      0x080016d1   Thumb Code    36  functions.o(i.GPS_ClearPathBuffer)
    GPS_GetLLQMessage                        0x080016fd   Thumb Code   290  functions.o(i.GPS_GetLLQMessage)
    GPS_GetLatFromString                     0x08001845   Thumb Code   154  functions.o(i.GPS_GetLatFromString)
    GPS_GetLonFromString                     0x080018f1   Thumb Code   140  functions.o(i.GPS_GetLonFromString)
    GPS_HeaderCompare                        0x0800198d   Thumb Code    26  functions.o(i.GPS_HeaderCompare)
    GPS_LLToDegree                           0x080019a9   Thumb Code   104  functions.o(i.GPS_LLToDegree)
    GPS_LatLonToUTM                          0x08001a21   Thumb Code  1378  functions.o(i.GPS_LatLonToUTM)
    GPS_ParametersInit                       0x08001f9d   Thumb Code    54  functions.o(i.GPS_ParametersInit)
    GPS_SavePathCoordinateToFlash            0x08001fe5   Thumb Code   160  functions.o(i.GPS_SavePathCoordinateToFlash)
    GPS_StanleyControl                       0x08002089   Thumb Code   754  functions.o(i.GPS_StanleyControl)
    GPS_UpdateParameters                     0x080023cd   Thumb Code     6  functions.o(i.GPS_UpdateParameters)
    GPS_UpdatePathCoordinate                 0x080023d5   Thumb Code   112  functions.o(i.GPS_UpdatePathCoordinate)
    GPS_UpdatePathYaw                        0x0800244d   Thumb Code   114  functions.o(i.GPS_UpdatePathYaw)
    GetAFFromTIM                             0x080024c9   Thumb Code    70  stm32f411_rccenable.o(i.GetAFFromTIM)
    GetIRQHandlerFromTIMxCC                  0x08002531   Thumb Code    84  stm32f411_rccenable.o(i.GetIRQHandlerFromTIMxCC)
    GetMessageInfo                           0x080025a1   Thumb Code    96  functions.o(i.GetMessageInfo)
    GetNbOfReceiveHeader                     0x08002601   Thumb Code   144  functions.o(i.GetNbOfReceiveHeader)
    GetPinSourceFromGPIOPin                  0x080026e1   Thumb Code   144  stm32f411_rccenable.o(i.GetPinSourceFromGPIOPin)
    GetValueFromString                       0x08002771   Thumb Code   344  functions.o(i.GetValueFromString)
    GetVehicleVelocity                       0x080028ed   Thumb Code   252  stm32f4xx_it.o(i.GetVehicleVelocity)
    HardFault_Handler                        0x08002a11   Thumb Code     2  stm32f4xx_it.o(i.HardFault_Handler)
    IMU_GetValueFromMessage                  0x08002a15   Thumb Code   126  functions.o(i.IMU_GetValueFromMessage)
    IMU_ParametesInit                        0x08002aa9   Thumb Code    30  functions.o(i.IMU_ParametesInit)
    IMU_UpdateFuzzyCoefficients              0x08002ad1   Thumb Code     8  functions.o(i.IMU_UpdateFuzzyCoefficients)
    IMU_UpdateFuzzyInput                     0x08002ad9   Thumb Code   202  functions.o(i.IMU_UpdateFuzzyInput)
    IMU_UpdatePreAngle                       0x08002bbd   Thumb Code    10  functions.o(i.IMU_UpdatePreAngle)
    IMU_UpdateSetAngle                       0x08002bc7   Thumb Code    34  functions.o(i.IMU_UpdateSetAngle)
    IsCorrectMessage                         0x08002be9   Thumb Code    46  functions.o(i.IsCorrectMessage)
    IsDouble                                 0x08002c19   Thumb Code    60  functions.o(i.IsDouble)
    IsValidData                              0x08002c5d   Thumb Code    12  functions.o(i.IsValidData)
    LRCCalculate                             0x08002c69   Thumb Code    22  functions.o(i.LRCCalculate)
    LengthOfLine                             0x08002c7f   Thumb Code    24  functions.o(i.LengthOfLine)
    M1_Backward                              0x08002c99   Thumb Code     8  encoder.o(i.M1_Backward)
    M1_Encoder_Config                        0x08002ca5   Thumb Code   162  encoder.o(i.M1_Encoder_Config)
    M1_Forward                               0x08002d59   Thumb Code     8  encoder.o(i.M1_Forward)
    M2_Backward                              0x08002d65   Thumb Code     8  encoder.o(i.M2_Backward)
    M2_Encoder_Config                        0x08002d71   Thumb Code   164  encoder.o(i.M2_Encoder_Config)
    M2_Forward                               0x08002e25   Thumb Code     8  encoder.o(i.M2_Forward)
    MemManage_Handler                        0x08002e31   Thumb Code     2  stm32f4xx_it.o(i.MemManage_Handler)
    NMI_Handler                              0x08002e33   Thumb Code     2  stm32f4xx_it.o(i.NMI_Handler)
    NVIC_Init                                0x08002e35   Thumb Code    96  misc.o(i.NVIC_Init)
    NVIC_PriorityGroupConfig                 0x08002e99   Thumb Code    10  misc.o(i.NVIC_PriorityGroupConfig)
    PID_Compute                              0x08002ead   Thumb Code   310  functions.o(i.PID_Compute)
    PID_ParametersInitial                    0x08003009   Thumb Code    44  functions.o(i.PID_ParametersInitial)
    PID_ParametersUpdate                     0x0800303d   Thumb Code     6  functions.o(i.PID_ParametersUpdate)
    PID_ReadParametersFromFlash              0x08003045   Thumb Code   158  main.o(i.PID_ReadParametersFromFlash)
    PID_ResetEncoder                         0x080030f9   Thumb Code    10  functions.o(i.PID_ResetEncoder)
    PID_ResetPID                             0x08003105   Thumb Code    18  functions.o(i.PID_ResetPID)
    PID_SavePIDParaToFlash                   0x08003121   Thumb Code   218  functions.o(i.PID_SavePIDParaToFlash)
    PID_UpdateEnc                            0x08003205   Thumb Code     4  functions.o(i.PID_UpdateEnc)
    PID_UpdateSetVel                         0x08003209   Thumb Code     6  functions.o(i.PID_UpdateSetVel)
    PWM_Config                               0x08003211   Thumb Code   148  encoder.o(i.PWM_Config)
    Parameters_Init                          0x080032b5   Thumb Code   128  main.o(i.Parameters_Init)
    PendSV_Handler                           0x08003379   Thumb Code     2  stm32f4xx_it.o(i.PendSV_Handler)
    Peripheral_Config                        0x0800337d   Thumb Code    62  main.o(i.Peripheral_Config)
    Pi_To_Pi                                 0x080033c1   Thumb Code   100  functions.o(i.Pi_To_Pi)
    RCC_AHB1PeriphClockCmd                   0x0800343d   Thumb Code    18  stm32f4xx_rcc.o(i.RCC_AHB1PeriphClockCmd)
    RCC_APB1PeriphClockCmd                   0x08003455   Thumb Code    18  stm32f4xx_rcc.o(i.RCC_APB1PeriphClockCmd)
    RCC_APB2PeriphClockCmd                   0x0800346d   Thumb Code    18  stm32f4xx_rcc.o(i.RCC_APB2PeriphClockCmd)
    RCC_GPIOxClockCmd                        0x08003485   Thumb Code   104  stm32f411_rccenable.o(i.RCC_GPIOxClockCmd)
    RCC_GetClocksFreq                        0x08003515   Thumb Code   132  stm32f4xx_rcc.o(i.RCC_GetClocksFreq)
    RCC_TIMxClockCmd                         0x080035a9   Thumb Code   142  stm32f411_rccenable.o(i.RCC_TIMxClockCmd)
    ReadFromFlash                            0x08003669   Thumb Code    60  functions.o(i.ReadFromFlash)
    Reset_Motor                              0x080036a5   Thumb Code    80  stm32f4xx_it.o(i.Reset_Motor)
    Robot_AntiClockwise                      0x0800370d   Thumb Code    14  encoder.o(i.Robot_AntiClockwise)
    Robot_Backward                           0x0800371b   Thumb Code    14  encoder.o(i.Robot_Backward)
    Robot_Clockwise                          0x08003729   Thumb Code    14  encoder.o(i.Robot_Clockwise)
    Robot_Forward                            0x08003737   Thumb Code    14  encoder.o(i.Robot_Forward)
    Robot_Run                                0x08003745   Thumb Code   118  encoder.o(i.Robot_Run)
    SVC_Handler                              0x080037d1   Thumb Code     2  stm32f4xx_it.o(i.SVC_Handler)
    SaveDataToInternalFlash                  0x080037d5   Thumb Code    36  stm32f4xx_it.o(i.SaveDataToInternalFlash)
    Self_ParametersInit                      0x08003809   Thumb Code    34  twowheelrobot.o(i.Self_ParametersInit)
    SendData                                 0x08003845   Thumb Code   462  main.o(i.SendData)
    SendStatusData                           0x08003a31   Thumb Code   412  main.o(i.SendStatusData)
    Srf05_BackEnd                            0x08003c59   Thumb Code    42  main.o(i.Srf05_BackEnd)
    Srf05_ClearFlag                          0x08003c91   Thumb Code     6  srf05.o(i.Srf05_ClearFlag)
    Srf05_FirstInit                          0x08003c99   Thumb Code    16  srf05.o(i.Srf05_FirstInit)
    Srf05_Initial                            0x08003cb1   Thumb Code   204  srf05.o(i.Srf05_Initial)
    Srf05_LeftFront                          0x08003d85   Thumb Code    42  main.o(i.Srf05_LeftFront)
    Srf05_MidFront                           0x08003dbd   Thumb Code    42  main.o(i.Srf05_MidFront)
    Srf05_RightFront                         0x08003df5   Thumb Code    38  main.o(i.Srf05_RightFront)
    Srf05_SetFlag                            0x08003e29   Thumb Code     6  srf05.o(i.Srf05_SetFlag)
    Srf05_StartSensorBack                    0x08003e31   Thumb Code    48  main.o(i.Srf05_StartSensorBack)
    Srf05_StartSensorLeft                    0x08003e65   Thumb Code    48  main.o(i.Srf05_StartSensorLeft)
    Srf05_StartSensorMid                     0x08003e99   Thumb Code    48  main.o(i.Srf05_StartSensorMid)
    Srf05_StartSensorRight                   0x08003ecd   Thumb Code    48  main.o(i.Srf05_StartSensorRight)
    StartTimer                               0x08003f01   Thumb Code    52  main.o(i.StartTimer)
    Status_CheckStatus                       0x08003f3d   Thumb Code     4  functions.o(i.Status_CheckStatus)
    Status_ParametersInit                    0x08003f41   Thumb Code    28  functions.o(i.Status_ParametersInit)
    Status_UpdateStatus                      0x08003f5d   Thumb Code     4  functions.o(i.Status_UpdateStatus)
    StopTimer                                0x08003f61   Thumb Code    24  main.o(i.StopTimer)
    Stop_Motor                               0x08003f79   Thumb Code    10  encoder.o(i.Stop_Motor)
    StringHeaderCompare                      0x08003f89   Thumb Code    28  functions.o(i.StringHeaderCompare)
    SysTick_Handler                          0x08003fa5   Thumb Code   110  stm32f4xx_it.o(i.SysTick_Handler)
    SystemInit                               0x0800401d   Thumb Code    74  system_stm32f4xx.o(i.SystemInit)
    TIM2_IRQHandler                          0x080040dd   Thumb Code   354  stm32f4xx_it.o(i.TIM2_IRQHandler)
    TIM3_IRQHandler                          0x08004269   Thumb Code    20  stm32f4xx_it.o(i.TIM3_IRQHandler)
    TIM4_IRQHandler                          0x08004285   Thumb Code    20  stm32f4xx_it.o(i.TIM4_IRQHandler)
    TIM5_IRQHandler                          0x080042a1   Thumb Code    56  main.o(i.TIM5_IRQHandler)
    TIM_ARRPreloadConfig                     0x080042e1   Thumb Code    20  stm32f4xx_tim.o(i.TIM_ARRPreloadConfig)
    TIM_ClearITPendingBit                    0x080042f5   Thumb Code     6  stm32f4xx_tim.o(i.TIM_ClearITPendingBit)
    TIM_Cmd                                  0x080042fb   Thumb Code    20  stm32f4xx_tim.o(i.TIM_Cmd)
    TIM_EncoderInterfaceConfig               0x0800430f   Thumb Code    50  stm32f4xx_tim.o(i.TIM_EncoderInterfaceConfig)
    TIM_GetCapture3                          0x08004341   Thumb Code     4  stm32f4xx_tim.o(i.TIM_GetCapture3)
    TIM_GetCapture4                          0x08004345   Thumb Code     4  stm32f4xx_tim.o(i.TIM_GetCapture4)
    TIM_GetCounter                           0x08004349   Thumb Code     4  stm32f4xx_tim.o(i.TIM_GetCounter)
    TIM_GetFlagStatus                        0x0800434d   Thumb Code    14  stm32f4xx_tim.o(i.TIM_GetFlagStatus)
    TIM_ICInit                               0x0800435b   Thumb Code   172  stm32f4xx_tim.o(i.TIM_ICInit)
    TIM_ITConfig                             0x08004407   Thumb Code    16  stm32f4xx_tim.o(i.TIM_ITConfig)
    TIM_OC1Init                              0x08004419   Thumb Code    88  stm32f4xx_tim.o(i.TIM_OC1Init)
    TIM_OC1PreloadConfig                     0x08004479   Thumb Code    12  stm32f4xx_tim.o(i.TIM_OC1PreloadConfig)
    TIM_OC2Init                              0x08004485   Thumb Code   120  stm32f4xx_tim.o(i.TIM_OC2Init)
    TIM_OC2PreloadConfig                     0x08004505   Thumb Code    20  stm32f4xx_tim.o(i.TIM_OC2PreloadConfig)
    TIM_SetIC1Prescaler                      0x08004519   Thumb Code    16  stm32f4xx_tim.o(i.TIM_SetIC1Prescaler)
    TIM_SetIC2Prescaler                      0x08004529   Thumb Code    24  stm32f4xx_tim.o(i.TIM_SetIC2Prescaler)
    TIM_SetIC3Prescaler                      0x08004541   Thumb Code    16  stm32f4xx_tim.o(i.TIM_SetIC3Prescaler)
    TIM_SetIC4Prescaler                      0x08004551   Thumb Code    24  stm32f4xx_tim.o(i.TIM_SetIC4Prescaler)
    TIM_TimeBaseInit                         0x08004569   Thumb Code    96  stm32f4xx_tim.o(i.TIM_TimeBaseInit)
    Time_GetSampleTime                       0x080045e5   Thumb Code    52  functions.o(i.Time_GetSampleTime)
    Time_ParametersInit                      0x08004629   Thumb Code    20  functions.o(i.Time_ParametersInit)
    Time_SampleTimeUpdate                    0x0800463d   Thumb Code     4  functions.o(i.Time_SampleTimeUpdate)
    Time_SendTimeUpdate                      0x08004641   Thumb Code    10  functions.o(i.Time_SendTimeUpdate)
    TimerDelayConfig                         0x0800464d   Thumb Code    64  main.o(i.TimerDelayConfig)
    ToChar                                   0x08004695   Thumb Code   254  functions.o(i.ToChar)
    ToHex                                    0x080047a5   Thumb Code    14  functions.o(i.ToHex)
    ToRPM                                    0x080047b5   Thumb Code    36  functions.o(i.ToRPM)
    Trapf                                    0x080047e9   Thumb Code   198  functions.o(i.Trapf)
    Trimf                                    0x080048c1   Thumb Code   194  functions.o(i.Trimf)
    U1_SendData                              0x0800498d   Thumb Code    32  usart_dma_config.o(i.U1_SendData)
    U6_SendData                              0x080049b1   Thumb Code    30  usart_dma_config.o(i.U6_SendData)
    USART1_Config                            0x080049d9   Thumb Code   334  usart_dma_config.o(i.USART1_Config)
    USART1_IRQHandler                        0x08004b3d   Thumb Code    50  stm32f4xx_it.o(i.USART1_IRQHandler)
    USART2_Config                            0x08004b7d   Thumb Code   334  usart_dma_config.o(i.USART2_Config)
    USART2_IRQHandler                        0x08004ce1   Thumb Code    50  stm32f4xx_it.o(i.USART2_IRQHandler)
    USART6_Config                            0x08004d21   Thumb Code   332  usart_dma_config.o(i.USART6_Config)
    USART6_IRQHandler                        0x08004e81   Thumb Code    50  stm32f4xx_it.o(i.USART6_IRQHandler)
    USART_ClearFlag                          0x08004ec1   Thumb Code     6  stm32f4xx_usart.o(i.USART_ClearFlag)
    USART_Cmd                                0x08004ec7   Thumb Code    20  stm32f4xx_usart.o(i.USART_Cmd)
    USART_DMACmd                             0x08004edb   Thumb Code    16  stm32f4xx_usart.o(i.USART_DMACmd)
    USART_GetITStatus                        0x08004eeb   Thumb Code    62  stm32f4xx_usart.o(i.USART_GetITStatus)
    USART_ITConfig                           0x08004f29   Thumb Code    48  stm32f4xx_usart.o(i.USART_ITConfig)
    USART_Init                               0x08004f59   Thumb Code   164  stm32f4xx_usart.o(i.USART_Init)
    USART_ReceiveData                        0x08005005   Thumb Code     8  stm32f4xx_usart.o(i.USART_ReceiveData)
    UsageFault_Handler                       0x0800500d   Thumb Code     2  stm32f4xx_it.o(i.UsageFault_Handler)
    Veh_CheckStateChange                     0x0800500f   Thumb Code    24  functions.o(i.Veh_CheckStateChange)
    Veh_GetCommandMessage                    0x08005027   Thumb Code    50  functions.o(i.Veh_GetCommandMessage)
    Veh_ParametersInit                       0x08005059   Thumb Code    58  functions.o(i.Veh_ParametersInit)
    Veh_UpdateMaxVelocity                    0x080050a5   Thumb Code     6  functions.o(i.Veh_UpdateMaxVelocity)
    Veh_UpdateVehicleFromKey                 0x080050ad   Thumb Code   296  functions.o(i.Veh_UpdateVehicleFromKey)
    WriteToFlash                             0x08005209   Thumb Code    86  functions.o(i.WriteToFlash)
    __ARM_fpclassify                         0x0800525f   Thumb Code    48  fpclassify.o(i.__ARM_fpclassify)
    __hardfp_atan                            0x08005291   Thumb Code   632  atan.o(i.__hardfp_atan)
    __hardfp_atan2                           0x08005571   Thumb Code   426  atan2.o(i.__hardfp_atan2)
    __hardfp_cos                             0x08005761   Thumb Code   200  cos.o(i.__hardfp_cos)
    __hardfp_fabs                            0x08005839   Thumb Code    20  fabs.o(i.__hardfp_fabs)
    __hardfp_log                             0x08005851   Thumb Code   882  log.o(i.__hardfp_log)
    __hardfp_pow                             0x08005c39   Thumb Code  3048  pow.o(i.__hardfp_pow)
    __hardfp_sin                             0x08006871   Thumb Code   200  sin.o(i.__hardfp_sin)
    __hardfp_sqrt                            0x08006949   Thumb Code   122  sqrt.o(i.__hardfp_sqrt)
    __hardfp_tan                             0x080069c9   Thumb Code   142  tan.o(i.__hardfp_tan)
    __ieee754_rem_pio2                       0x08006a69   Thumb Code   938  rred.o(i.__ieee754_rem_pio2)
    __kernel_cos                             0x08006ea1   Thumb Code   322  cos_i.o(i.__kernel_cos)
    __kernel_poly                            0x08007011   Thumb Code   248  poly.o(i.__kernel_poly)
    __kernel_sin                             0x08007109   Thumb Code   280  sin_i.o(i.__kernel_sin)
    __kernel_tan                             0x08007239   Thumb Code   764  tan_i.o(i.__kernel_tan)
    __mathlib_dbl_underflow                  0x08007589   Thumb Code    24  dunder.o(i.__mathlib_dbl_underflow)
    atan                                     0x080075a9   Thumb Code    16  atan.o(i.atan)
    fabs                                     0x080075b9   Thumb Code    24  fabs.o(i.fabs)
    fix                                      0x080075d1   Thumb Code    20  functions.o(i.fix)
    main                                     0x080075e5   Thumb Code  1312  main.o(i.main)
    sqrt                                     0x08007b09   Thumb Code   110  sqrt.o(i.sqrt)
    __aeabi_dneg                             0x08007b77   Thumb Code     0  basic.o(x$fpl$basic)
    _dneg                                    0x08007b77   Thumb Code     6  basic.o(x$fpl$basic)
    __aeabi_fneg                             0x08007b7d   Thumb Code     0  basic.o(x$fpl$basic)
    _fneg                                    0x08007b7d   Thumb Code     6  basic.o(x$fpl$basic)
    _dabs                                    0x08007b83   Thumb Code     6  basic.o(x$fpl$basic)
    _fabs                                    0x08007b89   Thumb Code     6  basic.o(x$fpl$basic)
    __aeabi_dadd                             0x08007b91   Thumb Code     0  daddsub_clz.o(x$fpl$dadd)
    _dadd                                    0x08007b91   Thumb Code   332  daddsub_clz.o(x$fpl$dadd)
    __fpl_dcheck_NaN1                        0x08007ce1   Thumb Code    10  dcheck1.o(x$fpl$dcheck1)
    __fpl_dcmp_Inf                           0x08007cf1   Thumb Code    24  dcmpi.o(x$fpl$dcmpinf)
    __aeabi_ddiv                             0x08007d09   Thumb Code     0  ddiv.o(x$fpl$ddiv)
    _ddiv                                    0x08007d09   Thumb Code   552  ddiv.o(x$fpl$ddiv)
    __aeabi_cdcmpeq                          0x08007fb9   Thumb Code     0  deqf.o(x$fpl$deqf)
    _dcmpeq                                  0x08007fb9   Thumb Code   120  deqf.o(x$fpl$deqf)
    __aeabi_d2iz                             0x08008031   Thumb Code     0  dfix.o(x$fpl$dfix)
    _dfix                                    0x08008031   Thumb Code    94  dfix.o(x$fpl$dfix)
    __aeabi_d2uiz                            0x08008091   Thumb Code     0  dfixu.o(x$fpl$dfixu)
    _dfixu                                   0x08008091   Thumb Code    90  dfixu.o(x$fpl$dfixu)
    __aeabi_i2d                              0x080080eb   Thumb Code     0  dflt_clz.o(x$fpl$dflt)
    _dflt                                    0x080080eb   Thumb Code    46  dflt_clz.o(x$fpl$dflt)
    __aeabi_ui2d                             0x08008119   Thumb Code     0  dflt_clz.o(x$fpl$dfltu)
    _dfltu                                   0x08008119   Thumb Code    38  dflt_clz.o(x$fpl$dfltu)
    __aeabi_cdcmple                          0x08008141   Thumb Code     0  dleqf.o(x$fpl$dleqf)
    _dcmple                                  0x08008141   Thumb Code   120  dleqf.o(x$fpl$dleqf)
    __fpl_dcmple_InfNaN                      0x080081a3   Thumb Code     0  dleqf.o(x$fpl$dleqf)
    __aeabi_dmul                             0x080081b9   Thumb Code     0  dmul.o(x$fpl$dmul)
    _dmul                                    0x080081b9   Thumb Code   332  dmul.o(x$fpl$dmul)
    __fpl_dnaninf                            0x0800830d   Thumb Code   156  dnaninf.o(x$fpl$dnaninf)
    __fpl_dretinf                            0x080083a9   Thumb Code    12  dretinf.o(x$fpl$dretinf)
    __aeabi_cdrcmple                         0x080083b5   Thumb Code     0  drleqf.o(x$fpl$drleqf)
    _drcmple                                 0x080083b5   Thumb Code   108  drleqf.o(x$fpl$drleqf)
    __aeabi_drsub                            0x08008421   Thumb Code     0  daddsub_clz.o(x$fpl$drsb)
    _drsb                                    0x08008421   Thumb Code    22  daddsub_clz.o(x$fpl$drsb)
    _dsqrt                                   0x08008439   Thumb Code   404  dsqrt_umaal.o(x$fpl$dsqrt)
    __aeabi_dsub                             0x080085d1   Thumb Code     0  daddsub_clz.o(x$fpl$dsub)
    _dsub                                    0x080085d1   Thumb Code   464  daddsub_clz.o(x$fpl$dsub)
    _fp_init                                 0x080087a5   Thumb Code    10  fpinit.o(x$fpl$fpinit)
    __fplib_config_fpu_vfp                   0x080087ad   Thumb Code     0  fpinit.o(x$fpl$fpinit)
    __fplib_config_pureend_doubles           0x080087ad   Thumb Code     0  fpinit.o(x$fpl$fpinit)
    __fpl_return_NaN                         0x080087af   Thumb Code   100  retnan.o(x$fpl$retnan)
    __ARM_scalbn                             0x08008813   Thumb Code    92  scalbn.o(x$fpl$scalbn)
    __fpl_cmpreturn                          0x0800886f   Thumb Code    48  trapv.o(x$fpl$trapveneer)
    __I$use$fp                               0x0800889e   Number         0  usenofp.o(x$fpl$usenofp)
    __mathlib_zero                           0x08008a28   Data           8  qnan.o(.constdata)
    Region$$Table$$Base                      0x08008b80   Number         0  anon$$obj.o(Region$$Table)
    Region$$Table$$Limit                     0x08008ba0   Number         0  anon$$obj.o(Region$$Table)
    SystemCoreClock                          0x20000000   Data           4  system_stm32f4xx.o(.data)
    AHBPrescTable                            0x20000004   Data          16  system_stm32f4xx.o(.data)
    Main_NVIC_Struct                         0x20000014   Data           4  main.o(.data)
    temp3                                    0x20000018   Data           1  stm32f4xx_it.o(.data)
    temp2                                    0x20000019   Data           1  stm32f4xx_it.o(.data)
    temp1                                    0x2000001a   Data           1  stm32f4xx_it.o(.data)
    En_NVIC_Struct                           0x2000001c   Data           4  encoder.o(.data)
    En_GPIO_Struct                           0x20000020   Data           8  encoder.o(.data)
    US_NVIC_Struct                           0x20000028   Data           4  usart_dma_config.o(.data)
    U2_TxBuffer                              0x2000002c   Data           5  usart_dma_config.o(.data)
    US_GPIO_Struct                           0x20000034   Data           8  usart_dma_config.o(.data)
    F_GPIO_Struct                            0x20000040   Data           8  functions.o(.data)
    NB                                       0x20000048   Data           8  functions.o(.data)
    NM                                       0x20000050   Data           8  functions.o(.data)
    NS                                       0x20000058   Data           8  functions.o(.data)
    ZE                                       0x20000060   Data           8  functions.o(.data)
    PS                                       0x20000068   Data           8  functions.o(.data)
    PM                                       0x20000070   Data           8  functions.o(.data)
    PB                                       0x20000078   Data           8  functions.o(.data)
    Srf05_NVIC_Struct                        0x20000080   Data           4  srf05.o(.data)
    Srf05_GPIO_Struct                        0x20000084   Data           8  srf05.o(.data)
    Main_TIM_Struct                          0x200000a0   Data          12  main.o(.bss)
    Srf05_Struct                             0x200000ac   Data          24  main.o(.bss)
    Mid                                      0x200000c8   Data          16  main.o(.bss)
    Left                                     0x200000d8   Data          16  main.o(.bss)
    Right                                    0x200000e8   Data          16  main.o(.bss)
    Back                                     0x200000f8   Data          16  main.o(.bss)
    En_TIM_BaseStruct                        0x20000108   Data          12  encoder.o(.bss)
    En_TIM_OCStruct                          0x20000114   Data          20  encoder.o(.bss)
    US_DMA_Struct                            0x20000128   Data          60  usart_dma_config.o(.bss)
    US_USART_Struct                          0x20000164   Data          16  usart_dma_config.o(.bss)
    U1_TxBuffer                              0x20000174   Data          20  usart_dma_config.o(.bss)
    U1_RxBuffer                              0x20000188   Data         100  usart_dma_config.o(.bss)
    U2_RxBuffer                              0x200001ec   Data        1000  usart_dma_config.o(.bss)
    U6_TxBuffer                              0x200005d4   Data         500  usart_dma_config.o(.bss)
    U6_RxBuffer                              0x200007c8   Data        1000  usart_dma_config.o(.bss)
    VehStt                                   0x20000bb0   Data          13  functions.o(.bss)
    M1                                       0x20000bc0   Data          88  functions.o(.bss)
    M2                                       0x20000c18   Data          88  functions.o(.bss)
    GPS_NEO                                  0x20000c70   Data        2088  functions.o(.bss)
    Mag                                      0x20001498   Data          72  functions.o(.bss)
    Timer                                    0x200014e0   Data          32  functions.o(.bss)
    Flash                                    0x20001500   Data        2004  functions.o(.bss)
    In1_NS                                   0x20001cd8   Data          24  functions.o(.bss)
    In1_ZE                                   0x20001cf0   Data          24  functions.o(.bss)
    In1_PS                                   0x20001d08   Data          24  functions.o(.bss)
    In2_ZE                                   0x20001d20   Data          24  functions.o(.bss)
    In1_NB                                   0x20001d38   Data          32  functions.o(.bss)
    In1_PB                                   0x20001d58   Data          32  functions.o(.bss)
    In2_NE                                   0x20001d78   Data          32  functions.o(.bss)
    In2_PO                                   0x20001d98   Data          32  functions.o(.bss)
    TempBuffer                               0x20001db8   Data          60  functions.o(.bss)
    U2                                       0x20001df4   Data        1500  functions.o(.bss)
    U6                                       0x200023d0   Data        1500  functions.o(.bss)
    Veh                                      0x200029b0   Data          48  functions.o(.bss)
    Veh_Error                                0x200029e0   Data          21  functions.o(.bss)
    Srf05_TIM_TimeBaseStruct                 0x200029f8   Data          12  srf05.o(.bss)
    Srf05_TIM_ICStruct                       0x20002a04   Data          10  srf05.o(.bss)
    selfPosition                             0x20002a10   Data          56  twowheelrobot.o(.bss)
    __libspace_start                         0x20002a48   Data          96  libspace.o(.bss)
    __temporary_stack_top$libspace           0x20002aa8   Data           0  libspace.o(.bss)



==============================================================================

Memory Map of the image

  Image Entry point : 0x08000199

  Load Region LR_IROM1 (Base: 0x08000000, Size: 0x00008c3c, Max: 0x00080000, ABSOLUTE)

    Execution Region ER_IROM1 (Base: 0x08000000, Size: 0x00008ba0, Max: 0x00080000, ABSOLUTE)

    Base Addr    Size         Type   Attr      Idx    E Section Name        Object

    0x08000000   0x00000198   Data   RO         1454    RESET               startup_stm32f411xe.o
    0x08000198   0x00000008   Code   RO         3282  * !!!main             c_w.l(__main.o)
    0x080001a0   0x00000034   Code   RO         3633    !!!scatter          c_w.l(__scatter.o)
    0x080001d4   0x0000001a   Code   RO         3635    !!handler_copy      c_w.l(__scatter_copy.o)
    0x080001ee   0x00000002   PAD
    0x080001f0   0x0000001c   Code   RO         3637    !!handler_zi        c_w.l(__scatter_zi.o)
    0x0800020c   0x00000002   Code   RO         3505    .ARM.Collect$$libinit$$00000000  c_w.l(libinit.o)
    0x0800020e   0x00000004   Code   RO         3510    .ARM.Collect$$libinit$$00000001  c_w.l(libinit2.o)
    0x08000212   0x00000000   Code   RO         3514    .ARM.Collect$$libinit$$00000008  c_w.l(libinit2.o)
    0x08000212   0x00000000   Code   RO         3516    .ARM.Collect$$libinit$$0000000A  c_w.l(libinit2.o)
    0x08000212   0x00000000   Code   RO         3518    .ARM.Collect$$libinit$$0000000C  c_w.l(libinit2.o)
    0x08000212   0x00000000   Code   RO         3521    .ARM.Collect$$libinit$$0000000F  c_w.l(libinit2.o)
    0x08000212   0x00000000   Code   RO         3523    .ARM.Collect$$libinit$$00000011  c_w.l(libinit2.o)
    0x08000212   0x00000000   Code   RO         3525    .ARM.Collect$$libinit$$00000013  c_w.l(libinit2.o)
    0x08000212   0x00000000   Code   RO         3527    .ARM.Collect$$libinit$$00000015  c_w.l(libinit2.o)
    0x08000212   0x00000000   Code   RO         3529    .ARM.Collect$$libinit$$00000017  c_w.l(libinit2.o)
    0x08000212   0x00000000   Code   RO         3531    .ARM.Collect$$libinit$$00000019  c_w.l(libinit2.o)
    0x08000212   0x00000000   Code   RO         3533    .ARM.Collect$$libinit$$0000001B  c_w.l(libinit2.o)
    0x08000212   0x00000000   Code   RO         3535    .ARM.Collect$$libinit$$0000001D  c_w.l(libinit2.o)
    0x08000212   0x00000000   Code   RO         3537    .ARM.Collect$$libinit$$0000001F  c_w.l(libinit2.o)
    0x08000212   0x00000000   Code   RO         3539    .ARM.Collect$$libinit$$00000021  c_w.l(libinit2.o)
    0x08000212   0x00000000   Code   RO         3541    .ARM.Collect$$libinit$$00000023  c_w.l(libinit2.o)
    0x08000212   0x00000000   Code   RO         3545    .ARM.Collect$$libinit$$0000002A  c_w.l(libinit2.o)
    0x08000212   0x00000000   Code   RO         3547    .ARM.Collect$$libinit$$0000002C  c_w.l(libinit2.o)
    0x08000212   0x00000000   Code   RO         3549    .ARM.Collect$$libinit$$0000002E  c_w.l(libinit2.o)
    0x08000212   0x00000000   Code   RO         3551    .ARM.Collect$$libinit$$00000030  c_w.l(libinit2.o)
    0x08000212   0x00000002   Code   RO         3552    .ARM.Collect$$libinit$$00000031  c_w.l(libinit2.o)
    0x08000214   0x00000002   Code   RO         3574    .ARM.Collect$$libshutdown$$00000000  c_w.l(libshutdown.o)
    0x08000216   0x00000000   Code   RO         3588    .ARM.Collect$$libshutdown$$00000003  c_w.l(libshutdown2.o)
    0x08000216   0x00000000   Code   RO         3591    .ARM.Collect$$libshutdown$$00000006  c_w.l(libshutdown2.o)
    0x08000216   0x00000000   Code   RO         3594    .ARM.Collect$$libshutdown$$00000009  c_w.l(libshutdown2.o)
    0x08000216   0x00000000   Code   RO         3596    .ARM.Collect$$libshutdown$$0000000B  c_w.l(libshutdown2.o)
    0x08000216   0x00000000   Code   RO         3599    .ARM.Collect$$libshutdown$$0000000E  c_w.l(libshutdown2.o)
    0x08000216   0x00000002   Code   RO         3600    .ARM.Collect$$libshutdown$$0000000F  c_w.l(libshutdown2.o)
    0x08000218   0x00000000   Code   RO         3428    .ARM.Collect$$rtentry$$00000000  c_w.l(rtentry.o)
    0x08000218   0x00000000   Code   RO         3472    .ARM.Collect$$rtentry$$00000002  c_w.l(rtentry2.o)
    0x08000218   0x00000006   Code   RO         3484    .ARM.Collect$$rtentry$$00000004  c_w.l(rtentry4.o)
    0x0800021e   0x00000000   Code   RO         3474    .ARM.Collect$$rtentry$$00000009  c_w.l(rtentry2.o)
    0x0800021e   0x00000004   Code   RO         3475    .ARM.Collect$$rtentry$$0000000A  c_w.l(rtentry2.o)
    0x08000222   0x00000000   Code   RO         3477    .ARM.Collect$$rtentry$$0000000C  c_w.l(rtentry2.o)
    0x08000222   0x00000008   Code   RO         3478    .ARM.Collect$$rtentry$$0000000D  c_w.l(rtentry2.o)
    0x0800022a   0x00000002   Code   RO         3508    .ARM.Collect$$rtexit$$00000000  c_w.l(rtexit.o)
    0x0800022c   0x00000000   Code   RO         3556    .ARM.Collect$$rtexit$$00000002  c_w.l(rtexit2.o)
    0x0800022c   0x00000004   Code   RO         3557    .ARM.Collect$$rtexit$$00000003  c_w.l(rtexit2.o)
    0x08000230   0x00000006   Code   RO         3558    .ARM.Collect$$rtexit$$00000004  c_w.l(rtexit2.o)
    0x08000236   0x00000002   PAD
    0x08000238   0x00000040   Code   RO         1455    .text               startup_stm32f411xe.o
    0x08000278   0x00000006   Code   RO         3280    .text               c_w.l(heapauxi.o)
    0x0800027e   0x00000016   Code   RO         3429    .text               c_w.l(_rserrno.o)
    0x08000294   0x00000008   Code   RO         3489    .text               c_w.l(rt_errno_addr_intlibspace.o)
    0x0800029c   0x00000008   Code   RO         3493    .text               c_w.l(libspace.o)
    0x080002a4   0x0000004a   Code   RO         3496    .text               c_w.l(sys_stackheap_outer.o)
    0x080002ee   0x0000000c   Code   RO         3498    .text               c_w.l(exit.o)
    0x080002fa   0x00000002   PAD
    0x080002fc   0x0000000c   Code   RO         3566    .text               c_w.l(sys_exit.o)
    0x08000308   0x00000002   Code   RO         3577    .text               c_w.l(use_no_semi.o)
    0x0800030a   0x00000000   Code   RO         3579    .text               c_w.l(indicate_semi.o)
    0x0800030a   0x00000002   Code   RO          325    i.BusFault_Handler  stm32f4xx_it.o
    0x0800030c   0x0000003e   Code   RO          697    i.Convert4BytesToWordData  functions.o
    0x0800034a   0x00000012   Code   RO         1294    i.Core_Delay_Us     srf05.o
    0x0800035c   0x00000060   Code   RO          326    i.DMA1_Stream5_IRQHandler  stm32f4xx_it.o
    0x080003bc   0x00000780   Code   RO          327    i.DMA2_Stream2_IRQHandler  stm32f4xx_it.o
    0x08000b3c   0x00000094   Code   RO          328    i.DMA2_Stream5_IRQHandler  stm32f4xx_it.o
    0x08000bd0   0x0000002c   Code   RO         1702    i.DMA_ClearFlag     stm32f4xx_dma.o
    0x08000bfc   0x0000002c   Code   RO         1703    i.DMA_ClearITPendingBit  stm32f4xx_dma.o
    0x08000c28   0x00000014   Code   RO         1704    i.DMA_Cmd           stm32f4xx_dma.o
    0x08000c3c   0x0000002c   Code   RO         1715    i.DMA_ITConfig      stm32f4xx_dma.o
    0x08000c68   0x00000054   Code   RO         1716    i.DMA_Init          stm32f4xx_dma.o
    0x08000cbc   0x00000002   Code   RO          329    i.DebugMon_Handler  stm32f4xx_it.o
    0x08000cbe   0x00000002   PAD
    0x08000cc0   0x00000490   Code   RO          698    i.Defuzzification_Max_Min  functions.o
    0x08001150   0x0000007c   Code   RO          699    i.Degree_To_Degree  functions.o
    0x080011cc   0x00000034   Code   RO          480    i.DirPinConfig      encoder.o
    0x08001200   0x0000001e   Code   RO          481    i.Encoder_Config    encoder.o
    0x0800121e   0x00000018   Code   RO          700    i.EraseMemory       functions.o
    0x08001236   0x0000000a   Code   RO          701    i.Error_AppendError  functions.o
    0x08001240   0x00000006   Code   RO          702    i.Error_ResetIndex  functions.o
    0x08001246   0x00000002   PAD
    0x08001248   0x0000006c   Code   RO         3029    i.FLASH_EraseSector  stm32f4xx_flash.o
    0x080012b4   0x0000003c   Code   RO         3031    i.FLASH_GetStatus   stm32f4xx_flash.o
    0x080012f0   0x00000010   Code   RO         3035    i.FLASH_Lock        stm32f4xx_flash.o
    0x08001300   0x0000003c   Code   RO         3059    i.FLASH_ProgramWord  stm32f4xx_flash.o
    0x0800133c   0x00000024   Code   RO         3061    i.FLASH_Unlock      stm32f4xx_flash.o
    0x08001360   0x0000001e   Code   RO         3062    i.FLASH_WaitForLastOperation  stm32f4xx_flash.o
    0x0800137e   0x0000001e   Code   RO          703    i.FeedBack          functions.o
    0x0800139c   0x00000044   Code   RO          704    i.Fuzzy_Max         functions.o
    0x080013e0   0x0000003a   Code   RO          705    i.Fuzzy_Min         functions.o
    0x0800141a   0x00000002   PAD
    0x0800141c   0x000001cc   Code   RO          706    i.Fuzzy_ParametersInit  functions.o
    0x080015e8   0x000000a2   Code   RO         1835    i.GPIO_Init         stm32f4xx_gpio.o
    0x0800168a   0x00000020   Code   RO         1836    i.GPIO_PinAFConfig  stm32f4xx_gpio.o
    0x080016aa   0x0000000e   Code   RO         1839    i.GPIO_ReadInputDataBit  stm32f4xx_gpio.o
    0x080016b8   0x0000000e   Code   RO         1841    i.GPIO_ReadOutputDataBit  stm32f4xx_gpio.o
    0x080016c6   0x00000004   Code   RO         1842    i.GPIO_ResetBits    stm32f4xx_gpio.o
    0x080016ca   0x00000004   Code   RO         1843    i.GPIO_SetBits      stm32f4xx_gpio.o
    0x080016ce   0x00000002   PAD
    0x080016d0   0x0000002c   Code   RO          707    i.GPS_ClearPathBuffer  functions.o
    0x080016fc   0x00000148   Code   RO          709    i.GPS_GetLLQMessage  functions.o
    0x08001844   0x000000ac   Code   RO          710    i.GPS_GetLatFromString  functions.o
    0x080018f0   0x0000009c   Code   RO          711    i.GPS_GetLonFromString  functions.o
    0x0800198c   0x0000001a   Code   RO          713    i.GPS_HeaderCompare  functions.o
    0x080019a6   0x00000002   PAD
    0x080019a8   0x00000078   Code   RO          714    i.GPS_LLToDegree    functions.o
    0x08001a20   0x0000057c   Code   RO          715    i.GPS_LatLonToUTM   functions.o
    0x08001f9c   0x00000048   Code   RO          716    i.GPS_ParametersInit  functions.o
    0x08001fe4   0x000000a4   Code   RO          717    i.GPS_SavePathCoordinateToFlash  functions.o
    0x08002088   0x00000344   Code   RO          718    i.GPS_StanleyControl  functions.o
    0x080023cc   0x00000006   Code   RO          719    i.GPS_UpdateParameters  functions.o
    0x080023d2   0x00000002   PAD
    0x080023d4   0x00000078   Code   RO          720    i.GPS_UpdatePathCoordinate  functions.o
    0x0800244c   0x0000007c   Code   RO          721    i.GPS_UpdatePathYaw  functions.o
    0x080024c8   0x00000068   Code   RO         1358    i.GetAFFromTIM      stm32f411_rccenable.o
    0x08002530   0x00000070   Code   RO         1359    i.GetIRQHandlerFromTIMxCC  stm32f411_rccenable.o
    0x080025a0   0x00000060   Code   RO          722    i.GetMessageInfo    functions.o
    0x08002600   0x000000e0   Code   RO          723    i.GetNbOfReceiveHeader  functions.o
    0x080026e0   0x00000090   Code   RO         1360    i.GetPinSourceFromGPIOPin  stm32f411_rccenable.o
    0x08002770   0x0000017c   Code   RO          724    i.GetValueFromString  functions.o
    0x080028ec   0x00000124   Code   RO          330    i.GetVehicleVelocity  stm32f4xx_it.o
    0x08002a10   0x00000002   Code   RO          331    i.HardFault_Handler  stm32f4xx_it.o
    0x08002a12   0x00000002   PAD
    0x08002a14   0x00000094   Code   RO          726    i.IMU_GetValueFromMessage  functions.o
    0x08002aa8   0x00000028   Code   RO          727    i.IMU_ParametesInit  functions.o
    0x08002ad0   0x00000008   Code   RO          728    i.IMU_UpdateFuzzyCoefficients  functions.o
    0x08002ad8   0x000000e4   Code   RO          729    i.IMU_UpdateFuzzyInput  functions.o
    0x08002bbc   0x0000000a   Code   RO          730    i.IMU_UpdatePreAngle  functions.o
    0x08002bc6   0x00000022   Code   RO          731    i.IMU_UpdateSetAngle  functions.o
    0x08002be8   0x0000002e   Code   RO          732    i.IsCorrectMessage  functions.o
    0x08002c16   0x00000002   PAD
    0x08002c18   0x00000044   Code   RO          733    i.IsDouble          functions.o
    0x08002c5c   0x0000000c   Code   RO          734    i.IsValidData       functions.o
    0x08002c68   0x00000016   Code   RO          735    i.LRCCalculate      functions.o
    0x08002c7e   0x00000018   Code   RO          738    i.LengthOfLine      functions.o
    0x08002c96   0x00000002   PAD
    0x08002c98   0x0000000c   Code   RO          482    i.M1_Backward       encoder.o
    0x08002ca4   0x000000b4   Code   RO          483    i.M1_Encoder_Config  encoder.o
    0x08002d58   0x0000000c   Code   RO          484    i.M1_Forward        encoder.o
    0x08002d64   0x0000000c   Code   RO          485    i.M2_Backward       encoder.o
    0x08002d70   0x000000b4   Code   RO          486    i.M2_Encoder_Config  encoder.o
    0x08002e24   0x0000000c   Code   RO          487    i.M2_Forward        encoder.o
    0x08002e30   0x00000002   Code   RO          332    i.MemManage_Handler  stm32f4xx_it.o
    0x08002e32   0x00000002   Code   RO          333    i.NMI_Handler       stm32f4xx_it.o
    0x08002e34   0x00000064   Code   RO         1462    i.NVIC_Init         misc.o
    0x08002e98   0x00000014   Code   RO         1463    i.NVIC_PriorityGroupConfig  misc.o
    0x08002eac   0x0000015c   Code   RO          739    i.PID_Compute       functions.o
    0x08003008   0x00000034   Code   RO          740    i.PID_ParametersInitial  functions.o
    0x0800303c   0x00000006   Code   RO          741    i.PID_ParametersUpdate  functions.o
    0x08003042   0x00000002   PAD
    0x08003044   0x000000b4   Code   RO          133    i.PID_ReadParametersFromFlash  main.o
    0x080030f8   0x0000000a   Code   RO          742    i.PID_ResetEncoder  functions.o
    0x08003102   0x00000002   PAD
    0x08003104   0x0000001c   Code   RO          743    i.PID_ResetPID      functions.o
    0x08003120   0x000000e4   Code   RO          744    i.PID_SavePIDParaToFlash  functions.o
    0x08003204   0x00000004   Code   RO          745    i.PID_UpdateEnc     functions.o
    0x08003208   0x00000006   Code   RO          746    i.PID_UpdateSetVel  functions.o
    0x0800320e   0x00000002   PAD
    0x08003210   0x000000a4   Code   RO          488    i.PWM_Config        encoder.o
    0x080032b4   0x000000c4   Code   RO          135    i.Parameters_Init   main.o
    0x08003378   0x00000002   Code   RO          334    i.PendSV_Handler    stm32f4xx_it.o
    0x0800337a   0x00000002   PAD
    0x0800337c   0x00000044   Code   RO          136    i.Peripheral_Config  main.o
    0x080033c0   0x0000007c   Code   RO          747    i.Pi_To_Pi          functions.o
    0x0800343c   0x00000018   Code   RO         2164    i.RCC_AHB1PeriphClockCmd  stm32f4xx_rcc.o
    0x08003454   0x00000018   Code   RO         2170    i.RCC_APB1PeriphClockCmd  stm32f4xx_rcc.o
    0x0800346c   0x00000018   Code   RO         2173    i.RCC_APB2PeriphClockCmd  stm32f4xx_rcc.o
    0x08003484   0x00000090   Code   RO         1362    i.RCC_GPIOxClockCmd  stm32f411_rccenable.o
    0x08003514   0x00000094   Code   RO         2182    i.RCC_GetClocksFreq  stm32f4xx_rcc.o
    0x080035a8   0x000000c0   Code   RO         1364    i.RCC_TIMxClockCmd  stm32f411_rccenable.o
    0x08003668   0x0000003c   Code   RO          748    i.ReadFromFlash     functions.o
    0x080036a4   0x00000068   Code   RO          335    i.Reset_Motor       stm32f4xx_it.o
    0x0800370c   0x0000000e   Code   RO          489    i.Robot_AntiClockwise  encoder.o
    0x0800371a   0x0000000e   Code   RO          490    i.Robot_Backward    encoder.o
    0x08003728   0x0000000e   Code   RO          491    i.Robot_Clockwise   encoder.o
    0x08003736   0x0000000e   Code   RO          492    i.Robot_Forward     encoder.o
    0x08003744   0x0000008c   Code   RO          493    i.Robot_Run         encoder.o
    0x080037d0   0x00000002   Code   RO          336    i.SVC_Handler       stm32f4xx_it.o
    0x080037d2   0x00000002   PAD
    0x080037d4   0x00000034   Code   RO          337    i.SaveDataToInternalFlash  stm32f4xx_it.o
    0x08003808   0x0000003c   Code   RO         1423    i.Self_ParametersInit  twowheelrobot.o
    0x08003844   0x000001ec   Code   RO          137    i.SendData          main.o
    0x08003a30   0x000001b4   Code   RO          138    i.SendStatusData    main.o
    0x08003be4   0x00000074   Code   RO            4    i.SetSysClock       system_stm32f4xx.o
    0x08003c58   0x00000038   Code   RO          139    i.Srf05_BackEnd     main.o
    0x08003c90   0x00000006   Code   RO         1295    i.Srf05_ClearFlag   srf05.o
    0x08003c96   0x00000002   PAD
    0x08003c98   0x00000018   Code   RO         1296    i.Srf05_FirstInit   srf05.o
    0x08003cb0   0x000000d4   Code   RO         1297    i.Srf05_Initial     srf05.o
    0x08003d84   0x00000038   Code   RO          140    i.Srf05_LeftFront   main.o
    0x08003dbc   0x00000038   Code   RO          141    i.Srf05_MidFront    main.o
    0x08003df4   0x00000034   Code   RO          142    i.Srf05_RightFront  main.o
    0x08003e28   0x00000006   Code   RO         1299    i.Srf05_SetFlag     srf05.o
    0x08003e2e   0x00000002   PAD
    0x08003e30   0x00000034   Code   RO          143    i.Srf05_StartSensorBack  main.o
    0x08003e64   0x00000034   Code   RO          144    i.Srf05_StartSensorLeft  main.o
    0x08003e98   0x00000034   Code   RO          145    i.Srf05_StartSensorMid  main.o
    0x08003ecc   0x00000034   Code   RO          146    i.Srf05_StartSensorRight  main.o
    0x08003f00   0x0000003c   Code   RO          147    i.StartTimer        main.o
    0x08003f3c   0x00000004   Code   RO          751    i.Status_CheckStatus  functions.o
    0x08003f40   0x0000001c   Code   RO          752    i.Status_ParametersInit  functions.o
    0x08003f5c   0x00000004   Code   RO          753    i.Status_UpdateStatus  functions.o
    0x08003f60   0x00000018   Code   RO          148    i.StopTimer         main.o
    0x08003f78   0x00000010   Code   RO          494    i.Stop_Motor        encoder.o
    0x08003f88   0x0000001c   Code   RO          754    i.StringHeaderCompare  functions.o
    0x08003fa4   0x00000078   Code   RO          338    i.SysTick_Handler   stm32f4xx_it.o
    0x0800401c   0x0000005c   Code   RO            6    i.SystemInit        system_stm32f4xx.o
    0x08004078   0x0000002e   Code   RO         2472    i.TI1_Config        stm32f4xx_tim.o
    0x080040a6   0x00000036   Code   RO         2473    i.TI2_Config        stm32f4xx_tim.o
    0x080040dc   0x0000018c   Code   RO          339    i.TIM2_IRQHandler   stm32f4xx_it.o
    0x08004268   0x0000001c   Code   RO          340    i.TIM3_IRQHandler   stm32f4xx_it.o
    0x08004284   0x0000001c   Code   RO          341    i.TIM4_IRQHandler   stm32f4xx_it.o
    0x080042a0   0x00000040   Code   RO          149    i.TIM5_IRQHandler   main.o
    0x080042e0   0x00000014   Code   RO         2474    i.TIM_ARRPreloadConfig  stm32f4xx_tim.o
    0x080042f4   0x00000006   Code   RO         2481    i.TIM_ClearITPendingBit  stm32f4xx_tim.o
    0x080042fa   0x00000014   Code   RO         2486    i.TIM_Cmd           stm32f4xx_tim.o
    0x0800430e   0x00000032   Code   RO         2495    i.TIM_EncoderInterfaceConfig  stm32f4xx_tim.o
    0x08004340   0x00000004   Code   RO         2503    i.TIM_GetCapture3   stm32f4xx_tim.o
    0x08004344   0x00000004   Code   RO         2504    i.TIM_GetCapture4   stm32f4xx_tim.o
    0x08004348   0x00000004   Code   RO         2505    i.TIM_GetCounter    stm32f4xx_tim.o
    0x0800434c   0x0000000e   Code   RO         2506    i.TIM_GetFlagStatus  stm32f4xx_tim.o
    0x0800435a   0x000000ac   Code   RO         2509    i.TIM_ICInit        stm32f4xx_tim.o
    0x08004406   0x00000010   Code   RO         2511    i.TIM_ITConfig      stm32f4xx_tim.o
    0x08004416   0x00000002   PAD
    0x08004418   0x00000060   Code   RO         2515    i.TIM_OC1Init       stm32f4xx_tim.o
    0x08004478   0x0000000c   Code   RO         2518    i.TIM_OC1PreloadConfig  stm32f4xx_tim.o
    0x08004484   0x00000080   Code   RO         2520    i.TIM_OC2Init       stm32f4xx_tim.o
    0x08004504   0x00000014   Code   RO         2523    i.TIM_OC2PreloadConfig  stm32f4xx_tim.o
    0x08004518   0x00000010   Code   RO         2553    i.TIM_SetIC1Prescaler  stm32f4xx_tim.o
    0x08004528   0x00000018   Code   RO         2554    i.TIM_SetIC2Prescaler  stm32f4xx_tim.o
    0x08004540   0x00000010   Code   RO         2555    i.TIM_SetIC3Prescaler  stm32f4xx_tim.o
    0x08004550   0x00000018   Code   RO         2556    i.TIM_SetIC4Prescaler  stm32f4xx_tim.o
    0x08004568   0x0000007c   Code   RO         2558    i.TIM_TimeBaseInit  stm32f4xx_tim.o
    0x080045e4   0x00000044   Code   RO          755    i.Time_GetSampleTime  functions.o
    0x08004628   0x00000014   Code   RO          756    i.Time_ParametersInit  functions.o
    0x0800463c   0x00000004   Code   RO          757    i.Time_SampleTimeUpdate  functions.o
    0x08004640   0x0000000a   Code   RO          758    i.Time_SendTimeUpdate  functions.o
    0x0800464a   0x00000002   PAD
    0x0800464c   0x00000048   Code   RO          150    i.TimerDelayConfig  main.o
    0x08004694   0x00000110   Code   RO          759    i.ToChar            functions.o
    0x080047a4   0x0000000e   Code   RO          761    i.ToHex             functions.o
    0x080047b2   0x00000002   PAD
    0x080047b4   0x00000034   Code   RO          762    i.ToRPM             functions.o
    0x080047e8   0x000000d8   Code   RO          764    i.Trapf             functions.o
    0x080048c0   0x000000cc   Code   RO          766    i.Trimf             functions.o
    0x0800498c   0x00000024   Code   RO          631    i.U1_SendData       usart_dma_config.o
    0x080049b0   0x00000028   Code   RO          633    i.U6_SendData       usart_dma_config.o
    0x080049d8   0x00000164   Code   RO          634    i.USART1_Config     usart_dma_config.o
    0x08004b3c   0x00000040   Code   RO          342    i.USART1_IRQHandler  stm32f4xx_it.o
    0x08004b7c   0x00000164   Code   RO          635    i.USART2_Config     usart_dma_config.o
    0x08004ce0   0x00000040   Code   RO          343    i.USART2_IRQHandler  stm32f4xx_it.o
    0x08004d20   0x00000160   Code   RO          636    i.USART6_Config     usart_dma_config.o
    0x08004e80   0x00000040   Code   RO          344    i.USART6_IRQHandler  stm32f4xx_it.o
    0x08004ec0   0x00000006   Code   RO         1510    i.USART_ClearFlag   stm32f4xx_usart.o
    0x08004ec6   0x00000014   Code   RO         1514    i.USART_Cmd         stm32f4xx_usart.o
    0x08004eda   0x00000010   Code   RO         1515    i.USART_DMACmd      stm32f4xx_usart.o
    0x08004eea   0x0000003e   Code   RO         1518    i.USART_GetITStatus  stm32f4xx_usart.o
    0x08004f28   0x00000030   Code   RO         1520    i.USART_ITConfig    stm32f4xx_usart.o
    0x08004f58   0x000000ac   Code   RO         1521    i.USART_Init        stm32f4xx_usart.o
    0x08005004   0x00000008   Code   RO         1528    i.USART_ReceiveData  stm32f4xx_usart.o
    0x0800500c   0x00000002   Code   RO          345    i.UsageFault_Handler  stm32f4xx_it.o
    0x0800500e   0x00000018   Code   RO          768    i.Veh_CheckStateChange  functions.o
    0x08005026   0x00000032   Code   RO          769    i.Veh_GetCommandMessage  functions.o
    0x08005058   0x0000004c   Code   RO          770    i.Veh_ParametersInit  functions.o
    0x080050a4   0x00000006   Code   RO          771    i.Veh_UpdateMaxVelocity  functions.o
    0x080050aa   0x00000002   PAD
    0x080050ac   0x0000015c   Code   RO          772    i.Veh_UpdateVehicleFromKey  functions.o
    0x08005208   0x00000056   Code   RO          773    i.WriteToFlash      functions.o
    0x0800525e   0x00000030   Code   RO         3449    i.__ARM_fpclassify  m_wm.l(fpclassify.o)
    0x0800528e   0x00000002   PAD
    0x08005290   0x000002e0   Code   RO         3320    i.__hardfp_atan     m_wm.l(atan.o)
    0x08005570   0x000001f0   Code   RO         3334    i.__hardfp_atan2    m_wm.l(atan2.o)
    0x08005760   0x000000d8   Code   RO         3346    i.__hardfp_cos      m_wm.l(cos.o)
    0x08005838   0x00000014   Code   RO         3358    i.__hardfp_fabs     m_wm.l(fabs.o)
    0x0800584c   0x00000004   PAD
    0x08005850   0x000003e4   Code   RO         3364    i.__hardfp_log      m_wm.l(log.o)
    0x08005c34   0x00000004   PAD
    0x08005c38   0x00000c38   Code   RO         3378    i.__hardfp_pow      m_wm.l(pow.o)
    0x08006870   0x000000d8   Code   RO         3392    i.__hardfp_sin      m_wm.l(sin.o)
    0x08006948   0x0000007a   Code   RO         3404    i.__hardfp_sqrt     m_wm.l(sqrt.o)
    0x080069c2   0x00000006   PAD
    0x080069c8   0x000000a0   Code   RO         3416    i.__hardfp_tan      m_wm.l(tan.o)
    0x08006a68   0x00000438   Code   RO         3454    i.__ieee754_rem_pio2  m_wm.l(rred.o)
    0x08006ea0   0x00000170   Code   RO         3444    i.__kernel_cos      m_wm.l(cos_i.o)
    0x08007010   0x000000f8   Code   RO         3451    i.__kernel_poly     m_wm.l(poly.o)
    0x08007108   0x00000130   Code   RO         3459    i.__kernel_sin      m_wm.l(sin_i.o)
    0x08007238   0x00000350   Code   RO         3465    i.__kernel_tan      m_wm.l(tan_i.o)
    0x08007588   0x00000020   Code   RO         3447    i.__mathlib_dbl_underflow  m_wm.l(dunder.o)
    0x080075a8   0x00000010   Code   RO         3322    i.atan              m_wm.l(atan.o)
    0x080075b8   0x00000018   Code   RO         3360    i.fabs              m_wm.l(fabs.o)
    0x080075d0   0x00000014   Code   RO          774    i.fix               functions.o
    0x080075e4   0x00000524   Code   RO          151    i.main              main.o
    0x08007b08   0x0000006e   Code   RO         3406    i.sqrt              m_wm.l(sqrt.o)
    0x08007b76   0x00000018   Code   RO         3284    x$fpl$basic         fz_wm.l(basic.o)
    0x08007b8e   0x00000002   PAD
    0x08007b90   0x00000150   Code   RO         3286    x$fpl$dadd          fz_wm.l(daddsub_clz.o)
    0x08007ce0   0x00000010   Code   RO         3491    x$fpl$dcheck1       fz_wm.l(dcheck1.o)
    0x08007cf0   0x00000018   Code   RO         3431    x$fpl$dcmpinf       fz_wm.l(dcmpi.o)
    0x08007d08   0x000002b0   Code   RO         3293    x$fpl$ddiv          fz_wm.l(ddiv.o)
    0x08007fb8   0x00000078   Code   RO         3296    x$fpl$deqf          fz_wm.l(deqf.o)
    0x08008030   0x0000005e   Code   RO         3298    x$fpl$dfix          fz_wm.l(dfix.o)
    0x0800808e   0x00000002   PAD
    0x08008090   0x0000005a   Code   RO         3302    x$fpl$dfixu         fz_wm.l(dfixu.o)
    0x080080ea   0x0000002e   Code   RO         3307    x$fpl$dflt          fz_wm.l(dflt_clz.o)
    0x08008118   0x00000026   Code   RO         3306    x$fpl$dfltu         fz_wm.l(dflt_clz.o)
    0x0800813e   0x00000002   PAD
    0x08008140   0x00000078   Code   RO         3312    x$fpl$dleqf         fz_wm.l(dleqf.o)
    0x080081b8   0x00000154   Code   RO         3314    x$fpl$dmul          fz_wm.l(dmul.o)
    0x0800830c   0x0000009c   Code   RO         3433    x$fpl$dnaninf       fz_wm.l(dnaninf.o)
    0x080083a8   0x0000000c   Code   RO         3435    x$fpl$dretinf       fz_wm.l(dretinf.o)
    0x080083b4   0x0000006c   Code   RO         3316    x$fpl$drleqf        fz_wm.l(drleqf.o)
    0x08008420   0x00000016   Code   RO         3287    x$fpl$drsb          fz_wm.l(daddsub_clz.o)
    0x08008436   0x00000002   PAD
    0x08008438   0x00000198   Code   RO         3437    x$fpl$dsqrt         fz_wm.l(dsqrt_umaal.o)
    0x080085d0   0x000001d4   Code   RO         3288    x$fpl$dsub          fz_wm.l(daddsub_clz.o)
    0x080087a4   0x0000000a   Code   RO         3564    x$fpl$fpinit        fz_wm.l(fpinit.o)
    0x080087ae   0x00000064   Code   RO         3506    x$fpl$retnan        fz_wm.l(retnan.o)
    0x08008812   0x0000005c   Code   RO         3441    x$fpl$scalbn        fz_wm.l(scalbn.o)
    0x0800886e   0x00000030   Code   RO         3553    x$fpl$trapveneer    fz_wm.l(trapv.o)
    0x0800889e   0x00000000   Code   RO         3443    x$fpl$usenofp       fz_wm.l(usenofp.o)
    0x0800889e   0x00000002   PAD
    0x080088a0   0x00000098   Data   RO         3323    .constdata          m_wm.l(atan.o)
    0x08008938   0x00000038   Data   RO         3367    .constdata          m_wm.l(log.o)
    0x08008970   0x00000088   Data   RO         3381    .constdata          m_wm.l(pow.o)
    0x080089f8   0x00000030   Data   RO         3445    .constdata          m_wm.l(cos_i.o)
    0x08008a28   0x00000008   Data   RO         3453    .constdata          m_wm.l(qnan.o)
    0x08008a30   0x000000c8   Data   RO         3456    .constdata          m_wm.l(rred.o)
    0x08008af8   0x00000028   Data   RO         3460    .constdata          m_wm.l(sin_i.o)
    0x08008b20   0x00000060   Data   RO         3466    .constdata          m_wm.l(tan_i.o)
    0x08008b80   0x00000020   Data   RO         3631    Region$$Table       anon$$obj.o


    Execution Region RW_IRAM1 (Base: 0x20000000, Size: 0x000030a8, Max: 0x00020000, ABSOLUTE)

    Base Addr    Size         Type   Attr      Idx    E Section Name        Object

    0x20000000   0x00000014   Data   RW            7    .data               system_stm32f4xx.o
    0x20000014   0x00000004   Data   RW          153    .data               main.o
    0x20000018   0x00000003   Data   RW          346    .data               stm32f4xx_it.o
    0x2000001b   0x00000001   PAD
    0x2000001c   0x0000000c   Data   RW          496    .data               encoder.o
    0x20000028   0x00000014   Data   RW          638    .data               usart_dma_config.o
    0x2000003c   0x00000004   PAD
    0x20000040   0x00000040   Data   RW          784    .data               functions.o
    0x20000080   0x0000000c   Data   RW         1301    .data               srf05.o
    0x2000008c   0x00000010   Data   RW         2212    .data               stm32f4xx_rcc.o
    0x2000009c   0x00000004   PAD
    0x200000a0   0x00000068   Zero   RW          152    .bss                main.o
    0x20000108   0x00000020   Zero   RW          495    .bss                encoder.o
    0x20000128   0x00000a88   Zero   RW          637    .bss                usart_dma_config.o
    0x20000bb0   0x0000000d   Zero   RW          775    .bss                functions.o
    0x20000bbd   0x00000003   PAD
    0x20000bc0   0x00000058   Zero   RW          776    .bss                functions.o
    0x20000c18   0x00000058   Zero   RW          777    .bss                functions.o
    0x20000c70   0x00001184   Zero   RW          779    .bss                functions.o
    0x20001df4   0x000005dc   Zero   RW          780    .bss                functions.o
    0x200023d0   0x000005dc   Zero   RW          781    .bss                functions.o
    0x200029ac   0x00000004   PAD
    0x200029b0   0x00000030   Zero   RW          782    .bss                functions.o
    0x200029e0   0x00000015   Zero   RW          783    .bss                functions.o
    0x200029f5   0x00000003   PAD
    0x200029f8   0x00000016   Zero   RW         1300    .bss                srf05.o
    0x20002a0e   0x00000002   PAD
    0x20002a10   0x00000038   Zero   RW         1424    .bss                twowheelrobot.o
    0x20002a48   0x00000060   Zero   RW         3494    .bss                c_w.l(libspace.o)
    0x20002aa8   0x00000200   Zero   RW         1453    HEAP                startup_stm32f411xe.o
    0x20002ca8   0x00000400   Zero   RW         1452    STACK               startup_stm32f411xe.o


==============================================================================

Image component sizes


      Code (inc. data)   RO Data    RW Data    ZI Data      Debug   Object Name

       866        104          0         12         32       9891   encoder.o
      9322       1050          0         64       7742      54285   functions.o
      3336        346          0          4        104      43161   main.o
       120         14          0          0          0       1751   misc.o
       266         16          0         12         22       4746   srf05.o
        64         26        408          0       1536        976   startup_stm32f411xe.o
       696        152          0          0          0       4586   stm32f411_rccenable.o
       236         28          0          0          0       4632   stm32f4xx_dma.o
       310         30          0          0          0       4635   stm32f4xx_flash.o
       230          0          0          0          0       4492   stm32f4xx_gpio.o
      3392        468          0          3          0      39494   stm32f4xx_it.o
       220         34          0         16          0       5119   stm32f4xx_rcc.o
       870         44          0          0          0      15551   stm32f4xx_tim.o
       332          8          0          0          0       5747   stm32f4xx_usart.o
       208         36          0         20          0     283953   system_stm32f4xx.o
        60         26          0          0         56       1864   twowheelrobot.o
      1140         78          0         20       2696       5010   usart_dma_config.o

    ----------------------------------------------------------------------
     21708       2460        440        156      12204     489893   Object Totals
         0          0         32          0          0          0   (incl. Generated)
        40          0          0          5         16          0   (incl. Padding)

    ----------------------------------------------------------------------

      Code (inc. data)   RO Data    RW Data    ZI Data      Debug   Library Member Name

         8          0          0          0          0         68   __main.o
        52          8          0          0          0          0   __scatter.o
        26          0          0          0          0          0   __scatter_copy.o
        28          0          0          0          0          0   __scatter_zi.o
        22          0          0          0          0        100   _rserrno.o
        12          0          0          0          0         72   exit.o
         6          0          0          0          0        152   heapauxi.o
         0          0          0          0          0          0   indicate_semi.o
         2          0          0          0          0          0   libinit.o
         6          0          0          0          0          0   libinit2.o
         2          0          0          0          0          0   libshutdown.o
         2          0          0          0          0          0   libshutdown2.o
         8          4          0          0         96         68   libspace.o
         8          4          0          0          0         68   rt_errno_addr_intlibspace.o
         0          0          0          0          0          0   rtentry.o
        12          0          0          0          0          0   rtentry2.o
         6          0          0          0          0          0   rtentry4.o
         2          0          0          0          0          0   rtexit.o
        10          0          0          0          0          0   rtexit2.o
        12          4          0          0          0         68   sys_exit.o
        74          0          0          0          0         80   sys_stackheap_outer.o
         2          0          0          0          0         68   use_no_semi.o
        24          0          0          0          0        164   basic.o
       826         16          0          0          0        492   daddsub_clz.o
        16          4          0          0          0        116   dcheck1.o
        24          0          0          0          0        116   dcmpi.o
       688        140          0          0          0        256   ddiv.o
       120          4          0          0          0        140   deqf.o
        94          4          0          0          0        140   dfix.o
        90          4          0          0          0        140   dfixu.o
        84          0          0          0          0        232   dflt_clz.o
       120          4          0          0          0        140   dleqf.o
       340         12          0          0          0        152   dmul.o
       156          4          0          0          0        140   dnaninf.o
        12          0          0          0          0        116   dretinf.o
       108          0          0          0          0        128   drleqf.o
       408         56          0          0          0        168   dsqrt_umaal.o
        10          0          0          0          0        116   fpinit.o
       100          0          0          0          0        116   retnan.o
        92          0          0          0          0        116   scalbn.o
        48          0          0          0          0        116   trapv.o
         0          0          0          0          0          0   usenofp.o
       752        104        152          0          0        344   atan.o
       496         70          0          0          0        156   atan2.o
       216         16          0          0          0        152   cos.o
       368         46         48          0          0        200   cos_i.o
        32          8          0          0          0        124   dunder.o
        44          0          0          0          0        248   fabs.o
        48          0          0          0          0        124   fpclassify.o
       996        114         56          0          0        232   log.o
       248          0          0          0          0        152   poly.o
      3128        304        136          0          0        216   pow.o
         0          0          8          0          0          0   qnan.o
      1080        142        200          0          0        188   rred.o
       216         16          0          0          0        152   sin.o
       304         24         40          0          0        208   sin_i.o
       232          0          0          0          0        296   sqrt.o
       160         18          0          0          0        152   tan.o
       848         84         96          0          0        196   tan_i.o

    ----------------------------------------------------------------------
     12860       1218        736          0         96       6988   Library Totals
        32          4          0          0          0          0   (incl. Padding)

    ----------------------------------------------------------------------

      Code (inc. data)   RO Data    RW Data    ZI Data      Debug   Library Name

       300         20          0          0         96        744   c_w.l
      3360        248          0          0          0       3104   fz_wm.l
      9168        946        736          0          0       3140   m_wm.l

    ----------------------------------------------------------------------
     12860       1218        736          0         96       6988   Library Totals

    ----------------------------------------------------------------------

==============================================================================


      Code (inc. data)   RO Data    RW Data    ZI Data      Debug   

     34568       3678       1176        156      12300     474921   Grand Totals
     34568       3678       1176        156      12300     474921   ELF Image Totals
     34568       3678       1176        156          0          0   ROM Totals

==============================================================================

    Total RO  Size (Code + RO Data)                35744 (  34.91kB)
    Total RW  Size (RW Data + ZI Data)             12456 (  12.16kB)
    Total ROM Size (Code + RO Data + RW Data)      35900 (  35.06kB)

==============================================================================

