Product: MDK-ARM Standard 5.10
Component: ARM Compiler 5.04 update 1 (build 49)
Tool: armlink [5040049]

==============================================================================

Section Cross References

    system_stm32f4xx.o(i.SystemCoreClockUpdate) refers to system_stm32f4xx.o(.data) for .data
    system_stm32f4xx.o(i.SystemInit) refers to system_stm32f4xx.o(i.SetSysClock) for SetSysClock
    main.o(i.PID_ReadParametersFromFlash) refers to functions.o(i.ReadFromFlash) for ReadFromFlash
    main.o(i.PID_ReadParametersFromFlash) refers to functions.o(i.GetMessageInfo) for GetMessageInfo
    main.o(i.PID_ReadParametersFromFlash) refers to functions.o(i.GetValueFromString) for GetValueFromString
    main.o(i.PID_ReadParametersFromFlash) refers to functions.o(i.PID_ParametersUpdate) for PID_ParametersUpdate
    main.o(i.PID_ReadParametersFromFlash) refers to functions.o(.bss) for Flash
    main.o(i.PID_ReadParametersFromFlash) refers to functions.o(.bss) for M1
    main.o(i.PID_ReadParametersFromFlash) refers to functions.o(.bss) for M2
    main.o(i.PID_SaveManual) refers to functions.o(i.ToChar) for ToChar
    main.o(i.PID_SaveManual) refers to functions.o(i.EraseMemory) for EraseMemory
    main.o(i.PID_SaveManual) refers to functions.o(i.WriteToFlash) for WriteToFlash
    main.o(i.PID_SaveManual) refers to functions.o(.bss) for Flash
    main.o(i.Parameters_Init) refers to functions.o(i.Time_ParametersInit) for Time_ParametersInit
    main.o(i.Parameters_Init) refers to functions.o(i.Time_GetSampleTime) for Time_GetSampleTime
    main.o(i.Parameters_Init) refers to main.o(i.PID_ReadParametersFromFlash) for PID_ReadParametersFromFlash
    main.o(i.Parameters_Init) refers to functions.o(i.PID_ParametersInitial) for PID_ParametersInitial
    main.o(i.Parameters_Init) refers to functions.o(i.Fuzzy_ParametersInit) for Fuzzy_ParametersInit
    main.o(i.Parameters_Init) refers to functions.o(i.IMU_ParametesInit) for IMU_ParametesInit
    main.o(i.Parameters_Init) refers to functions.o(i.IMU_UpdateFuzzyCoefficients) for IMU_UpdateFuzzyCoefficients
    main.o(i.Parameters_Init) refers to functions.o(i.GPS_ParametersInit) for GPS_ParametersInit
    main.o(i.Parameters_Init) refers to functions.o(i.Veh_ParametersInit) for Veh_ParametersInit
    main.o(i.Parameters_Init) refers to functions.o(.bss) for Timer
    main.o(i.Parameters_Init) refers to functions.o(.bss) for M1
    main.o(i.Parameters_Init) refers to functions.o(.bss) for M2
    main.o(i.Parameters_Init) refers to functions.o(.bss) for Veh
    main.o(i.Peripheral_Config) refers to srf05.o(i.Srf05_TriggerPinConfig) for Srf05_TriggerPinConfig
    main.o(i.Peripheral_Config) refers to main.o(i.Srf05_MidFront) for Srf05_MidFront
    main.o(i.Peripheral_Config) refers to usart_dma_config.o(i.USART1_Config) for USART1_Config
    main.o(i.Peripheral_Config) refers to usart_dma_config.o(i.USART2_Config) for USART2_Config
    main.o(i.Peripheral_Config) refers to usart_dma_config.o(i.USART6_Config) for USART6_Config
    main.o(i.Peripheral_Config) refers to encoder.o(i.Encoder_Config) for Encoder_Config
    main.o(i.Peripheral_Config) refers to misc.o(i.NVIC_PriorityGroupConfig) for NVIC_PriorityGroupConfig
    main.o(i.SendData) refers to functions.o(i.ToChar) for ToChar
    main.o(i.SendData) refers to functions.o(i.Status_CheckStatus) for Status_CheckStatus
    main.o(i.SendData) refers to functions.o(i.LRCCalculate) for LRCCalculate
    main.o(i.SendData) refers to functions.o(i.ToHex) for ToHex
    main.o(i.SendData) refers to usart_dma_config.o(i.U6_SendData) for U6_SendData
    main.o(i.SendData) refers to functions.o(.bss) for Veh
    main.o(i.SendData) refers to usart_dma_config.o(.bss) for U6_TxBuffer
    main.o(i.SendData) refers to functions.o(.bss) for M1
    main.o(i.SendData) refers to functions.o(.bss) for M2
    main.o(i.SendData) refers to functions.o(.bss) for Mag
    main.o(i.SendData) refers to functions.o(.data) for VehStt
    main.o(i.Srf05_BackEnd) refers to srf05.o(i.Srf05_Initial) for Srf05_Initial
    main.o(i.Srf05_BackEnd) refers to main.o(.bss) for .bss
    main.o(i.Srf05_LeftFront) refers to srf05.o(i.Srf05_Initial) for Srf05_Initial
    main.o(i.Srf05_LeftFront) refers to main.o(.bss) for .bss
    main.o(i.Srf05_MidFront) refers to srf05.o(i.Srf05_Initial) for Srf05_Initial
    main.o(i.Srf05_MidFront) refers to main.o(.bss) for .bss
    main.o(i.Srf05_RightFront) refers to srf05.o(i.Srf05_Initial) for Srf05_Initial
    main.o(i.Srf05_RightFront) refers to main.o(.bss) for .bss
    main.o(i.TIM2_TimeBaseConfig) refers to stm32f4xx_rcc.o(i.RCC_APB1PeriphClockCmd) for RCC_APB1PeriphClockCmd
    main.o(i.TIM2_TimeBaseConfig) refers to stm32f4xx_tim.o(i.TIM_TimeBaseInit) for TIM_TimeBaseInit
    main.o(i.TIM2_TimeBaseConfig) refers to stm32f4xx_tim.o(i.TIM_ITConfig) for TIM_ITConfig
    main.o(i.TIM2_TimeBaseConfig) refers to misc.o(i.NVIC_Init) for NVIC_Init
[...]
    i.WriteToFlash                           0x08004484   Section        0  functions.o(i.WriteToFlash)
    i.__ARM_fpclassify                       0x080044d6   Section        0  fpclassify.o(i.__ARM_fpclassify)
    i.__hardfp_atan                          0x08004508   Section        0  atan.o(i.__hardfp_atan)
    i.__hardfp_atan2                         0x080047e8   Section        0  atan2.o(i.__hardfp_atan2)
    i.__hardfp_cos                           0x080049d8   Section        0  cos.o(i.__hardfp_cos)
    i.__hardfp_fabs                          0x08004ab0   Section        0  fabs.o(i.__hardfp_fabs)
    i.__hardfp_log                           0x08004ac8   Section        0  log.o(i.__hardfp_log)
    i.__hardfp_pow                           0x08004eb0   Section        0  pow.o(i.__hardfp_pow)
    i.__hardfp_sin                           0x08005ae8   Section        0  sin.o(i.__hardfp_sin)
    i.__hardfp_sqrt                          0x08005bc0   Section        0  sqrt.o(i.__hardfp_sqrt)
    i.__hardfp_tan                           0x08005c40   Section        0  tan.o(i.__hardfp_tan)
    i.__ieee754_rem_pio2                     0x08005ce0   Section        0  rred.o(i.__ieee754_rem_pio2)
    i.__kernel_cos                           0x08006118   Section        0  cos_i.o(i.__kernel_cos)
    i.__kernel_poly                          0x08006288   Section        0  poly.o(i.__kernel_poly)
    i.__kernel_sin                           0x08006380   Section        0  sin_i.o(i.__kernel_sin)
    i.__kernel_tan                           0x080064b0   Section        0  tan_i.o(i.__kernel_tan)
    i.__mathlib_dbl_underflow                0x08006800   Section        0  dunder.o(i.__mathlib_dbl_underflow)
    i.atan                                   0x08006820   Section        0  atan.o(i.atan)
    i.fabs                                   0x08006830   Section        0  fabs.o(i.fabs)
    i.fix                                    0x08006848   Section        0  functions.o(i.fix)
    i.main                                   0x0800685c   Section        0  main.o(i.main)
    i.sqrt                                   0x08006b60   Section        0  sqrt.o(i.sqrt)
    x$fpl$basic                              0x08006bce   Section       24  basic.o(x$fpl$basic)
    $v0                                      0x08006bce   Number         0  basic.o(x$fpl$basic)
    x$fpl$dadd                               0x08006be8   Section      336  daddsub_clz.o(x$fpl$dadd)
    $v0                                      0x08006be8   Number         0  daddsub_clz.o(x$fpl$dadd)
    _dadd1                                   0x08006bf9   Thumb Code     0  daddsub_clz.o(x$fpl$dadd)
    x$fpl$dcheck1                            0x08006d38   Section       16  dcheck1.o(x$fpl$dcheck1)
    $v0                                      0x08006d38   Number         0  dcheck1.o(x$fpl$dcheck1)
    x$fpl$dcmpinf                            0x08006d48   Section       24  dcmpi.o(x$fpl$dcmpinf)
    $v0                                      0x08006d48   Number         0  dcmpi.o(x$fpl$dcmpinf)
    x$fpl$ddiv                               0x08006d60   Section      688  ddiv.o(x$fpl$ddiv)
    $v0                                      0x08006d60   Number         0  ddiv.o(x$fpl$ddiv)
    ddiv_entry                               0x08006d67   Thumb Code     0  ddiv.o(x$fpl$ddiv)
    x$fpl$deqf                               0x08007010   Section      120  deqf.o(x$fpl$deqf)
    $v0                                      0x08007010   Number         0  deqf.o(x$fpl$deqf)
    x$fpl$dfix                               0x08007088   Section       94  dfix.o(x$fpl$dfix)
    $v0                                      0x08007088   Number         0  dfix.o(x$fpl$dfix)
    x$fpl$dfixu                              0x080070e8   Section       90  dfixu.o(x$fpl$dfixu)
    $v0                                      0x080070e8   Number         0  dfixu.o(x$fpl$dfixu)
    x$fpl$dflt                               0x08007142   Section       46  dflt_clz.o(x$fpl$dflt)
    $v0                                      0x08007142   Number         0  dflt_clz.o(x$fpl$dflt)
    x$fpl$dfltu                              0x08007170   Section       38  dflt_clz.o(x$fpl$dfltu)
    $v0                                      0x08007170   Number         0  dflt_clz.o(x$fpl$dfltu)
    x$fpl$dleqf                              0x08007198   Section      120  dleqf.o(x$fpl$dleqf)
    $v0                                      0x08007198   Number         0  dleqf.o(x$fpl$dleqf)
    x$fpl$dmul                               0x08007210   Section      340  dmul.o(x$fpl$dmul)
    $v0                                      0x08007210   Number         0  dmul.o(x$fpl$dmul)
    x$fpl$dnaninf                            0x08007364   Section      156  dnaninf.o(x$fpl$dnaninf)
    $v0                                      0x08007364   Number         0  dnaninf.o(x$fpl$dnaninf)
    x$fpl$dretinf                            0x08007400   Section       12  dretinf.o(x$fpl$dretinf)
    $v0                                      0x08007400   Number         0  dretinf.o(x$fpl$dretinf)
    x$fpl$drleqf                             0x0800740c   Section      108  drleqf.o(x$fpl$drleqf)
    $v0                                      0x0800740c   Number         0  drleqf.o(x$fpl$drleqf)
    x$fpl$drsb                               0x08007478   Section       22  daddsub_clz.o(x$fpl$drsb)
    $v0                                      0x08007478   Number         0  daddsub_clz.o(x$fpl$drsb)
    x$fpl$dsqrt                              0x08007490   Section      408  dsqrt_umaal.o(x$fpl$dsqrt)
    $v0                                      0x08007490   Number         0  dsqrt_umaal.o(x$fpl$dsqrt)
    x$fpl$dsub                               0x08007628   Section      468  daddsub_clz.o(x$fpl$dsub)
    $v0                                      0x08007628   Number         0  daddsub_clz.o(x$fpl$dsub)
    _dsub1                                   0x08007639   Thumb Code     0  daddsub_clz.o(x$fpl$dsub)
    x$fpl$fpinit                             0x080077fc   Section       10  fpinit.o(x$fpl$fpinit)
    $v0                                      0x080077fc   Number         0  fpinit.o(x$fpl$fpinit)
    x$fpl$retnan                             0x08007806   Section      100  retnan.o(x$fpl$retnan)
    $v0                                      0x08007806   Number         0  retnan.o(x$fpl$retnan)
    x$fpl$scalbn                             0x0800786a   Section       92  scalbn.o(x$fpl$scalbn)
    $v0                                      0x0800786a   Number         0  scalbn.o(x$fpl$scalbn)
    x$fpl$trapveneer                         0x080078c6   Section       48  trapv.o(x$fpl$trapveneer)
    $v0                                      0x080078c6   Number         0  trapv.o(x$fpl$trapveneer)
    x$fpl$usenofp                            0x080078f6   Section        0  usenofp.o(x$fpl$usenofp)
    .constdata                               0x080078f8   Section      152  atan.o(.constdata)
    atanhi                                   0x080078f8   Data          32  atan.o(.constdata)
    atanlo                                   0x08007918   Data          32  atan.o(.constdata)
    aTodd                                    0x08007938   Data          40  atan.o(.constdata)
    aTeven                                   0x08007960   Data          48  atan.o(.constdata)
    .constdata                               0x08007990   Section       56  log.o(.constdata)
    Lg2                                      0x08007990   Data          24  log.o(.constdata)
    Lg                                       0x080079a8   Data          32  log.o(.constdata)
    .constdata                               0x080079c8   Section      136  pow.o(.constdata)
    bp                                       0x080079c8   Data          16  pow.o(.constdata)
    dp_h                                     0x080079d8   Data          16  pow.o(.constdata)
    dp_l                                     0x080079e8   Data          16  pow.o(.constdata)
    L                                        0x080079f8   Data          48  pow.o(.constdata)
    P                                        0x08007a28   Data          40  pow.o(.constdata)
    .constdata                               0x08007a50   Section       48  cos_i.o(.constdata)
    C                                        0x08007a50   Data          48  cos_i.o(.constdata)
    .constdata                               0x08007a80   Section        8  qnan.o(.constdata)
    .constdata                               0x08007a88   Section      200  rred.o(.constdata)
    pio2s                                    0x08007a88   Data          48  rred.o(.constdata)
    twooverpi                                0x08007ab8   Data         152  rred.o(.constdata)
    .constdata                               0x08007b50   Section       40  sin_i.o(.constdata)
    S                                        0x08007b50   Data          40  sin_i.o(.constdata)
    .constdata                               0x08007b78   Section       96  tan_i.o(.constdata)
    Todd                                     0x08007b78   Data          48  tan_i.o(.constdata)
    Teven                                    0x08007ba8   Data          48  tan_i.o(.constdata)
    .data                                    0x20000000   Section       20  system_stm32f4xx.o(.data)
    .data                                    0x20000014   Section        2  stm32f4xx_it.o(.data)
    .data                                    0x20000018   Section       12  encoder.o(.data)
    .data                                    0x20000024   Section       12  usart_dma_config.o(.data)
    .data                                    0x20000030   Section       64  functions.o(.data)
    .data                                    0x20000070   Section        7  functions.o(.data)
    .data                                    0x20000078   Section       20  srf05.o(.data)
    .data                                    0x2000008c   Section       16  stm32f4xx_rcc.o(.data)
    APBAHBPrescTable                         0x2000008c   Data          16  stm32f4xx_rcc.o(.data)
    .bss                                     0x2000009c   Section       28  main.o(.bss)
    .bss                                     0x200000b8   Section       16  main.o(.bss)
    .bss                                     0x200000c8   Section       16  main.o(.bss)
    .bss                                     0x200000d8   Section       16  main.o(.bss)
    .bss                                     0x200000e8   Section       16  main.o(.bss)
    .bss                                     0x200000f8   Section       32  encoder.o(.bss)
    .bss                                     0x20000118   Section     1673  usart_dma_config.o(.bss)
    .bss                                     0x200007a8   Section       88  functions.o(.bss)
    .bss                                     0x20000800   Section       88  functions.o(.bss)
    .bss                                     0x20000858   Section     2496  functions.o(.bss)
    .bss                                     0x20001218   Section     1600  functions.o(.bss)
    .bss                                     0x20001858   Section     1600  functions.o(.bss)
    .bss                                     0x20001e98   Section       40  functions.o(.bss)
    .bss                                     0x20001ec0   Section       22  srf05.o(.bss)
    .bss                                     0x20001ed8   Section       96  libspace.o(.bss)
    HEAP                                     0x20001f38   Section      512  startup_stm32f411xe.o(HEAP)
    Heap_Mem                                 0x20001f38   Data         512  startup_stm32f411xe.o(HEAP)
    STACK                                    0x20002138   Section     1024  startup_stm32f411xe.o(STACK)
    Stack_Mem                                0x20002138   Data        1024  startup_stm32f411xe.o(STACK)
    __initial_sp                             0x20002538   Data           0  startup_stm32f411xe.o(STACK)

    Global Symbols

    Symbol Name                              Value     Ov Type        Size  Object(Section)

    BuildAttributes$$THM_ISAv4$E$P$D$K$B$S$7EM$VFPi3$EXTD16$VFPS$VFMA$PE$A:L22UL41UL21$X:L11$S22US41US21$IEEE1$IW$USESV6$~STKCKD$USESV7$~SHL$OTIME$ROPI$IEEEX$EBA8$UX$STANDARDLIB$REQ8$PRES8$EABIv2 0x00000000   Number         0  anon$$obj.o ABSOLUTE
    __ARM_use_no_argv                        0x00000000   Number         0  main.o ABSOLUTE
    __ARM_exceptions_init                     - Undefined Weak Reference
    __alloca_initialize                       - Undefined Weak Reference
    __cpp_initialize__aeabi_                  - Undefined Weak Reference
    __cxa_finalize                            - Undefined Weak Reference
    __rt_locale                               - Undefined Weak Reference
    __sigvec_lookup                           - Undefined Weak Reference
    _atexit_init                              - Undefined Weak Reference
    _call_atexit_fns                          - Undefined Weak Reference
    _clock_init                               - Undefined Weak Reference
    _fp_trap_init                             - Undefined Weak Reference
    _fp_trap_shutdown                         - Undefined Weak Reference
    _get_lc_collate                           - Undefined Weak Reference
    _get_lc_ctype                             - Undefined Weak Reference
    _get_lc_monetary                          - Undefined Weak Reference
    _get_lc_numeric                           - Undefined Weak Reference
    _get_lc_time                              - Undefined Weak Reference
    _getenv_init                              - Undefined Weak Reference
    _handle_redirection                       - Undefined Weak Reference
    _init_alloc                               - Undefined Weak Reference
    _init_user_alloc                          - Undefined Weak Reference
    _initio                                   - Undefined Weak Reference
    _rand_init                                - Undefined Weak Reference
    _signal_finish                            - Undefined Weak Reference
    _signal_init                              - Undefined Weak Reference
    _terminate_alloc                          - Undefined Weak Reference
    _terminate_user_alloc                     - Undefined Weak Reference
    _terminateio                              - Undefined Weak Reference
    __Vectors_Size                           0x00000198   Number         0  startup_stm32f411xe.o ABSOLUTE
    __Vectors                                0x08000000   Data           4  startup_stm32f411xe.o(RESET)
    __Vectors_End                            0x08000198   Data           0  startup_stm32f411xe.o(RESET)
    __main                                   0x08000199   Thumb Code     8  __main.o(!!!main)
    __scatterload                            0x080001a1   Thumb Code     0  __scatter.o(!!!scatter)
    __scatterload_rt2                        0x080001a1   Thumb Code    44  __scatter.o(!!!scatter)
    __scatterload_rt2_thumb_only             0x080001a1   Thumb Code     0  __scatter.o(!!!scatter)
    __scatterload_null                       0x080001af   Thumb Code     0  __scatter.o(!!!scatter)
    __scatterload_copy                       0x080001d5   Thumb Code    26  __scatter_copy.o(!!handler_copy)
    __scatterload_zeroinit                   0x080001f1   Thumb Code    28  __scatter_zi.o(!!handler_zi)
    __rt_lib_init                            0x0800020d   Thumb Code     0  libinit.o(.ARM.Collect$$libinit$$00000000)
    __rt_lib_init_fp_1                       0x0800020f   Thumb Code     0  libinit2.o(.ARM.Collect$$libinit$$00000001)
    __rt_lib_init_alloca_1                   0x08000213   Thumb Code     0  libinit2.o(.ARM.Collect$$libinit$$0000002C)
    __rt_lib_init_argv_1                     0x08000213   Thumb Code     0  libinit2.o(.ARM.Collect$$libinit$$0000002A)
    __rt_lib_init_atexit_1                   0x08000213   Thumb Code     0  libinit2.o(.ARM.Collect$$libinit$$00000019)
    __rt_lib_init_clock_1                    0x08000213   Thumb Code     0  libinit2.o(.ARM.Collect$$libinit$$0000001F)
    __rt_lib_init_cpp_1                      0x08000213   Thumb Code     0  libinit2.o(.ARM.Collect$$libinit$$00000030)
    __rt_lib_init_exceptions_1               0x08000213   Thumb Code     0  libinit2.o(.ARM.Collect$$libinit$$0000002E)
    __rt_lib_init_fp_trap_1                  0x08000213   Thumb Code     0  libinit2.o(.ARM.Collect$$libinit$$0000001D)
    __rt_lib_init_getenv_1                   0x08000213   Thumb Code     0  libinit2.o(.ARM.Collect$$libinit$$00000021)
    __rt_lib_init_heap_1                     0x08000213   Thumb Code     0  libinit2.o(.ARM.Collect$$libinit$$00000008)
    __rt_lib_init_lc_collate_1               0x08000213   Thumb Code     0  libinit2.o(.ARM.Collect$$libinit$$0000000F)
    __rt_lib_init_lc_ctype_1                 0x08000213   Thumb Code     0  libinit2.o(.ARM.Collect$$libinit$$00000011)
    __rt_lib_init_lc_monetary_1              0x08000213   Thumb Code     0  libinit2.o(.ARM.Collect$$libinit$$00000013)
    __rt_lib_init_lc_numeric_1               0x08000213   Thumb Code     0  libinit2.o(.ARM.Collect$$libinit$$00000015)
    __rt_lib_init_lc_time_1                  0x08000213   Thumb Code     0  libinit2.o(.ARM.Collect$$libinit$$00000017)
    __rt_lib_init_rand_1                     0x08000213   Thumb Code     0  libinit2.o(.ARM.Collect$$libinit$$0000000C)
    __rt_lib_init_return                     0x08000213   Thumb Code     0  libinit2.o(.ARM.Collect$$libinit$$00000031)
    __rt_lib_init_signal_1                   0x08000213   Thumb Code     0  libinit2.o(.ARM.Collect$$libinit$$0000001B)
    __rt_lib_init_stdio_1                    0x08000213   Thumb Code     0  libinit2.o(.ARM.Collect$$libinit$$00000023)
    __rt_lib_init_user_alloc_1               0x08000213   Thumb Code     0  libinit2.o(.ARM.Collect$$libinit$$0000000A)
    __rt_lib_shutdown                        0x08000215   Thumb Code     0  libshutdown.o(.ARM.Collect$$libshutdown$$00000000)
    __rt_lib_shutdown_fp_trap_1              0x08000217   Thumb Code     0  libshutdown2.o(.ARM.Collect$$libshutdown$$00000006)
    __rt_lib_shutdown_heap_1                 0x08000217   Thumb Code     0  libshutdown2.o(.ARM.Collect$$libshutdown$$0000000E)
    __rt_lib_shutdown_return                 0x08000217   Thumb Code     0  libshutdown2.o(.ARM.Collect$$libshutdown$$0000000F)
    __rt_lib_shutdown_signal_1               0x08000217   Thumb Code     0  libshutdown2.o(.ARM.Collect$$libshutdown$$00000009)
    __rt_lib_shutdown_stdio_1                0x08000217   Thumb Code     0  libshutdown2.o(.ARM.Collect$$libshutdown$$00000003)
    __rt_lib_shutdown_user_alloc_1           0x08000217   Thumb Code     0  libshutdown2.o(.ARM.Collect$$libshutdown$$0000000B)
    __rt_entry                               0x08000219   Thumb Code     0  rtentry.o(.ARM.Collect$$rtentry$$00000000)
    __rt_entry_presh_1                       0x08000219   Thumb Code     0  rtentry2.o(.ARM.Collect$$rtentry$$00000002)
    __rt_entry_sh                            0x08000219   Thumb Code     0  rtentry4.o(.ARM.Collect$$rtentry$$00000004)
    __rt_entry_li                            0x0800021f   Thumb Code     0  rtentry2.o(.ARM.Collect$$rtentry$$0000000A)
    __rt_entry_postsh_1                      0x0800021f   Thumb Code     0  rtentry2.o(.ARM.Collect$$rtentry$$00000009)
    __rt_entry_main                          0x08000223   Thumb Code     0  rtentry2.o(.ARM.Collect$$rtentry$$0000000D)
    __rt_entry_postli_1                      0x08000223   Thumb Code     0  rtentry2.o(.ARM.Collect$$rtentry$$0000000C)
    __rt_exit                                0x0800022b   Thumb Code     0  rtexit.o(.ARM.Collect$$rtexit$$00000000)
    __rt_exit_ls                             0x0800022d   Thumb Code     0  rtexit2.o(.ARM.Collect$$rtexit$$00000003)
    __rt_exit_prels_1                        0x0800022d   Thumb Code     0  rtexit2.o(.ARM.Collect$$rtexit$$00000002)
    __rt_exit_exit                           0x08000231   Thumb Code     0  rtexit2.o(.ARM.Collect$$rtexit$$00000004)
    Reset_Handler                            0x08000239   Thumb Code     8  startup_stm32f411xe.o(.text)
    ADC_IRQHandler                           0x08000253   Thumb Code     0  startup_stm32f411xe.o(.text)
    DMA1_Stream0_IRQHandler                  0x08000253   Thumb Code     0  startup_stm32f411xe.o(.text)
    DMA1_Stream1_IRQHandler                  0x08000253   Thumb Code     0  startup_stm32f411xe.o(.text)
    DMA1_Stream2_IRQHandler                  0x08000253   Thumb Code     0  startup_stm32f411xe.o(.text)
    DMA1_Stream3_IRQHandler                  0x08000253   Thumb Code     0  startup_stm32f411xe.o(.text)
    DMA1_Stream4_IRQHandler                  0x08000253   Thumb Code     0  startup_stm32f411xe.o(.text)
    DMA1_Stream6_IRQHandler                  0x08000253   Thumb Code     0  startup_stm32f411xe.o(.text)
    DMA1_Stream7_IRQHandler                  0x08000253   Thumb Code     0  startup_stm32f411xe.o(.text)
    DMA2_Stream0_IRQHandler                  0x08000253   Thumb Code     0  startup_stm32f411xe.o(.text)
    DMA2_Stream1_IRQHandler                  0x08000253   Thumb Code     0  startup_stm32f411xe.o(.text)
    DMA2_Stream3_IRQHandler                  0x08000253   Thumb Code     0  startup_stm32f411xe.o(.text)
    DMA2_Stream4_IRQHandler                  0x08000253   Thumb Code     0  startup_stm32f411xe.o(.text)
    DMA2_Stream6_IRQHandler                  0x08000253   Thumb Code     0  startup_stm32f411xe.o(.text)
    DMA2_Stream7_IRQHandler                  0x08000253   Thumb Code     0  startup_stm32f411xe.o(.text)
    EXTI0_IRQHandler                         0x08000253   Thumb Code     0  startup_stm32f411xe.o(.text)
    EXTI15_10_IRQHandler                     0x08000253   Thumb Code     0  startup_stm32f411xe.o(.text)
    EXTI1_IRQHandler                         0x08000253   Thumb Code     0  startup_stm32f411xe.o(.text)
    EXTI2_IRQHandler                         0x08000253   Thumb Code     0  startup_stm32f411xe.o(.text)
    EXTI3_IRQHandler                         0x08000253   Thumb Code     0  startup_stm32f411xe.o(.text)
    EXTI4_IRQHandler                         0x08000253   Thumb Code     0  startup_stm32f411xe.o(.text)
    EXTI9_5_IRQHandler                       0x08000253   Thumb Code     0  startup_stm32f411xe.o(.text)
    FLASH_IRQHandler                         0x08000253   Thumb Code     0  startup_stm32f411xe.o(.text)
    FPU_IRQHandler                           0x08000253   Thumb Code     0  startup_stm32f411xe.o(.text)
    I2C1_ER_IRQHandler                       0x08000253   Thumb Code     0  startup_stm32f411xe.o(.text)
    I2C1_EV_IRQHandler                       0x08000253   Thumb Code     0  startup_stm32f411xe.o(.text)
    I2C2_ER_IRQHandler                       0x08000253   Thumb Code     0  startup_stm32f411xe.o(.text)
    I2C2_EV_IRQHandler                       0x08000253   Thumb Code     0  startup_stm32f411xe.o(.text)
    I2C3_ER_IRQHandler                       0x08000253   Thumb Code     0  startup_stm32f411xe.o(.text)
    I2C3_EV_IRQHandler                       0x08000253   Thumb Code     0  startup_stm32f411xe.o(.text)
    OTG_FS_IRQHandler                        0x08000253   Thumb Code     0  startup_stm32f411xe.o(.text)
    OTG_FS_WKUP_IRQHandler                   0x08000253   Thumb Code     0  startup_stm32f411xe.o(.text)
    PVD_IRQHandler                           0x08000253   Thumb Code     0  startup_stm32f411xe.o(.text)
    RCC_IRQHandler                           0x08000253   Thumb Code     0  startup_stm32f411xe.o(.text)
    RTC_Alarm_IRQHandler                     0x08000253   Thumb Code     0  startup_stm32f411xe.o(.text)
    RTC_WKUP_IRQHandler                      0x08000253   Thumb Code     0  startup_stm32f411xe.o(.text)
    SDIO_IRQHandler                          0x08000253   Thumb Code     0  startup_stm32f411xe.o(.text)
    SPI1_IRQHandler                          0x08000253   Thumb Code     0  startup_stm32f411xe.o(.text)
    SPI2_IRQHandler                          0x08000253   Thumb Code     0  startup_stm32f411xe.o(.text)
    SPI3_IRQHandler                          0x08000253   Thumb Code     0  startup_stm32f411xe.o(.text)
    SPI4_IRQHandler                          0x08000253   Thumb Code     0  startup_stm32f411xe.o(.text)
    SPI5_IRQHandler                          0x08000253   Thumb Code     0  startup_stm32f411xe.o(.text)
    TAMP_STAMP_IRQHandler                    0x08000253   Thumb Code     0  startup_stm32f411xe.o(.text)
    TIM1_BRK_TIM9_IRQHandler                 0x08000253   Thumb Code     0  startup_stm32f411xe.o(.text)
    TIM1_CC_IRQHandler                       0x08000253   Thumb Code     0  startup_stm32f411xe.o(.text)
    TIM1_TRG_COM_TIM11_IRQHandler            0x08000253   Thumb Code     0  startup_stm32f411xe.o(.text)
    TIM1_UP_TIM10_IRQHandler                 0x08000253   Thumb Code     0  startup_stm32f411xe.o(.text)
    TIM5_IRQHandler                          0x08000253   Thumb Code     0  startup_stm32f411xe.o(.text)
    USART1_IRQHandler                        0x08000253   Thumb Code     0  startup_stm32f411xe.o(.text)
    WWDG_IRQHandler                          0x08000253   Thumb Code     0  startup_stm32f411xe.o(.text)
    __user_initial_stackheap                 0x08000255   Thumb Code     0  startup_stm32f411xe.o(.text)
    __aeabi_memclr4                          0x08000279   Thumb Code     0  rt_memclr_w.o(.text)
    __aeabi_memclr8                          0x08000279   Thumb Code     0  rt_memclr_w.o(.text)
    __rt_memclr_w                            0x08000279   Thumb Code    78  rt_memclr_w.o(.text)
    _memset_w                                0x0800027d   Thumb Code     0  rt_memclr_w.o(.text)
    __use_two_region_memory                  0x080002c7   Thumb Code     2  heapauxi.o(.text)
    __rt_heap_escrow$2region                 0x080002c9   Thumb Code     2  heapauxi.o(.text)
    __rt_heap_expand$2region                 0x080002cb   Thumb Code     2  heapauxi.o(.text)
    __read_errno                             0x080002cd   Thumb Code    10  _rserrno.o(.text)
    __set_errno                              0x080002d7   Thumb Code    12  _rserrno.o(.text)
    __aeabi_errno_addr                       0x080002e5   Thumb Code     8  rt_errno_addr_intlibspace.o(.text)
    __errno$intlibspace                      0x080002e5   Thumb Code     0  rt_errno_addr_intlibspace.o(.text)
    __rt_errno_addr$intlibspace              0x080002e5   Thumb Code     0  rt_errno_addr_intlibspace.o(.text)
    __user_libspace                          0x080002ed   Thumb Code     8  libspace.o(.text)
    __user_perproc_libspace                  0x080002ed   Thumb Code     0  libspace.o(.text)
    __user_perthread_libspace                0x080002ed   Thumb Code     0  libspace.o(.text)
    __user_setup_stackheap                   0x080002f5   Thumb Code    74  sys_stackheap_outer.o(.text)
    exit                                     0x0800033f   Thumb Code    12  exit.o(.text)
    _sys_exit                                0x0800034d   Thumb Code     8  sys_exit.o(.text)
    __I$use$semihosting                      0x08000359   Thumb Code     0  use_no_semi.o(.text)
    __use_no_semihosting_swi                 0x08000359   Thumb Code     2  use_no_semi.o(.text)
    BusFault_Handler                         0x0800035b   Thumb Code     2  stm32f4xx_it.o(i.BusFault_Handler)
    __semihosting_library_function           0x0800035b   Thumb Code     0  indicate_semi.o(.text)
    Convert4BytesToWordData                  0x0800035d   Thumb Code    62  functions.o(i.Convert4BytesToWordData)
    Core_Delay_Us                            0x0800039b   Thumb Code    18  srf05.o(i.Core_Delay_Us)
    DMA1_Stream5_IRQHandler                  0x080003ad   Thumb Code    84  stm32f4xx_it.o(i.DMA1_Stream5_IRQHandler)
    DMA2_Stream2_IRQHandler                  0x08000421   Thumb Code  1122  stm32f4xx_it.o(i.DMA2_Stream2_IRQHandler)
    DMA2_Stream5_IRQHandler                  0x08000885   Thumb Code    64  stm32f4xx_it.o(i.DMA2_Stream5_IRQHandler)
    DMA_ClearFlag                            0x080008e1   Thumb Code    32  stm32f4xx_dma.o(i.DMA_ClearFlag)
    DMA_ClearITPendingBit                    0x0800090d   Thumb Code    32  stm32f4xx_dma.o(i.DMA_ClearITPendingBit)
    DMA_Cmd                                  0x08000939   Thumb Code    20  stm32f4xx_dma.o(i.DMA_Cmd)
    DMA_ITConfig                             0x0800094d   Thumb Code    44  stm32f4xx_dma.o(i.DMA_ITConfig)
    DMA_Init                                 0x08000979   Thumb Code    80  stm32f4xx_dma.o(i.DMA_Init)
    DebugMon_Handler                         0x080009cd   Thumb Code     2  stm32f4xx_it.o(i.DebugMon_Handler)
    Defuzzification_Max_Min                  0x080009d1   Thumb Code  1162  functions.o(i.Defuzzification_Max_Min)
    DirPinConfig                             0x08000e61   Thumb Code    42  encoder.o(i.DirPinConfig)
    Encoder_Config                           0x08000e95   Thumb Code    26  encoder.o(i.Encoder_Config)
    FLASH_GetStatus                          0x08000eb1   Thumb Code    56  stm32f4xx_flash.o(i.FLASH_GetStatus)
    FLASH_Lock                               0x08000eed   Thumb Code    12  stm32f4xx_flash.o(i.FLASH_Lock)
    FLASH_ProgramWord                        0x08000efd   Thumb Code    56  stm32f4xx_flash.o(i.FLASH_ProgramWord)
    FLASH_Unlock                             0x08000f39   Thumb Code    22  stm32f4xx_flash.o(i.FLASH_Unlock)
    FLASH_WaitForLastOperation               0x08000f5d   Thumb Code    30  stm32f4xx_flash.o(i.FLASH_WaitForLastOperation)
    FeedBack                                 0x08000f7b   Thumb Code    42  functions.o(i.FeedBack)
    Fuzzy_Max                                0x08000fa5   Thumb Code    68  functions.o(i.Fuzzy_Max)
    Fuzzy_Min                                0x08000fe9   Thumb Code    58  functions.o(i.Fuzzy_Min)
    Fuzzy_ParametersInit                     0x08001025   Thumb Code   250  functions.o(i.Fuzzy_ParametersInit)
    GPIO_Init                                0x080011f1   Thumb Code   162  stm32f4xx_gpio.o(i.GPIO_Init)
    GPIO_PinAFConfig                         0x08001293   Thumb Code    32  stm32f4xx_gpio.o(i.GPIO_PinAFConfig)
    GPIO_ReadInputDataBit                    0x080012b3   Thumb Code    14  stm32f4xx_gpio.o(i.GPIO_ReadInputDataBit)
    GPIO_ReadOutputDataBit                   0x080012c1   Thumb Code    14  stm32f4xx_gpio.o(i.GPIO_ReadOutputDataBit)
    GPIO_ResetBits                           0x080012cf   Thumb Code     4  stm32f4xx_gpio.o(i.GPIO_ResetBits)
    GPIO_SetBits                             0x080012d3   Thumb Code     4  stm32f4xx_gpio.o(i.GPIO_SetBits)
    GPS_GetLatFromString                     0x080012d9   Thumb Code   154  functions.o(i.GPS_GetLatFromString)
    GPS_GetLonFromString                     0x08001385   Thumb Code   140  functions.o(i.GPS_GetLonFromString)
    GPS_GetMessage                           0x08001421   Thumb Code    94  functions.o(i.GPS_GetMessage)
    GPS_LLToDegree                           0x08001481   Thumb Code   104  functions.o(i.GPS_LLToDegree)
    GPS_LatLonToUTM                          0x080014f9   Thumb Code  1378  functions.o(i.GPS_LatLonToUTM)
    GPS_ParametersInit                       0x08001a75   Thumb Code    40  functions.o(i.GPS_ParametersInit)
    GPS_SavePathCoordinateToFlash            0x08001aa5   Thumb Code    82  functions.o(i.GPS_SavePathCoordinateToFlash)
    GPS_StanleyControl                       0x08001afd   Thumb Code   708  functions.o(i.GPS_StanleyControl)
    GPS_UpdatePathCoordinate                 0x08001de9   Thumb Code   134  functions.o(i.GPS_UpdatePathCoordinate)
    GPS_UpdatePathYaw                        0x08001e71   Thumb Code   106  functions.o(i.GPS_UpdatePathYaw)
    GetAFFromTIM                             0x08001ee5   Thumb Code    70  stm32f411_rccenable.o(i.GetAFFromTIM)
    GetIRQHandlerFromTIMxCC                  0x08001f4d   Thumb Code    84  stm32f411_rccenable.o(i.GetIRQHandlerFromTIMxCC)
    GetMessageInfo                           0x08001fbd   Thumb Code    88  functions.o(i.GetMessageInfo)
    GetNbOfReceiveHeader                     0x08002015   Thumb Code   144  functions.o(i.GetNbOfReceiveHeader)
    GetPinSourceFromGPIOPin                  0x080020f5   Thumb Code   144  stm32f411_rccenable.o(i.GetPinSourceFromGPIOPin)
    GetValueFromString                       0x08002185   Thumb Code   308  functions.o(i.GetValueFromString)
    GetVehicleVelocity                       0x080022d9   Thumb Code   252  stm32f4xx_it.o(i.GetVehicleVelocity)
    HardFault_Handler                        0x080023fd   Thumb Code     2  stm32f4xx_it.o(i.HardFault_Handler)
    IMU_GetCommandMessage                    0x080023ff   Thumb Code    28  functions.o(i.IMU_GetCommandMessage)
    IMU_GetValue                             0x0800241d   Thumb Code   162  functions.o(i.IMU_GetValue)
    IMU_ParametesInit                        0x080024d5   Thumb Code    30  functions.o(i.IMU_ParametesInit)
    IMU_UpdateAngle                          0x080024fd   Thumb Code     6  functions.o(i.IMU_UpdateAngle)
    IMU_UpdateFuzzyCoefficients              0x08002503   Thumb Code     8  functions.o(i.IMU_UpdateFuzzyCoefficients)
    IMU_UpdateFuzzyInput                     0x0800250d   Thumb Code   202  functions.o(i.IMU_UpdateFuzzyInput)
    IMU_UpdatePreAngle                       0x080025f1   Thumb Code    10  functions.o(i.IMU_UpdatePreAngle)
    IMU_UpdateSetAngle                       0x080025fb   Thumb Code    26  functions.o(i.IMU_UpdateSetAngle)
    IsCorrectMessage                         0x08002615   Thumb Code    46  functions.o(i.IsCorrectMessage)
    IsDouble                                 0x08002645   Thumb Code    60  functions.o(i.IsDouble)
    IsValidData                              0x08002689   Thumb Code    12  functions.o(i.IsValidData)
    LRCCalculate                             0x08002695   Thumb Code    22  functions.o(i.LRCCalculate)
    M1_Encoder_Config                        0x080026ad   Thumb Code   162  encoder.o(i.M1_Encoder_Config)
    M1_Forward                               0x08002761   Thumb Code    70  encoder.o(i.M1_Forward)
    M2_Backward                              0x080027c1   Thumb Code    70  encoder.o(i.M2_Backward)
    M2_Encoder_Config                        0x08002821   Thumb Code   164  encoder.o(i.M2_Encoder_Config)
    M2_Forward                               0x080028d5   Thumb Code    70  encoder.o(i.M2_Forward)
    MemManage_Handler                        0x08002935   Thumb Code     2  stm32f4xx_it.o(i.MemManage_Handler)
    NMI_Handler                              0x08002937   Thumb Code     2  stm32f4xx_it.o(i.NMI_Handler)
    NVIC_Init                                0x08002939   Thumb Code    96  misc.o(i.NVIC_Init)
    NVIC_PriorityGroupConfig                 0x0800299d   Thumb Code    10  misc.o(i.NVIC_PriorityGroupConfig)
    PID_Compute                              0x080029b1   Thumb Code   310  functions.o(i.PID_Compute)
    PID_ParametersInitial                    0x08002b0d   Thumb Code    38  functions.o(i.PID_ParametersInitial)
    PID_ParametersUpdate                     0x08002b3d   Thumb Code     6  functions.o(i.PID_ParametersUpdate)
    PID_ReadParametersFromFlash              0x08002b45   Thumb Code   156  main.o(i.PID_ReadParametersFromFlash)
    PID_ResetEncoder                         0x08002bf5   Thumb Code    10  functions.o(i.PID_ResetEncoder)
    PID_SavePIDParaToFlash                   0x08002c01   Thumb Code   200  functions.o(i.PID_SavePIDParaToFlash)
    PID_UpdateEnc                            0x08002cd1   Thumb Code     4  functions.o(i.PID_UpdateEnc)
    PID_UpdateSetVel                         0x08002cd5   Thumb Code     6  functions.o(i.PID_UpdateSetVel)
    PWM_Config                               0x08002cdd   Thumb Code   148  encoder.o(i.PWM_Config)
    Parameters_Init                          0x08002d81   Thumb Code    80  main.o(i.Parameters_Init)
    PendSV_Handler                           0x08002e05   Thumb Code     2  stm32f4xx_it.o(i.PendSV_Handler)
    Peripheral_Config                        0x08002e09   Thumb Code    54  main.o(i.Peripheral_Config)
    Pi_To_Pi                                 0x08002e45   Thumb Code   100  functions.o(i.Pi_To_Pi)
    RCC_AHB1PeriphClockCmd                   0x08002ec1   Thumb Code    18  stm32f4xx_rcc.o(i.RCC_AHB1PeriphClockCmd)
    RCC_APB1PeriphClockCmd                   0x08002ed9   Thumb Code    18  stm32f4xx_rcc.o(i.RCC_APB1PeriphClockCmd)
    RCC_APB2PeriphClockCmd                   0x08002ef1   Thumb Code    18  stm32f4xx_rcc.o(i.RCC_APB2PeriphClockCmd)
    RCC_GPIOxClockCmd                        0x08002f09   Thumb Code   104  stm32f411_rccenable.o(i.RCC_GPIOxClockCmd)
    RCC_GetClocksFreq                        0x08002f99   Thumb Code   132  stm32f4xx_rcc.o(i.RCC_GetClocksFreq)
    RCC_TIMxClockCmd                         0x0800302d   Thumb Code   142  stm32f411_rccenable.o(i.RCC_TIMxClockCmd)
    ReadFromFlash                            0x080030ed   Thumb Code    54  functions.o(i.ReadFromFlash)
    Reset_Motor                              0x08003125   Thumb Code    58  stm32f4xx_it.o(i.Reset_Motor)
    Robot_Forward                            0x08003175   Thumb Code    38  encoder.o(i.Robot_Forward)
    Robot_Spin_AntiClockWise                 0x0800319b   Thumb Code    38  encoder.o(i.Robot_Spin_AntiClockWise)
    SVC_Handler                              0x080031c1   Thumb Code     2  stm32f4xx_it.o(i.SVC_Handler)
    SaveDataToInternalFlash                  0x080031c5   Thumb Code    36  stm32f4xx_it.o(i.SaveDataToInternalFlash)
    Srf05_Initial                            0x0800326d   Thumb Code   168  srf05.o(i.Srf05_Initial)
    Srf05_MidFront                           0x0800331d   Thumb Code    34  main.o(i.Srf05_MidFront)
    Srf05_ResetCounter                       0x08003349   Thumb Code     6  srf05.o(i.Srf05_ResetCounter)
    Srf05_StartDevice                        0x08003351   Thumb Code    44  srf05.o(i.Srf05_StartDevice)
    Srf05_TriggerPinConfig                   0x08003381   Thumb Code    50  srf05.o(i.Srf05_TriggerPinConfig)
    Status_CheckStatus                       0x080033b9   Thumb Code     4  functions.o(i.Status_CheckStatus)
    Status_UpdateStatus                      0x080033bd   Thumb Code     4  functions.o(i.Status_UpdateStatus)
    StringHeaderCompare                      0x080033c1   Thumb Code    26  functions.o(i.StringHeaderCompare)
    SysTick_Handler                          0x080033dd   Thumb Code   110  stm32f4xx_it.o(i.SysTick_Handler)
    SystemInit                               0x08003455   Thumb Code    74  system_stm32f4xx.o(i.SystemInit)
    TIM2_IRQHandler                          0x08003515   Thumb Code   252  stm32f4xx_it.o(i.TIM2_IRQHandler)
    TIM3_IRQHandler                          0x08003639   Thumb Code    20  stm32f4xx_it.o(i.TIM3_IRQHandler)
    TIM4_IRQHandler                          0x08003655   Thumb Code    20  stm32f4xx_it.o(i.TIM4_IRQHandler)
    TIM_ARRPreloadConfig                     0x08003671   Thumb Code    20  stm32f4xx_tim.o(i.TIM_ARRPreloadConfig)
    TIM_ClearITPendingBit                    0x08003685   Thumb Code     6  stm32f4xx_tim.o(i.TIM_ClearITPendingBit)
    TIM_Cmd                                  0x0800368b   Thumb Code    20  stm32f4xx_tim.o(i.TIM_Cmd)
    TIM_EncoderInterfaceConfig               0x0800369f   Thumb Code    50  stm32f4xx_tim.o(i.TIM_EncoderInterfaceConfig)
    TIM_GetCapture1                          0x080036d1   Thumb Code     4  stm32f4xx_tim.o(i.TIM_GetCapture1)
    TIM_GetCapture2                          0x080036d5   Thumb Code     4  stm32f4xx_tim.o(i.TIM_GetCapture2)
    TIM_GetCapture3                          0x080036d9   Thumb Code     4  stm32f4xx_tim.o(i.TIM_GetCapture3)
    TIM_GetCapture4                          0x080036dd   Thumb Code     4  stm32f4xx_tim.o(i.TIM_GetCapture4)
    TIM_GetCounter                           0x080036e1   Thumb Code     4  stm32f4xx_tim.o(i.TIM_GetCounter)
    TIM_GetFlagStatus                        0x080036e5   Thumb Code    14  stm32f4xx_tim.o(i.TIM_GetFlagStatus)
    TIM_ICInit                               0x080036f3   Thumb Code   172  stm32f4xx_tim.o(i.TIM_ICInit)
    TIM_ITConfig                             0x0800379f   Thumb Code    16  stm32f4xx_tim.o(i.TIM_ITConfig)
    TIM_OC1Init                              0x080037b1   Thumb Code    88  stm32f4xx_tim.o(i.TIM_OC1Init)
    TIM_OC1PreloadConfig                     0x08003811   Thumb Code    12  stm32f4xx_tim.o(i.TIM_OC1PreloadConfig)
    TIM_OC2Init                              0x0800381d   Thumb Code   120  stm32f4xx_tim.o(i.TIM_OC2Init)
    TIM_OC2PreloadConfig                     0x0800389d   Thumb Code    20  stm32f4xx_tim.o(i.TIM_OC2PreloadConfig)
    TIM_SetCounter                           0x080038b1   Thumb Code     4  stm32f4xx_tim.o(i.TIM_SetCounter)
    TIM_SetIC1Prescaler                      0x080038b5   Thumb Code    16  stm32f4xx_tim.o(i.TIM_SetIC1Prescaler)
    TIM_SetIC2Prescaler                      0x080038c5   Thumb Code    24  stm32f4xx_tim.o(i.TIM_SetIC2Prescaler)
    TIM_SetIC3Prescaler                      0x080038dd   Thumb Code    16  stm32f4xx_tim.o(i.TIM_SetIC3Prescaler)
    TIM_SetIC4Prescaler                      0x080038ed   Thumb Code    24  stm32f4xx_tim.o(i.TIM_SetIC4Prescaler)
    TIM_TimeBaseInit                         0x08003905   Thumb Code    96  stm32f4xx_tim.o(i.TIM_TimeBaseInit)
    Time_GetSampleTime                       0x08003981   Thumb Code    52  functions.o(i.Time_GetSampleTime)
    Time_ParametersInit                      0x080039c5   Thumb Code    20  functions.o(i.Time_ParametersInit)
    Time_SampleTimeUpdate                    0x080039d9   Thumb Code     4  functions.o(i.Time_SampleTimeUpdate)
    Time_SendTimeUpdate                      0x080039dd   Thumb Code    10  functions.o(i.Time_SendTimeUpdate)
    ToChar                                   0x080039e9   Thumb Code   248  functions.o(i.ToChar)
    ToHex                                    0x08003af1   Thumb Code    14  functions.o(i.ToHex)
    ToRPM                                    0x08003b01   Thumb Code    36  functions.o(i.ToRPM)
    Trapf                                    0x08003b35   Thumb Code   198  functions.o(i.Trapf)
    Trimf                                    0x08003c0d   Thumb Code   194  functions.o(i.Trimf)
    U1_SendData                              0x08003cd9   Thumb Code    32  usart_dma_config.o(i.U1_SendData)
    U6_SendData                              0x08003cfd   Thumb Code    30  usart_dma_config.o(i.U6_SendData)
    USART1_Config                            0x08003d25   Thumb Code   304  usart_dma_config.o(i.USART1_Config)
    USART2_Config                            0x08003e69   Thumb Code   336  usart_dma_config.o(i.USART2_Config)
    USART2_IRQHandler                        0x08003fcd   Thumb Code    50  stm32f4xx_it.o(i.USART2_IRQHandler)
    USART6_Config                            0x0800400d   Thumb Code   326  usart_dma_config.o(i.USART6_Config)
    USART6_IRQHandler                        0x08004169   Thumb Code    50  stm32f4xx_it.o(i.USART6_IRQHandler)
    USART_ClearFlag                          0x080041a9   Thumb Code     6  stm32f4xx_usart.o(i.USART_ClearFlag)
    USART_Cmd                                0x080041af   Thumb Code    20  stm32f4xx_usart.o(i.USART_Cmd)
    USART_DMACmd                             0x080041c3   Thumb Code    16  stm32f4xx_usart.o(i.USART_DMACmd)
    USART_GetITStatus                        0x080041d3   Thumb Code    62  stm32f4xx_usart.o(i.USART_GetITStatus)
    USART_ITConfig                           0x08004211   Thumb Code    48  stm32f4xx_usart.o(i.USART_ITConfig)
    USART_Init                               0x08004241   Thumb Code   164  stm32f4xx_usart.o(i.USART_Init)
    USART_ReceiveData                        0x080042ed   Thumb Code     8  stm32f4xx_usart.o(i.USART_ReceiveData)
    UsageFault_Handler                       0x080042f5   Thumb Code     2  stm32f4xx_it.o(i.UsageFault_Handler)
    Veh_ParametersInit                       0x080042f9   Thumb Code    30  functions.o(i.Veh_ParametersInit)
    Veh_UpdateMaxVelocity                    0x08004321   Thumb Code     6  functions.o(i.Veh_UpdateMaxVelocity)
    Veh_UpdateVehicleFromKey                 0x08004329   Thumb Code   296  functions.o(i.Veh_UpdateVehicleFromKey)
    WriteToFlash                             0x08004485   Thumb Code    82  functions.o(i.WriteToFlash)
    __ARM_fpclassify                         0x080044d7   Thumb Code    48  fpclassify.o(i.__ARM_fpclassify)
    __hardfp_atan                            0x08004509   Thumb Code   632  atan.o(i.__hardfp_atan)
    __hardfp_atan2                           0x080047e9   Thumb Code   426  atan2.o(i.__hardfp_atan2)
    __hardfp_cos                             0x080049d9   Thumb Code   200  cos.o(i.__hardfp_cos)
    __hardfp_fabs                            0x08004ab1   Thumb Code    20  fabs.o(i.__hardfp_fabs)
    __hardfp_log                             0x08004ac9   Thumb Code   882  log.o(i.__hardfp_log)
    __hardfp_pow                             0x08004eb1   Thumb Code  3048  pow.o(i.__hardfp_pow)
    __hardfp_sin                             0x08005ae9   Thumb Code   200  sin.o(i.__hardfp_sin)
    __hardfp_sqrt                            0x08005bc1   Thumb Code   122  sqrt.o(i.__hardfp_sqrt)
    __hardfp_tan                             0x08005c41   Thumb Code   142  tan.o(i.__hardfp_tan)
    __ieee754_rem_pio2                       0x08005ce1   Thumb Code   938  rred.o(i.__ieee754_rem_pio2)
    __kernel_cos                             0x08006119   Thumb Code   322  cos_i.o(i.__kernel_cos)
    __kernel_poly                            0x08006289   Thumb Code   248  poly.o(i.__kernel_poly)
    __kernel_sin                             0x08006381   Thumb Code   280  sin_i.o(i.__kernel_sin)
    __kernel_tan                             0x080064b1   Thumb Code   764  tan_i.o(i.__kernel_tan)
    __mathlib_dbl_underflow                  0x08006801   Thumb Code    24  dunder.o(i.__mathlib_dbl_underflow)
    atan                                     0x08006821   Thumb Code    16  atan.o(i.atan)
    fabs                                     0x08006831   Thumb Code    24  fabs.o(i.fabs)
    fix                                      0x08006849   Thumb Code    20  functions.o(i.fix)
    main                                     0x0800685d   Thumb Code   706  main.o(i.main)
    sqrt                                     0x08006b61   Thumb Code   110  sqrt.o(i.sqrt)
    __aeabi_dneg                             0x08006bcf   Thumb Code     0  basic.o(x$fpl$basic)
    _dneg                                    0x08006bcf   Thumb Code     6  basic.o(x$fpl$basic)
    __aeabi_fneg                             0x08006bd5   Thumb Code     0  basic.o(x$fpl$basic)
    _fneg                                    0x08006bd5   Thumb Code     6  basic.o(x$fpl$basic)
    _dabs                                    0x08006bdb   Thumb Code     6  basic.o(x$fpl$basic)
    _fabs                                    0x08006be1   Thumb Code     6  basic.o(x$fpl$basic)
    __aeabi_dadd                             0x08006be9   Thumb Code     0  daddsub_clz.o(x$fpl$dadd)
    _dadd                                    0x08006be9   Thumb Code   332  daddsub_clz.o(x$fpl$dadd)
    __fpl_dcheck_NaN1                        0x08006d39   Thumb Code    10  dcheck1.o(x$fpl$dcheck1)
    __fpl_dcmp_Inf                           0x08006d49   Thumb Code    24  dcmpi.o(x$fpl$dcmpinf)
    __aeabi_ddiv                             0x08006d61   Thumb Code     0  ddiv.o(x$fpl$ddiv)
    _ddiv                                    0x08006d61   Thumb Code   552  ddiv.o(x$fpl$ddiv)
    __aeabi_cdcmpeq                          0x08007011   Thumb Code     0  deqf.o(x$fpl$deqf)
    _dcmpeq                                  0x08007011   Thumb Code   120  deqf.o(x$fpl$deqf)
    __aeabi_d2iz                             0x08007089   Thumb Code     0  dfix.o(x$fpl$dfix)
    _dfix                                    0x08007089   Thumb Code    94  dfix.o(x$fpl$dfix)
    __aeabi_d2uiz                            0x080070e9   Thumb Code     0  dfixu.o(x$fpl$dfixu)
    _dfixu                                   0x080070e9   Thumb Code    90  dfixu.o(x$fpl$dfixu)
    __aeabi_i2d                              0x08007143   Thumb Code     0  dflt_clz.o(x$fpl$dflt)
    _dflt                                    0x08007143   Thumb Code    46  dflt_clz.o(x$fpl$dflt)
    __aeabi_ui2d                             0x08007171   Thumb Code     0  dflt_clz.o(x$fpl$dfltu)
    _dfltu                                   0x08007171   Thumb Code    38  dflt_clz.o(x$fpl$dfltu)
    __aeabi_cdcmple                          0x08007199   Thumb Code     0  dleqf.o(x$fpl$dleqf)
    _dcmple                                  0x08007199   Thumb Code   120  dleqf.o(x$fpl$dleqf)
    __fpl_dcmple_InfNaN                      0x080071fb   Thumb Code     0  dleqf.o(x$fpl$dleqf)
    __aeabi_dmul                             0x08007211   Thumb Code     0  dmul.o(x$fpl$dmul)
    _dmul                                    0x08007211   Thumb Code   332  dmul.o(x$fpl$dmul)
    __fpl_dnaninf                            0x08007365   Thumb Code   156  dnaninf.o(x$fpl$dnaninf)
    __fpl_dretinf                            0x08007401   Thumb Code    12  dretinf.o(x$fpl$dretinf)
    __aeabi_cdrcmple                         0x0800740d   Thumb Code     0  drleqf.o(x$fpl$drleqf)
    _drcmple                                 0x0800740d   Thumb Code   108  drleqf.o(x$fpl$drleqf)
    __aeabi_drsub                            0x08007479   Thumb Code     0  daddsub_clz.o(x$fpl$drsb)
    _drsb                                    0x08007479   Thumb Code    22  daddsub_clz.o(x$fpl$drsb)
    _dsqrt                                   0x08007491   Thumb Code   404  dsqrt_umaal.o(x$fpl$dsqrt)
    __aeabi_dsub                             0x08007629   Thumb Code     0  daddsub_clz.o(x$fpl$dsub)
    _dsub                                    0x08007629   Thumb Code   464  daddsub_clz.o(x$fpl$dsub)
    _fp_init                                 0x080077fd   Thumb Code    10  fpinit.o(x$fpl$fpinit)
    __fplib_config_fpu_vfp                   0x08007805   Thumb Code     0  fpinit.o(x$fpl$fpinit)
    __fplib_config_pureend_doubles           0x08007805   Thumb Code     0  fpinit.o(x$fpl$fpinit)
    __fpl_return_NaN                         0x08007807   Thumb Code   100  retnan.o(x$fpl$retnan)
    __ARM_scalbn                             0x0800786b   Thumb Code    92  scalbn.o(x$fpl$scalbn)
    __fpl_cmpreturn                          0x080078c7   Thumb Code    48  trapv.o(x$fpl$trapveneer)
    __I$use$fp                               0x080078f6   Number         0  usenofp.o(x$fpl$usenofp)
    __mathlib_zero                           0x08007a80   Data           8  qnan.o(.constdata)
    Region$$Table$$Base                      0x08007bd8   Number         0  anon$$obj.o(Region$$Table)
    Region$$Table$$Limit                     0x08007bf8   Number         0  anon$$obj.o(Region$$Table)
    SystemCoreClock                          0x20000000   Data           4  system_stm32f4xx.o(.data)
    AHBPrescTable                            0x20000004   Data          16  system_stm32f4xx.o(.data)
    temp3                                    0x20000014   Data           1  stm32f4xx_it.o(.data)
    temp2                                    0x20000015   Data           1  stm32f4xx_it.o(.data)
    En_NVIC_Struct                           0x20000018   Data           4  encoder.o(.data)
    En_GPIO_Struct                           0x2000001c   Data           8  encoder.o(.data)
    US_NVIC_Struct                           0x20000024   Data           4  usart_dma_config.o(.data)
    US_GPIO_Struct                           0x20000028   Data           8  usart_dma_config.o(.data)
    F_GPIO_Struct                            0x20000030   Data           8  functions.o(.data)
    NB                                       0x20000038   Data           8  functions.o(.data)
    NM                                       0x20000040   Data           8  functions.o(.data)
    NS                                       0x20000048   Data           8  functions.o(.data)
    ZE                                       0x20000050   Data           8  functions.o(.data)
    PS                                       0x20000058   Data           8  functions.o(.data)
    PM                                       0x20000060   Data           8  functions.o(.data)
    PB                                       0x20000068   Data           8  functions.o(.data)
    VehStt                                   0x20000070   Data           7  functions.o(.data)
    Srf05_TriggerPin                         0x20000078   Data           2  srf05.o(.data)
    Srf05_NVIC_Struct                        0x2000007a   Data           4  srf05.o(.data)
    Srf05_GPIO_TriggerPin                    0x20000080   Data           4  srf05.o(.data)
    Srf05_GPIO_Struct                        0x20000084   Data           8  srf05.o(.data)
    Main_TIM_Struct                          0x2000009c   Data          12  main.o(.bss)
    Srf05_Struct                             0x200000a8   Data          16  main.o(.bss)
    Mid                                      0x200000b8   Data          16  main.o(.bss)
    Left                                     0x200000c8   Data          16  main.o(.bss)
    Right                                    0x200000d8   Data          16  main.o(.bss)
    Back                                     0x200000e8   Data          16  main.o(.bss)
    En_TIM_BaseStruct                        0x200000f8   Data          12  encoder.o(.bss)
    En_TIM_OCStruct                          0x20000104   Data          20  encoder.o(.bss)
    US_DMA_Struct                            0x20000118   Data          60  usart_dma_config.o(.bss)
    US_USART_Struct                          0x20000154   Data          16  usart_dma_config.o(.bss)
    U1_TxBuffer                              0x20000164   Data         100  usart_dma_config.o(.bss)
    U1_RxBuffer                              0x200001c8   Data          47  usart_dma_config.o(.bss)
    U2_TxBuffer                              0x200001f7   Data          50  usart_dma_config.o(.bss)
    U2_RxBuffer                              0x20000229   Data        1000  usart_dma_config.o(.bss)
    U6_TxBuffer                              0x20000611   Data         200  usart_dma_config.o(.bss)
    U6_RxBuffer                              0x200006d9   Data         200  usart_dma_config.o(.bss)
    M1                                       0x200007a8   Data          88  functions.o(.bss)
    M2                                       0x20000800   Data          88  functions.o(.bss)
    GPS_NEO                                  0x20000858   Data         560  functions.o(.bss)
    Mag                                      0x20000a88   Data          72  functions.o(.bss)
    Timer                                    0x20000ad0   Data          32  functions.o(.bss)
    Flash                                    0x20000af0   Data        1604  functions.o(.bss)
    In1_NS                                   0x20001138   Data          24  functions.o(.bss)
    In1_ZE                                   0x20001150   Data          24  functions.o(.bss)
    In1_PS                                   0x20001168   Data          24  functions.o(.bss)
    In2_ZE                                   0x20001180   Data          24  functions.o(.bss)
    In1_NB                                   0x20001198   Data          32  functions.o(.bss)
    In1_PB                                   0x200011b8   Data          32  functions.o(.bss)
    In2_NE                                   0x200011d8   Data          32  functions.o(.bss)
    In2_PO                                   0x200011f8   Data          32  functions.o(.bss)
    U2                                       0x20001218   Data        1600  functions.o(.bss)
    U6                                       0x20001858   Data        1600  functions.o(.bss)
    Veh                                      0x20001e98   Data          40  functions.o(.bss)
    Srf05_TIM_TimeBaseStruct                 0x20001ec0   Data          12  srf05.o(.bss)
    Srf05_TIM_ICStruct                       0x20001ecc   Data          10  srf05.o(.bss)
    __libspace_start                         0x20001ed8   Data          96  libspace.o(.bss)
    __temporary_stack_top$libspace           0x20001f38   Data           0  libspace.o(.bss)



==============================================================================

Memory Map of the image

  Image Entry point : 0x08000199

  Load Region LR_IROM1 (Base: 0x08000000, Size: 0x00007c94, Max: 0x00080000, ABSOLUTE)

    Execution Region ER_IROM1 (Base: 0x08000000, Size: 0x00007bf8, Max: 0x00080000, ABSOLUTE)

    Base Addr    Size         Type   Attr      Idx    E Section Name        Object

    0x08000000   0x00000198   Data   RO         1291    RESET               startup_stm32f411xe.o
    0x08000198   0x00000008   Code   RO         3121  * !!!main             c_w.l(__main.o)
    0x080001a0   0x00000034   Code   RO         3472    !!!scatter          c_w.l(__scatter.o)
    0x080001d4   0x0000001a   Code   RO         3474    !!handler_copy      c_w.l(__scatter_copy.o)
    0x080001ee   0x00000002   PAD
    0x080001f0   0x0000001c   Code   RO         3476    !!handler_zi        c_w.l(__scatter_zi.o)
    0x0800020c   0x00000002   Code   RO         3344    .ARM.Collect$$libinit$$00000000  c_w.l(libinit.o)
    0x0800020e   0x00000004   Code   RO         3349    .ARM.Collect$$libinit$$00000001  c_w.l(libinit2.o)
    0x08000212   0x00000000   Code   RO         3353    .ARM.Collect$$libinit$$00000008  c_w.l(libinit2.o)
    0x08000212   0x00000000   Code   RO         3355    .ARM.Collect$$libinit$$0000000A  c_w.l(libinit2.o)
    0x08000212   0x00000000   Code   RO         3357    .ARM.Collect$$libinit$$0000000C  c_w.l(libinit2.o)
    0x08000212   0x00000000   Code   RO         3360    .ARM.Collect$$libinit$$0000000F  c_w.l(libinit2.o)
    0x08000212   0x00000000   Code   RO         3362    .ARM.Collect$$libinit$$00000011  c_w.l(libinit2.o)
    0x08000212   0x00000000   Code   RO         3364    .ARM.Collect$$libinit$$00000013  c_w.l(libinit2.o)
    0x08000212   0x00000000   Code   RO         3366    .ARM.Collect$$libinit$$00000015  c_w.l(libinit2.o)
    0x08000212   0x00000000   Code   RO         3368    .ARM.Collect$$libinit$$00000017  c_w.l(libinit2.o)
    0x08000212   0x00000000   Code   RO         3370    .ARM.Collect$$libinit$$00000019  c_w.l(libinit2.o)
    0x08000212   0x00000000   Code   RO         3372    .ARM.Collect$$libinit$$0000001B  c_w.l(libinit2.o)
    0x08000212   0x00000000   Code   RO         3374    .ARM.Collect$$libinit$$0000001D  c_w.l(libinit2.o)
    0x08000212   0x00000000   Code   RO         3376    .ARM.Collect$$libinit$$0000001F  c_w.l(libinit2.o)
    0x08000212   0x00000000   Code   RO         3378    .ARM.Collect$$libinit$$00000021  c_w.l(libinit2.o)
    0x08000212   0x00000000   Code   RO         3380    .ARM.Collect$$libinit$$00000023  c_w.l(libinit2.o)
    0x08000212   0x00000000   Code   RO         3384    .ARM.Collect$$libinit$$0000002A  c_w.l(libinit2.o)
    0x08000212   0x00000000   Code   RO         3386    .ARM.Collect$$libinit$$0000002C  c_w.l(libinit2.o)
    0x08000212   0x00000000   Code   RO         3388    .ARM.Collect$$libinit$$0000002E  c_w.l(libinit2.o)
    0x08000212   0x00000000   Code   RO         3390    .ARM.Collect$$libinit$$00000030  c_w.l(libinit2.o)
    0x08000212   0x00000002   Code   RO         3391    .ARM.Collect$$libinit$$00000031  c_w.l(libinit2.o)
    0x08000214   0x00000002   Code   RO         3413    .ARM.Collect$$libshutdown$$00000000  c_w.l(libshutdown.o)
    0x08000216   0x00000000   Code   RO         3427    .ARM.Collect$$libshutdown$$00000003  c_w.l(libshutdown2.o)
    0x08000216   0x00000000   Code   RO         3430    .ARM.Collect$$libshutdown$$00000006  c_w.l(libshutdown2.o)
    0x08000216   0x00000000   Code   RO         3433    .ARM.Collect$$libshutdown$$00000009  c_w.l(libshutdown2.o)
    0x08000216   0x00000000   Code   RO         3435    .ARM.Collect$$libshutdown$$0000000B  c_w.l(libshutdown2.o)
    0x08000216   0x00000000   Code   RO         3438    .ARM.Collect$$libshutdown$$0000000E  c_w.l(libshutdown2.o)
    0x08000216   0x00000002   Code   RO         3439    .ARM.Collect$$libshutdown$$0000000F  c_w.l(libshutdown2.o)
    0x08000218   0x00000000   Code   RO         3267    .ARM.Collect$$rtentry$$00000000  c_w.l(rtentry.o)
    0x08000218   0x00000000   Code   RO         3311    .ARM.Collect$$rtentry$$00000002  c_w.l(rtentry2.o)
    0x08000218   0x00000006   Code   RO         3323    .ARM.Collect$$rtentry$$00000004  c_w.l(rtentry4.o)
    0x0800021e   0x00000000   Code   RO         3313    .ARM.Collect$$rtentry$$00000009  c_w.l(rtentry2.o)
    0x0800021e   0x00000004   Code   RO         3314    .ARM.Collect$$rtentry$$0000000A  c_w.l(rtentry2.o)
    0x08000222   0x00000000   Code   RO         3316    .ARM.Collect$$rtentry$$0000000C  c_w.l(rtentry2.o)
    0x08000222   0x00000008   Code   RO         3317    .ARM.Collect$$rtentry$$0000000D  c_w.l(rtentry2.o)
    0x0800022a   0x00000002   Code   RO         3347    .ARM.Collect$$rtexit$$00000000  c_w.l(rtexit.o)
    0x0800022c   0x00000000   Code   RO         3395    .ARM.Collect$$rtexit$$00000002  c_w.l(rtexit2.o)
    0x0800022c   0x00000004   Code   RO         3396    .ARM.Collect$$rtexit$$00000003  c_w.l(rtexit2.o)
    0x08000230   0x00000006   Code   RO         3397    .ARM.Collect$$rtexit$$00000004  c_w.l(rtexit2.o)
    0x08000236   0x00000002   PAD
    0x08000238   0x00000040   Code   RO         1292    .text               startup_stm32f411xe.o
    0x08000278   0x0000004e   Code   RO         3117    .text               c_w.l(rt_memclr_w.o)
    0x080002c6   0x00000006   Code   RO         3119    .text               c_w.l(heapauxi.o)
    0x080002cc   0x00000016   Code   RO         3268    .text               c_w.l(_rserrno.o)
    0x080002e2   0x00000002   PAD
    0x080002e4   0x00000008   Code   RO         3328    .text               c_w.l(rt_errno_addr_intlibspace.o)
    0x080002ec   0x00000008   Code   RO         3332    .text               c_w.l(libspace.o)
    0x080002f4   0x0000004a   Code   RO         3335    .text               c_w.l(sys_stackheap_outer.o)
    0x0800033e   0x0000000c   Code   RO         3337    .text               c_w.l(exit.o)
    0x0800034a   0x00000002   PAD
    0x0800034c   0x0000000c   Code   RO         3405    .text               c_w.l(sys_exit.o)
    0x08000358   0x00000002   Code   RO         3416    .text               c_w.l(use_no_semi.o)
    0x0800035a   0x00000000   Code   RO         3418    .text               c_w.l(indicate_semi.o)
    0x0800035a   0x00000002   Code   RO          269    i.BusFault_Handler  stm32f4xx_it.o
    0x0800035c   0x0000003e   Code   RO          633    i.Convert4BytesToWordData  functions.o
    0x0800039a   0x00000012   Code   RO         1168    i.Core_Delay_Us     srf05.o
    0x080003ac   0x00000074   Code   RO          270    i.DMA1_Stream5_IRQHandler  stm32f4xx_it.o
    0x08000420   0x00000462   Code   RO          271    i.DMA2_Stream2_IRQHandler  stm32f4xx_it.o
    0x08000882   0x00000002   PAD
    0x08000884   0x0000005c   Code   RO          272    i.DMA2_Stream5_IRQHandler  stm32f4xx_it.o
    0x080008e0   0x0000002c   Code   RO         1539    i.DMA_ClearFlag     stm32f4xx_dma.o
    0x0800090c   0x0000002c   Code   RO         1540    i.DMA_ClearITPendingBit  stm32f4xx_dma.o
    0x08000938   0x00000014   Code   RO         1541    i.DMA_Cmd           stm32f4xx_dma.o
    0x0800094c   0x0000002c   Code   RO         1552    i.DMA_ITConfig      stm32f4xx_dma.o
    0x08000978   0x00000054   Code   RO         1553    i.DMA_Init          stm32f4xx_dma.o
    0x080009cc   0x00000002   Code   RO          273    i.DebugMon_Handler  stm32f4xx_it.o
    0x080009ce   0x00000002   PAD
    0x080009d0   0x00000490   Code   RO          634    i.Defuzzification_Max_Min  functions.o
    0x08000e60   0x00000034   Code   RO          418    i.DirPinConfig      encoder.o
    0x08000e94   0x0000001a   Code   RO          419    i.Encoder_Config    encoder.o
    0x08000eae   0x00000002   PAD
    0x08000eb0   0x0000003c   Code   RO         2868    i.FLASH_GetStatus   stm32f4xx_flash.o
    0x08000eec   0x00000010   Code   RO         2872    i.FLASH_Lock        stm32f4xx_flash.o
    0x08000efc   0x0000003c   Code   RO         2896    i.FLASH_ProgramWord  stm32f4xx_flash.o
    0x08000f38   0x00000024   Code   RO         2898    i.FLASH_Unlock      stm32f4xx_flash.o
    0x08000f5c   0x0000001e   Code   RO         2899    i.FLASH_WaitForLastOperation  stm32f4xx_flash.o
    0x08000f7a   0x0000002a   Code   RO          636    i.FeedBack          functions.o
    0x08000fa4   0x00000044   Code   RO          637    i.Fuzzy_Max         functions.o
    0x08000fe8   0x0000003a   Code   RO          638    i.Fuzzy_Min         functions.o
    0x08001022   0x00000002   PAD
    0x08001024   0x000001cc   Code   RO          639    i.Fuzzy_ParametersInit  functions.o
    0x080011f0   0x000000a2   Code   RO         1672    i.GPIO_Init         stm32f4xx_gpio.o
    0x08001292   0x00000020   Code   RO         1673    i.GPIO_PinAFConfig  stm32f4xx_gpio.o
    0x080012b2   0x0000000e   Code   RO         1676    i.GPIO_ReadInputDataBit  stm32f4xx_gpio.o
    0x080012c0   0x0000000e   Code   RO         1678    i.GPIO_ReadOutputDataBit  stm32f4xx_gpio.o
    0x080012ce   0x00000004   Code   RO         1679    i.GPIO_ResetBits    stm32f4xx_gpio.o
    0x080012d2   0x00000004   Code   RO         1680    i.GPIO_SetBits      stm32f4xx_gpio.o
    0x080012d6   0x00000002   PAD
    0x080012d8   0x000000ac   Code   RO          640    i.GPS_GetLatFromString  functions.o
    0x08001384   0x0000009c   Code   RO          641    i.GPS_GetLonFromString  functions.o
    0x08001420   0x0000005e   Code   RO          642    i.GPS_GetMessage    functions.o
    0x0800147e   0x00000002   PAD
    0x08001480   0x00000078   Code   RO          643    i.GPS_LLToDegree    functions.o
    0x080014f8   0x0000057c   Code   RO          644    i.GPS_LatLonToUTM   functions.o
    0x08001a74   0x00000030   Code   RO          645    i.GPS_ParametersInit  functions.o
    0x08001aa4   0x00000058   Code   RO          646    i.GPS_SavePathCoordinateToFlash  functions.o
    0x08001afc   0x000002ec   Code   RO          647    i.GPS_StanleyControl  functions.o
    0x08001de8   0x00000086   Code   RO          648    i.GPS_UpdatePathCoordinate  functions.o
    0x08001e6e   0x00000002   PAD
    0x08001e70   0x00000074   Code   RO          649    i.GPS_UpdatePathYaw  functions.o
    0x08001ee4   0x00000068   Code   RO         1226    i.GetAFFromTIM      stm32f411_rccenable.o
    0x08001f4c   0x00000070   Code   RO         1227    i.GetIRQHandlerFromTIMxCC  stm32f411_rccenable.o
    0x08001fbc   0x00000058   Code   RO          650    i.GetMessageInfo    functions.o
    0x08002014   0x000000e0   Code   RO          651    i.GetNbOfReceiveHeader  functions.o
    0x080020f4   0x00000090   Code   RO         1228    i.GetPinSourceFromGPIOPin  stm32f411_rccenable.o
    0x08002184   0x00000154   Code   RO          652    i.GetValueFromString  functions.o
    0x080022d8   0x00000124   Code   RO          274    i.GetVehicleVelocity  stm32f4xx_it.o
    0x080023fc   0x00000002   Code   RO          275    i.HardFault_Handler  stm32f4xx_it.o
    0x080023fe   0x0000001c   Code   RO          653    i.IMU_GetCommandMessage  functions.o
    0x0800241a   0x00000002   PAD
    0x0800241c   0x000000b8   Code   RO          654    i.IMU_GetValue      functions.o
    0x080024d4   0x00000028   Code   RO          655    i.IMU_ParametesInit  functions.o
    0x080024fc   0x00000006   Code   RO          656    i.IMU_UpdateAngle   functions.o
    0x08002502   0x00000008   Code   RO          657    i.IMU_UpdateFuzzyCoefficients  functions.o
    0x0800250a   0x00000002   PAD
    0x0800250c   0x000000e4   Code   RO          658    i.IMU_UpdateFuzzyInput  functions.o
    0x080025f0   0x0000000a   Code   RO          659    i.IMU_UpdatePreAngle  functions.o
    0x080025fa   0x0000001a   Code   RO          660    i.IMU_UpdateSetAngle  functions.o
    0x08002614   0x0000002e   Code   RO          661    i.IsCorrectMessage  functions.o
    0x08002642   0x00000002   PAD
    0x08002644   0x00000044   Code   RO          662    i.IsDouble          functions.o
    0x08002688   0x0000000c   Code   RO          663    i.IsValidData       functions.o
    0x08002694   0x00000016   Code   RO          664    i.LRCCalculate      functions.o
    0x080026aa   0x00000002   PAD
    0x080026ac   0x000000b4   Code   RO          421    i.M1_Encoder_Config  encoder.o
    0x08002760   0x00000060   Code   RO          422    i.M1_Forward        encoder.o
    0x080027c0   0x00000060   Code   RO          423    i.M2_Backward       encoder.o
    0x08002820   0x000000b4   Code   RO          424    i.M2_Encoder_Config  encoder.o
    0x080028d4   0x00000060   Code   RO          425    i.M2_Forward        encoder.o
    0x08002934   0x00000002   Code   RO          276    i.MemManage_Handler  stm32f4xx_it.o
    0x08002936   0x00000002   Code   RO          277    i.NMI_Handler       stm32f4xx_it.o
    0x08002938   0x00000064   Code   RO         1299    i.NVIC_Init         misc.o
    0x0800299c   0x00000014   Code   RO         1300    i.NVIC_PriorityGroupConfig  misc.o
    0x080029b0   0x0000015c   Code   RO          666    i.PID_Compute       functions.o
    0x08002b0c   0x00000030   Code   RO          667    i.PID_ParametersInitial  functions.o
    0x08002b3c   0x00000006   Code   RO          668    i.PID_ParametersUpdate  functions.o
    0x08002b42   0x00000002   PAD
    0x08002b44   0x000000b0   Code   RO          131    i.PID_ReadParametersFromFlash  main.o
    0x08002bf4   0x0000000a   Code   RO          669    i.PID_ResetEncoder  functions.o
    0x08002bfe   0x00000002   PAD
    0x08002c00   0x000000d0   Code   RO          670    i.PID_SavePIDParaToFlash  functions.o
    0x08002cd0   0x00000004   Code   RO          671    i.PID_UpdateEnc     functions.o
    0x08002cd4   0x00000006   Code   RO          672    i.PID_UpdateSetVel  functions.o
    0x08002cda   0x00000002   PAD
    0x08002cdc   0x000000a4   Code   RO          426    i.PWM_Config        encoder.o
    0x08002d80   0x00000084   Code   RO          133    i.Parameters_Init   main.o
    0x08002e04   0x00000002   Code   RO          278    i.PendSV_Handler    stm32f4xx_it.o
    0x08002e06   0x00000002   PAD
    0x08002e08   0x0000003c   Code   RO          134    i.Peripheral_Config  main.o
    0x08002e44   0x0000007c   Code   RO          673    i.Pi_To_Pi          functions.o
    0x08002ec0   0x00000018   Code   RO         2001    i.RCC_AHB1PeriphClockCmd  stm32f4xx_rcc.o
    0x08002ed8   0x00000018   Code   RO         2007    i.RCC_APB1PeriphClockCmd  stm32f4xx_rcc.o
    0x08002ef0   0x00000018   Code   RO         2010    i.RCC_APB2PeriphClockCmd  stm32f4xx_rcc.o
    0x08002f08   0x00000090   Code   RO         1230    i.RCC_GPIOxClockCmd  stm32f411_rccenable.o
    0x08002f98   0x00000094   Code   RO         2019    i.RCC_GetClocksFreq  stm32f4xx_rcc.o
    0x0800302c   0x000000c0   Code   RO         1232    i.RCC_TIMxClockCmd  stm32f411_rccenable.o
    0x080030ec   0x00000036   Code   RO          674    i.ReadFromFlash     functions.o
    0x08003122   0x00000002   PAD
    0x08003124   0x00000050   Code   RO          279    i.Reset_Motor       stm32f4xx_it.o
    0x08003174   0x00000026   Code   RO          428    i.Robot_Forward     encoder.o
    0x0800319a   0x00000026   Code   RO          429    i.Robot_Spin_AntiClockWise  encoder.o
    0x080031c0   0x00000002   Code   RO          280    i.SVC_Handler       stm32f4xx_it.o
    0x080031c2   0x00000002   PAD
    0x080031c4   0x00000034   Code   RO          281    i.SaveDataToInternalFlash  stm32f4xx_it.o
    0x080031f8   0x00000074   Code   RO            4    i.SetSysClock       system_stm32f4xx.o
    0x0800326c   0x000000b0   Code   RO         1169    i.Srf05_Initial     srf05.o
    0x0800331c   0x0000002c   Code   RO          138    i.Srf05_MidFront    main.o
    0x08003348   0x00000006   Code   RO         1170    i.Srf05_ResetCounter  srf05.o
    0x0800334e   0x00000002   PAD
    0x08003350   0x00000030   Code   RO         1171    i.Srf05_StartDevice  srf05.o
    0x08003380   0x00000038   Code   RO         1172    i.Srf05_TriggerPinConfig  srf05.o
    0x080033b8   0x00000004   Code   RO          677    i.Status_CheckStatus  functions.o
    0x080033bc   0x00000004   Code   RO          679    i.Status_UpdateStatus  functions.o
    0x080033c0   0x0000001a   Code   RO          680    i.StringHeaderCompare  functions.o
    0x080033da   0x00000002   PAD
    0x080033dc   0x00000078   Code   RO          282    i.SysTick_Handler   stm32f4xx_it.o
    0x08003454   0x0000005c   Code   RO            6    i.SystemInit        system_stm32f4xx.o
    0x080034b0   0x0000002e   Code   RO         2309    i.TI1_Config        stm32f4xx_tim.o
    0x080034de   0x00000036   Code   RO         2310    i.TI2_Config        stm32f4xx_tim.o
    0x08003514   0x00000124   Code   RO          283    i.TIM2_IRQHandler   stm32f4xx_it.o
    0x08003638   0x0000001c   Code   RO          284    i.TIM3_IRQHandler   stm32f4xx_it.o
    0x08003654   0x0000001c   Code   RO          285    i.TIM4_IRQHandler   stm32f4xx_it.o
    0x08003670   0x00000014   Code   RO         2311    i.TIM_ARRPreloadConfig  stm32f4xx_tim.o
    0x08003684   0x00000006   Code   RO         2318    i.TIM_ClearITPendingBit  stm32f4xx_tim.o
    0x0800368a   0x00000014   Code   RO         2323    i.TIM_Cmd           stm32f4xx_tim.o
    0x0800369e   0x00000032   Code   RO         2332    i.TIM_EncoderInterfaceConfig  stm32f4xx_tim.o
    0x080036d0   0x00000004   Code   RO         2338    i.TIM_GetCapture1   stm32f4xx_tim.o
    0x080036d4   0x00000004   Code   RO         2339    i.TIM_GetCapture2   stm32f4xx_tim.o
    0x080036d8   0x00000004   Code   RO         2340    i.TIM_GetCapture3   stm32f4xx_tim.o
    0x080036dc   0x00000004   Code   RO         2341    i.TIM_GetCapture4   stm32f4xx_tim.o
    0x080036e0   0x00000004   Code   RO         2342    i.TIM_GetCounter    stm32f4xx_tim.o
    0x080036e4   0x0000000e   Code   RO         2343    i.TIM_GetFlagStatus  stm32f4xx_tim.o
    0x080036f2   0x000000ac   Code   RO         2346    i.TIM_ICInit        stm32f4xx_tim.o
    0x0800379e   0x00000010   Code   RO         2348    i.TIM_ITConfig      stm32f4xx_tim.o
    0x080037ae   0x00000002   PAD
    0x080037b0   0x00000060   Code   RO         2352    i.TIM_OC1Init       stm32f4xx_tim.o
    0x08003810   0x0000000c   Code   RO         2355    i.TIM_OC1PreloadConfig  stm32f4xx_tim.o
    0x0800381c   0x00000080   Code   RO         2357    i.TIM_OC2Init       stm32f4xx_tim.o
    0x0800389c   0x00000014   Code   RO         2360    i.TIM_OC2PreloadConfig  stm32f4xx_tim.o
    0x080038b0   0x00000004   Code   RO         2389    i.TIM_SetCounter    stm32f4xx_tim.o
    0x080038b4   0x00000010   Code   RO         2390    i.TIM_SetIC1Prescaler  stm32f4xx_tim.o
    0x080038c4   0x00000018   Code   RO         2391    i.TIM_SetIC2Prescaler  stm32f4xx_tim.o
    0x080038dc   0x00000010   Code   RO         2392    i.TIM_SetIC3Prescaler  stm32f4xx_tim.o
    0x080038ec   0x00000018   Code   RO         2393    i.TIM_SetIC4Prescaler  stm32f4xx_tim.o
    0x08003904   0x0000007c   Code   RO         2395    i.TIM_TimeBaseInit  stm32f4xx_tim.o
    0x08003980   0x00000044   Code   RO          681    i.Time_GetSampleTime  functions.o
    0x080039c4   0x00000014   Code   RO          682    i.Time_ParametersInit  functions.o
    0x080039d8   0x00000004   Code   RO          683    i.Time_SampleTimeUpdate  functions.o
    0x080039dc   0x0000000a   Code   RO          684    i.Time_SendTimeUpdate  functions.o
    0x080039e6   0x00000002   PAD
    0x080039e8   0x00000108   Code   RO          685    i.ToChar            functions.o
    0x08003af0   0x0000000e   Code   RO          687    i.ToHex             functions.o
    0x08003afe   0x00000002   PAD
    0x08003b00   0x00000034   Code   RO          688    i.ToRPM             functions.o
    0x08003b34   0x000000d8   Code   RO          690    i.Trapf             functions.o
    0x08003c0c   0x000000cc   Code   RO          692    i.Trimf             functions.o
    0x08003cd8   0x00000024   Code   RO          567    i.U1_SendData       usart_dma_config.o
    0x08003cfc   0x00000028   Code   RO          569    i.U6_SendData       usart_dma_config.o
    0x08003d24   0x00000144   Code   RO          570    i.USART1_Config     usart_dma_config.o
    0x08003e68   0x00000164   Code   RO          571    i.USART2_Config     usart_dma_config.o
    0x08003fcc   0x00000040   Code   RO          286    i.USART2_IRQHandler  stm32f4xx_it.o
    0x0800400c   0x0000015c   Code   RO          572    i.USART6_Config     usart_dma_config.o
    0x08004168   0x00000040   Code   RO          287    i.USART6_IRQHandler  stm32f4xx_it.o
    0x080041a8   0x00000006   Code   RO         1347    i.USART_ClearFlag   stm32f4xx_usart.o
    0x080041ae   0x00000014   Code   RO         1351    i.USART_Cmd         stm32f4xx_usart.o
    0x080041c2   0x00000010   Code   RO         1352    i.USART_DMACmd      stm32f4xx_usart.o
    0x080041d2   0x0000003e   Code   RO         1355    i.USART_GetITStatus  stm32f4xx_usart.o
    0x08004210   0x00000030   Code   RO         1357    i.USART_ITConfig    stm32f4xx_usart.o
    0x08004240   0x000000ac   Code   RO         1358    i.USART_Init        stm32f4xx_usart.o
    0x080042ec   0x00000008   Code   RO         1365    i.USART_ReceiveData  stm32f4xx_usart.o
    0x080042f4   0x00000002   Code   RO          288    i.UsageFault_Handler  stm32f4xx_it.o
    0x080042f6   0x00000002   PAD
    0x080042f8   0x00000028   Code   RO          695    i.Veh_ParametersInit  functions.o
    0x08004320   0x00000006   Code   RO          696    i.Veh_UpdateMaxVelocity  functions.o
    0x08004326   0x00000002   PAD
    0x08004328   0x0000015c   Code   RO          697    i.Veh_UpdateVehicleFromKey  functions.o
    0x08004484   0x00000052   Code   RO          698    i.WriteToFlash      functions.o
    0x080044d6   0x00000030   Code   RO         3288    i.__ARM_fpclassify  m_wm.l(fpclassify.o)
    0x08004506   0x00000002   PAD
    0x08004508   0x000002e0   Code   RO         3159    i.__hardfp_atan     m_wm.l(atan.o)
    0x080047e8   0x000001f0   Code   RO         3173    i.__hardfp_atan2    m_wm.l(atan2.o)
    0x080049d8   0x000000d8   Code   RO         3185    i.__hardfp_cos      m_wm.l(cos.o)
    0x08004ab0   0x00000014   Code   RO         3197    i.__hardfp_fabs     m_wm.l(fabs.o)
    0x08004ac4   0x00000004   PAD
    0x08004ac8   0x000003e4   Code   RO         3203    i.__hardfp_log      m_wm.l(log.o)
    0x08004eac   0x00000004   PAD
    0x08004eb0   0x00000c38   Code   RO         3217    i.__hardfp_pow      m_wm.l(pow.o)
    0x08005ae8   0x000000d8   Code   RO         3231    i.__hardfp_sin      m_wm.l(sin.o)
    0x08005bc0   0x0000007a   Code   RO         3243    i.__hardfp_sqrt     m_wm.l(sqrt.o)
    0x08005c3a   0x00000006   PAD
    0x08005c40   0x000000a0   Code   RO         3255    i.__hardfp_tan      m_wm.l(tan.o)
    0x08005ce0   0x00000438   Code   RO         3293    i.__ieee754_rem_pio2  m_wm.l(rred.o)
    0x08006118   0x00000170   Code   RO         3283    i.__kernel_cos      m_wm.l(cos_i.o)
    0x08006288   0x000000f8   Code   RO         3290    i.__kernel_poly     m_wm.l(poly.o)
    0x08006380   0x00000130   Code   RO         3298    i.__kernel_sin      m_wm.l(sin_i.o)
    0x080064b0   0x00000350   Code   RO         3304    i.__kernel_tan      m_wm.l(tan_i.o)
    0x08006800   0x00000020   Code   RO         3286    i.__mathlib_dbl_underflow  m_wm.l(dunder.o)
    0x08006820   0x00000010   Code   RO         3161    i.atan              m_wm.l(atan.o)
    0x08006830   0x00000018   Code   RO         3199    i.fabs              m_wm.l(fabs.o)
    0x08006848   0x00000014   Code   RO          699    i.fix               functions.o
    0x0800685c   0x00000304   Code   RO          141    i.main              main.o
    0x08006b60   0x0000006e   Code   RO         3245    i.sqrt              m_wm.l(sqrt.o)
    0x08006bce   0x00000018   Code   RO         3123    x$fpl$basic         fz_wm.l(basic.o)
    0x08006be6   0x00000002   PAD
    0x08006be8   0x00000150   Code   RO         3125    x$fpl$dadd          fz_wm.l(daddsub_clz.o)
    0x08006d38   0x00000010   Code   RO         3330    x$fpl$dcheck1       fz_wm.l(dcheck1.o)
    0x08006d48   0x00000018   Code   RO         3270    x$fpl$dcmpinf       fz_wm.l(dcmpi.o)
    0x08006d60   0x000002b0   Code   RO         3132    x$fpl$ddiv          fz_wm.l(ddiv.o)
    0x08007010   0x00000078   Code   RO         3135    x$fpl$deqf          fz_wm.l(deqf.o)
    0x08007088   0x0000005e   Code   RO         3137    x$fpl$dfix          fz_wm.l(dfix.o)
    0x080070e6   0x00000002   PAD
    0x080070e8   0x0000005a   Code   RO         3141    x$fpl$dfixu         fz_wm.l(dfixu.o)
    0x08007142   0x0000002e   Code   RO         3146    x$fpl$dflt          fz_wm.l(dflt_clz.o)
    0x08007170   0x00000026   Code   RO         3145    x$fpl$dfltu         fz_wm.l(dflt_clz.o)
    0x08007196   0x00000002   PAD
    0x08007198   0x00000078   Code   RO         3151    x$fpl$dleqf         fz_wm.l(dleqf.o)
    0x08007210   0x00000154   Code   RO         3153    x$fpl$dmul          fz_wm.l(dmul.o)
    0x08007364   0x0000009c   Code   RO         3272    x$fpl$dnaninf       fz_wm.l(dnaninf.o)
    0x08007400   0x0000000c   Code   RO         3274    x$fpl$dretinf       fz_wm.l(dretinf.o)
    0x0800740c   0x0000006c   Code   RO         3155    x$fpl$drleqf        fz_wm.l(drleqf.o)
    0x08007478   0x00000016   Code   RO         3126    x$fpl$drsb          fz_wm.l(daddsub_clz.o)
    0x0800748e   0x00000002   PAD
    0x08007490   0x00000198   Code   RO         3276    x$fpl$dsqrt         fz_wm.l(dsqrt_umaal.o)
    0x08007628   0x000001d4   Code   RO         3127    x$fpl$dsub          fz_wm.l(daddsub_clz.o)
    0x080077fc   0x0000000a   Code   RO         3403    x$fpl$fpinit        fz_wm.l(fpinit.o)
    0x08007806   0x00000064   Code   RO         3345    x$fpl$retnan        fz_wm.l(retnan.o)
    0x0800786a   0x0000005c   Code   RO         3280    x$fpl$scalbn        fz_wm.l(scalbn.o)
    0x080078c6   0x00000030   Code   RO         3392    x$fpl$trapveneer    fz_wm.l(trapv.o)
    0x080078f6   0x00000000   Code   RO         3282    x$fpl$usenofp       fz_wm.l(usenofp.o)
    0x080078f6   0x00000002   PAD
    0x080078f8   0x00000098   Data   RO         3162    .constdata          m_wm.l(atan.o)
    0x08007990   0x00000038   Data   RO         3206    .constdata          m_wm.l(log.o)
    0x080079c8   0x00000088   Data   RO         3220    .constdata          m_wm.l(pow.o)
    0x08007a50   0x00000030   Data   RO         3284    .constdata          m_wm.l(cos_i.o)
    0x08007a80   0x00000008   Data   RO         3292    .constdata          m_wm.l(qnan.o)
    0x08007a88   0x000000c8   Data   RO         3295    .constdata          m_wm.l(rred.o)
    0x08007b50   0x00000028   Data   RO         3299    .constdata          m_wm.l(sin_i.o)
    0x08007b78   0x00000060   Data   RO         3305    .constdata          m_wm.l(tan_i.o)
    0x08007bd8   0x00000020   Data   RO         3470    Region$$Table       anon$$obj.o


    Execution Region RW_IRAM1 (Base: 0x20000000, Size: 0x00002538, Max: 0x00020000, ABSOLUTE)

    Base Addr    Size         Type   Attr      Idx    E Section Name        Object

    0x20000000   0x00000014   Data   RW            7    .data               system_stm32f4xx.o
    0x20000014   0x00000002   Data   RW          289    .data               stm32f4xx_it.o
    0x20000016   0x00000002   PAD
    0x20000018   0x0000000c   Data   RW          433    .data               encoder.o
    0x20000024   0x0000000c   Data   RW          574    .data               usart_dma_config.o
    0x20000030   0x00000040   Data   RW          707    .data               functions.o
    0x20000070   0x00000007   Data   RW          708    .data               functions.o
    0x20000077   0x00000001   PAD
    0x20000078   0x00000014   Data   RW         1174    .data               srf05.o
    0x2000008c   0x00000010   Data   RW         2049    .data               stm32f4xx_rcc.o
    0x2000009c   0x0000001c   Zero   RW          142    .bss                main.o
    0x200000b8   0x00000010   Zero   RW          143    .bss                main.o
    0x200000c8   0x00000010   Zero   RW          144    .bss                main.o
    0x200000d8   0x00000010   Zero   RW          145    .bss                main.o
    0x200000e8   0x00000010   Zero   RW          146    .bss                main.o
    0x200000f8   0x00000020   Zero   RW          432    .bss                encoder.o
    0x20000118   0x00000689   Zero   RW          573    .bss                usart_dma_config.o
    0x200007a1   0x00000007   PAD
    0x200007a8   0x00000058   Zero   RW          700    .bss                functions.o
    0x20000800   0x00000058   Zero   RW          701    .bss                functions.o
    0x20000858   0x000009c0   Zero   RW          703    .bss                functions.o
    0x20001218   0x00000640   Zero   RW          704    .bss                functions.o
    0x20001858   0x00000640   Zero   RW          705    .bss                functions.o
    0x20001e98   0x00000028   Zero   RW          706    .bss                functions.o
    0x20001ec0   0x00000016   Zero   RW         1173    .bss                srf05.o
    0x20001ed6   0x00000002   PAD
    0x20001ed8   0x00000060   Zero   RW         3333    .bss                c_w.l(libspace.o)
    0x20001f38   0x00000200   Zero   RW         1290    HEAP                startup_stm32f411xe.o
    0x20002138   0x00000400   Zero   RW         1289    STACK               startup_stm32f411xe.o


==============================================================================

Image component sizes


      Code (inc. data)   RO Data    RW Data    ZI Data      Debug   Object Name

       966        138          0         12         32       6994   encoder.o
      8458        896          0         71       5912      46516   functions.o
      1184        154          0          0         92      30611   main.o
       120         14          0          0          0       1751   misc.o
       304         18          0         20         22       4915   srf05.o
        64         26        408          0       1536        976   startup_stm32f411xe.o
       696        152          0          0          0       4586   stm32f411_rccenable.o
       236         28          0          0          0       4632   stm32f4xx_dma.o
       202         26          0          0          0       3823   stm32f4xx_flash.o
       230          0          0          0          0       4492   stm32f4xx_gpio.o
      2366        332          0          2          0      38656   stm32f4xx_it.o
       220         34          0         16          0       5119   stm32f4xx_rcc.o
       882         44          0          0          0      17380   stm32f4xx_tim.o
       332          8          0          0          0       5747   stm32f4xx_usart.o
       208         36          0         20          0     283953   system_stm32f4xx.o
      1104         76          0         12       1673       4982   usart_dma_config.o

    ----------------------------------------------------------------------
     17620       1982        440        156       9276     465133   Object Totals
         0          0         32          0          0          0   (incl. Generated)
        48          0          0          3          9          0   (incl. Padding)

    ----------------------------------------------------------------------

      Code (inc. data)   RO Data    RW Data    ZI Data      Debug   Library Member Name

         8          0          0          0          0         68   __main.o
        52          8          0          0          0          0   __scatter.o
        26          0          0          0          0          0   __scatter_copy.o
        28          0          0          0          0          0   __scatter_zi.o
        22          0          0          0          0        100   _rserrno.o
        12          0          0          0          0         72   exit.o
         6          0          0          0          0        152   heapauxi.o
         0          0          0          0          0          0   indicate_semi.o
         2          0          0          0          0          0   libinit.o
         6          0          0          0          0          0   libinit2.o
         2          0          0          0          0          0   libshutdown.o
         2          0          0          0          0          0   libshutdown2.o
         8          4          0          0         96         68   libspace.o
         8          4          0          0          0         68   rt_errno_addr_intlibspace.o
        78          0          0          0          0         80   rt_memclr_w.o
         0          0          0          0          0          0   rtentry.o
        12          0          0          0          0          0   rtentry2.o
         6          0          0          0          0          0   rtentry4.o
         2          0          0          0          0          0   rtexit.o
        10          0          0          0          0          0   rtexit2.o
        12          4          0          0          0         68   sys_exit.o
        74          0          0          0          0         80   sys_stackheap_outer.o
         2          0          0          0          0         68   use_no_semi.o
        24          0          0          0          0        164   basic.o
       826         16          0          0          0        492   daddsub_clz.o
        16          4          0          0          0        116   dcheck1.o
        24          0          0          0          0        116   dcmpi.o
       688        140          0          0          0        256   ddiv.o
       120          4          0          0          0        140   deqf.o
        94          4          0          0          0        140   dfix.o
        90          4          0          0          0        140   dfixu.o
        84          0          0          0          0        232   dflt_clz.o
       120          4          0          0          0        140   dleqf.o
       340         12          0          0          0        152   dmul.o
       156          4          0          0          0        140   dnaninf.o
        12          0          0          0          0        116   dretinf.o
       108          0          0          0          0        128   drleqf.o
       408         56          0          0          0        168   dsqrt_umaal.o
        10          0          0          0          0        116   fpinit.o
       100          0          0          0          0        116   retnan.o
        92          0          0          0          0        116   scalbn.o
        48          0          0          0          0        116   trapv.o
         0          0          0          0          0          0   usenofp.o
       752        104        152          0          0        344   atan.o
       496         70          0          0          0        156   atan2.o
       216         16          0          0          0        152   cos.o
       368         46         48          0          0        200   cos_i.o
        32          8          0          0          0        124   dunder.o
        44          0          0          0          0        248   fabs.o
        48          0          0          0          0        124   fpclassify.o
       996        114         56          0          0        232   log.o
       248          0          0          0          0        152   poly.o
      3128        304        136          0          0        216   pow.o
         0          0          8          0          0          0   qnan.o
      1080        142        200          0          0        188   rred.o
       216         16          0          0          0        152   sin.o
       304         24         40          0          0        208   sin_i.o
       232          0          0          0          0        296   sqrt.o
       160         18          0          0          0        152   tan.o
       848         84         96          0          0        196   tan_i.o

    ----------------------------------------------------------------------
     12940       1218        736          0         96       7068   Library Totals
        34          4          0          0          0          0   (incl. Padding)

    ----------------------------------------------------------------------

      Code (inc. data)   RO Data    RW Data    ZI Data      Debug   Library Name

       378         20          0          0         96        824   c_w.l
      3360        248          0          0          0       3104   fz_wm.l
      9168        946        736          0          0       3140   m_wm.l

    ----------------------------------------------------------------------
     12940       1218        736          0         96       7068   Library Totals

    ----------------------------------------------------------------------

==============================================================================


      Code (inc. data)   RO Data    RW Data    ZI Data      Debug   

     30560       3200       1176        156       9372     452889   Grand Totals
     30560       3200       1176        156       9372     452889   ELF Image Totals
     30560       3200       1176        156          0          0   ROM Totals

==============================================================================

    Total RO  Size (Code + RO Data)                31736 (  30.99kB)
    Total RW  Size (RW Data + ZI Data)              9528 (   9.30kB)
    Total ROM Size (Code + RO Data + RW Data)      31892 (  31.14kB)

==============================================================================

