Product: MDK-ARM Standard 5.10
Component: ARM Compiler 5.04 update 1 (build 49)
Tool: armlink [5040049]

==============================================================================

Section Cross References

    system_stm32f4xx.o(i.SystemCoreClockUpdate) refers to system_stm32f4xx.o(.data) for .data
    system_stm32f4xx.o(i.SystemInit) refers to system_stm32f4xx.o(i.SetSysClock) for SetSysClock
    main.o(i.PID_ReadParametersFromFlash) refers to functions.o(i.ReadFromFlash) for ReadFromFlash
    main.o(i.PID_ReadParametersFromFlash) refers to functions.o(i.GetMessageInfo) for GetMessageInfo
    main.o(i.PID_ReadParametersFromFlash) refers to functions.o(i.GetValueFromString) for GetValueFromString
    main.o(i.PID_ReadParametersFromFlash) refers to functions.o(i.PID_ParametersUpdate) for PID_ParametersUpdate
    main.o(i.PID_ReadParametersFromFlash) refers to functions.o(.bss) for Flash
    main.o(i.PID_ReadParametersFromFlash) refers to functions.o(.bss) for M1
    main.o(i.PID_ReadParametersFromFlash) refers to functions.o(.bss) for M2
    main.o(i.PID_SaveManual) refers to functions.o(i.ToChar) for ToChar
    main.o(i.PID_SaveManual) refers to functions.o(i.EraseMemory) for EraseMemory
    main.o(i.PID_SaveManual) refers to functions.o(i.WriteToFlash) for WriteToFlash
    main.o(i.PID_SaveManual) refers to functions.o(.bss) for Flash
    main.o(i.Parameters_Init) refers to functions.o(i.Time_ParametersInit) for Time_ParametersInit
    main.o(i.Parameters_Init) refers to functions.o(i.Time_GetSampleTime) for Time_GetSampleTime
    main.o(i.Parameters_Init) refers to main.o(i.PID_ReadParametersFromFlash) for PID_ReadParametersFromFlash
    main.o(i.Parameters_Init) refers to functions.o(i.PID_ParametersInitial) for PID_ParametersInitial
    main.o(i.Parameters_Init) refers to functions.o(i.Fuzzy_ParametersInit) for Fuzzy_ParametersInit
    main.o(i.Parameters_Init) refers to functions.o(i.IMU_ParametesInit) for IMU_ParametesInit
    main.o(i.Parameters_Init) refers to functions.o(i.GPS_ParametersInit) for GPS_ParametersInit
    main.o(i.Parameters_Init) refers to functions.o(i.Veh_ParametersInit) for Veh_ParametersInit
    main.o(i.Parameters_Init) refers to functions.o(.bss) for Timer
    main.o(i.Parameters_Init) refers to functions.o(.bss) for M1
    main.o(i.Parameters_Init) refers to functions.o(.bss) for M2
    main.o(i.Parameters_Init) refers to functions.o(.bss) for GPS_NEO
    main.o(i.Parameters_Init) refers to functions.o(.bss) for Veh
    main.o(i.Peripheral_Config) refers to usart_dma_config.o(i.USART1_Config) for USART1_Config
    main.o(i.Peripheral_Config) refers to usart_dma_config.o(i.USART6_Config) for USART6_Config
    main.o(i.Peripheral_Config) refers to encoder.o(i.Encoder_Config) for Encoder_Config
    main.o(i.Peripheral_Config) refers to misc.o(i.NVIC_PriorityGroupConfig) for NVIC_PriorityGroupConfig
    main.o(i.Peripheral_Config) refers to main.o(i.NVIC_SetPriority) for NVIC_SetPriority
    main.o(i.Peripheral_Config) refers to main.o(i.TIM2_TimeBaseConfig) for TIM2_TimeBaseConfig
    main.o(i.Peripheral_Config) refers to functions.o(.bss) for Timer
    main.o(i.TIM2_TimeBaseConfig) refers to stm32f4xx_rcc.o(i.RCC_APB1PeriphClockCmd) for RCC_APB1PeriphClockCmd
    main.o(i.TIM2_TimeBaseConfig) refers to stm32f4xx_tim.o(i.TIM_TimeBaseInit) for TIM_TimeBaseInit
    main.o(i.TIM2_TimeBaseConfig) refers to stm32f4xx_tim.o(i.TIM_ITConfig) for TIM_ITConfig
    main.o(i.TIM2_TimeBaseConfig) refers to misc.o(i.NVIC_Init) for NVIC_Init
    main.o(i.TIM2_TimeBaseConfig) refers to stm32f4xx_tim.o(i.TIM_Cmd) for TIM_Cmd
    main.o(i.TIM2_TimeBaseConfig) refers to main.o(.bss) for .bss
    main.o(i.TIM2_TimeBaseConfig) refers to main.o(.data) for .data
    main.o(i.main) refers to main.o(i.Parameters_Init) for Parameters_Init
    main.o(i.main) refers to main.o(i.Peripheral_Config) for Peripheral_Config
    main.o(i.main) refers to main.o(i.NVIC_SetPriority) for NVIC_SetPriority
    main.o(i.main) refers to system_stm32f4xx.o(.data) for SystemCoreClock
    stm32f4xx_it.o(i.DMA1_Stream5_IRQHandler) refers to stm32f4xx_dma.o(i.DMA_ClearITPendingBit) for DMA_ClearITPendingBit
    stm32f4xx_it.o(i.DMA1_Stream5_IRQHandler) refers to functions.o(i.Readline) for Readline
    stm32f4xx_it.o(i.DMA1_Stream5_IRQHandler) refers to functions.o(i.GetMessageInfo) for GetMessageInfo
    stm32f4xx_it.o(i.DMA1_Stream5_IRQHandler) refers to functions.o(i.StringHeaderCompare) for StringHeaderCompare
    stm32f4xx_it.o(i.DMA1_Stream5_IRQHandler) refers to functions.o(i.IsCorrectMessage) for IsCorrectMessage
    stm32f4xx_it.o(i.DMA1_Stream5_IRQHandler) refers to functions.o(i.IsValidData) for IsValidData
    stm32f4xx_it.o(i.DMA1_Stream5_IRQHandler) refers to functions.o(i.GPS_GetLatFromString) for GPS_GetLatFromString
    stm32f4xx_it.o(i.DMA1_Stream5_IRQHandler) refers to functions.o(i.GPS_GetLonFromString) for GPS_GetLonFromString
[...]
    i.M2_Forward                             0x08002268   Section        0  encoder.o(i.M2_Forward)
    i.MemManage_Handler                      0x080022c8   Section        0  stm32f4xx_it.o(i.MemManage_Handler)
    i.NMI_Handler                            0x080022ca   Section        0  stm32f4xx_it.o(i.NMI_Handler)
    i.NVIC_Init                              0x080022cc   Section        0  misc.o(i.NVIC_Init)
    i.NVIC_PriorityGroupConfig               0x08002330   Section        0  misc.o(i.NVIC_PriorityGroupConfig)
    i.NVIC_SetPriority                       0x08002344   Section        0  main.o(i.NVIC_SetPriority)
    NVIC_SetPriority                         0x08002345   Thumb Code    32  main.o(i.NVIC_SetPriority)
    i.PID_Compute                            0x08002364   Section        0  functions.o(i.PID_Compute)
    i.PID_ParametersInitial                  0x080024c0   Section        0  functions.o(i.PID_ParametersInitial)
    i.PID_ParametersUpdate                   0x080024fc   Section        0  functions.o(i.PID_ParametersUpdate)
    i.PID_ReadParametersFromFlash            0x08002504   Section        0  main.o(i.PID_ReadParametersFromFlash)
    i.PID_UpdateEnc                          0x080025b4   Section        0  functions.o(i.PID_UpdateEnc)
    i.PID_UpdateSetVel                       0x080025b8   Section        0  functions.o(i.PID_UpdateSetVel)
    i.PWM_Config                             0x080025c0   Section        0  encoder.o(i.PWM_Config)
    i.Parameters_Init                        0x08002664   Section        0  main.o(i.Parameters_Init)
    i.PendSV_Handler                         0x080026bc   Section        0  stm32f4xx_it.o(i.PendSV_Handler)
    i.Peripheral_Config                      0x080026c0   Section        0  main.o(i.Peripheral_Config)
    i.Pi_To_Pi                               0x080026f8   Section        0  functions.o(i.Pi_To_Pi)
    i.RCC_AHB1PeriphClockCmd                 0x08002774   Section        0  stm32f4xx_rcc.o(i.RCC_AHB1PeriphClockCmd)
    i.RCC_APB1PeriphClockCmd                 0x0800278c   Section        0  stm32f4xx_rcc.o(i.RCC_APB1PeriphClockCmd)
    i.RCC_APB2PeriphClockCmd                 0x080027a4   Section        0  stm32f4xx_rcc.o(i.RCC_APB2PeriphClockCmd)
    i.RCC_GetClocksFreq                      0x080027bc   Section        0  stm32f4xx_rcc.o(i.RCC_GetClocksFreq)
    i.ReadFromFlash                          0x08002850   Section        0  functions.o(i.ReadFromFlash)
    i.Readline                               0x08002886   Section        0  functions.o(i.Readline)
    i.Reset_Encoder                          0x080028ac   Section        0  stm32f4xx_it.o(i.Reset_Encoder)
    i.Reset_Motor                            0x080028c8   Section        0  stm32f4xx_it.o(i.Reset_Motor)
    i.Robot_Forward                          0x080028f8   Section        0  encoder.o(i.Robot_Forward)
    i.Robot_Spin_ClockWise                   0x0800291e   Section        0  encoder.o(i.Robot_Spin_ClockWise)
    i.SVC_Handler                            0x08002944   Section        0  stm32f4xx_it.o(i.SVC_Handler)
    i.SaveDataToInternalFlash                0x08002948   Section        0  stm32f4xx_it.o(i.SaveDataToInternalFlash)
    i.SendData                               0x08002a18   Section        0  stm32f4xx_it.o(i.SendData)
    i.SetSysClock                            0x08002bc0   Section        0  system_stm32f4xx.o(i.SetSysClock)
    SetSysClock                              0x08002bc1   Thumb Code    98  system_stm32f4xx.o(i.SetSysClock)
    i.StringHeaderCompare                    0x08002c34   Section        0  functions.o(i.StringHeaderCompare)
    i.SysTick_Handler                        0x08002c50   Section        0  stm32f4xx_it.o(i.SysTick_Handler)
    i.SystemInit                             0x08002f9c   Section        0  system_stm32f4xx.o(i.SystemInit)
    i.TIM2_IRQHandler                        0x08002ff8   Section        0  stm32f4xx_it.o(i.TIM2_IRQHandler)
    i.TIM2_TimeBaseConfig                    0x0800300c   Section        0  main.o(i.TIM2_TimeBaseConfig)
    i.TIM3_IRQHandler                        0x0800306c   Section        0  stm32f4xx_it.o(i.TIM3_IRQHandler)
    i.TIM4_IRQHandler                        0x08003088   Section        0  stm32f4xx_it.o(i.TIM4_IRQHandler)
    i.TIM_ARRPreloadConfig                   0x080030a4   Section        0  stm32f4xx_tim.o(i.TIM_ARRPreloadConfig)
    i.TIM_ClearITPendingBit                  0x080030b8   Section        0  stm32f4xx_tim.o(i.TIM_ClearITPendingBit)
    i.TIM_Cmd                                0x080030be   Section        0  stm32f4xx_tim.o(i.TIM_Cmd)
    i.TIM_EncoderInterfaceConfig             0x080030d2   Section        0  stm32f4xx_tim.o(i.TIM_EncoderInterfaceConfig)
    i.TIM_GetCounter                         0x08003104   Section        0  stm32f4xx_tim.o(i.TIM_GetCounter)
    i.TIM_ITConfig                           0x08003108   Section        0  stm32f4xx_tim.o(i.TIM_ITConfig)
    i.TIM_OC1Init                            0x08003118   Section        0  stm32f4xx_tim.o(i.TIM_OC1Init)
    i.TIM_OC1PreloadConfig                   0x08003178   Section        0  stm32f4xx_tim.o(i.TIM_OC1PreloadConfig)
    i.TIM_OC2Init                            0x08003184   Section        0  stm32f4xx_tim.o(i.TIM_OC2Init)
    i.TIM_OC2PreloadConfig                   0x08003204   Section        0  stm32f4xx_tim.o(i.TIM_OC2PreloadConfig)
    i.TIM_TimeBaseInit                       0x08003218   Section        0  stm32f4xx_tim.o(i.TIM_TimeBaseInit)
    i.Time_GetSampleTime                     0x08003294   Section        0  functions.o(i.Time_GetSampleTime)
    i.Time_ParametersInit                    0x080032d8   Section        0  functions.o(i.Time_ParametersInit)
    i.Time_SampleTimeUpdate                  0x080032de   Section        0  functions.o(i.Time_SampleTimeUpdate)
    i.Time_SendTimeUpdate                    0x080032e2   Section        0  functions.o(i.Time_SendTimeUpdate)
    i.ToChar                                 0x080032e8   Section        0  functions.o(i.ToChar)
    i.ToHex                                  0x080033f0   Section        0  functions.o(i.ToHex)
    i.ToRPM                                  0x08003400   Section        0  functions.o(i.ToRPM)
    i.Trapf                                  0x08003434   Section        0  functions.o(i.Trapf)
    i.Trimf                                  0x0800350c   Section        0  functions.o(i.Trimf)
    i.U1_SendData                            0x080035d8   Section        0  usart_dma_config.o(i.U1_SendData)
    i.U6_SendData                            0x080035fc   Section        0  usart_dma_config.o(i.U6_SendData)
    i.USART1_Config                          0x08003624   Section        0  usart_dma_config.o(i.USART1_Config)
    i.USART2_IRQHandler                      0x08003768   Section        0  stm32f4xx_it.o(i.USART2_IRQHandler)
    i.USART6_Config                          0x080037a8   Section        0  usart_dma_config.o(i.USART6_Config)
    i.USART6_IRQHandler                      0x08003904   Section        0  stm32f4xx_it.o(i.USART6_IRQHandler)
    i.USART_ClearFlag                        0x08003944   Section        0  stm32f4xx_usart.o(i.USART_ClearFlag)
    i.USART_Cmd                              0x0800394a   Section        0  stm32f4xx_usart.o(i.USART_Cmd)
    i.USART_DMACmd                           0x0800395e   Section        0  stm32f4xx_usart.o(i.USART_DMACmd)
    i.USART_GetITStatus                      0x0800396e   Section        0  stm32f4xx_usart.o(i.USART_GetITStatus)
    i.USART_ITConfig                         0x080039ac   Section        0  stm32f4xx_usart.o(i.USART_ITConfig)
    i.USART_Init                             0x080039dc   Section        0  stm32f4xx_usart.o(i.USART_Init)
    i.USART_ReceiveData                      0x08003a88   Section        0  stm32f4xx_usart.o(i.USART_ReceiveData)
    i.UsageFault_Handler                     0x08003a90   Section        0  stm32f4xx_it.o(i.UsageFault_Handler)
    i.Veh_ParametersInit                     0x08003a94   Section        0  functions.o(i.Veh_ParametersInit)
    i.Veh_UpdateMaxVelocity                  0x08003ab8   Section        0  functions.o(i.Veh_UpdateMaxVelocity)
    i.Veh_UpdateVehicleFromKey               0x08003ac0   Section        0  functions.o(i.Veh_UpdateVehicleFromKey)
    i.WriteToFlash                           0x08003c1c   Section        0  functions.o(i.WriteToFlash)
    i.__ARM_fpclassify                       0x08003c6e   Section        0  fpclassify.o(i.__ARM_fpclassify)
    i.__hardfp_atan                          0x08003ca0   Section        0  atan.o(i.__hardfp_atan)
    i.__hardfp_atan2                         0x08003f80   Section        0  atan2.o(i.__hardfp_atan2)
    i.__hardfp_cos                           0x08004170   Section        0  cos.o(i.__hardfp_cos)
    i.__hardfp_fabs                          0x08004248   Section        0  fabs.o(i.__hardfp_fabs)
    i.__hardfp_log                           0x08004260   Section        0  log.o(i.__hardfp_log)
    i.__hardfp_pow                           0x08004648   Section        0  pow.o(i.__hardfp_pow)
    i.__hardfp_sin                           0x08005280   Section        0  sin.o(i.__hardfp_sin)
    i.__hardfp_sqrt                          0x08005358   Section        0  sqrt.o(i.__hardfp_sqrt)
    i.__hardfp_tan                           0x080053d8   Section        0  tan.o(i.__hardfp_tan)
    i.__ieee754_rem_pio2                     0x08005478   Section        0  rred.o(i.__ieee754_rem_pio2)
    i.__kernel_cos                           0x080058b0   Section        0  cos_i.o(i.__kernel_cos)
    i.__kernel_poly                          0x08005a20   Section        0  poly.o(i.__kernel_poly)
    i.__kernel_sin                           0x08005b18   Section        0  sin_i.o(i.__kernel_sin)
    i.__kernel_tan                           0x08005c48   Section        0  tan_i.o(i.__kernel_tan)
    i.__mathlib_dbl_underflow                0x08005f98   Section        0  dunder.o(i.__mathlib_dbl_underflow)
    i.atan                                   0x08005fb8   Section        0  atan.o(i.atan)
    i.fabs                                   0x08005fc8   Section        0  fabs.o(i.fabs)
    i.fix                                    0x08005fe0   Section        0  functions.o(i.fix)
    i.main                                   0x08005ff4   Section        0  main.o(i.main)
    i.sqrt                                   0x08006030   Section        0  sqrt.o(i.sqrt)
    x$fpl$basic                              0x0800609e   Section       24  basic.o(x$fpl$basic)
    $v0                                      0x0800609e   Number         0  basic.o(x$fpl$basic)
    x$fpl$dadd                               0x080060b8   Section      336  daddsub_clz.o(x$fpl$dadd)
    $v0                                      0x080060b8   Number         0  daddsub_clz.o(x$fpl$dadd)
    _dadd1                                   0x080060c9   Thumb Code     0  daddsub_clz.o(x$fpl$dadd)
    x$fpl$dcheck1                            0x08006208   Section       16  dcheck1.o(x$fpl$dcheck1)
    $v0                                      0x08006208   Number         0  dcheck1.o(x$fpl$dcheck1)
    x$fpl$dcmpinf                            0x08006218   Section       24  dcmpi.o(x$fpl$dcmpinf)
    $v0                                      0x08006218   Number         0  dcmpi.o(x$fpl$dcmpinf)
    x$fpl$ddiv                               0x08006230   Section      688  ddiv.o(x$fpl$ddiv)
    $v0                                      0x08006230   Number         0  ddiv.o(x$fpl$ddiv)
    ddiv_entry                               0x08006237   Thumb Code     0  ddiv.o(x$fpl$ddiv)
    x$fpl$deqf                               0x080064e0   Section      120  deqf.o(x$fpl$deqf)
    $v0                                      0x080064e0   Number         0  deqf.o(x$fpl$deqf)
    x$fpl$dfix                               0x08006558   Section       94  dfix.o(x$fpl$dfix)
    $v0                                      0x08006558   Number         0  dfix.o(x$fpl$dfix)
    x$fpl$dfixu                              0x080065b8   Section       90  dfixu.o(x$fpl$dfixu)
    $v0                                      0x080065b8   Number         0  dfixu.o(x$fpl$dfixu)
    x$fpl$dflt                               0x08006612   Section       46  dflt_clz.o(x$fpl$dflt)
    $v0                                      0x08006612   Number         0  dflt_clz.o(x$fpl$dflt)
    x$fpl$dfltu                              0x08006640   Section       38  dflt_clz.o(x$fpl$dfltu)
    $v0                                      0x08006640   Number         0  dflt_clz.o(x$fpl$dfltu)
    x$fpl$dleqf                              0x08006668   Section      120  dleqf.o(x$fpl$dleqf)
    $v0                                      0x08006668   Number         0  dleqf.o(x$fpl$dleqf)
    x$fpl$dmul                               0x080066e0   Section      340  dmul.o(x$fpl$dmul)
    $v0                                      0x080066e0   Number         0  dmul.o(x$fpl$dmul)
    x$fpl$dnaninf                            0x08006834   Section      156  dnaninf.o(x$fpl$dnaninf)
    $v0                                      0x08006834   Number         0  dnaninf.o(x$fpl$dnaninf)
    x$fpl$dretinf                            0x080068d0   Section       12  dretinf.o(x$fpl$dretinf)
    $v0                                      0x080068d0   Number         0  dretinf.o(x$fpl$dretinf)
    x$fpl$drleqf                             0x080068dc   Section      108  drleqf.o(x$fpl$drleqf)
    $v0                                      0x080068dc   Number         0  drleqf.o(x$fpl$drleqf)
    x$fpl$drsb                               0x08006948   Section       22  daddsub_clz.o(x$fpl$drsb)
    $v0                                      0x08006948   Number         0  daddsub_clz.o(x$fpl$drsb)
    x$fpl$dsqrt                              0x08006960   Section      408  dsqrt_umaal.o(x$fpl$dsqrt)
    $v0                                      0x08006960   Number         0  dsqrt_umaal.o(x$fpl$dsqrt)
    x$fpl$dsub                               0x08006af8   Section      468  daddsub_clz.o(x$fpl$dsub)
    $v0                                      0x08006af8   Number         0  daddsub_clz.o(x$fpl$dsub)
    _dsub1                                   0x08006b09   Thumb Code     0  daddsub_clz.o(x$fpl$dsub)
    x$fpl$fpinit                             0x08006ccc   Section       10  fpinit.o(x$fpl$fpinit)
    $v0                                      0x08006ccc   Number         0  fpinit.o(x$fpl$fpinit)
    x$fpl$retnan                             0x08006cd6   Section      100  retnan.o(x$fpl$retnan)
    $v0                                      0x08006cd6   Number         0  retnan.o(x$fpl$retnan)
    x$fpl$scalbn                             0x08006d3a   Section       92  scalbn.o(x$fpl$scalbn)
    $v0                                      0x08006d3a   Number         0  scalbn.o(x$fpl$scalbn)
    x$fpl$trapveneer                         0x08006d96   Section       48  trapv.o(x$fpl$trapveneer)
    $v0                                      0x08006d96   Number         0  trapv.o(x$fpl$trapveneer)
    x$fpl$usenofp                            0x08006dc6   Section        0  usenofp.o(x$fpl$usenofp)
    .constdata                               0x08006dc8   Section      152  atan.o(.constdata)
    atanhi                                   0x08006dc8   Data          32  atan.o(.constdata)
    atanlo                                   0x08006de8   Data          32  atan.o(.constdata)
    aTodd                                    0x08006e08   Data          40  atan.o(.constdata)
    aTeven                                   0x08006e30   Data          48  atan.o(.constdata)
    .constdata                               0x08006e60   Section       56  log.o(.constdata)
    Lg2                                      0x08006e60   Data          24  log.o(.constdata)
    Lg                                       0x08006e78   Data          32  log.o(.constdata)
    .constdata                               0x08006e98   Section      136  pow.o(.constdata)
    bp                                       0x08006e98   Data          16  pow.o(.constdata)
    dp_h                                     0x08006ea8   Data          16  pow.o(.constdata)
    dp_l                                     0x08006eb8   Data          16  pow.o(.constdata)
    L                                        0x08006ec8   Data          48  pow.o(.constdata)
    P                                        0x08006ef8   Data          40  pow.o(.constdata)
    .constdata                               0x08006f20   Section       48  cos_i.o(.constdata)
    C                                        0x08006f20   Data          48  cos_i.o(.constdata)
    .constdata                               0x08006f50   Section        8  qnan.o(.constdata)
    .constdata                               0x08006f58   Section      200  rred.o(.constdata)
    pio2s                                    0x08006f58   Data          48  rred.o(.constdata)
    twooverpi                                0x08006f88   Data         152  rred.o(.constdata)
    .constdata                               0x08007020   Section       40  sin_i.o(.constdata)
    S                                        0x08007020   Data          40  sin_i.o(.constdata)
    .constdata                               0x08007048   Section       96  tan_i.o(.constdata)
    Todd                                     0x08007048   Data          48  tan_i.o(.constdata)
    Teven                                    0x08007078   Data          48  tan_i.o(.constdata)
    .data                                    0x20000000   Section       20  system_stm32f4xx.o(.data)
    .data                                    0x20000014   Section        4  main.o(.data)
    .data                                    0x20000018   Section        8  stm32f4xx_it.o(.data)
    .data                                    0x20000020   Section       12  encoder.o(.data)
    .data                                    0x2000002c   Section       12  usart_dma_config.o(.data)
    .data                                    0x20000038   Section       64  functions.o(.data)
    .data                                    0x20000078   Section       16  stm32f4xx_rcc.o(.data)
    APBAHBPrescTable                         0x20000078   Data          16  stm32f4xx_rcc.o(.data)
    .bss                                     0x20000088   Section       12  main.o(.bss)
    .bss                                     0x20000094   Section       32  encoder.o(.bss)
    .bss                                     0x200000b4   Section      876  usart_dma_config.o(.bss)
    .bss                                     0x20000420   Section       88  functions.o(.bss)
    .bss                                     0x20000478   Section       88  functions.o(.bss)
    .bss                                     0x200004d0   Section      560  functions.o(.bss)
    .bss                                     0x20000700   Section      288  functions.o(.bss)
    .bss                                     0x20000820   Section      700  functions.o(.bss)
    .bss                                     0x20000adc   Section      700  functions.o(.bss)
    .bss                                     0x20000d98   Section      804  functions.o(.bss)
    .bss                                     0x200010c0   Section       40  functions.o(.bss)
    .bss                                     0x200010e8   Section       96  libspace.o(.bss)
    HEAP                                     0x20001148   Section      512  startup_stm32f411xe.o(HEAP)
    Heap_Mem                                 0x20001148   Data         512  startup_stm32f411xe.o(HEAP)
    STACK                                    0x20001348   Section     1024  startup_stm32f411xe.o(STACK)
    Stack_Mem                                0x20001348   Data        1024  startup_stm32f411xe.o(STACK)
    __initial_sp                             0x20001748   Data           0  startup_stm32f411xe.o(STACK)

    Global Symbols

    Symbol Name                              Value     Ov Type        Size  Object(Section)

    BuildAttributes$$THM_ISAv4$E$P$D$K$B$S$7EM$VFPi3$EXTD16$VFPS$VFMA$PE$A:L22UL41UL21$X:L11$S22US41US21$IEEE1$IW$USESV6$~STKCKD$USESV7$~SHL$OTIME$ROPI$IEEEX$EBA8$UX$STANDARDLIB$REQ8$PRES8$EABIv2 0x00000000   Number         0  anon$$obj.o ABSOLUTE
    __ARM_use_no_argv                        0x00000000   Number         0  main.o ABSOLUTE
    __ARM_exceptions_init                     - Undefined Weak Reference
    __alloca_initialize                       - Undefined Weak Reference
    __cpp_initialize__aeabi_                  - Undefined Weak Reference
    __cxa_finalize                            - Undefined Weak Reference
    __rt_locale                               - Undefined Weak Reference
    __sigvec_lookup                           - Undefined Weak Reference
    _atexit_init                              - Undefined Weak Reference
    _call_atexit_fns                          - Undefined Weak Reference
    _clock_init                               - Undefined Weak Reference
    _fp_trap_init                             - Undefined Weak Reference
    _fp_trap_shutdown                         - Undefined Weak Reference
    _get_lc_collate                           - Undefined Weak Reference
    _get_lc_ctype                             - Undefined Weak Reference
    _get_lc_monetary                          - Undefined Weak Reference
    _get_lc_numeric                           - Undefined Weak Reference
    _get_lc_time                              - Undefined Weak Reference
    _getenv_init                              - Undefined Weak Reference
    _handle_redirection                       - Undefined Weak Reference
    _init_alloc                               - Undefined Weak Reference
    _init_user_alloc                          - Undefined Weak Reference
    _initio                                   - Undefined Weak Reference
    _rand_init                                - Undefined Weak Reference
    _signal_finish                            - Undefined Weak Reference
    _signal_init                              - Undefined Weak Reference
    _terminate_alloc                          - Undefined Weak Reference
    _terminate_user_alloc                     - Undefined Weak Reference
    _terminateio                              - Undefined Weak Reference
    __Vectors_Size                           0x00000198   Number         0  startup_stm32f411xe.o ABSOLUTE
    __Vectors                                0x08000000   Data           4  startup_stm32f411xe.o(RESET)
    __Vectors_End                            0x08000198   Data           0  startup_stm32f411xe.o(RESET)
    __main                                   0x08000199   Thumb Code     8  __main.o(!!!main)
    __scatterload                            0x080001a1   Thumb Code     0  __scatter.o(!!!scatter)
    __scatterload_rt2                        0x080001a1   Thumb Code    44  __scatter.o(!!!scatter)
    __scatterload_rt2_thumb_only             0x080001a1   Thumb Code     0  __scatter.o(!!!scatter)
    __scatterload_null                       0x080001af   Thumb Code     0  __scatter.o(!!!scatter)
    __scatterload_copy                       0x080001d5   Thumb Code    26  __scatter_copy.o(!!handler_copy)
    __scatterload_zeroinit                   0x080001f1   Thumb Code    28  __scatter_zi.o(!!handler_zi)
    __rt_lib_init                            0x0800020d   Thumb Code     0  libinit.o(.ARM.Collect$$libinit$$00000000)
    __rt_lib_init_fp_1                       0x0800020f   Thumb Code     0  libinit2.o(.ARM.Collect$$libinit$$00000001)
    __rt_lib_init_alloca_1                   0x08000213   Thumb Code     0  libinit2.o(.ARM.Collect$$libinit$$0000002C)
    __rt_lib_init_argv_1                     0x08000213   Thumb Code     0  libinit2.o(.ARM.Collect$$libinit$$0000002A)
    __rt_lib_init_atexit_1                   0x08000213   Thumb Code     0  libinit2.o(.ARM.Collect$$libinit$$00000019)
    __rt_lib_init_clock_1                    0x08000213   Thumb Code     0  libinit2.o(.ARM.Collect$$libinit$$0000001F)
    __rt_lib_init_cpp_1                      0x08000213   Thumb Code     0  libinit2.o(.ARM.Collect$$libinit$$00000030)
    __rt_lib_init_exceptions_1               0x08000213   Thumb Code     0  libinit2.o(.ARM.Collect$$libinit$$0000002E)
    __rt_lib_init_fp_trap_1                  0x08000213   Thumb Code     0  libinit2.o(.ARM.Collect$$libinit$$0000001D)
    __rt_lib_init_getenv_1                   0x08000213   Thumb Code     0  libinit2.o(.ARM.Collect$$libinit$$00000021)
    __rt_lib_init_heap_1                     0x08000213   Thumb Code     0  libinit2.o(.ARM.Collect$$libinit$$00000008)
    __rt_lib_init_lc_collate_1               0x08000213   Thumb Code     0  libinit2.o(.ARM.Collect$$libinit$$0000000F)
    __rt_lib_init_lc_ctype_1                 0x08000213   Thumb Code     0  libinit2.o(.ARM.Collect$$libinit$$00000011)
    __rt_lib_init_lc_monetary_1              0x08000213   Thumb Code     0  libinit2.o(.ARM.Collect$$libinit$$00000013)
    __rt_lib_init_lc_numeric_1               0x08000213   Thumb Code     0  libinit2.o(.ARM.Collect$$libinit$$00000015)
    __rt_lib_init_lc_time_1                  0x08000213   Thumb Code     0  libinit2.o(.ARM.Collect$$libinit$$00000017)
    __rt_lib_init_rand_1                     0x08000213   Thumb Code     0  libinit2.o(.ARM.Collect$$libinit$$0000000C)
    __rt_lib_init_return                     0x08000213   Thumb Code     0  libinit2.o(.ARM.Collect$$libinit$$00000031)
    __rt_lib_init_signal_1                   0x08000213   Thumb Code     0  libinit2.o(.ARM.Collect$$libinit$$0000001B)
    __rt_lib_init_stdio_1                    0x08000213   Thumb Code     0  libinit2.o(.ARM.Collect$$libinit$$00000023)
    __rt_lib_init_user_alloc_1               0x08000213   Thumb Code     0  libinit2.o(.ARM.Collect$$libinit$$0000000A)
    __rt_lib_shutdown                        0x08000215   Thumb Code     0  libshutdown.o(.ARM.Collect$$libshutdown$$00000000)
    __rt_lib_shutdown_fp_trap_1              0x08000217   Thumb Code     0  libshutdown2.o(.ARM.Collect$$libshutdown$$00000006)
    __rt_lib_shutdown_heap_1                 0x08000217   Thumb Code     0  libshutdown2.o(.ARM.Collect$$libshutdown$$0000000E)
    __rt_lib_shutdown_return                 0x08000217   Thumb Code     0  libshutdown2.o(.ARM.Collect$$libshutdown$$0000000F)
    __rt_lib_shutdown_signal_1               0x08000217   Thumb Code     0  libshutdown2.o(.ARM.Collect$$libshutdown$$00000009)
    __rt_lib_shutdown_stdio_1                0x08000217   Thumb Code     0  libshutdown2.o(.ARM.Collect$$libshutdown$$00000003)
    __rt_lib_shutdown_user_alloc_1           0x08000217   Thumb Code     0  libshutdown2.o(.ARM.Collect$$libshutdown$$0000000B)
    __rt_entry                               0x08000219   Thumb Code     0  rtentry.o(.ARM.Collect$$rtentry$$00000000)
    __rt_entry_presh_1                       0x08000219   Thumb Code     0  rtentry2.o(.ARM.Collect$$rtentry$$00000002)
    __rt_entry_sh                            0x08000219   Thumb Code     0  rtentry4.o(.ARM.Collect$$rtentry$$00000004)
    __rt_entry_li                            0x0800021f   Thumb Code     0  rtentry2.o(.ARM.Collect$$rtentry$$0000000A)
    __rt_entry_postsh_1                      0x0800021f   Thumb Code     0  rtentry2.o(.ARM.Collect$$rtentry$$00000009)
    __rt_entry_main                          0x08000223   Thumb Code     0  rtentry2.o(.ARM.Collect$$rtentry$$0000000D)
    __rt_entry_postli_1                      0x08000223   Thumb Code     0  rtentry2.o(.ARM.Collect$$rtentry$$0000000C)
    __rt_exit                                0x0800022b   Thumb Code     0  rtexit.o(.ARM.Collect$$rtexit$$00000000)
    __rt_exit_ls                             0x0800022d   Thumb Code     0  rtexit2.o(.ARM.Collect$$rtexit$$00000003)
    __rt_exit_prels_1                        0x0800022d   Thumb Code     0  rtexit2.o(.ARM.Collect$$rtexit$$00000002)
    __rt_exit_exit                           0x08000231   Thumb Code     0  rtexit2.o(.ARM.Collect$$rtexit$$00000004)
    Reset_Handler                            0x08000239   Thumb Code     8  startup_stm32f411xe.o(.text)
    ADC_IRQHandler                           0x08000253   Thumb Code     0  startup_stm32f411xe.o(.text)
    DMA1_Stream0_IRQHandler                  0x08000253   Thumb Code     0  startup_stm32f411xe.o(.text)
    DMA1_Stream1_IRQHandler                  0x08000253   Thumb Code     0  startup_stm32f411xe.o(.text)
    DMA1_Stream2_IRQHandler                  0x08000253   Thumb Code     0  startup_stm32f411xe.o(.text)
    DMA1_Stream3_IRQHandler                  0x08000253   Thumb Code     0  startup_stm32f411xe.o(.text)
    DMA1_Stream4_IRQHandler                  0x08000253   Thumb Code     0  startup_stm32f411xe.o(.text)
    DMA1_Stream6_IRQHandler                  0x08000253   Thumb Code     0  startup_stm32f411xe.o(.text)
    DMA1_Stream7_IRQHandler                  0x08000253   Thumb Code     0  startup_stm32f411xe.o(.text)
    DMA2_Stream0_IRQHandler                  0x08000253   Thumb Code     0  startup_stm32f411xe.o(.text)
    DMA2_Stream1_IRQHandler                  0x08000253   Thumb Code     0  startup_stm32f411xe.o(.text)
    DMA2_Stream3_IRQHandler                  0x08000253   Thumb Code     0  startup_stm32f411xe.o(.text)
    DMA2_Stream4_IRQHandler                  0x08000253   Thumb Code     0  startup_stm32f411xe.o(.text)
    DMA2_Stream6_IRQHandler                  0x08000253   Thumb Code     0  startup_stm32f411xe.o(.text)
    DMA2_Stream7_IRQHandler                  0x08000253   Thumb Code     0  startup_stm32f411xe.o(.text)
    EXTI0_IRQHandler                         0x08000253   Thumb Code     0  startup_stm32f411xe.o(.text)
    EXTI15_10_IRQHandler                     0x08000253   Thumb Code     0  startup_stm32f411xe.o(.text)
    EXTI1_IRQHandler                         0x08000253   Thumb Code     0  startup_stm32f411xe.o(.text)
    EXTI2_IRQHandler                         0x08000253   Thumb Code     0  startup_stm32f411xe.o(.text)
    EXTI3_IRQHandler                         0x08000253   Thumb Code     0  startup_stm32f411xe.o(.text)
    EXTI4_IRQHandler                         0x08000253   Thumb Code     0  startup_stm32f411xe.o(.text)
    EXTI9_5_IRQHandler                       0x08000253   Thumb Code     0  startup_stm32f411xe.o(.text)
    FLASH_IRQHandler                         0x08000253   Thumb Code     0  startup_stm32f411xe.o(.text)
    FPU_IRQHandler                           0x08000253   Thumb Code     0  startup_stm32f411xe.o(.text)
    I2C1_ER_IRQHandler                       0x08000253   Thumb Code     0  startup_stm32f411xe.o(.text)
    I2C1_EV_IRQHandler                       0x08000253   Thumb Code     0  startup_stm32f411xe.o(.text)
    I2C2_ER_IRQHandler                       0x08000253   Thumb Code     0  startup_stm32f411xe.o(.text)
    I2C2_EV_IRQHandler                       0x08000253   Thumb Code     0  startup_stm32f411xe.o(.text)
    I2C3_ER_IRQHandler                       0x08000253   Thumb Code     0  startup_stm32f411xe.o(.text)
    I2C3_EV_IRQHandler                       0x08000253   Thumb Code     0  startup_stm32f411xe.o(.text)
    OTG_FS_IRQHandler                        0x08000253   Thumb Code     0  startup_stm32f411xe.o(.text)
    OTG_FS_WKUP_IRQHandler                   0x08000253   Thumb Code     0  startup_stm32f411xe.o(.text)
    PVD_IRQHandler                           0x08000253   Thumb Code     0  startup_stm32f411xe.o(.text)
    RCC_IRQHandler                           0x08000253   Thumb Code     0  startup_stm32f411xe.o(.text)
    RTC_Alarm_IRQHandler                     0x08000253   Thumb Code     0  startup_stm32f411xe.o(.text)
    RTC_WKUP_IRQHandler                      0x08000253   Thumb Code     0  startup_stm32f411xe.o(.text)
    SDIO_IRQHandler                          0x08000253   Thumb Code     0  startup_stm32f411xe.o(.text)
    SPI1_IRQHandler                          0x08000253   Thumb Code     0  startup_stm32f411xe.o(.text)
    SPI2_IRQHandler                          0x08000253   Thumb Code     0  startup_stm32f411xe.o(.text)
    SPI3_IRQHandler                          0x08000253   Thumb Code     0  startup_stm32f411xe.o(.text)
    SPI4_IRQHandler                          0x08000253   Thumb Code     0  startup_stm32f411xe.o(.text)
    SPI5_IRQHandler                          0x08000253   Thumb Code     0  startup_stm32f411xe.o(.text)
    TAMP_STAMP_IRQHandler                    0x08000253   Thumb Code     0  startup_stm32f411xe.o(.text)
    TIM1_BRK_TIM9_IRQHandler                 0x08000253   Thumb Code     0  startup_stm32f411xe.o(.text)
    TIM1_CC_IRQHandler                       0x08000253   Thumb Code     0  startup_stm32f411xe.o(.text)
    TIM1_TRG_COM_TIM11_IRQHandler            0x08000253   Thumb Code     0  startup_stm32f411xe.o(.text)
    TIM1_UP_TIM10_IRQHandler                 0x08000253   Thumb Code     0  startup_stm32f411xe.o(.text)
    TIM5_IRQHandler                          0x08000253   Thumb Code     0  startup_stm32f411xe.o(.text)
    USART1_IRQHandler                        0x08000253   Thumb Code     0  startup_stm32f411xe.o(.text)
    WWDG_IRQHandler                          0x08000253   Thumb Code     0  startup_stm32f411xe.o(.text)
    __user_initial_stackheap                 0x08000255   Thumb Code     0  startup_stm32f411xe.o(.text)
    __aeabi_memclr4                          0x08000279   Thumb Code     0  rt_memclr_w.o(.text)
    __aeabi_memclr8                          0x08000279   Thumb Code     0  rt_memclr_w.o(.text)
    __rt_memclr_w                            0x08000279   Thumb Code    78  rt_memclr_w.o(.text)
    _memset_w                                0x0800027d   Thumb Code     0  rt_memclr_w.o(.text)
    __use_two_region_memory                  0x080002c7   Thumb Code     2  heapauxi.o(.text)
    __rt_heap_escrow$2region                 0x080002c9   Thumb Code     2  heapauxi.o(.text)
    __rt_heap_expand$2region                 0x080002cb   Thumb Code     2  heapauxi.o(.text)
    __read_errno                             0x080002cd   Thumb Code    10  _rserrno.o(.text)
    __set_errno                              0x080002d7   Thumb Code    12  _rserrno.o(.text)
    __aeabi_errno_addr                       0x080002e5   Thumb Code     8  rt_errno_addr_intlibspace.o(.text)
    __errno$intlibspace                      0x080002e5   Thumb Code     0  rt_errno_addr_intlibspace.o(.text)
    __rt_errno_addr$intlibspace              0x080002e5   Thumb Code     0  rt_errno_addr_intlibspace.o(.text)
    __user_libspace                          0x080002ed   Thumb Code     8  libspace.o(.text)
    __user_perproc_libspace                  0x080002ed   Thumb Code     0  libspace.o(.text)
    __user_perthread_libspace                0x080002ed   Thumb Code     0  libspace.o(.text)
    __user_setup_stackheap                   0x080002f5   Thumb Code    74  sys_stackheap_outer.o(.text)
    exit                                     0x0800033f   Thumb Code    12  exit.o(.text)
    _sys_exit                                0x0800034d   Thumb Code     8  sys_exit.o(.text)
    __I$use$semihosting                      0x08000359   Thumb Code     0  use_no_semi.o(.text)
    __use_no_semihosting_swi                 0x08000359   Thumb Code     2  use_no_semi.o(.text)
    BusFault_Handler                         0x0800035b   Thumb Code     2  stm32f4xx_it.o(i.BusFault_Handler)
    __semihosting_library_function           0x0800035b   Thumb Code     0  indicate_semi.o(.text)
    Convert4BytesToWordData                  0x0800035d   Thumb Code    62  functions.o(i.Convert4BytesToWordData)
    DMA1_Stream5_IRQHandler                  0x0800039d   Thumb Code   122  stm32f4xx_it.o(i.DMA1_Stream5_IRQHandler)
    DMA2_Stream2_IRQHandler                  0x08000435   Thumb Code   556  stm32f4xx_it.o(i.DMA2_Stream2_IRQHandler)
    DMA2_Stream5_IRQHandler                  0x08000699   Thumb Code    62  stm32f4xx_it.o(i.DMA2_Stream5_IRQHandler)
    DMA_ClearFlag                            0x080006e9   Thumb Code    32  stm32f4xx_dma.o(i.DMA_ClearFlag)
    DMA_ClearITPendingBit                    0x08000715   Thumb Code    32  stm32f4xx_dma.o(i.DMA_ClearITPendingBit)
    DMA_Cmd                                  0x08000741   Thumb Code    20  stm32f4xx_dma.o(i.DMA_Cmd)
    DMA_ITConfig                             0x08000755   Thumb Code    44  stm32f4xx_dma.o(i.DMA_ITConfig)
    DMA_Init                                 0x08000781   Thumb Code    80  stm32f4xx_dma.o(i.DMA_Init)
    DebugMon_Handler                         0x080007d5   Thumb Code     2  stm32f4xx_it.o(i.DebugMon_Handler)
    Defuzzification_Max_Min                  0x080007d9   Thumb Code  1298  functions.o(i.Defuzzification_Max_Min)
    DirPinConfig                             0x08000cf1   Thumb Code    42  encoder.o(i.DirPinConfig)
    Encoder_Config                           0x08000d25   Thumb Code    26  encoder.o(i.Encoder_Config)
    FLASH_GetStatus                          0x08000d41   Thumb Code    56  stm32f4xx_flash.o(i.FLASH_GetStatus)
    FLASH_Lock                               0x08000d7d   Thumb Code    12  stm32f4xx_flash.o(i.FLASH_Lock)
    FLASH_ProgramWord                        0x08000d8d   Thumb Code    56  stm32f4xx_flash.o(i.FLASH_ProgramWord)
    FLASH_Unlock                             0x08000dc9   Thumb Code    22  stm32f4xx_flash.o(i.FLASH_Unlock)
    FLASH_WaitForLastOperation               0x08000ded   Thumb Code    30  stm32f4xx_flash.o(i.FLASH_WaitForLastOperation)
    FeedBack                                 0x08000e0b   Thumb Code    42  functions.o(i.FeedBack)
    Fuzzy_Max                                0x08000e35   Thumb Code    68  functions.o(i.Fuzzy_Max)
    Fuzzy_Min                                0x08000e79   Thumb Code    58  functions.o(i.Fuzzy_Min)
    Fuzzy_ParametersInit                     0x08000eb5   Thumb Code   250  functions.o(i.Fuzzy_ParametersInit)
    GPIO_Init                                0x08001081   Thumb Code   162  stm32f4xx_gpio.o(i.GPIO_Init)
    GPIO_PinAFConfig                         0x08001123   Thumb Code    32  stm32f4xx_gpio.o(i.GPIO_PinAFConfig)
    GPIO_ReadOutputDataBit                   0x08001143   Thumb Code    14  stm32f4xx_gpio.o(i.GPIO_ReadOutputDataBit)
    GPIO_ResetBits                           0x08001151   Thumb Code     4  stm32f4xx_gpio.o(i.GPIO_ResetBits)
    GPIO_SetBits                             0x08001155   Thumb Code     4  stm32f4xx_gpio.o(i.GPIO_SetBits)
    GPS_GetLatFromString                     0x08001159   Thumb Code   154  functions.o(i.GPS_GetLatFromString)
    GPS_GetLonFromString                     0x08001205   Thumb Code   140  functions.o(i.GPS_GetLonFromString)
    GPS_LLToDegree                           0x080012a1   Thumb Code   104  functions.o(i.GPS_LLToDegree)
    GPS_LatLonToUTM                          0x08001319   Thumb Code  1378  functions.o(i.GPS_LatLonToUTM)
    GPS_ParametersInit                       0x08001895   Thumb Code    42  functions.o(i.GPS_ParametersInit)
    GPS_StanleyControl                       0x080018c9   Thumb Code   546  functions.o(i.GPS_StanleyControl)
    GetMessageInfo                           0x08001b11   Thumb Code    42  functions.o(i.GetMessageInfo)
    GetNbOfReceiveHeader                     0x08001b3d   Thumb Code   130  functions.o(i.GetNbOfReceiveHeader)
    GetValueFromString                       0x08001c09   Thumb Code   308  functions.o(i.GetValueFromString)
    GetVehicleVelocity                       0x08001d5d   Thumb Code   252  stm32f4xx_it.o(i.GetVehicleVelocity)
    HardFault_Handler                        0x08001e81   Thumb Code     2  stm32f4xx_it.o(i.HardFault_Handler)
    IMU_GetCommandMessage                    0x08001e83   Thumb Code    28  functions.o(i.IMU_GetCommandMessage)
    IMU_GetValue                             0x08001ea1   Thumb Code   152  functions.o(i.IMU_GetValue)
    IMU_ParametesInit                        0x08001f4d   Thumb Code    28  functions.o(i.IMU_ParametesInit)
    IMU_UpdateAngle                          0x08001f71   Thumb Code     6  functions.o(i.IMU_UpdateAngle)
    IMU_UpdatePreAngle                       0x08001f77   Thumb Code    10  functions.o(i.IMU_UpdatePreAngle)
    IMU_UpdateSetAngle                       0x08001f81   Thumb Code    26  functions.o(i.IMU_UpdateSetAngle)
    IsCorrectMessage                         0x08001f9b   Thumb Code    46  functions.o(i.IsCorrectMessage)
    IsDouble                                 0x08001fc9   Thumb Code    60  functions.o(i.IsDouble)
    IsValidData                              0x0800200d   Thumb Code    12  functions.o(i.IsValidData)
    LRCCalculate                             0x08002019   Thumb Code    22  functions.o(i.LRCCalculate)
    M1_Backward                              0x08002031   Thumb Code    70  encoder.o(i.M1_Backward)
    M1_Encoder_Config                        0x08002091   Thumb Code   170  encoder.o(i.M1_Encoder_Config)
    M1_Forward                               0x0800214d   Thumb Code    70  encoder.o(i.M1_Forward)
    M2_Encoder_Config                        0x080021ad   Thumb Code   172  encoder.o(i.M2_Encoder_Config)
    M2_Forward                               0x08002269   Thumb Code    70  encoder.o(i.M2_Forward)
    MemManage_Handler                        0x080022c9   Thumb Code     2  stm32f4xx_it.o(i.MemManage_Handler)
    NMI_Handler                              0x080022cb   Thumb Code     2  stm32f4xx_it.o(i.NMI_Handler)
    NVIC_Init                                0x080022cd   Thumb Code    96  misc.o(i.NVIC_Init)
    NVIC_PriorityGroupConfig                 0x08002331   Thumb Code    10  misc.o(i.NVIC_PriorityGroupConfig)
    PID_Compute                              0x08002365   Thumb Code   310  functions.o(i.PID_Compute)
    PID_ParametersInitial                    0x080024c1   Thumb Code    42  functions.o(i.PID_ParametersInitial)
    PID_ParametersUpdate                     0x080024fd   Thumb Code     6  functions.o(i.PID_ParametersUpdate)
    PID_ReadParametersFromFlash              0x08002505   Thumb Code   156  main.o(i.PID_ReadParametersFromFlash)
    PID_UpdateEnc                            0x080025b5   Thumb Code     4  functions.o(i.PID_UpdateEnc)
    PID_UpdateSetVel                         0x080025b9   Thumb Code     6  functions.o(i.PID_UpdateSetVel)
    PWM_Config                               0x080025c1   Thumb Code   148  encoder.o(i.PWM_Config)
    Parameters_Init                          0x08002665   Thumb Code    64  main.o(i.Parameters_Init)
    PendSV_Handler                           0x080026bd   Thumb Code     2  stm32f4xx_it.o(i.PendSV_Handler)
    Peripheral_Config                        0x080026c1   Thumb Code    50  main.o(i.Peripheral_Config)
    Pi_To_Pi                                 0x080026f9   Thumb Code   100  functions.o(i.Pi_To_Pi)
    RCC_AHB1PeriphClockCmd                   0x08002775   Thumb Code    18  stm32f4xx_rcc.o(i.RCC_AHB1PeriphClockCmd)
    RCC_APB1PeriphClockCmd                   0x0800278d   Thumb Code    18  stm32f4xx_rcc.o(i.RCC_APB1PeriphClockCmd)
    RCC_APB2PeriphClockCmd                   0x080027a5   Thumb Code    18  stm32f4xx_rcc.o(i.RCC_APB2PeriphClockCmd)
    RCC_GetClocksFreq                        0x080027bd   Thumb Code   132  stm32f4xx_rcc.o(i.RCC_GetClocksFreq)
    ReadFromFlash                            0x08002851   Thumb Code    54  functions.o(i.ReadFromFlash)
    Readline                                 0x08002887   Thumb Code    36  functions.o(i.Readline)
    Reset_Encoder                            0x080028ad   Thumb Code    20  stm32f4xx_it.o(i.Reset_Encoder)
    Reset_Motor                              0x080028c9   Thumb Code    28  stm32f4xx_it.o(i.Reset_Motor)
    Robot_Forward                            0x080028f9   Thumb Code    38  encoder.o(i.Robot_Forward)
    Robot_Spin_ClockWise                     0x0800291f   Thumb Code    38  encoder.o(i.Robot_Spin_ClockWise)
    SVC_Handler                              0x08002945   Thumb Code     2  stm32f4xx_it.o(i.SVC_Handler)
    SaveDataToInternalFlash                  0x08002949   Thumb Code   192  stm32f4xx_it.o(i.SaveDataToInternalFlash)
    SendData                                 0x08002a19   Thumb Code   398  stm32f4xx_it.o(i.SendData)
    StringHeaderCompare                      0x08002c35   Thumb Code    26  functions.o(i.StringHeaderCompare)
    SysTick_Handler                          0x08002c51   Thumb Code   772  stm32f4xx_it.o(i.SysTick_Handler)
    SystemInit                               0x08002f9d   Thumb Code    74  system_stm32f4xx.o(i.SystemInit)
    TIM2_IRQHandler                          0x08002ff9   Thumb Code    18  stm32f4xx_it.o(i.TIM2_IRQHandler)
    TIM2_TimeBaseConfig                      0x0800300d   Thumb Code    88  main.o(i.TIM2_TimeBaseConfig)
    TIM3_IRQHandler                          0x0800306d   Thumb Code    20  stm32f4xx_it.o(i.TIM3_IRQHandler)
    TIM4_IRQHandler                          0x08003089   Thumb Code    20  stm32f4xx_it.o(i.TIM4_IRQHandler)
    TIM_ARRPreloadConfig                     0x080030a5   Thumb Code    20  stm32f4xx_tim.o(i.TIM_ARRPreloadConfig)
    TIM_ClearITPendingBit                    0x080030b9   Thumb Code     6  stm32f4xx_tim.o(i.TIM_ClearITPendingBit)
    TIM_Cmd                                  0x080030bf   Thumb Code    20  stm32f4xx_tim.o(i.TIM_Cmd)
    TIM_EncoderInterfaceConfig               0x080030d3   Thumb Code    50  stm32f4xx_tim.o(i.TIM_EncoderInterfaceConfig)
    TIM_GetCounter                           0x08003105   Thumb Code     4  stm32f4xx_tim.o(i.TIM_GetCounter)
    TIM_ITConfig                             0x08003109   Thumb Code    16  stm32f4xx_tim.o(i.TIM_ITConfig)
    TIM_OC1Init                              0x08003119   Thumb Code    88  stm32f4xx_tim.o(i.TIM_OC1Init)
    TIM_OC1PreloadConfig                     0x08003179   Thumb Code    12  stm32f4xx_tim.o(i.TIM_OC1PreloadConfig)
    TIM_OC2Init                              0x08003185   Thumb Code   120  stm32f4xx_tim.o(i.TIM_OC2Init)
    TIM_OC2PreloadConfig                     0x08003205   Thumb Code    20  stm32f4xx_tim.o(i.TIM_OC2PreloadConfig)
    TIM_TimeBaseInit                         0x08003219   Thumb Code    96  stm32f4xx_tim.o(i.TIM_TimeBaseInit)
    Time_GetSampleTime                       0x08003295   Thumb Code    52  functions.o(i.Time_GetSampleTime)
    Time_ParametersInit                      0x080032d9   Thumb Code     6  functions.o(i.Time_ParametersInit)
    Time_SampleTimeUpdate                    0x080032df   Thumb Code     4  functions.o(i.Time_SampleTimeUpdate)
    Time_SendTimeUpdate                      0x080032e3   Thumb Code     4  functions.o(i.Time_SendTimeUpdate)
    ToChar                                   0x080032e9   Thumb Code   248  functions.o(i.ToChar)
    ToHex                                    0x080033f1   Thumb Code    14  functions.o(i.ToHex)
    ToRPM                                    0x08003401   Thumb Code    36  functions.o(i.ToRPM)
    Trapf                                    0x08003435   Thumb Code   198  functions.o(i.Trapf)
    Trimf                                    0x0800350d   Thumb Code   194  functions.o(i.Trimf)
    U1_SendData                              0x080035d9   Thumb Code    32  usart_dma_config.o(i.U1_SendData)
    U6_SendData                              0x080035fd   Thumb Code    30  usart_dma_config.o(i.U6_SendData)
    USART1_Config                            0x08003625   Thumb Code   304  usart_dma_config.o(i.USART1_Config)
    USART2_IRQHandler                        0x08003769   Thumb Code    50  stm32f4xx_it.o(i.USART2_IRQHandler)
    USART6_Config                            0x080037a9   Thumb Code   326  usart_dma_config.o(i.USART6_Config)
    USART6_IRQHandler                        0x08003905   Thumb Code    50  stm32f4xx_it.o(i.USART6_IRQHandler)
    USART_ClearFlag                          0x08003945   Thumb Code     6  stm32f4xx_usart.o(i.USART_ClearFlag)
    USART_Cmd                                0x0800394b   Thumb Code    20  stm32f4xx_usart.o(i.USART_Cmd)
    USART_DMACmd                             0x0800395f   Thumb Code    16  stm32f4xx_usart.o(i.USART_DMACmd)
    USART_GetITStatus                        0x0800396f   Thumb Code    62  stm32f4xx_usart.o(i.USART_GetITStatus)
    USART_ITConfig                           0x080039ad   Thumb Code    48  stm32f4xx_usart.o(i.USART_ITConfig)
    USART_Init                               0x080039dd   Thumb Code   164  stm32f4xx_usart.o(i.USART_Init)
    USART_ReceiveData                        0x08003a89   Thumb Code     8  stm32f4xx_usart.o(i.USART_ReceiveData)
    UsageFault_Handler                       0x08003a91   Thumb Code     2  stm32f4xx_it.o(i.UsageFault_Handler)
    Veh_ParametersInit                       0x08003a95   Thumb Code    28  functions.o(i.Veh_ParametersInit)
    Veh_UpdateMaxVelocity                    0x08003ab9   Thumb Code     6  functions.o(i.Veh_UpdateMaxVelocity)
    Veh_UpdateVehicleFromKey                 0x08003ac1   Thumb Code   296  functions.o(i.Veh_UpdateVehicleFromKey)
    WriteToFlash                             0x08003c1d   Thumb Code    82  functions.o(i.WriteToFlash)
    __ARM_fpclassify                         0x08003c6f   Thumb Code    48  fpclassify.o(i.__ARM_fpclassify)
    __hardfp_atan                            0x08003ca1   Thumb Code   632  atan.o(i.__hardfp_atan)
    __hardfp_atan2                           0x08003f81   Thumb Code   426  atan2.o(i.__hardfp_atan2)
    __hardfp_cos                             0x08004171   Thumb Code   200  cos.o(i.__hardfp_cos)
    __hardfp_fabs                            0x08004249   Thumb Code    20  fabs.o(i.__hardfp_fabs)
    __hardfp_log                             0x08004261   Thumb Code   882  log.o(i.__hardfp_log)
    __hardfp_pow                             0x08004649   Thumb Code  3048  pow.o(i.__hardfp_pow)
    __hardfp_sin                             0x08005281   Thumb Code   200  sin.o(i.__hardfp_sin)
    __hardfp_sqrt                            0x08005359   Thumb Code   122  sqrt.o(i.__hardfp_sqrt)
    __hardfp_tan                             0x080053d9   Thumb Code   142  tan.o(i.__hardfp_tan)
    __ieee754_rem_pio2                       0x08005479   Thumb Code   938  rred.o(i.__ieee754_rem_pio2)
    __kernel_cos                             0x080058b1   Thumb Code   322  cos_i.o(i.__kernel_cos)
    __kernel_poly                            0x08005a21   Thumb Code   248  poly.o(i.__kernel_poly)
    __kernel_sin                             0x08005b19   Thumb Code   280  sin_i.o(i.__kernel_sin)
    __kernel_tan                             0x08005c49   Thumb Code   764  tan_i.o(i.__kernel_tan)
    __mathlib_dbl_underflow                  0x08005f99   Thumb Code    24  dunder.o(i.__mathlib_dbl_underflow)
    atan                                     0x08005fb9   Thumb Code    16  atan.o(i.atan)
    fabs                                     0x08005fc9   Thumb Code    24  fabs.o(i.fabs)
    fix                                      0x08005fe1   Thumb Code    20  functions.o(i.fix)
    main                                     0x08005ff5   Thumb Code    50  main.o(i.main)
    sqrt                                     0x08006031   Thumb Code   110  sqrt.o(i.sqrt)
    __aeabi_dneg                             0x0800609f   Thumb Code     0  basic.o(x$fpl$basic)
    _dneg                                    0x0800609f   Thumb Code     6  basic.o(x$fpl$basic)
    __aeabi_fneg                             0x080060a5   Thumb Code     0  basic.o(x$fpl$basic)
    _fneg                                    0x080060a5   Thumb Code     6  basic.o(x$fpl$basic)
    _dabs                                    0x080060ab   Thumb Code     6  basic.o(x$fpl$basic)
    _fabs                                    0x080060b1   Thumb Code     6  basic.o(x$fpl$basic)
    __aeabi_dadd                             0x080060b9   Thumb Code     0  daddsub_clz.o(x$fpl$dadd)
    _dadd                                    0x080060b9   Thumb Code   332  daddsub_clz.o(x$fpl$dadd)
    __fpl_dcheck_NaN1                        0x08006209   Thumb Code    10  dcheck1.o(x$fpl$dcheck1)
    __fpl_dcmp_Inf                           0x08006219   Thumb Code    24  dcmpi.o(x$fpl$dcmpinf)
    __aeabi_ddiv                             0x08006231   Thumb Code     0  ddiv.o(x$fpl$ddiv)
    _ddiv                                    0x08006231   Thumb Code   552  ddiv.o(x$fpl$ddiv)
    __aeabi_cdcmpeq                          0x080064e1   Thumb Code     0  deqf.o(x$fpl$deqf)
    _dcmpeq                                  0x080064e1   Thumb Code   120  deqf.o(x$fpl$deqf)
    __aeabi_d2iz                             0x08006559   Thumb Code     0  dfix.o(x$fpl$dfix)
    _dfix                                    0x08006559   Thumb Code    94  dfix.o(x$fpl$dfix)
    __aeabi_d2uiz                            0x080065b9   Thumb Code     0  dfixu.o(x$fpl$dfixu)
    _dfixu                                   0x080065b9   Thumb Code    90  dfixu.o(x$fpl$dfixu)
    __aeabi_i2d                              0x08006613   Thumb Code     0  dflt_clz.o(x$fpl$dflt)
    _dflt                                    0x08006613   Thumb Code    46  dflt_clz.o(x$fpl$dflt)
    __aeabi_ui2d                             0x08006641   Thumb Code     0  dflt_clz.o(x$fpl$dfltu)
    _dfltu                                   0x08006641   Thumb Code    38  dflt_clz.o(x$fpl$dfltu)
    __aeabi_cdcmple                          0x08006669   Thumb Code     0  dleqf.o(x$fpl$dleqf)
    _dcmple                                  0x08006669   Thumb Code   120  dleqf.o(x$fpl$dleqf)
    __fpl_dcmple_InfNaN                      0x080066cb   Thumb Code     0  dleqf.o(x$fpl$dleqf)
    __aeabi_dmul                             0x080066e1   Thumb Code     0  dmul.o(x$fpl$dmul)
    _dmul                                    0x080066e1   Thumb Code   332  dmul.o(x$fpl$dmul)
    __fpl_dnaninf                            0x08006835   Thumb Code   156  dnaninf.o(x$fpl$dnaninf)
    __fpl_dretinf                            0x080068d1   Thumb Code    12  dretinf.o(x$fpl$dretinf)
    __aeabi_cdrcmple                         0x080068dd   Thumb Code     0  drleqf.o(x$fpl$drleqf)
    _drcmple                                 0x080068dd   Thumb Code   108  drleqf.o(x$fpl$drleqf)
    __aeabi_drsub                            0x08006949   Thumb Code     0  daddsub_clz.o(x$fpl$drsb)
    _drsb                                    0x08006949   Thumb Code    22  daddsub_clz.o(x$fpl$drsb)
    _dsqrt                                   0x08006961   Thumb Code   404  dsqrt_umaal.o(x$fpl$dsqrt)
    __aeabi_dsub                             0x08006af9   Thumb Code     0  daddsub_clz.o(x$fpl$dsub)
    _dsub                                    0x08006af9   Thumb Code   464  daddsub_clz.o(x$fpl$dsub)
    _fp_init                                 0x08006ccd   Thumb Code    10  fpinit.o(x$fpl$fpinit)
    __fplib_config_fpu_vfp                   0x08006cd5   Thumb Code     0  fpinit.o(x$fpl$fpinit)
    __fplib_config_pureend_doubles           0x08006cd5   Thumb Code     0  fpinit.o(x$fpl$fpinit)
    __fpl_return_NaN                         0x08006cd7   Thumb Code   100  retnan.o(x$fpl$retnan)
    __ARM_scalbn                             0x08006d3b   Thumb Code    92  scalbn.o(x$fpl$scalbn)
    __fpl_cmpreturn                          0x08006d97   Thumb Code    48  trapv.o(x$fpl$trapveneer)
    __I$use$fp                               0x08006dc6   Number         0  usenofp.o(x$fpl$usenofp)
    __mathlib_zero                           0x08006f50   Data           8  qnan.o(.constdata)
    Region$$Table$$Base                      0x080070a8   Number         0  anon$$obj.o(Region$$Table)
    Region$$Table$$Limit                     0x080070c8   Number         0  anon$$obj.o(Region$$Table)
    SystemCoreClock                          0x20000000   Data           4  system_stm32f4xx.o(.data)
    AHBPrescTable                            0x20000004   Data          16  system_stm32f4xx.o(.data)
    Main_NVIC_Struct                         0x20000014   Data           4  main.o(.data)
    temp3                                    0x20000018   Data           1  stm32f4xx_it.o(.data)
    temp2                                    0x20000019   Data           1  stm32f4xx_it.o(.data)
    ind                                      0x2000001c   Data           4  stm32f4xx_it.o(.data)
    En_NVIC_Struct                           0x20000020   Data           4  encoder.o(.data)
    En_GPIO_Struct                           0x20000024   Data           8  encoder.o(.data)
    US_NVIC_Struct                           0x2000002c   Data           4  usart_dma_config.o(.data)
    US_GPIO_Struct                           0x20000030   Data           8  usart_dma_config.o(.data)
    F_GPIO_Struct                            0x20000038   Data           8  functions.o(.data)
    NB                                       0x20000040   Data           8  functions.o(.data)
    NM                                       0x20000048   Data           8  functions.o(.data)
    NS                                       0x20000050   Data           8  functions.o(.data)
    ZE                                       0x20000058   Data           8  functions.o(.data)
    PS                                       0x20000060   Data           8  functions.o(.data)
    PM                                       0x20000068   Data           8  functions.o(.data)
    PB                                       0x20000070   Data           8  functions.o(.data)
    Main_TIM_Struct                          0x20000088   Data          12  main.o(.bss)
    En_TIM_BaseStruct                        0x20000094   Data          12  encoder.o(.bss)
    En_TIM_OCStruct                          0x200000a0   Data          20  encoder.o(.bss)
    US_DMA_Struct                            0x200000b4   Data          60  usart_dma_config.o(.bss)
    US_USART_Struct                          0x200000f0   Data          16  usart_dma_config.o(.bss)
    U1_TxBuffer                              0x20000100   Data         100  usart_dma_config.o(.bss)
    U1_RxBuffer                              0x20000164   Data          50  usart_dma_config.o(.bss)
    U2_TxBuffer                              0x20000196   Data          50  usart_dma_config.o(.bss)
    U2_RxBuffer                              0x200001c8   Data         200  usart_dma_config.o(.bss)
    U6_TxBuffer                              0x20000290   Data         200  usart_dma_config.o(.bss)
    U6_RxBuffer                              0x20000358   Data         200  usart_dma_config.o(.bss)
    M1                                       0x20000420   Data          88  functions.o(.bss)
    M2                                       0x20000478   Data          88  functions.o(.bss)
    GPS_NEO                                  0x200004d0   Data         560  functions.o(.bss)
    Mag                                      0x20000700   Data          40  functions.o(.bss)
    Timer                                    0x20000728   Data          24  functions.o(.bss)
    In1_NS                                   0x20000740   Data          24  functions.o(.bss)
    In1_ZE                                   0x20000758   Data          24  functions.o(.bss)
    In1_PS                                   0x20000770   Data          24  functions.o(.bss)
    In2_ZE                                   0x20000788   Data          24  functions.o(.bss)
    In1_NB                                   0x200007a0   Data          32  functions.o(.bss)
    In1_PB                                   0x200007c0   Data          32  functions.o(.bss)
    In2_NE                                   0x200007e0   Data          32  functions.o(.bss)
    In2_PO                                   0x20000800   Data          32  functions.o(.bss)
    U2                                       0x20000820   Data         700  functions.o(.bss)
    U6                                       0x20000adc   Data         700  functions.o(.bss)
    Flash                                    0x20000d98   Data         804  functions.o(.bss)
    Veh                                      0x200010c0   Data          40  functions.o(.bss)
    __libspace_start                         0x200010e8   Data          96  libspace.o(.bss)
    __temporary_stack_top$libspace           0x20001148   Data           0  libspace.o(.bss)



==============================================================================

Memory Map of the image

  Image Entry point : 0x08000199

  Load Region LR_IROM1 (Base: 0x08000000, Size: 0x00007150, Max: 0x00080000, ABSOLUTE)

    Execution Region ER_IROM1 (Base: 0x08000000, Size: 0x000070c8, Max: 0x00080000, ABSOLUTE)

    Base Addr    Size         Type   Attr      Idx    E Section Name        Object

    0x08000000   0x00000198   Data   RO         1066    RESET               startup_stm32f411xe.o
    0x08000198   0x00000008   Code   RO         2896  * !!!main             c_w.l(__main.o)
    0x080001a0   0x00000034   Code   RO         3247    !!!scatter          c_w.l(__scatter.o)
    0x080001d4   0x0000001a   Code   RO         3249    !!handler_copy      c_w.l(__scatter_copy.o)
    0x080001ee   0x00000002   PAD
    0x080001f0   0x0000001c   Code   RO         3251    !!handler_zi        c_w.l(__scatter_zi.o)
    0x0800020c   0x00000002   Code   RO         3119    .ARM.Collect$$libinit$$00000000  c_w.l(libinit.o)
    0x0800020e   0x00000004   Code   RO         3124    .ARM.Collect$$libinit$$00000001  c_w.l(libinit2.o)
    0x08000212   0x00000000   Code   RO         3128    .ARM.Collect$$libinit$$00000008  c_w.l(libinit2.o)
    0x08000212   0x00000000   Code   RO         3130    .ARM.Collect$$libinit$$0000000A  c_w.l(libinit2.o)
    0x08000212   0x00000000   Code   RO         3132    .ARM.Collect$$libinit$$0000000C  c_w.l(libinit2.o)
    0x08000212   0x00000000   Code   RO         3135    .ARM.Collect$$libinit$$0000000F  c_w.l(libinit2.o)
    0x08000212   0x00000000   Code   RO         3137    .ARM.Collect$$libinit$$00000011  c_w.l(libinit2.o)
    0x08000212   0x00000000   Code   RO         3139    .ARM.Collect$$libinit$$00000013  c_w.l(libinit2.o)
    0x08000212   0x00000000   Code   RO         3141    .ARM.Collect$$libinit$$00000015  c_w.l(libinit2.o)
    0x08000212   0x00000000   Code   RO         3143    .ARM.Collect$$libinit$$00000017  c_w.l(libinit2.o)
    0x08000212   0x00000000   Code   RO         3145    .ARM.Collect$$libinit$$00000019  c_w.l(libinit2.o)
    0x08000212   0x00000000   Code   RO         3147    .ARM.Collect$$libinit$$0000001B  c_w.l(libinit2.o)
    0x08000212   0x00000000   Code   RO         3149    .ARM.Collect$$libinit$$0000001D  c_w.l(libinit2.o)
    0x08000212   0x00000000   Code   RO         3151    .ARM.Collect$$libinit$$0000001F  c_w.l(libinit2.o)
    0x08000212   0x00000000   Code   RO         3153    .ARM.Collect$$libinit$$00000021  c_w.l(libinit2.o)
    0x08000212   0x00000000   Code   RO         3155    .ARM.Collect$$libinit$$00000023  c_w.l(libinit2.o)
    0x08000212   0x00000000   Code   RO         3159    .ARM.Collect$$libinit$$0000002A  c_w.l(libinit2.o)
    0x08000212   0x00000000   Code   RO         3161    .ARM.Collect$$libinit$$0000002C  c_w.l(libinit2.o)
    0x08000212   0x00000000   Code   RO         3163    .ARM.Collect$$libinit$$0000002E  c_w.l(libinit2.o)
    0x08000212   0x00000000   Code   RO         3165    .ARM.Collect$$libinit$$00000030  c_w.l(libinit2.o)
    0x08000212   0x00000002   Code   RO         3166    .ARM.Collect$$libinit$$00000031  c_w.l(libinit2.o)
    0x08000214   0x00000002   Code   RO         3188    .ARM.Collect$$libshutdown$$00000000  c_w.l(libshutdown.o)
    0x08000216   0x00000000   Code   RO         3202    .ARM.Collect$$libshutdown$$00000003  c_w.l(libshutdown2.o)
    0x08000216   0x00000000   Code   RO         3205    .ARM.Collect$$libshutdown$$00000006  c_w.l(libshutdown2.o)
    0x08000216   0x00000000   Code   RO         3208    .ARM.Collect$$libshutdown$$00000009  c_w.l(libshutdown2.o)
    0x08000216   0x00000000   Code   RO         3210    .ARM.Collect$$libshutdown$$0000000B  c_w.l(libshutdown2.o)
    0x08000216   0x00000000   Code   RO         3213    .ARM.Collect$$libshutdown$$0000000E  c_w.l(libshutdown2.o)
    0x08000216   0x00000002   Code   RO         3214    .ARM.Collect$$libshutdown$$0000000F  c_w.l(libshutdown2.o)
    0x08000218   0x00000000   Code   RO         3042    .ARM.Collect$$rtentry$$00000000  c_w.l(rtentry.o)
    0x08000218   0x00000000   Code   RO         3086    .ARM.Collect$$rtentry$$00000002  c_w.l(rtentry2.o)
    0x08000218   0x00000006   Code   RO         3098    .ARM.Collect$$rtentry$$00000004  c_w.l(rtentry4.o)
    0x0800021e   0x00000000   Code   RO         3088    .ARM.Collect$$rtentry$$00000009  c_w.l(rtentry2.o)
    0x0800021e   0x00000004   Code   RO         3089    .ARM.Collect$$rtentry$$0000000A  c_w.l(rtentry2.o)
    0x08000222   0x00000000   Code   RO         3091    .ARM.Collect$$rtentry$$0000000C  c_w.l(rtentry2.o)
    0x08000222   0x00000008   Code   RO         3092    .ARM.Collect$$rtentry$$0000000D  c_w.l(rtentry2.o)
    0x0800022a   0x00000002   Code   RO         3122    .ARM.Collect$$rtexit$$00000000  c_w.l(rtexit.o)
    0x0800022c   0x00000000   Code   RO         3170    .ARM.Collect$$rtexit$$00000002  c_w.l(rtexit2.o)
    0x0800022c   0x00000004   Code   RO         3171    .ARM.Collect$$rtexit$$00000003  c_w.l(rtexit2.o)
    0x08000230   0x00000006   Code   RO         3172    .ARM.Collect$$rtexit$$00000004  c_w.l(rtexit2.o)
    0x08000236   0x00000002   PAD
    0x08000238   0x00000040   Code   RO         1067    .text               startup_stm32f411xe.o
    0x08000278   0x0000004e   Code   RO         2892    .text               c_w.l(rt_memclr_w.o)
    0x080002c6   0x00000006   Code   RO         2894    .text               c_w.l(heapauxi.o)
    0x080002cc   0x00000016   Code   RO         3043    .text               c_w.l(_rserrno.o)
    0x080002e2   0x00000002   PAD
    0x080002e4   0x00000008   Code   RO         3103    .text               c_w.l(rt_errno_addr_intlibspace.o)
    0x080002ec   0x00000008   Code   RO         3107    .text               c_w.l(libspace.o)
    0x080002f4   0x0000004a   Code   RO         3110    .text               c_w.l(sys_stackheap_outer.o)
    0x0800033e   0x0000000c   Code   RO         3112    .text               c_w.l(exit.o)
    0x0800034a   0x00000002   PAD
    0x0800034c   0x0000000c   Code   RO         3180    .text               c_w.l(sys_exit.o)
    0x08000358   0x00000002   Code   RO         3191    .text               c_w.l(use_no_semi.o)
    0x0800035a   0x00000000   Code   RO         3193    .text               c_w.l(indicate_semi.o)
    0x0800035a   0x00000002   Code   RO          234    i.BusFault_Handler  stm32f4xx_it.o
    0x0800035c   0x0000003e   Code   RO          601    i.Convert4BytesToWordData  functions.o
    0x0800039a   0x00000002   PAD
    0x0800039c   0x00000098   Code   RO          235    i.DMA1_Stream5_IRQHandler  stm32f4xx_it.o
    0x08000434   0x00000264   Code   RO          236    i.DMA2_Stream2_IRQHandler  stm32f4xx_it.o
    0x08000698   0x00000050   Code   RO          237    i.DMA2_Stream5_IRQHandler  stm32f4xx_it.o
    0x080006e8   0x0000002c   Code   RO         1314    i.DMA_ClearFlag     stm32f4xx_dma.o
    0x08000714   0x0000002c   Code   RO         1315    i.DMA_ClearITPendingBit  stm32f4xx_dma.o
    0x08000740   0x00000014   Code   RO         1316    i.DMA_Cmd           stm32f4xx_dma.o
    0x08000754   0x0000002c   Code   RO         1327    i.DMA_ITConfig      stm32f4xx_dma.o
    0x08000780   0x00000054   Code   RO         1328    i.DMA_Init          stm32f4xx_dma.o
    0x080007d4   0x00000002   Code   RO          238    i.DebugMon_Handler  stm32f4xx_it.o
    0x080007d6   0x00000002   PAD
    0x080007d8   0x00000518   Code   RO          602    i.Defuzzification_Max_Min  functions.o
    0x08000cf0   0x00000034   Code   RO          392    i.DirPinConfig      encoder.o
    0x08000d24   0x0000001a   Code   RO          393    i.Encoder_Config    encoder.o
    0x08000d3e   0x00000002   PAD
    0x08000d40   0x0000003c   Code   RO         2643    i.FLASH_GetStatus   stm32f4xx_flash.o
    0x08000d7c   0x00000010   Code   RO         2647    i.FLASH_Lock        stm32f4xx_flash.o
    0x08000d8c   0x0000003c   Code   RO         2671    i.FLASH_ProgramWord  stm32f4xx_flash.o
    0x08000dc8   0x00000024   Code   RO         2673    i.FLASH_Unlock      stm32f4xx_flash.o
    0x08000dec   0x0000001e   Code   RO         2674    i.FLASH_WaitForLastOperation  stm32f4xx_flash.o
    0x08000e0a   0x0000002a   Code   RO          604    i.FeedBack          functions.o
    0x08000e34   0x00000044   Code   RO          605    i.Fuzzy_Max         functions.o
    0x08000e78   0x0000003a   Code   RO          606    i.Fuzzy_Min         functions.o
    0x08000eb2   0x00000002   PAD
    0x08000eb4   0x000001cc   Code   RO          607    i.Fuzzy_ParametersInit  functions.o
    0x08001080   0x000000a2   Code   RO         1447    i.GPIO_Init         stm32f4xx_gpio.o
    0x08001122   0x00000020   Code   RO         1448    i.GPIO_PinAFConfig  stm32f4xx_gpio.o
    0x08001142   0x0000000e   Code   RO         1453    i.GPIO_ReadOutputDataBit  stm32f4xx_gpio.o
    0x08001150   0x00000004   Code   RO         1454    i.GPIO_ResetBits    stm32f4xx_gpio.o
    0x08001154   0x00000004   Code   RO         1455    i.GPIO_SetBits      stm32f4xx_gpio.o
    0x08001158   0x000000ac   Code   RO          608    i.GPS_GetLatFromString  functions.o
    0x08001204   0x0000009c   Code   RO          609    i.GPS_GetLonFromString  functions.o
    0x080012a0   0x00000078   Code   RO          610    i.GPS_LLToDegree    functions.o
    0x08001318   0x0000057c   Code   RO          611    i.GPS_LatLonToUTM   functions.o
    0x08001894   0x00000034   Code   RO          612    i.GPS_ParametersInit  functions.o
    0x080018c8   0x00000248   Code   RO          613    i.GPS_StanleyControl  functions.o
    0x08001b10   0x0000002a   Code   RO          614    i.GetMessageInfo    functions.o
    0x08001b3a   0x00000002   PAD
    0x08001b3c   0x000000cc   Code   RO          615    i.GetNbOfReceiveHeader  functions.o
    0x08001c08   0x00000154   Code   RO          616    i.GetValueFromString  functions.o
    0x08001d5c   0x00000124   Code   RO          239    i.GetVehicleVelocity  stm32f4xx_it.o
    0x08001e80   0x00000002   Code   RO          240    i.HardFault_Handler  stm32f4xx_it.o
    0x08001e82   0x0000001c   Code   RO          617    i.IMU_GetCommandMessage  functions.o
    0x08001e9e   0x00000002   PAD
    0x08001ea0   0x000000ac   Code   RO          618    i.IMU_GetValue      functions.o
    0x08001f4c   0x00000024   Code   RO          619    i.IMU_ParametesInit  functions.o
    0x08001f70   0x00000006   Code   RO          620    i.IMU_UpdateAngle   functions.o
    0x08001f76   0x0000000a   Code   RO          621    i.IMU_UpdatePreAngle  functions.o
    0x08001f80   0x0000001a   Code   RO          622    i.IMU_UpdateSetAngle  functions.o
    0x08001f9a   0x0000002e   Code   RO          623    i.IsCorrectMessage  functions.o
    0x08001fc8   0x00000044   Code   RO          624    i.IsDouble          functions.o
    0x0800200c   0x0000000c   Code   RO          625    i.IsValidData       functions.o
    0x08002018   0x00000016   Code   RO          626    i.LRCCalculate      functions.o
    0x0800202e   0x00000002   PAD
    0x08002030   0x00000060   Code   RO          394    i.M1_Backward       encoder.o
    0x08002090   0x000000bc   Code   RO          395    i.M1_Encoder_Config  encoder.o
    0x0800214c   0x00000060   Code   RO          396    i.M1_Forward        encoder.o
    0x080021ac   0x000000bc   Code   RO          398    i.M2_Encoder_Config  encoder.o
    0x08002268   0x00000060   Code   RO          399    i.M2_Forward        encoder.o
    0x080022c8   0x00000002   Code   RO          241    i.MemManage_Handler  stm32f4xx_it.o
    0x080022ca   0x00000002   Code   RO          242    i.NMI_Handler       stm32f4xx_it.o
    0x080022cc   0x00000064   Code   RO         1074    i.NVIC_Init         misc.o
    0x08002330   0x00000014   Code   RO         1075    i.NVIC_PriorityGroupConfig  misc.o
    0x08002344   0x00000020   Code   RO          131    i.NVIC_SetPriority  main.o
    0x08002364   0x0000015c   Code   RO          628    i.PID_Compute       functions.o
    0x080024c0   0x0000003c   Code   RO          629    i.PID_ParametersInitial  functions.o
    0x080024fc   0x00000006   Code   RO          630    i.PID_ParametersUpdate  functions.o
    0x08002502   0x00000002   PAD
    0x08002504   0x000000b0   Code   RO          132    i.PID_ReadParametersFromFlash  main.o
    0x080025b4   0x00000004   Code   RO          631    i.PID_UpdateEnc     functions.o
    0x080025b8   0x00000006   Code   RO          632    i.PID_UpdateSetVel  functions.o
    0x080025be   0x00000002   PAD
    0x080025c0   0x000000a4   Code   RO          400    i.PWM_Config        encoder.o
    0x08002664   0x00000058   Code   RO          134    i.Parameters_Init   main.o
    0x080026bc   0x00000002   Code   RO          243    i.PendSV_Handler    stm32f4xx_it.o
    0x080026be   0x00000002   PAD
    0x080026c0   0x00000038   Code   RO          135    i.Peripheral_Config  main.o
    0x080026f8   0x0000007c   Code   RO          633    i.Pi_To_Pi          functions.o
    0x08002774   0x00000018   Code   RO         1776    i.RCC_AHB1PeriphClockCmd  stm32f4xx_rcc.o
    0x0800278c   0x00000018   Code   RO         1782    i.RCC_APB1PeriphClockCmd  stm32f4xx_rcc.o
    0x080027a4   0x00000018   Code   RO         1785    i.RCC_APB2PeriphClockCmd  stm32f4xx_rcc.o
    0x080027bc   0x00000094   Code   RO         1794    i.RCC_GetClocksFreq  stm32f4xx_rcc.o
    0x08002850   0x00000036   Code   RO          634    i.ReadFromFlash     functions.o
    0x08002886   0x00000024   Code   RO          635    i.Readline          functions.o
    0x080028aa   0x00000002   PAD
    0x080028ac   0x0000001c   Code   RO          244    i.Reset_Encoder     stm32f4xx_it.o
    0x080028c8   0x00000030   Code   RO          245    i.Reset_Motor       stm32f4xx_it.o
    0x080028f8   0x00000026   Code   RO          402    i.Robot_Forward     encoder.o
    0x0800291e   0x00000026   Code   RO          404    i.Robot_Spin_ClockWise  encoder.o
    0x08002944   0x00000002   Code   RO          246    i.SVC_Handler       stm32f4xx_it.o
    0x08002946   0x00000002   PAD
    0x08002948   0x000000d0   Code   RO          247    i.SaveDataToInternalFlash  stm32f4xx_it.o
    0x08002a18   0x000001a8   Code   RO          248    i.SendData          stm32f4xx_it.o
    0x08002bc0   0x00000074   Code   RO            4    i.SetSysClock       system_stm32f4xx.o
    0x08002c34   0x0000001a   Code   RO          637    i.StringHeaderCompare  functions.o
    0x08002c4e   0x00000002   PAD
    0x08002c50   0x0000034c   Code   RO          249    i.SysTick_Handler   stm32f4xx_it.o
    0x08002f9c   0x0000005c   Code   RO            6    i.SystemInit        system_stm32f4xx.o
    0x08002ff8   0x00000012   Code   RO          250    i.TIM2_IRQHandler   stm32f4xx_it.o
    0x0800300a   0x00000002   PAD
    0x0800300c   0x00000060   Code   RO          136    i.TIM2_TimeBaseConfig  main.o
    0x0800306c   0x0000001c   Code   RO          251    i.TIM3_IRQHandler   stm32f4xx_it.o
    0x08003088   0x0000001c   Code   RO          252    i.TIM4_IRQHandler   stm32f4xx_it.o
    0x080030a4   0x00000014   Code   RO         2086    i.TIM_ARRPreloadConfig  stm32f4xx_tim.o
    0x080030b8   0x00000006   Code   RO         2093    i.TIM_ClearITPendingBit  stm32f4xx_tim.o
    0x080030be   0x00000014   Code   RO         2098    i.TIM_Cmd           stm32f4xx_tim.o
    0x080030d2   0x00000032   Code   RO         2107    i.TIM_EncoderInterfaceConfig  stm32f4xx_tim.o
    0x08003104   0x00000004   Code   RO         2117    i.TIM_GetCounter    stm32f4xx_tim.o
    0x08003108   0x00000010   Code   RO         2123    i.TIM_ITConfig      stm32f4xx_tim.o
    0x08003118   0x00000060   Code   RO         2127    i.TIM_OC1Init       stm32f4xx_tim.o
    0x08003178   0x0000000c   Code   RO         2130    i.TIM_OC1PreloadConfig  stm32f4xx_tim.o
    0x08003184   0x00000080   Code   RO         2132    i.TIM_OC2Init       stm32f4xx_tim.o
    0x08003204   0x00000014   Code   RO         2135    i.TIM_OC2PreloadConfig  stm32f4xx_tim.o
    0x08003218   0x0000007c   Code   RO         2170    i.TIM_TimeBaseInit  stm32f4xx_tim.o
    0x08003294   0x00000044   Code   RO          638    i.Time_GetSampleTime  functions.o
    0x080032d8   0x00000006   Code   RO          639    i.Time_ParametersInit  functions.o
    0x080032de   0x00000004   Code   RO          640    i.Time_SampleTimeUpdate  functions.o
    0x080032e2   0x00000004   Code   RO          641    i.Time_SendTimeUpdate  functions.o
    0x080032e6   0x00000002   PAD
    0x080032e8   0x00000108   Code   RO          642    i.ToChar            functions.o
    0x080033f0   0x0000000e   Code   RO          644    i.ToHex             functions.o
    0x080033fe   0x00000002   PAD
    0x08003400   0x00000034   Code   RO          645    i.ToRPM             functions.o
    0x08003434   0x000000d8   Code   RO          647    i.Trapf             functions.o
    0x0800350c   0x000000cc   Code   RO          649    i.Trimf             functions.o
    0x080035d8   0x00000024   Code   RO          535    i.U1_SendData       usart_dma_config.o
    0x080035fc   0x00000028   Code   RO          537    i.U6_SendData       usart_dma_config.o
    0x08003624   0x00000144   Code   RO          538    i.USART1_Config     usart_dma_config.o
    0x08003768   0x00000040   Code   RO          253    i.USART2_IRQHandler  stm32f4xx_it.o
    0x080037a8   0x0000015c   Code   RO          540    i.USART6_Config     usart_dma_config.o
    0x08003904   0x00000040   Code   RO          254    i.USART6_IRQHandler  stm32f4xx_it.o
    0x08003944   0x00000006   Code   RO         1122    i.USART_ClearFlag   stm32f4xx_usart.o
    0x0800394a   0x00000014   Code   RO         1126    i.USART_Cmd         stm32f4xx_usart.o
    0x0800395e   0x00000010   Code   RO         1127    i.USART_DMACmd      stm32f4xx_usart.o
    0x0800396e   0x0000003e   Code   RO         1130    i.USART_GetITStatus  stm32f4xx_usart.o
    0x080039ac   0x00000030   Code   RO         1132    i.USART_ITConfig    stm32f4xx_usart.o
    0x080039dc   0x000000ac   Code   RO         1133    i.USART_Init        stm32f4xx_usart.o
    0x08003a88   0x00000008   Code   RO         1140    i.USART_ReceiveData  stm32f4xx_usart.o
    0x08003a90   0x00000002   Code   RO          255    i.UsageFault_Handler  stm32f4xx_it.o
    0x08003a92   0x00000002   PAD
    0x08003a94   0x00000024   Code   RO          651    i.Veh_ParametersInit  functions.o
    0x08003ab8   0x00000006   Code   RO          652    i.Veh_UpdateMaxVelocity  functions.o
    0x08003abe   0x00000002   PAD
    0x08003ac0   0x0000015c   Code   RO          653    i.Veh_UpdateVehicleFromKey  functions.o
    0x08003c1c   0x00000052   Code   RO          654    i.WriteToFlash      functions.o
    0x08003c6e   0x00000030   Code   RO         3063    i.__ARM_fpclassify  m_wm.l(fpclassify.o)
    0x08003c9e   0x00000002   PAD
    0x08003ca0   0x000002e0   Code   RO         2934    i.__hardfp_atan     m_wm.l(atan.o)
    0x08003f80   0x000001f0   Code   RO         2948    i.__hardfp_atan2    m_wm.l(atan2.o)
    0x08004170   0x000000d8   Code   RO         2960    i.__hardfp_cos      m_wm.l(cos.o)
    0x08004248   0x00000014   Code   RO         2972    i.__hardfp_fabs     m_wm.l(fabs.o)
    0x0800425c   0x00000004   PAD
    0x08004260   0x000003e4   Code   RO         2978    i.__hardfp_log      m_wm.l(log.o)
    0x08004644   0x00000004   PAD
    0x08004648   0x00000c38   Code   RO         2992    i.__hardfp_pow      m_wm.l(pow.o)
    0x08005280   0x000000d8   Code   RO         3006    i.__hardfp_sin      m_wm.l(sin.o)
    0x08005358   0x0000007a   Code   RO         3018    i.__hardfp_sqrt     m_wm.l(sqrt.o)
    0x080053d2   0x00000006   PAD
    0x080053d8   0x000000a0   Code   RO         3030    i.__hardfp_tan      m_wm.l(tan.o)
    0x08005478   0x00000438   Code   RO         3068    i.__ieee754_rem_pio2  m_wm.l(rred.o)
    0x080058b0   0x00000170   Code   RO         3058    i.__kernel_cos      m_wm.l(cos_i.o)
    0x08005a20   0x000000f8   Code   RO         3065    i.__kernel_poly     m_wm.l(poly.o)
    0x08005b18   0x00000130   Code   RO         3073    i.__kernel_sin      m_wm.l(sin_i.o)
    0x08005c48   0x00000350   Code   RO         3079    i.__kernel_tan      m_wm.l(tan_i.o)
    0x08005f98   0x00000020   Code   RO         3061    i.__mathlib_dbl_underflow  m_wm.l(dunder.o)
    0x08005fb8   0x00000010   Code   RO         2936    i.atan              m_wm.l(atan.o)
    0x08005fc8   0x00000018   Code   RO         2974    i.fabs              m_wm.l(fabs.o)
    0x08005fe0   0x00000014   Code   RO          655    i.fix               functions.o
    0x08005ff4   0x0000003c   Code   RO          137    i.main              main.o
    0x08006030   0x0000006e   Code   RO         3020    i.sqrt              m_wm.l(sqrt.o)
    0x0800609e   0x00000018   Code   RO         2898    x$fpl$basic         fz_wm.l(basic.o)
    0x080060b6   0x00000002   PAD
    0x080060b8   0x00000150   Code   RO         2900    x$fpl$dadd          fz_wm.l(daddsub_clz.o)
    0x08006208   0x00000010   Code   RO         3105    x$fpl$dcheck1       fz_wm.l(dcheck1.o)
    0x08006218   0x00000018   Code   RO         3045    x$fpl$dcmpinf       fz_wm.l(dcmpi.o)
    0x08006230   0x000002b0   Code   RO         2907    x$fpl$ddiv          fz_wm.l(ddiv.o)
    0x080064e0   0x00000078   Code   RO         2910    x$fpl$deqf          fz_wm.l(deqf.o)
    0x08006558   0x0000005e   Code   RO         2912    x$fpl$dfix          fz_wm.l(dfix.o)
    0x080065b6   0x00000002   PAD
    0x080065b8   0x0000005a   Code   RO         2916    x$fpl$dfixu         fz_wm.l(dfixu.o)
    0x08006612   0x0000002e   Code   RO         2921    x$fpl$dflt          fz_wm.l(dflt_clz.o)
    0x08006640   0x00000026   Code   RO         2920    x$fpl$dfltu         fz_wm.l(dflt_clz.o)
    0x08006666   0x00000002   PAD
    0x08006668   0x00000078   Code   RO         2926    x$fpl$dleqf         fz_wm.l(dleqf.o)
    0x080066e0   0x00000154   Code   RO         2928    x$fpl$dmul          fz_wm.l(dmul.o)
    0x08006834   0x0000009c   Code   RO         3047    x$fpl$dnaninf       fz_wm.l(dnaninf.o)
    0x080068d0   0x0000000c   Code   RO         3049    x$fpl$dretinf       fz_wm.l(dretinf.o)
    0x080068dc   0x0000006c   Code   RO         2930    x$fpl$drleqf        fz_wm.l(drleqf.o)
    0x08006948   0x00000016   Code   RO         2901    x$fpl$drsb          fz_wm.l(daddsub_clz.o)
    0x0800695e   0x00000002   PAD
    0x08006960   0x00000198   Code   RO         3051    x$fpl$dsqrt         fz_wm.l(dsqrt_umaal.o)
    0x08006af8   0x000001d4   Code   RO         2902    x$fpl$dsub          fz_wm.l(daddsub_clz.o)
    0x08006ccc   0x0000000a   Code   RO         3178    x$fpl$fpinit        fz_wm.l(fpinit.o)
    0x08006cd6   0x00000064   Code   RO         3120    x$fpl$retnan        fz_wm.l(retnan.o)
    0x08006d3a   0x0000005c   Code   RO         3055    x$fpl$scalbn        fz_wm.l(scalbn.o)
    0x08006d96   0x00000030   Code   RO         3167    x$fpl$trapveneer    fz_wm.l(trapv.o)
    0x08006dc6   0x00000000   Code   RO         3057    x$fpl$usenofp       fz_wm.l(usenofp.o)
    0x08006dc6   0x00000002   PAD
    0x08006dc8   0x00000098   Data   RO         2937    .constdata          m_wm.l(atan.o)
    0x08006e60   0x00000038   Data   RO         2981    .constdata          m_wm.l(log.o)
    0x08006e98   0x00000088   Data   RO         2995    .constdata          m_wm.l(pow.o)
    0x08006f20   0x00000030   Data   RO         3059    .constdata          m_wm.l(cos_i.o)
    0x08006f50   0x00000008   Data   RO         3067    .constdata          m_wm.l(qnan.o)
    0x08006f58   0x000000c8   Data   RO         3070    .constdata          m_wm.l(rred.o)
    0x08007020   0x00000028   Data   RO         3074    .constdata          m_wm.l(sin_i.o)
    0x08007048   0x00000060   Data   RO         3080    .constdata          m_wm.l(tan_i.o)
    0x080070a8   0x00000020   Data   RO         3245    Region$$Table       anon$$obj.o


    Execution Region RW_IRAM1 (Base: 0x20000000, Size: 0x00001748, Max: 0x00020000, ABSOLUTE)

    Base Addr    Size         Type   Attr      Idx    E Section Name        Object

    0x20000000   0x00000014   Data   RW            7    .data               system_stm32f4xx.o
    0x20000014   0x00000004   Data   RW          139    .data               main.o
    0x20000018   0x00000008   Data   RW          258    .data               stm32f4xx_it.o
    0x20000020   0x0000000c   Data   RW          407    .data               encoder.o
    0x2000002c   0x0000000c   Data   RW          542    .data               usart_dma_config.o
    0x20000038   0x00000040   Data   RW          665    .data               functions.o
    0x20000078   0x00000010   Data   RW         1824    .data               stm32f4xx_rcc.o
    0x20000088   0x0000000c   Zero   RW          138    .bss                main.o
    0x20000094   0x00000020   Zero   RW          406    .bss                encoder.o
    0x200000b4   0x0000036c   Zero   RW          541    .bss                usart_dma_config.o
    0x20000420   0x00000058   Zero   RW          656    .bss                functions.o
    0x20000478   0x00000058   Zero   RW          657    .bss                functions.o
    0x200004d0   0x00000230   Zero   RW          659    .bss                functions.o
    0x20000700   0x00000120   Zero   RW          660    .bss                functions.o
    0x20000820   0x000002bc   Zero   RW          661    .bss                functions.o
    0x20000adc   0x000002bc   Zero   RW          662    .bss                functions.o
    0x20000d98   0x00000324   Zero   RW          663    .bss                functions.o
    0x200010bc   0x00000004   PAD
    0x200010c0   0x00000028   Zero   RW          664    .bss                functions.o
    0x200010e8   0x00000060   Zero   RW         3108    .bss                c_w.l(libspace.o)
    0x20001148   0x00000200   Zero   RW         1065    HEAP                startup_stm32f411xe.o
    0x20001348   0x00000400   Zero   RW         1064    STACK               startup_stm32f411xe.o


==============================================================================

Image component sizes


      Code (inc. data)   RO Data    RW Data    ZI Data      Debug   Object Name

       982        138          0         12         32       7010   encoder.o
      7482        842          0         64       3268      39484   functions.o
       508         68          0          4         12      29887   main.o
       120         14          0          0          0       1751   misc.o
        64         26        408          0       1536        976   startup_stm32f411xe.o
       236         28          0          0          0       4632   stm32f4xx_dma.o
       202         26          0          0          0       3823   stm32f4xx_flash.o
       216          0          0          0          0       3808   stm32f4xx_gpio.o
      2906        340          0          8          0      39871   stm32f4xx_it.o
       220         34          0         16          0       5119   stm32f4xx_rcc.o
       496         44          0          0          0       9134   stm32f4xx_tim.o
       332          8          0          0          0       5747   stm32f4xx_usart.o
       208         36          0         20          0     283953   system_stm32f4xx.o
       748         56          0         12        876       4126   usart_dma_config.o

    ----------------------------------------------------------------------
     14756       1660        440        136       5728     439321   Object Totals
         0          0         32          0          0          0   (incl. Generated)
        36          0          0          0          4          0   (incl. Padding)

    ----------------------------------------------------------------------

      Code (inc. data)   RO Data    RW Data    ZI Data      Debug   Library Member Name

         8          0          0          0          0         68   __main.o
        52          8          0          0          0          0   __scatter.o
        26          0          0          0          0          0   __scatter_copy.o
        28          0          0          0          0          0   __scatter_zi.o
        22          0          0          0          0        100   _rserrno.o
        12          0          0          0          0         72   exit.o
         6          0          0          0          0        152   heapauxi.o
         0          0          0          0          0          0   indicate_semi.o
         2          0          0          0          0          0   libinit.o
         6          0          0          0          0          0   libinit2.o
         2          0          0          0          0          0   libshutdown.o
         2          0          0          0          0          0   libshutdown2.o
         8          4          0          0         96         68   libspace.o
         8          4          0          0          0         68   rt_errno_addr_intlibspace.o
        78          0          0          0          0         80   rt_memclr_w.o
         0          0          0          0          0          0   rtentry.o
        12          0          0          0          0          0   rtentry2.o
         6          0          0          0          0          0   rtentry4.o
         2          0          0          0          0          0   rtexit.o
        10          0          0          0          0          0   rtexit2.o
        12          4          0          0          0         68   sys_exit.o
        74          0          0          0          0         80   sys_stackheap_outer.o
         2          0          0          0          0         68   use_no_semi.o
        24          0          0          0          0        164   basic.o
       826         16          0          0          0        492   daddsub_clz.o
        16          4          0          0          0        116   dcheck1.o
        24          0          0          0          0        116   dcmpi.o
       688        140          0          0          0        256   ddiv.o
       120          4          0          0          0        140   deqf.o
        94          4          0          0          0        140   dfix.o
        90          4          0          0          0        140   dfixu.o
        84          0          0          0          0        232   dflt_clz.o
       120          4          0          0          0        140   dleqf.o
       340         12          0          0          0        152   dmul.o
       156          4          0          0          0        140   dnaninf.o
        12          0          0          0          0        116   dretinf.o
       108          0          0          0          0        128   drleqf.o
       408         56          0          0          0        168   dsqrt_umaal.o
        10          0          0          0          0        116   fpinit.o
       100          0          0          0          0        116   retnan.o
        92          0          0          0          0        116   scalbn.o
        48          0          0          0          0        116   trapv.o
         0          0          0          0          0          0   usenofp.o
       752        104        152          0          0        344   atan.o
       496         70          0          0          0        156   atan2.o
       216         16          0          0          0        152   cos.o
       368         46         48          0          0        200   cos_i.o
        32          8          0          0          0        124   dunder.o
        44          0          0          0          0        248   fabs.o
        48          0          0          0          0        124   fpclassify.o
       996        114         56          0          0        232   log.o
       248          0          0          0          0        152   poly.o
      3128        304        136          0          0        216   pow.o
         0          0          8          0          0          0   qnan.o
      1080        142        200          0          0        188   rred.o
       216         16          0          0          0        152   sin.o
       304         24         40          0          0        208   sin_i.o
       232          0          0          0          0        296   sqrt.o
       160         18          0          0          0        152   tan.o
       848         84         96          0          0        196   tan_i.o

    ----------------------------------------------------------------------
     12940       1218        736          0         96       7068   Library Totals
        34          4          0          0          0          0   (incl. Padding)

    ----------------------------------------------------------------------

      Code (inc. data)   RO Data    RW Data    ZI Data      Debug   Library Name

       378         20          0          0         96        824   c_w.l
      3360        248          0          0          0       3104   fz_wm.l
      9168        946        736          0          0       3140   m_wm.l

    ----------------------------------------------------------------------
     12940       1218        736          0         96       7068   Library Totals

    ----------------------------------------------------------------------

==============================================================================


      Code (inc. data)   RO Data    RW Data    ZI Data      Debug   

     27696       2878       1176        136       5824     430277   Grand Totals
     27696       2878       1176        136       5824     430277   ELF Image Totals
     27696       2878       1176        136          0          0   ROM Totals

==============================================================================

    Total RO  Size (Code + RO Data)                28872 (  28.20kB)
    Total RW  Size (RW Data + ZI Data)              5960 (   5.82kB)
    Total ROM Size (Code + RO Data + RW Data)      29008 (  28.33kB)

==============================================================================

