Product: MDK-ARM Standard 5.10
Component: ARM Compiler 5.04 update 1 (build 49)
Tool: armlink [5040049]

==============================================================================

Section Cross References

    system_stm32f4xx.o(i.SystemCoreClockUpdate) refers to system_stm32f4xx.o(.data) for .data
    system_stm32f4xx.o(i.SystemInit) refers to system_stm32f4xx.o(i.SetSysClock) for SetSysClock
    main.o(i.PID_ReadParametersFromFlash) refers to functions.o(i.ReadFromFlash) for ReadFromFlash
    main.o(i.PID_ReadParametersFromFlash) refers to functions.o(i.GetMessageInfo) for GetMessageInfo
    main.o(i.PID_ReadParametersFromFlash) refers to functions.o(i.GetValueFromString) for GetValueFromString
    main.o(i.PID_ReadParametersFromFlash) refers to functions.o(i.PID_ParametersUpdate) for PID_ParametersUpdate
    main.o(i.PID_ReadParametersFromFlash) refers to functions.o(.bss) for Flash
    main.o(i.PID_ReadParametersFromFlash) refers to functions.o(.bss) for M1
    main.o(i.PID_ReadParametersFromFlash) refers to functions.o(.bss) for M2
    main.o(i.PID_SaveManual) refers to functions.o(i.ToChar) for ToChar
    main.o(i.PID_SaveManual) refers to functions.o(i.EraseMemory) for EraseMemory
    main.o(i.PID_SaveManual) refers to functions.o(i.WriteToFlash) for WriteToFlash
    main.o(i.PID_SaveManual) refers to functions.o(.bss) for Flash
    main.o(i.Parameters_Init) refers to functions.o(i.Time_ParametersInit) for Time_ParametersInit
    main.o(i.Parameters_Init) refers to functions.o(i.Time_GetSampleTime) for Time_GetSampleTime
    main.o(i.Parameters_Init) refers to main.o(i.PID_ReadParametersFromFlash) for PID_ReadParametersFromFlash
    main.o(i.Parameters_Init) refers to functions.o(i.PID_ParametersInitial) for PID_ParametersInitial
    main.o(i.Parameters_Init) refers to functions.o(i.Fuzzy_ParametersInit) for Fuzzy_ParametersInit
    main.o(i.Parameters_Init) refers to functions.o(i.IMU_ParametesInit) for IMU_ParametesInit
    main.o(i.Parameters_Init) refers to functions.o(i.IMU_UpdateFuzzyCoefficients) for IMU_UpdateFuzzyCoefficients
    main.o(i.Parameters_Init) refers to functions.o(i.GPS_ParametersInit) for GPS_ParametersInit
    main.o(i.Parameters_Init) refers to functions.o(i.Veh_ParametersInit) for Veh_ParametersInit
    main.o(i.Parameters_Init) refers to srf05.o(i.Srf05_FirstInit) for Srf05_FirstInit
    main.o(i.Parameters_Init) refers to functions.o(.bss) for Timer
    main.o(i.Parameters_Init) refers to functions.o(.bss) for M1
    main.o(i.Parameters_Init) refers to functions.o(.bss) for M2
    main.o(i.Parameters_Init) refers to functions.o(.bss) for Veh
    main.o(i.Parameters_Init) refers to main.o(.bss) for .bss
    main.o(i.Peripheral_Config) refers to main.o(i.TimerDelayConfig) for TimerDelayConfig
    main.o(i.Peripheral_Config) refers to usart_dma_config.o(i.USART1_Config) for USART1_Config
    main.o(i.Peripheral_Config) refers to usart_dma_config.o(i.USART2_Config) for USART2_Config
    main.o(i.Peripheral_Config) refers to usart_dma_config.o(i.USART6_Config) for USART6_Config
    main.o(i.Peripheral_Config) refers to encoder.o(i.Encoder_Config) for Encoder_Config
    main.o(i.Peripheral_Config) refers to main.o(i.Srf05_MidFront) for Srf05_MidFront
    main.o(i.Peripheral_Config) refers to main.o(i.Srf05_LeftFront) for Srf05_LeftFront
    main.o(i.Peripheral_Config) refers to main.o(i.Srf05_RightFront) for Srf05_RightFront
    main.o(i.Peripheral_Config) refers to main.o(i.Srf05_BackEnd) for Srf05_BackEnd
    main.o(i.Peripheral_Config) refers to misc.o(i.NVIC_PriorityGroupConfig) for NVIC_PriorityGroupConfig
    main.o(i.SendData) refers to functions.o(i.Status_CheckStatus) for Status_CheckStatus
    main.o(i.SendData) refers to functions.o(i.Status_UpdateStatus) for Status_UpdateStatus
    main.o(i.SendData) refers to dflt_clz.o(x$fpl$dfltu) for __aeabi_ui2d
    main.o(i.SendData) refers to functions.o(i.ToChar) for ToChar
    main.o(i.SendData) refers to dflt_clz.o(x$fpl$dflt) for __aeabi_i2d
    main.o(i.SendData) refers to functions.o(i.LRCCalculate) for LRCCalculate
    main.o(i.SendData) refers to functions.o(i.ToHex) for ToHex
    main.o(i.SendData) refers to usart_dma_config.o(i.U6_SendData) for U6_SendData
    main.o(i.SendData) refers to functions.o(.bss) for VehStt
    main.o(i.SendData) refers to functions.o(.bss) for M1
    main.o(i.SendData) refers to functions.o(.bss) for M2
    main.o(i.SendData) refers to functions.o(.bss) for Veh
    main.o(i.SendData) refers to usart_dma_config.o(.bss) for U6_TxBuffer
    main.o(i.SendData) refers to functions.o(.bss) for Mag
    main.o(i.Srf05_BackEnd) refers to srf05.o(i.Srf05_Initial) for Srf05_Initial
    main.o(i.Srf05_BackEnd) refers to main.o(.bss) for .bss
    main.o(i.Srf05_LeftFront) refers to srf05.o(i.Srf05_Initial) for Srf05_Initial
    main.o(i.Srf05_LeftFront) refers to main.o(.bss) for .bss
    main.o(i.Srf05_MidFront) refers to srf05.o(i.Srf05_Initial) for Srf05_Initial
[...]
    $v0                                      0x08007808   Number         0  dcheck1.o(x$fpl$dcheck1)
    x$fpl$dcmpinf                            0x08007818   Section       24  dcmpi.o(x$fpl$dcmpinf)
    $v0                                      0x08007818   Number         0  dcmpi.o(x$fpl$dcmpinf)
    x$fpl$ddiv                               0x08007830   Section      688  ddiv.o(x$fpl$ddiv)
    $v0                                      0x08007830   Number         0  ddiv.o(x$fpl$ddiv)
    ddiv_entry                               0x08007837   Thumb Code     0  ddiv.o(x$fpl$ddiv)
    x$fpl$deqf                               0x08007ae0   Section      120  deqf.o(x$fpl$deqf)
    $v0                                      0x08007ae0   Number         0  deqf.o(x$fpl$deqf)
    x$fpl$dfix                               0x08007b58   Section       94  dfix.o(x$fpl$dfix)
    $v0                                      0x08007b58   Number         0  dfix.o(x$fpl$dfix)
    x$fpl$dfixu                              0x08007bb8   Section       90  dfixu.o(x$fpl$dfixu)
    $v0                                      0x08007bb8   Number         0  dfixu.o(x$fpl$dfixu)
    x$fpl$dflt                               0x08007c12   Section       46  dflt_clz.o(x$fpl$dflt)
    $v0                                      0x08007c12   Number         0  dflt_clz.o(x$fpl$dflt)
    x$fpl$dfltu                              0x08007c40   Section       38  dflt_clz.o(x$fpl$dfltu)
    $v0                                      0x08007c40   Number         0  dflt_clz.o(x$fpl$dfltu)
    x$fpl$dleqf                              0x08007c68   Section      120  dleqf.o(x$fpl$dleqf)
    $v0                                      0x08007c68   Number         0  dleqf.o(x$fpl$dleqf)
    x$fpl$dmul                               0x08007ce0   Section      340  dmul.o(x$fpl$dmul)
    $v0                                      0x08007ce0   Number         0  dmul.o(x$fpl$dmul)
    x$fpl$dnaninf                            0x08007e34   Section      156  dnaninf.o(x$fpl$dnaninf)
    $v0                                      0x08007e34   Number         0  dnaninf.o(x$fpl$dnaninf)
    x$fpl$dretinf                            0x08007ed0   Section       12  dretinf.o(x$fpl$dretinf)
    $v0                                      0x08007ed0   Number         0  dretinf.o(x$fpl$dretinf)
    x$fpl$drleqf                             0x08007edc   Section      108  drleqf.o(x$fpl$drleqf)
    $v0                                      0x08007edc   Number         0  drleqf.o(x$fpl$drleqf)
    x$fpl$drsb                               0x08007f48   Section       22  daddsub_clz.o(x$fpl$drsb)
    $v0                                      0x08007f48   Number         0  daddsub_clz.o(x$fpl$drsb)
    x$fpl$dsqrt                              0x08007f60   Section      408  dsqrt_umaal.o(x$fpl$dsqrt)
    $v0                                      0x08007f60   Number         0  dsqrt_umaal.o(x$fpl$dsqrt)
    x$fpl$dsub                               0x080080f8   Section      468  daddsub_clz.o(x$fpl$dsub)
    $v0                                      0x080080f8   Number         0  daddsub_clz.o(x$fpl$dsub)
    _dsub1                                   0x08008109   Thumb Code     0  daddsub_clz.o(x$fpl$dsub)
    x$fpl$fpinit                             0x080082cc   Section       10  fpinit.o(x$fpl$fpinit)
    $v0                                      0x080082cc   Number         0  fpinit.o(x$fpl$fpinit)
    x$fpl$retnan                             0x080082d6   Section      100  retnan.o(x$fpl$retnan)
    $v0                                      0x080082d6   Number         0  retnan.o(x$fpl$retnan)
    x$fpl$scalbn                             0x0800833a   Section       92  scalbn.o(x$fpl$scalbn)
    $v0                                      0x0800833a   Number         0  scalbn.o(x$fpl$scalbn)
    x$fpl$trapveneer                         0x08008396   Section       48  trapv.o(x$fpl$trapveneer)
    $v0                                      0x08008396   Number         0  trapv.o(x$fpl$trapveneer)
    x$fpl$usenofp                            0x080083c6   Section        0  usenofp.o(x$fpl$usenofp)
    .constdata                               0x080083c8   Section      152  atan.o(.constdata)
    atanhi                                   0x080083c8   Data          32  atan.o(.constdata)
    atanlo                                   0x080083e8   Data          32  atan.o(.constdata)
    aTodd                                    0x08008408   Data          40  atan.o(.constdata)
    aTeven                                   0x08008430   Data          48  atan.o(.constdata)
    .constdata                               0x08008460   Section       56  log.o(.constdata)
    Lg2                                      0x08008460   Data          24  log.o(.constdata)
    Lg                                       0x08008478   Data          32  log.o(.constdata)
    .constdata                               0x08008498   Section      136  pow.o(.constdata)
    bp                                       0x08008498   Data          16  pow.o(.constdata)
    dp_h                                     0x080084a8   Data          16  pow.o(.constdata)
    dp_l                                     0x080084b8   Data          16  pow.o(.constdata)
    L                                        0x080084c8   Data          48  pow.o(.constdata)
    P                                        0x080084f8   Data          40  pow.o(.constdata)
    .constdata                               0x08008520   Section       48  cos_i.o(.constdata)
    C                                        0x08008520   Data          48  cos_i.o(.constdata)
    .constdata                               0x08008550   Section        8  qnan.o(.constdata)
    .constdata                               0x08008558   Section      200  rred.o(.constdata)
    pio2s                                    0x08008558   Data          48  rred.o(.constdata)
    twooverpi                                0x08008588   Data         152  rred.o(.constdata)
    .constdata                               0x08008620   Section       40  sin_i.o(.constdata)
    S                                        0x08008620   Data          40  sin_i.o(.constdata)
    .constdata                               0x08008648   Section       96  tan_i.o(.constdata)
    Todd                                     0x08008648   Data          48  tan_i.o(.constdata)
    Teven                                    0x08008678   Data          48  tan_i.o(.constdata)
    .data                                    0x20000000   Section       20  system_stm32f4xx.o(.data)
    .data                                    0x20000014   Section        4  main.o(.data)
    .data                                    0x20000018   Section        2  stm32f4xx_it.o(.data)
    .data                                    0x2000001c   Section       12  encoder.o(.data)
    .data                                    0x20000028   Section       12  usart_dma_config.o(.data)
    .data                                    0x20000038   Section       64  functions.o(.data)
    .data                                    0x20000078   Section       12  srf05.o(.data)
    .data                                    0x20000084   Section       16  stm32f4xx_rcc.o(.data)
    APBAHBPrescTable                         0x20000084   Data          16  stm32f4xx_rcc.o(.data)
    .bss                                     0x20000098   Section      104  main.o(.bss)
    .bss                                     0x20000100   Section       32  encoder.o(.bss)
    .bss                                     0x20000120   Section     1673  usart_dma_config.o(.bss)
    .bss                                     0x200007a9   Section       11  functions.o(.bss)
    .bss                                     0x200007b8   Section       88  functions.o(.bss)
    .bss                                     0x20000810   Section       88  functions.o(.bss)
    .bss                                     0x20000868   Section     4008  functions.o(.bss)
    .bss                                     0x20001810   Section     1600  functions.o(.bss)
    .bss                                     0x20001e50   Section     1600  functions.o(.bss)
    .bss                                     0x20002490   Section       48  functions.o(.bss)
    .bss                                     0x200024c0   Section       22  srf05.o(.bss)
    .bss                                     0x200024d8   Section       96  libspace.o(.bss)
    HEAP                                     0x20002538   Section      512  startup_stm32f411xe.o(HEAP)
    Heap_Mem                                 0x20002538   Data         512  startup_stm32f411xe.o(HEAP)
    STACK                                    0x20002738   Section     1024  startup_stm32f411xe.o(STACK)
    Stack_Mem                                0x20002738   Data        1024  startup_stm32f411xe.o(STACK)
    __initial_sp                             0x20002b38   Data           0  startup_stm32f411xe.o(STACK)

    Global Symbols

    Symbol Name                              Value     Ov Type        Size  Object(Section)

    BuildAttributes$$THM_ISAv4$E$P$D$K$B$S$7EM$VFPi3$EXTD16$VFPS$VFMA$PE$A:L22UL41UL21$X:L11$S22US41US21$IEEE1$IW$USESV6$~STKCKD$USESV7$~SHL$OTIME$ROPI$IEEEX$EBA8$UX$STANDARDLIB$REQ8$PRES8$EABIv2 0x00000000   Number         0  anon$$obj.o ABSOLUTE
    __ARM_use_no_argv                        0x00000000   Number         0  main.o ABSOLUTE
    __ARM_exceptions_init                     - Undefined Weak Reference
    __alloca_initialize                       - Undefined Weak Reference
    __cpp_initialize__aeabi_                  - Undefined Weak Reference
    __cxa_finalize                            - Undefined Weak Reference
    __rt_locale                               - Undefined Weak Reference
    __sigvec_lookup                           - Undefined Weak Reference
    _atexit_init                              - Undefined Weak Reference
    _call_atexit_fns                          - Undefined Weak Reference
    _clock_init                               - Undefined Weak Reference
    _fp_trap_init                             - Undefined Weak Reference
    _fp_trap_shutdown                         - Undefined Weak Reference
    _get_lc_collate                           - Undefined Weak Reference
    _get_lc_ctype                             - Undefined Weak Reference
    _get_lc_monetary                          - Undefined Weak Reference
    _get_lc_numeric                           - Undefined Weak Reference
    _get_lc_time                              - Undefined Weak Reference
    _getenv_init                              - Undefined Weak Reference
    _handle_redirection                       - Undefined Weak Reference
    _init_alloc                               - Undefined Weak Reference
    _init_user_alloc                          - Undefined Weak Reference
    _initio                                   - Undefined Weak Reference
    _rand_init                                - Undefined Weak Reference
    _signal_finish                            - Undefined Weak Reference
    _signal_init                              - Undefined Weak Reference
    _terminate_alloc                          - Undefined Weak Reference
    _terminate_user_alloc                     - Undefined Weak Reference
    _terminateio                              - Undefined Weak Reference
    __Vectors_Size                           0x00000198   Number         0  startup_stm32f411xe.o ABSOLUTE
    __Vectors                                0x08000000   Data           4  startup_stm32f411xe.o(RESET)
    __Vectors_End                            0x08000198   Data           0  startup_stm32f411xe.o(RESET)
    __main                                   0x08000199   Thumb Code     8  __main.o(!!!main)
    __scatterload                            0x080001a1   Thumb Code     0  __scatter.o(!!!scatter)
    __scatterload_rt2                        0x080001a1   Thumb Code    44  __scatter.o(!!!scatter)
    __scatterload_rt2_thumb_only             0x080001a1   Thumb Code     0  __scatter.o(!!!scatter)
    __scatterload_null                       0x080001af   Thumb Code     0  __scatter.o(!!!scatter)
    __scatterload_copy                       0x080001d5   Thumb Code    26  __scatter_copy.o(!!handler_copy)
    __scatterload_zeroinit                   0x080001f1   Thumb Code    28  __scatter_zi.o(!!handler_zi)
    __rt_lib_init                            0x0800020d   Thumb Code     0  libinit.o(.ARM.Collect$$libinit$$00000000)
    __rt_lib_init_fp_1                       0x0800020f   Thumb Code     0  libinit2.o(.ARM.Collect$$libinit$$00000001)
    __rt_lib_init_alloca_1                   0x08000213   Thumb Code     0  libinit2.o(.ARM.Collect$$libinit$$0000002C)
    __rt_lib_init_argv_1                     0x08000213   Thumb Code     0  libinit2.o(.ARM.Collect$$libinit$$0000002A)
    __rt_lib_init_atexit_1                   0x08000213   Thumb Code     0  libinit2.o(.ARM.Collect$$libinit$$00000019)
    __rt_lib_init_clock_1                    0x08000213   Thumb Code     0  libinit2.o(.ARM.Collect$$libinit$$0000001F)
    __rt_lib_init_cpp_1                      0x08000213   Thumb Code     0  libinit2.o(.ARM.Collect$$libinit$$00000030)
    __rt_lib_init_exceptions_1               0x08000213   Thumb Code     0  libinit2.o(.ARM.Collect$$libinit$$0000002E)
    __rt_lib_init_fp_trap_1                  0x08000213   Thumb Code     0  libinit2.o(.ARM.Collect$$libinit$$0000001D)
    __rt_lib_init_getenv_1                   0x08000213   Thumb Code     0  libinit2.o(.ARM.Collect$$libinit$$00000021)
    __rt_lib_init_heap_1                     0x08000213   Thumb Code     0  libinit2.o(.ARM.Collect$$libinit$$00000008)
    __rt_lib_init_lc_collate_1               0x08000213   Thumb Code     0  libinit2.o(.ARM.Collect$$libinit$$0000000F)
    __rt_lib_init_lc_ctype_1                 0x08000213   Thumb Code     0  libinit2.o(.ARM.Collect$$libinit$$00000011)
    __rt_lib_init_lc_monetary_1              0x08000213   Thumb Code     0  libinit2.o(.ARM.Collect$$libinit$$00000013)
    __rt_lib_init_lc_numeric_1               0x08000213   Thumb Code     0  libinit2.o(.ARM.Collect$$libinit$$00000015)
    __rt_lib_init_lc_time_1                  0x08000213   Thumb Code     0  libinit2.o(.ARM.Collect$$libinit$$00000017)
    __rt_lib_init_rand_1                     0x08000213   Thumb Code     0  libinit2.o(.ARM.Collect$$libinit$$0000000C)
    __rt_lib_init_return                     0x08000213   Thumb Code     0  libinit2.o(.ARM.Collect$$libinit$$00000031)
    __rt_lib_init_signal_1                   0x08000213   Thumb Code     0  libinit2.o(.ARM.Collect$$libinit$$0000001B)
    __rt_lib_init_stdio_1                    0x08000213   Thumb Code     0  libinit2.o(.ARM.Collect$$libinit$$00000023)
    __rt_lib_init_user_alloc_1               0x08000213   Thumb Code     0  libinit2.o(.ARM.Collect$$libinit$$0000000A)
    __rt_lib_shutdown                        0x08000215   Thumb Code     0  libshutdown.o(.ARM.Collect$$libshutdown$$00000000)
    __rt_lib_shutdown_fp_trap_1              0x08000217   Thumb Code     0  libshutdown2.o(.ARM.Collect$$libshutdown$$00000006)
    __rt_lib_shutdown_heap_1                 0x08000217   Thumb Code     0  libshutdown2.o(.ARM.Collect$$libshutdown$$0000000E)
    __rt_lib_shutdown_return                 0x08000217   Thumb Code     0  libshutdown2.o(.ARM.Collect$$libshutdown$$0000000F)
    __rt_lib_shutdown_signal_1               0x08000217   Thumb Code     0  libshutdown2.o(.ARM.Collect$$libshutdown$$00000009)
    __rt_lib_shutdown_stdio_1                0x08000217   Thumb Code     0  libshutdown2.o(.ARM.Collect$$libshutdown$$00000003)
    __rt_lib_shutdown_user_alloc_1           0x08000217   Thumb Code     0  libshutdown2.o(.ARM.Collect$$libshutdown$$0000000B)
    __rt_entry                               0x08000219   Thumb Code     0  rtentry.o(.ARM.Collect$$rtentry$$00000000)
    __rt_entry_presh_1                       0x08000219   Thumb Code     0  rtentry2.o(.ARM.Collect$$rtentry$$00000002)
    __rt_entry_sh                            0x08000219   Thumb Code     0  rtentry4.o(.ARM.Collect$$rtentry$$00000004)
    __rt_entry_li                            0x0800021f   Thumb Code     0  rtentry2.o(.ARM.Collect$$rtentry$$0000000A)
    __rt_entry_postsh_1                      0x0800021f   Thumb Code     0  rtentry2.o(.ARM.Collect$$rtentry$$00000009)
    __rt_entry_main                          0x08000223   Thumb Code     0  rtentry2.o(.ARM.Collect$$rtentry$$0000000D)
    __rt_entry_postli_1                      0x08000223   Thumb Code     0  rtentry2.o(.ARM.Collect$$rtentry$$0000000C)
    __rt_exit                                0x0800022b   Thumb Code     0  rtexit.o(.ARM.Collect$$rtexit$$00000000)
    __rt_exit_ls                             0x0800022d   Thumb Code     0  rtexit2.o(.ARM.Collect$$rtexit$$00000003)
    __rt_exit_prels_1                        0x0800022d   Thumb Code     0  rtexit2.o(.ARM.Collect$$rtexit$$00000002)
    __rt_exit_exit                           0x08000231   Thumb Code     0  rtexit2.o(.ARM.Collect$$rtexit$$00000004)
    Reset_Handler                            0x08000239   Thumb Code     8  startup_stm32f411xe.o(.text)
    ADC_IRQHandler                           0x08000253   Thumb Code     0  startup_stm32f411xe.o(.text)
    DMA1_Stream0_IRQHandler                  0x08000253   Thumb Code     0  startup_stm32f411xe.o(.text)
    DMA1_Stream1_IRQHandler                  0x08000253   Thumb Code     0  startup_stm32f411xe.o(.text)
    DMA1_Stream2_IRQHandler                  0x08000253   Thumb Code     0  startup_stm32f411xe.o(.text)
    DMA1_Stream3_IRQHandler                  0x08000253   Thumb Code     0  startup_stm32f411xe.o(.text)
    DMA1_Stream4_IRQHandler                  0x08000253   Thumb Code     0  startup_stm32f411xe.o(.text)
    DMA1_Stream6_IRQHandler                  0x08000253   Thumb Code     0  startup_stm32f411xe.o(.text)
    DMA1_Stream7_IRQHandler                  0x08000253   Thumb Code     0  startup_stm32f411xe.o(.text)
    DMA2_Stream0_IRQHandler                  0x08000253   Thumb Code     0  startup_stm32f411xe.o(.text)
    DMA2_Stream1_IRQHandler                  0x08000253   Thumb Code     0  startup_stm32f411xe.o(.text)
    DMA2_Stream3_IRQHandler                  0x08000253   Thumb Code     0  startup_stm32f411xe.o(.text)
    DMA2_Stream4_IRQHandler                  0x08000253   Thumb Code     0  startup_stm32f411xe.o(.text)
    DMA2_Stream6_IRQHandler                  0x08000253   Thumb Code     0  startup_stm32f411xe.o(.text)
    DMA2_Stream7_IRQHandler                  0x08000253   Thumb Code     0  startup_stm32f411xe.o(.text)
    EXTI0_IRQHandler                         0x08000253   Thumb Code     0  startup_stm32f411xe.o(.text)
    EXTI15_10_IRQHandler                     0x08000253   Thumb Code     0  startup_stm32f411xe.o(.text)
    EXTI1_IRQHandler                         0x08000253   Thumb Code     0  startup_stm32f411xe.o(.text)
    EXTI2_IRQHandler                         0x08000253   Thumb Code     0  startup_stm32f411xe.o(.text)
    EXTI3_IRQHandler                         0x08000253   Thumb Code     0  startup_stm32f411xe.o(.text)
    EXTI4_IRQHandler                         0x08000253   Thumb Code     0  startup_stm32f411xe.o(.text)
    EXTI9_5_IRQHandler                       0x08000253   Thumb Code     0  startup_stm32f411xe.o(.text)
    FLASH_IRQHandler                         0x08000253   Thumb Code     0  startup_stm32f411xe.o(.text)
    FPU_IRQHandler                           0x08000253   Thumb Code     0  startup_stm32f411xe.o(.text)
    I2C1_ER_IRQHandler                       0x08000253   Thumb Code     0  startup_stm32f411xe.o(.text)
    I2C1_EV_IRQHandler                       0x08000253   Thumb Code     0  startup_stm32f411xe.o(.text)
    I2C2_ER_IRQHandler                       0x08000253   Thumb Code     0  startup_stm32f411xe.o(.text)
    I2C2_EV_IRQHandler                       0x08000253   Thumb Code     0  startup_stm32f411xe.o(.text)
    I2C3_ER_IRQHandler                       0x08000253   Thumb Code     0  startup_stm32f411xe.o(.text)
    I2C3_EV_IRQHandler                       0x08000253   Thumb Code     0  startup_stm32f411xe.o(.text)
    OTG_FS_IRQHandler                        0x08000253   Thumb Code     0  startup_stm32f411xe.o(.text)
    OTG_FS_WKUP_IRQHandler                   0x08000253   Thumb Code     0  startup_stm32f411xe.o(.text)
    PVD_IRQHandler                           0x08000253   Thumb Code     0  startup_stm32f411xe.o(.text)
    RCC_IRQHandler                           0x08000253   Thumb Code     0  startup_stm32f411xe.o(.text)
    RTC_Alarm_IRQHandler                     0x08000253   Thumb Code     0  startup_stm32f411xe.o(.text)
    RTC_WKUP_IRQHandler                      0x08000253   Thumb Code     0  startup_stm32f411xe.o(.text)
    SDIO_IRQHandler                          0x08000253   Thumb Code     0  startup_stm32f411xe.o(.text)
    SPI1_IRQHandler                          0x08000253   Thumb Code     0  startup_stm32f411xe.o(.text)
    SPI2_IRQHandler                          0x08000253   Thumb Code     0  startup_stm32f411xe.o(.text)
    SPI3_IRQHandler                          0x08000253   Thumb Code     0  startup_stm32f411xe.o(.text)
    SPI4_IRQHandler                          0x08000253   Thumb Code     0  startup_stm32f411xe.o(.text)
    SPI5_IRQHandler                          0x08000253   Thumb Code     0  startup_stm32f411xe.o(.text)
    TAMP_STAMP_IRQHandler                    0x08000253   Thumb Code     0  startup_stm32f411xe.o(.text)
    TIM1_BRK_TIM9_IRQHandler                 0x08000253   Thumb Code     0  startup_stm32f411xe.o(.text)
    TIM1_CC_IRQHandler                       0x08000253   Thumb Code     0  startup_stm32f411xe.o(.text)
    TIM1_TRG_COM_TIM11_IRQHandler            0x08000253   Thumb Code     0  startup_stm32f411xe.o(.text)
    TIM1_UP_TIM10_IRQHandler                 0x08000253   Thumb Code     0  startup_stm32f411xe.o(.text)
    USART1_IRQHandler                        0x08000253   Thumb Code     0  startup_stm32f411xe.o(.text)
    WWDG_IRQHandler                          0x08000253   Thumb Code     0  startup_stm32f411xe.o(.text)
    __user_initial_stackheap                 0x08000255   Thumb Code     0  startup_stm32f411xe.o(.text)
    __aeabi_memclr4                          0x08000279   Thumb Code     0  rt_memclr_w.o(.text)
    __aeabi_memclr8                          0x08000279   Thumb Code     0  rt_memclr_w.o(.text)
    __rt_memclr_w                            0x08000279   Thumb Code    78  rt_memclr_w.o(.text)
    _memset_w                                0x0800027d   Thumb Code     0  rt_memclr_w.o(.text)
    __use_two_region_memory                  0x080002c7   Thumb Code     2  heapauxi.o(.text)
    __rt_heap_escrow$2region                 0x080002c9   Thumb Code     2  heapauxi.o(.text)
    __rt_heap_expand$2region                 0x080002cb   Thumb Code     2  heapauxi.o(.text)
    __read_errno                             0x080002cd   Thumb Code    10  _rserrno.o(.text)
    __set_errno                              0x080002d7   Thumb Code    12  _rserrno.o(.text)
    __aeabi_errno_addr                       0x080002e5   Thumb Code     8  rt_errno_addr_intlibspace.o(.text)
    __errno$intlibspace                      0x080002e5   Thumb Code     0  rt_errno_addr_intlibspace.o(.text)
    __rt_errno_addr$intlibspace              0x080002e5   Thumb Code     0  rt_errno_addr_intlibspace.o(.text)
    __user_libspace                          0x080002ed   Thumb Code     8  libspace.o(.text)
    __user_perproc_libspace                  0x080002ed   Thumb Code     0  libspace.o(.text)
    __user_perthread_libspace                0x080002ed   Thumb Code     0  libspace.o(.text)
    __user_setup_stackheap                   0x080002f5   Thumb Code    74  sys_stackheap_outer.o(.text)
    exit                                     0x0800033f   Thumb Code    12  exit.o(.text)
    _sys_exit                                0x0800034d   Thumb Code     8  sys_exit.o(.text)
    __I$use$semihosting                      0x08000359   Thumb Code     0  use_no_semi.o(.text)
    __use_no_semihosting_swi                 0x08000359   Thumb Code     2  use_no_semi.o(.text)
    BusFault_Handler                         0x0800035b   Thumb Code     2  stm32f4xx_it.o(i.BusFault_Handler)
    __semihosting_library_function           0x0800035b   Thumb Code     0  indicate_semi.o(.text)
    Convert4BytesToWordData                  0x0800035d   Thumb Code    62  functions.o(i.Convert4BytesToWordData)
    Core_Delay_Us                            0x0800039b   Thumb Code    18  srf05.o(i.Core_Delay_Us)
    DMA1_Stream5_IRQHandler                  0x080003ad   Thumb Code   120  stm32f4xx_it.o(i.DMA1_Stream5_IRQHandler)
    DMA2_Stream2_IRQHandler                  0x0800043d   Thumb Code  1620  stm32f4xx_it.o(i.DMA2_Stream2_IRQHandler)
    DMA2_Stream5_IRQHandler                  0x08000aa5   Thumb Code    64  stm32f4xx_it.o(i.DMA2_Stream5_IRQHandler)
    DMA_ClearFlag                            0x08000b01   Thumb Code    32  stm32f4xx_dma.o(i.DMA_ClearFlag)
    DMA_ClearITPendingBit                    0x08000b2d   Thumb Code    32  stm32f4xx_dma.o(i.DMA_ClearITPendingBit)
    DMA_Cmd                                  0x08000b59   Thumb Code    20  stm32f4xx_dma.o(i.DMA_Cmd)
    DMA_ITConfig                             0x08000b6d   Thumb Code    44  stm32f4xx_dma.o(i.DMA_ITConfig)
    DMA_Init                                 0x08000b99   Thumb Code    80  stm32f4xx_dma.o(i.DMA_Init)
    DebugMon_Handler                         0x08000bed   Thumb Code     2  stm32f4xx_it.o(i.DebugMon_Handler)
    Defuzzification_Max_Min                  0x08000bf1   Thumb Code  1162  functions.o(i.Defuzzification_Max_Min)
    DirPinConfig                             0x08001081   Thumb Code    42  encoder.o(i.DirPinConfig)
    Encoder_Config                           0x080010b5   Thumb Code    30  encoder.o(i.Encoder_Config)
    EraseMemory                              0x080010d3   Thumb Code    24  functions.o(i.EraseMemory)
    FLASH_EraseSector                        0x080010ed   Thumb Code   104  stm32f4xx_flash.o(i.FLASH_EraseSector)
    FLASH_GetStatus                          0x08001159   Thumb Code    56  stm32f4xx_flash.o(i.FLASH_GetStatus)
    FLASH_Lock                               0x08001195   Thumb Code    12  stm32f4xx_flash.o(i.FLASH_Lock)
    FLASH_ProgramWord                        0x080011a5   Thumb Code    56  stm32f4xx_flash.o(i.FLASH_ProgramWord)
    FLASH_Unlock                             0x080011e1   Thumb Code    22  stm32f4xx_flash.o(i.FLASH_Unlock)
    FLASH_WaitForLastOperation               0x08001205   Thumb Code    30  stm32f4xx_flash.o(i.FLASH_WaitForLastOperation)
    FeedBack                                 0x08001223   Thumb Code    30  functions.o(i.FeedBack)
    Fuzzy_Max                                0x08001241   Thumb Code    68  functions.o(i.Fuzzy_Max)
    Fuzzy_Min                                0x08001285   Thumb Code    58  functions.o(i.Fuzzy_Min)
    Fuzzy_ParametersInit                     0x080012c1   Thumb Code   250  functions.o(i.Fuzzy_ParametersInit)
    GPIO_Init                                0x0800148d   Thumb Code   162  stm32f4xx_gpio.o(i.GPIO_Init)
    GPIO_PinAFConfig                         0x0800152f   Thumb Code    32  stm32f4xx_gpio.o(i.GPIO_PinAFConfig)
    GPIO_ReadInputDataBit                    0x0800154f   Thumb Code    14  stm32f4xx_gpio.o(i.GPIO_ReadInputDataBit)
    GPIO_ReadOutputDataBit                   0x0800155d   Thumb Code    14  stm32f4xx_gpio.o(i.GPIO_ReadOutputDataBit)
    GPIO_ResetBits                           0x0800156b   Thumb Code     4  stm32f4xx_gpio.o(i.GPIO_ResetBits)
    GPIO_SetBits                             0x0800156f   Thumb Code     4  stm32f4xx_gpio.o(i.GPIO_SetBits)
    GPS_GetCoordinateMessage                 0x08001573   Thumb Code    92  functions.o(i.GPS_GetCoordinateMessage)
    GPS_GetLatFromString                     0x080015d1   Thumb Code   154  functions.o(i.GPS_GetLatFromString)
    GPS_GetLonFromString                     0x0800167d   Thumb Code   140  functions.o(i.GPS_GetLonFromString)
    GPS_GetQualityFromString                 0x08001719   Thumb Code    96  functions.o(i.GPS_GetQualityFromString)
    GPS_LLToDegree                           0x08001779   Thumb Code   104  functions.o(i.GPS_LLToDegree)
    GPS_LatLonToUTM                          0x080017f1   Thumb Code  1378  functions.o(i.GPS_LatLonToUTM)
    GPS_ParametersInit                       0x08001d6d   Thumb Code    40  functions.o(i.GPS_ParametersInit)
    GPS_SavePathCoordinateToFlash            0x08001d9d   Thumb Code   160  functions.o(i.GPS_SavePathCoordinateToFlash)
    GPS_StanleyControl                       0x08001e41   Thumb Code   716  functions.o(i.GPS_StanleyControl)
    GPS_UpdatePathCoordinate                 0x08002135   Thumb Code   120  functions.o(i.GPS_UpdatePathCoordinate)
    GPS_UpdatePathYaw                        0x080021ad   Thumb Code   114  functions.o(i.GPS_UpdatePathYaw)
    GetAFFromTIM                             0x08002229   Thumb Code    70  stm32f411_rccenable.o(i.GetAFFromTIM)
    GetIRQHandlerFromTIMxCC                  0x08002291   Thumb Code    84  stm32f411_rccenable.o(i.GetIRQHandlerFromTIMxCC)
    GetMessageInfo                           0x08002301   Thumb Code    88  functions.o(i.GetMessageInfo)
    GetNbOfReceiveHeader                     0x08002359   Thumb Code   144  functions.o(i.GetNbOfReceiveHeader)
    GetPinSourceFromGPIOPin                  0x08002439   Thumb Code   144  stm32f411_rccenable.o(i.GetPinSourceFromGPIOPin)
    GetValueFromString                       0x080024c9   Thumb Code   308  functions.o(i.GetValueFromString)
    GetVehicleVelocity                       0x0800261d   Thumb Code   252  stm32f4xx_it.o(i.GetVehicleVelocity)
    HardFault_Handler                        0x08002741   Thumb Code     2  stm32f4xx_it.o(i.HardFault_Handler)
    IMU_GetValue                             0x08002745   Thumb Code   162  functions.o(i.IMU_GetValue)
    IMU_ParametesInit                        0x080027fd   Thumb Code    30  functions.o(i.IMU_ParametesInit)
    IMU_UpdateAngle                          0x08002825   Thumb Code     6  functions.o(i.IMU_UpdateAngle)
    IMU_UpdateFuzzyCoefficients              0x0800282b   Thumb Code     8  functions.o(i.IMU_UpdateFuzzyCoefficients)
    IMU_UpdateFuzzyInput                     0x08002835   Thumb Code   202  functions.o(i.IMU_UpdateFuzzyInput)
    IMU_UpdatePreAngle                       0x08002919   Thumb Code    10  functions.o(i.IMU_UpdatePreAngle)
    IMU_UpdateSetAngle                       0x08002923   Thumb Code    26  functions.o(i.IMU_UpdateSetAngle)
    IsCorrectMessage                         0x0800293d   Thumb Code    46  functions.o(i.IsCorrectMessage)
    IsDouble                                 0x0800296d   Thumb Code    60  functions.o(i.IsDouble)
    IsValidData                              0x080029b1   Thumb Code    12  functions.o(i.IsValidData)
    LRCCalculate                             0x080029bd   Thumb Code    22  functions.o(i.LRCCalculate)
    LengthOfLine                             0x080029d3   Thumb Code    24  functions.o(i.LengthOfLine)
    M1_Backward                              0x080029ed   Thumb Code     8  encoder.o(i.M1_Backward)
    M1_Encoder_Config                        0x080029f9   Thumb Code   162  encoder.o(i.M1_Encoder_Config)
    M1_Forward                               0x08002aad   Thumb Code     8  encoder.o(i.M1_Forward)
    M2_Backward                              0x08002ab9   Thumb Code     8  encoder.o(i.M2_Backward)
    M2_Encoder_Config                        0x08002ac5   Thumb Code   164  encoder.o(i.M2_Encoder_Config)
    M2_Forward                               0x08002b79   Thumb Code     8  encoder.o(i.M2_Forward)
    MemManage_Handler                        0x08002b85   Thumb Code     2  stm32f4xx_it.o(i.MemManage_Handler)
    NMI_Handler                              0x08002b87   Thumb Code     2  stm32f4xx_it.o(i.NMI_Handler)
    NVIC_Init                                0x08002b89   Thumb Code    96  misc.o(i.NVIC_Init)
    NVIC_PriorityGroupConfig                 0x08002bed   Thumb Code    10  misc.o(i.NVIC_PriorityGroupConfig)
    PID_Compute                              0x08002c01   Thumb Code   310  functions.o(i.PID_Compute)
    PID_ParametersInitial                    0x08002d5d   Thumb Code    44  functions.o(i.PID_ParametersInitial)
    PID_ParametersUpdate                     0x08002d91   Thumb Code     6  functions.o(i.PID_ParametersUpdate)
    PID_ReadParametersFromFlash              0x08002d99   Thumb Code   156  main.o(i.PID_ReadParametersFromFlash)
    PID_ResetEncoder                         0x08002e49   Thumb Code    10  functions.o(i.PID_ResetEncoder)
    PID_ResetPID                             0x08002e55   Thumb Code    18  functions.o(i.PID_ResetPID)
    PID_SavePIDParaToFlash                   0x08002e71   Thumb Code   210  functions.o(i.PID_SavePIDParaToFlash)
    PID_UpdateEnc                            0x08002f4d   Thumb Code     4  functions.o(i.PID_UpdateEnc)
    PID_UpdateSetVel                         0x08002f51   Thumb Code     6  functions.o(i.PID_UpdateSetVel)
    PWM_Config                               0x08002f59   Thumb Code   148  encoder.o(i.PWM_Config)
    Parameters_Init                          0x08002ffd   Thumb Code   110  main.o(i.Parameters_Init)
    PendSV_Handler                           0x080030a5   Thumb Code     2  stm32f4xx_it.o(i.PendSV_Handler)
    Peripheral_Config                        0x080030a9   Thumb Code    62  main.o(i.Peripheral_Config)
    Pi_To_Pi                                 0x080030ed   Thumb Code   100  functions.o(i.Pi_To_Pi)
    RCC_AHB1PeriphClockCmd                   0x08003169   Thumb Code    18  stm32f4xx_rcc.o(i.RCC_AHB1PeriphClockCmd)
    RCC_APB1PeriphClockCmd                   0x08003181   Thumb Code    18  stm32f4xx_rcc.o(i.RCC_APB1PeriphClockCmd)
    RCC_APB2PeriphClockCmd                   0x08003199   Thumb Code    18  stm32f4xx_rcc.o(i.RCC_APB2PeriphClockCmd)
    RCC_GPIOxClockCmd                        0x080031b1   Thumb Code   104  stm32f411_rccenable.o(i.RCC_GPIOxClockCmd)
    RCC_GetClocksFreq                        0x08003241   Thumb Code   132  stm32f4xx_rcc.o(i.RCC_GetClocksFreq)
    RCC_TIMxClockCmd                         0x080032d5   Thumb Code   142  stm32f411_rccenable.o(i.RCC_TIMxClockCmd)
    ReadFromFlash                            0x08003395   Thumb Code    54  functions.o(i.ReadFromFlash)
    Reset_Motor                              0x080033cd   Thumb Code    42  stm32f4xx_it.o(i.Reset_Motor)
    Robot_AntiClockwise                      0x0800340d   Thumb Code    14  encoder.o(i.Robot_AntiClockwise)
    Robot_Backward                           0x0800341b   Thumb Code    14  encoder.o(i.Robot_Backward)
    Robot_Clockwise                          0x08003429   Thumb Code    14  encoder.o(i.Robot_Clockwise)
    Robot_Forward                            0x08003437   Thumb Code    14  encoder.o(i.Robot_Forward)
    Robot_Run                                0x08003445   Thumb Code   118  encoder.o(i.Robot_Run)
    SVC_Handler                              0x080034d1   Thumb Code     2  stm32f4xx_it.o(i.SVC_Handler)
    SaveDataToInternalFlash                  0x080034d5   Thumb Code    36  stm32f4xx_it.o(i.SaveDataToInternalFlash)
    SendData                                 0x08003509   Thumb Code   782  main.o(i.SendData)
    Srf05_BackEnd                            0x080038a9   Thumb Code    44  main.o(i.Srf05_BackEnd)
    Srf05_ClearFlag                          0x080038e1   Thumb Code     6  srf05.o(i.Srf05_ClearFlag)
    Srf05_FirstInit                          0x080038e9   Thumb Code    16  srf05.o(i.Srf05_FirstInit)
    Srf05_Initial                            0x08003901   Thumb Code   204  srf05.o(i.Srf05_Initial)
    Srf05_LeftFront                          0x080039d5   Thumb Code    40  main.o(i.Srf05_LeftFront)
    Srf05_MidFront                           0x08003a09   Thumb Code    42  main.o(i.Srf05_MidFront)
    Srf05_RightFront                         0x08003a41   Thumb Code    40  main.o(i.Srf05_RightFront)
    Srf05_SetFlag                            0x08003a75   Thumb Code     6  srf05.o(i.Srf05_SetFlag)
    Srf05_StartSensorBack                    0x08003a7d   Thumb Code    44  main.o(i.Srf05_StartSensorBack)
    Srf05_StartSensorLeft                    0x08003aad   Thumb Code    44  main.o(i.Srf05_StartSensorLeft)
    Srf05_StartSensorMid                     0x08003add   Thumb Code    44  main.o(i.Srf05_StartSensorMid)
    Srf05_StartSensorRight                   0x08003b0d   Thumb Code    44  main.o(i.Srf05_StartSensorRight)
    StartTimer                               0x08003b3d   Thumb Code    52  main.o(i.StartTimer)
    Status_CheckStatus                       0x08003b79   Thumb Code     4  functions.o(i.Status_CheckStatus)
    Status_UpdateStatus                      0x08003b7d   Thumb Code     4  functions.o(i.Status_UpdateStatus)
    StopTimer                                0x08003b81   Thumb Code    24  main.o(i.StopTimer)
    Stop_Motor                               0x08003b99   Thumb Code    10  encoder.o(i.Stop_Motor)
    StringHeaderCompare                      0x08003ba9   Thumb Code    28  functions.o(i.StringHeaderCompare)
    SysTick_Handler                          0x08003bc5   Thumb Code   110  stm32f4xx_it.o(i.SysTick_Handler)
    SystemInit                               0x08003c3d   Thumb Code    74  system_stm32f4xx.o(i.SystemInit)
    TIM2_IRQHandler                          0x08003cfd   Thumb Code   354  stm32f4xx_it.o(i.TIM2_IRQHandler)
    TIM3_IRQHandler                          0x08003e89   Thumb Code    20  stm32f4xx_it.o(i.TIM3_IRQHandler)
    TIM4_IRQHandler                          0x08003ea5   Thumb Code    20  stm32f4xx_it.o(i.TIM4_IRQHandler)
    TIM5_IRQHandler                          0x08003ec1   Thumb Code    56  main.o(i.TIM5_IRQHandler)
    TIM_ARRPreloadConfig                     0x08003f01   Thumb Code    20  stm32f4xx_tim.o(i.TIM_ARRPreloadConfig)
    TIM_ClearITPendingBit                    0x08003f15   Thumb Code     6  stm32f4xx_tim.o(i.TIM_ClearITPendingBit)
    TIM_Cmd                                  0x08003f1b   Thumb Code    20  stm32f4xx_tim.o(i.TIM_Cmd)
    TIM_EncoderInterfaceConfig               0x08003f2f   Thumb Code    50  stm32f4xx_tim.o(i.TIM_EncoderInterfaceConfig)
    TIM_GetCapture3                          0x08003f61   Thumb Code     4  stm32f4xx_tim.o(i.TIM_GetCapture3)
    TIM_GetCapture4                          0x08003f65   Thumb Code     4  stm32f4xx_tim.o(i.TIM_GetCapture4)
    TIM_GetCounter                           0x08003f69   Thumb Code     4  stm32f4xx_tim.o(i.TIM_GetCounter)
    TIM_GetFlagStatus                        0x08003f6d   Thumb Code    14  stm32f4xx_tim.o(i.TIM_GetFlagStatus)
    TIM_ICInit                               0x08003f7b   Thumb Code   172  stm32f4xx_tim.o(i.TIM_ICInit)
    TIM_ITConfig                             0x08004027   Thumb Code    16  stm32f4xx_tim.o(i.TIM_ITConfig)
    TIM_OC1Init                              0x08004039   Thumb Code    88  stm32f4xx_tim.o(i.TIM_OC1Init)
    TIM_OC1PreloadConfig                     0x08004099   Thumb Code    12  stm32f4xx_tim.o(i.TIM_OC1PreloadConfig)
    TIM_OC2Init                              0x080040a5   Thumb Code   120  stm32f4xx_tim.o(i.TIM_OC2Init)
    TIM_OC2PreloadConfig                     0x08004125   Thumb Code    20  stm32f4xx_tim.o(i.TIM_OC2PreloadConfig)
    TIM_SetIC1Prescaler                      0x08004139   Thumb Code    16  stm32f4xx_tim.o(i.TIM_SetIC1Prescaler)
    TIM_SetIC2Prescaler                      0x08004149   Thumb Code    24  stm32f4xx_tim.o(i.TIM_SetIC2Prescaler)
    TIM_SetIC3Prescaler                      0x08004161   Thumb Code    16  stm32f4xx_tim.o(i.TIM_SetIC3Prescaler)
    TIM_SetIC4Prescaler                      0x08004171   Thumb Code    24  stm32f4xx_tim.o(i.TIM_SetIC4Prescaler)
    TIM_TimeBaseInit                         0x08004189   Thumb Code    96  stm32f4xx_tim.o(i.TIM_TimeBaseInit)
    Time_GetSampleTime                       0x08004205   Thumb Code    52  functions.o(i.Time_GetSampleTime)
    Time_ParametersInit                      0x08004249   Thumb Code    20  functions.o(i.Time_ParametersInit)
    Time_SampleTimeUpdate                    0x0800425d   Thumb Code     4  functions.o(i.Time_SampleTimeUpdate)
    Time_SendTimeUpdate                      0x08004261   Thumb Code    10  functions.o(i.Time_SendTimeUpdate)
    TimerDelayConfig                         0x0800426d   Thumb Code    64  main.o(i.TimerDelayConfig)
    ToChar                                   0x080042b5   Thumb Code   254  functions.o(i.ToChar)
    ToHex                                    0x080043c5   Thumb Code    14  functions.o(i.ToHex)
    ToRPM                                    0x080043d5   Thumb Code    36  functions.o(i.ToRPM)
    Trapf                                    0x08004409   Thumb Code   198  functions.o(i.Trapf)
    Trimf                                    0x080044e1   Thumb Code   194  functions.o(i.Trimf)
    U1_SendData                              0x080045ad   Thumb Code    32  usart_dma_config.o(i.U1_SendData)
    U6_SendData                              0x080045d1   Thumb Code    30  usart_dma_config.o(i.U6_SendData)
    USART1_Config                            0x080045f9   Thumb Code   304  usart_dma_config.o(i.USART1_Config)
    USART2_Config                            0x0800473d   Thumb Code   336  usart_dma_config.o(i.USART2_Config)
    USART2_IRQHandler                        0x080048a1   Thumb Code    50  stm32f4xx_it.o(i.USART2_IRQHandler)
    USART6_Config                            0x080048e1   Thumb Code   326  usart_dma_config.o(i.USART6_Config)
    USART6_IRQHandler                        0x08004a3d   Thumb Code    50  stm32f4xx_it.o(i.USART6_IRQHandler)
    USART_ClearFlag                          0x08004a7d   Thumb Code     6  stm32f4xx_usart.o(i.USART_ClearFlag)
    USART_Cmd                                0x08004a83   Thumb Code    20  stm32f4xx_usart.o(i.USART_Cmd)
    USART_DMACmd                             0x08004a97   Thumb Code    16  stm32f4xx_usart.o(i.USART_DMACmd)
    USART_GetITStatus                        0x08004aa7   Thumb Code    62  stm32f4xx_usart.o(i.USART_GetITStatus)
    USART_ITConfig                           0x08004ae5   Thumb Code    48  stm32f4xx_usart.o(i.USART_ITConfig)
    USART_Init                               0x08004b15   Thumb Code   164  stm32f4xx_usart.o(i.USART_Init)
    USART_ReceiveData                        0x08004bc1   Thumb Code     8  stm32f4xx_usart.o(i.USART_ReceiveData)
    UsageFault_Handler                       0x08004bc9   Thumb Code     2  stm32f4xx_it.o(i.UsageFault_Handler)
    Veh_CheckStateChange                     0x08004bcb   Thumb Code    24  functions.o(i.Veh_CheckStateChange)
    Veh_ParametersInit                       0x08004be5   Thumb Code    54  functions.o(i.Veh_ParametersInit)
    Veh_UpdateMaxVelocity                    0x08004c2d   Thumb Code     6  functions.o(i.Veh_UpdateMaxVelocity)
    Veh_UpdateVehicleFromKey                 0x08004c35   Thumb Code   296  functions.o(i.Veh_UpdateVehicleFromKey)
    WriteToFlash                             0x08004d91   Thumb Code    88  functions.o(i.WriteToFlash)
    __ARM_fpclassify                         0x08004de9   Thumb Code    48  fpclassify.o(i.__ARM_fpclassify)
    __hardfp_atan                            0x08004e19   Thumb Code   632  atan.o(i.__hardfp_atan)
    __hardfp_atan2                           0x080050f9   Thumb Code   426  atan2.o(i.__hardfp_atan2)
    __hardfp_cos                             0x080052e9   Thumb Code   200  cos.o(i.__hardfp_cos)
    __hardfp_fabs                            0x080053c1   Thumb Code    20  fabs.o(i.__hardfp_fabs)
    __hardfp_log                             0x080053d9   Thumb Code   882  log.o(i.__hardfp_log)
    __hardfp_pow                             0x080057c1   Thumb Code  3048  pow.o(i.__hardfp_pow)
    __hardfp_sin                             0x080063f9   Thumb Code   200  sin.o(i.__hardfp_sin)
    __hardfp_sqrt                            0x080064d1   Thumb Code   122  sqrt.o(i.__hardfp_sqrt)
    __hardfp_tan                             0x08006551   Thumb Code   142  tan.o(i.__hardfp_tan)
    __ieee754_rem_pio2                       0x080065f1   Thumb Code   938  rred.o(i.__ieee754_rem_pio2)
    __kernel_cos                             0x08006a29   Thumb Code   322  cos_i.o(i.__kernel_cos)
    __kernel_poly                            0x08006b99   Thumb Code   248  poly.o(i.__kernel_poly)
    __kernel_sin                             0x08006c91   Thumb Code   280  sin_i.o(i.__kernel_sin)
    __kernel_tan                             0x08006dc1   Thumb Code   764  tan_i.o(i.__kernel_tan)
    __mathlib_dbl_underflow                  0x08007111   Thumb Code    24  dunder.o(i.__mathlib_dbl_underflow)
    atan                                     0x08007131   Thumb Code    16  atan.o(i.atan)
    fabs                                     0x08007141   Thumb Code    24  fabs.o(i.fabs)
    fix                                      0x08007159   Thumb Code    20  functions.o(i.fix)
    main                                     0x0800716d   Thumb Code  1216  main.o(i.main)
    sqrt                                     0x08007631   Thumb Code   110  sqrt.o(i.sqrt)
    __aeabi_dneg                             0x0800769f   Thumb Code     0  basic.o(x$fpl$basic)
    _dneg                                    0x0800769f   Thumb Code     6  basic.o(x$fpl$basic)
    __aeabi_fneg                             0x080076a5   Thumb Code     0  basic.o(x$fpl$basic)
    _fneg                                    0x080076a5   Thumb Code     6  basic.o(x$fpl$basic)
    _dabs                                    0x080076ab   Thumb Code     6  basic.o(x$fpl$basic)
    _fabs                                    0x080076b1   Thumb Code     6  basic.o(x$fpl$basic)
    __aeabi_dadd                             0x080076b9   Thumb Code     0  daddsub_clz.o(x$fpl$dadd)
    _dadd                                    0x080076b9   Thumb Code   332  daddsub_clz.o(x$fpl$dadd)
    __fpl_dcheck_NaN1                        0x08007809   Thumb Code    10  dcheck1.o(x$fpl$dcheck1)
    __fpl_dcmp_Inf                           0x08007819   Thumb Code    24  dcmpi.o(x$fpl$dcmpinf)
    __aeabi_ddiv                             0x08007831   Thumb Code     0  ddiv.o(x$fpl$ddiv)
    _ddiv                                    0x08007831   Thumb Code   552  ddiv.o(x$fpl$ddiv)
    __aeabi_cdcmpeq                          0x08007ae1   Thumb Code     0  deqf.o(x$fpl$deqf)
    _dcmpeq                                  0x08007ae1   Thumb Code   120  deqf.o(x$fpl$deqf)
    __aeabi_d2iz                             0x08007b59   Thumb Code     0  dfix.o(x$fpl$dfix)
    _dfix                                    0x08007b59   Thumb Code    94  dfix.o(x$fpl$dfix)
    __aeabi_d2uiz                            0x08007bb9   Thumb Code     0  dfixu.o(x$fpl$dfixu)
    _dfixu                                   0x08007bb9   Thumb Code    90  dfixu.o(x$fpl$dfixu)
    __aeabi_i2d                              0x08007c13   Thumb Code     0  dflt_clz.o(x$fpl$dflt)
    _dflt                                    0x08007c13   Thumb Code    46  dflt_clz.o(x$fpl$dflt)
    __aeabi_ui2d                             0x08007c41   Thumb Code     0  dflt_clz.o(x$fpl$dfltu)
    _dfltu                                   0x08007c41   Thumb Code    38  dflt_clz.o(x$fpl$dfltu)
    __aeabi_cdcmple                          0x08007c69   Thumb Code     0  dleqf.o(x$fpl$dleqf)
    _dcmple                                  0x08007c69   Thumb Code   120  dleqf.o(x$fpl$dleqf)
    __fpl_dcmple_InfNaN                      0x08007ccb   Thumb Code     0  dleqf.o(x$fpl$dleqf)
    __aeabi_dmul                             0x08007ce1   Thumb Code     0  dmul.o(x$fpl$dmul)
    _dmul                                    0x08007ce1   Thumb Code   332  dmul.o(x$fpl$dmul)
    __fpl_dnaninf                            0x08007e35   Thumb Code   156  dnaninf.o(x$fpl$dnaninf)
    __fpl_dretinf                            0x08007ed1   Thumb Code    12  dretinf.o(x$fpl$dretinf)
    __aeabi_cdrcmple                         0x08007edd   Thumb Code     0  drleqf.o(x$fpl$drleqf)
    _drcmple                                 0x08007edd   Thumb Code   108  drleqf.o(x$fpl$drleqf)
    __aeabi_drsub                            0x08007f49   Thumb Code     0  daddsub_clz.o(x$fpl$drsb)
    _drsb                                    0x08007f49   Thumb Code    22  daddsub_clz.o(x$fpl$drsb)
    _dsqrt                                   0x08007f61   Thumb Code   404  dsqrt_umaal.o(x$fpl$dsqrt)
    __aeabi_dsub                             0x080080f9   Thumb Code     0  daddsub_clz.o(x$fpl$dsub)
    _dsub                                    0x080080f9   Thumb Code   464  daddsub_clz.o(x$fpl$dsub)
    _fp_init                                 0x080082cd   Thumb Code    10  fpinit.o(x$fpl$fpinit)
    __fplib_config_fpu_vfp                   0x080082d5   Thumb Code     0  fpinit.o(x$fpl$fpinit)
    __fplib_config_pureend_doubles           0x080082d5   Thumb Code     0  fpinit.o(x$fpl$fpinit)
    __fpl_return_NaN                         0x080082d7   Thumb Code   100  retnan.o(x$fpl$retnan)
    __ARM_scalbn                             0x0800833b   Thumb Code    92  scalbn.o(x$fpl$scalbn)
    __fpl_cmpreturn                          0x08008397   Thumb Code    48  trapv.o(x$fpl$trapveneer)
    __I$use$fp                               0x080083c6   Number         0  usenofp.o(x$fpl$usenofp)
    __mathlib_zero                           0x08008550   Data           8  qnan.o(.constdata)
    Region$$Table$$Base                      0x080086a8   Number         0  anon$$obj.o(Region$$Table)
    Region$$Table$$Limit                     0x080086c8   Number         0  anon$$obj.o(Region$$Table)
    SystemCoreClock                          0x20000000   Data           4  system_stm32f4xx.o(.data)
    AHBPrescTable                            0x20000004   Data          16  system_stm32f4xx.o(.data)
    Main_NVIC_Struct                         0x20000014   Data           4  main.o(.data)
    temp3                                    0x20000018   Data           1  stm32f4xx_it.o(.data)
    temp2                                    0x20000019   Data           1  stm32f4xx_it.o(.data)
    En_NVIC_Struct                           0x2000001c   Data           4  encoder.o(.data)
    En_GPIO_Struct                           0x20000020   Data           8  encoder.o(.data)
    US_NVIC_Struct                           0x20000028   Data           4  usart_dma_config.o(.data)
    US_GPIO_Struct                           0x2000002c   Data           8  usart_dma_config.o(.data)
    F_GPIO_Struct                            0x20000038   Data           8  functions.o(.data)
    NB                                       0x20000040   Data           8  functions.o(.data)
    NM                                       0x20000048   Data           8  functions.o(.data)
    NS                                       0x20000050   Data           8  functions.o(.data)
    ZE                                       0x20000058   Data           8  functions.o(.data)
    PS                                       0x20000060   Data           8  functions.o(.data)
    PM                                       0x20000068   Data           8  functions.o(.data)
    PB                                       0x20000070   Data           8  functions.o(.data)
    Srf05_NVIC_Struct                        0x20000078   Data           4  srf05.o(.data)
    Srf05_GPIO_Struct                        0x2000007c   Data           8  srf05.o(.data)
    Main_TIM_Struct                          0x20000098   Data          12  main.o(.bss)
    Srf05_Struct                             0x200000a4   Data          24  main.o(.bss)
    Mid                                      0x200000c0   Data          16  main.o(.bss)
    Left                                     0x200000d0   Data          16  main.o(.bss)
    Right                                    0x200000e0   Data          16  main.o(.bss)
    Back                                     0x200000f0   Data          16  main.o(.bss)
    En_TIM_BaseStruct                        0x20000100   Data          12  encoder.o(.bss)
    En_TIM_OCStruct                          0x2000010c   Data          20  encoder.o(.bss)
    US_DMA_Struct                            0x20000120   Data          60  usart_dma_config.o(.bss)
    US_USART_Struct                          0x2000015c   Data          16  usart_dma_config.o(.bss)
    U1_TxBuffer                              0x2000016c   Data         100  usart_dma_config.o(.bss)
    U1_RxBuffer                              0x200001d0   Data          47  usart_dma_config.o(.bss)
    U2_TxBuffer                              0x200001ff   Data          50  usart_dma_config.o(.bss)
    U2_RxBuffer                              0x20000231   Data        1000  usart_dma_config.o(.bss)
    U6_TxBuffer                              0x20000619   Data         200  usart_dma_config.o(.bss)
    U6_RxBuffer                              0x200006e1   Data         200  usart_dma_config.o(.bss)
    VehStt                                   0x200007a9   Data          11  functions.o(.bss)
    M1                                       0x200007b8   Data          88  functions.o(.bss)
    M2                                       0x20000810   Data          88  functions.o(.bss)
    GPS_NEO                                  0x20000868   Data        2072  functions.o(.bss)
    Mag                                      0x20001080   Data          72  functions.o(.bss)
    Timer                                    0x200010c8   Data          32  functions.o(.bss)
    Flash                                    0x200010e8   Data        1604  functions.o(.bss)
    In1_NS                                   0x20001730   Data          24  functions.o(.bss)
    In1_ZE                                   0x20001748   Data          24  functions.o(.bss)
    In1_PS                                   0x20001760   Data          24  functions.o(.bss)
    In2_ZE                                   0x20001778   Data          24  functions.o(.bss)
    In1_NB                                   0x20001790   Data          32  functions.o(.bss)
    In1_PB                                   0x200017b0   Data          32  functions.o(.bss)
    In2_NE                                   0x200017d0   Data          32  functions.o(.bss)
    In2_PO                                   0x200017f0   Data          32  functions.o(.bss)
    U2                                       0x20001810   Data        1600  functions.o(.bss)
    U6                                       0x20001e50   Data        1600  functions.o(.bss)
    Veh                                      0x20002490   Data          48  functions.o(.bss)
    Srf05_TIM_TimeBaseStruct                 0x200024c0   Data          12  srf05.o(.bss)
    Srf05_TIM_ICStruct                       0x200024cc   Data          10  srf05.o(.bss)
    __libspace_start                         0x200024d8   Data          96  libspace.o(.bss)
    __temporary_stack_top$libspace           0x20002538   Data           0  libspace.o(.bss)



==============================================================================

Memory Map of the image

  Image Entry point : 0x08000199

  Load Region LR_IROM1 (Base: 0x08000000, Size: 0x0000875c, Max: 0x00080000, ABSOLUTE)

    Execution Region ER_IROM1 (Base: 0x08000000, Size: 0x000086c8, Max: 0x00080000, ABSOLUTE)

    Base Addr    Size         Type   Attr      Idx    E Section Name        Object

    0x08000000   0x00000198   Data   RO         1360    RESET               startup_stm32f411xe.o
    0x08000198   0x00000008   Code   RO         3190  * !!!main             c_w.l(__main.o)
    0x080001a0   0x00000034   Code   RO         3541    !!!scatter          c_w.l(__scatter.o)
    0x080001d4   0x0000001a   Code   RO         3543    !!handler_copy      c_w.l(__scatter_copy.o)
    0x080001ee   0x00000002   PAD
    0x080001f0   0x0000001c   Code   RO         3545    !!handler_zi        c_w.l(__scatter_zi.o)
    0x0800020c   0x00000002   Code   RO         3413    .ARM.Collect$$libinit$$00000000  c_w.l(libinit.o)
    0x0800020e   0x00000004   Code   RO         3418    .ARM.Collect$$libinit$$00000001  c_w.l(libinit2.o)
    0x08000212   0x00000000   Code   RO         3422    .ARM.Collect$$libinit$$00000008  c_w.l(libinit2.o)
    0x08000212   0x00000000   Code   RO         3424    .ARM.Collect$$libinit$$0000000A  c_w.l(libinit2.o)
    0x08000212   0x00000000   Code   RO         3426    .ARM.Collect$$libinit$$0000000C  c_w.l(libinit2.o)
    0x08000212   0x00000000   Code   RO         3429    .ARM.Collect$$libinit$$0000000F  c_w.l(libinit2.o)
    0x08000212   0x00000000   Code   RO         3431    .ARM.Collect$$libinit$$00000011  c_w.l(libinit2.o)
    0x08000212   0x00000000   Code   RO         3433    .ARM.Collect$$libinit$$00000013  c_w.l(libinit2.o)
    0x08000212   0x00000000   Code   RO         3435    .ARM.Collect$$libinit$$00000015  c_w.l(libinit2.o)
    0x08000212   0x00000000   Code   RO         3437    .ARM.Collect$$libinit$$00000017  c_w.l(libinit2.o)
    0x08000212   0x00000000   Code   RO         3439    .ARM.Collect$$libinit$$00000019  c_w.l(libinit2.o)
    0x08000212   0x00000000   Code   RO         3441    .ARM.Collect$$libinit$$0000001B  c_w.l(libinit2.o)
    0x08000212   0x00000000   Code   RO         3443    .ARM.Collect$$libinit$$0000001D  c_w.l(libinit2.o)
    0x08000212   0x00000000   Code   RO         3445    .ARM.Collect$$libinit$$0000001F  c_w.l(libinit2.o)
    0x08000212   0x00000000   Code   RO         3447    .ARM.Collect$$libinit$$00000021  c_w.l(libinit2.o)
    0x08000212   0x00000000   Code   RO         3449    .ARM.Collect$$libinit$$00000023  c_w.l(libinit2.o)
    0x08000212   0x00000000   Code   RO         3453    .ARM.Collect$$libinit$$0000002A  c_w.l(libinit2.o)
    0x08000212   0x00000000   Code   RO         3455    .ARM.Collect$$libinit$$0000002C  c_w.l(libinit2.o)
    0x08000212   0x00000000   Code   RO         3457    .ARM.Collect$$libinit$$0000002E  c_w.l(libinit2.o)
    0x08000212   0x00000000   Code   RO         3459    .ARM.Collect$$libinit$$00000030  c_w.l(libinit2.o)
    0x08000212   0x00000002   Code   RO         3460    .ARM.Collect$$libinit$$00000031  c_w.l(libinit2.o)
    0x08000214   0x00000002   Code   RO         3482    .ARM.Collect$$libshutdown$$00000000  c_w.l(libshutdown.o)
    0x08000216   0x00000000   Code   RO         3496    .ARM.Collect$$libshutdown$$00000003  c_w.l(libshutdown2.o)
    0x08000216   0x00000000   Code   RO         3499    .ARM.Collect$$libshutdown$$00000006  c_w.l(libshutdown2.o)
    0x08000216   0x00000000   Code   RO         3502    .ARM.Collect$$libshutdown$$00000009  c_w.l(libshutdown2.o)
    0x08000216   0x00000000   Code   RO         3504    .ARM.Collect$$libshutdown$$0000000B  c_w.l(libshutdown2.o)
    0x08000216   0x00000000   Code   RO         3507    .ARM.Collect$$libshutdown$$0000000E  c_w.l(libshutdown2.o)
    0x08000216   0x00000002   Code   RO         3508    .ARM.Collect$$libshutdown$$0000000F  c_w.l(libshutdown2.o)
    0x08000218   0x00000000   Code   RO         3336    .ARM.Collect$$rtentry$$00000000  c_w.l(rtentry.o)
    0x08000218   0x00000000   Code   RO         3380    .ARM.Collect$$rtentry$$00000002  c_w.l(rtentry2.o)
    0x08000218   0x00000006   Code   RO         3392    .ARM.Collect$$rtentry$$00000004  c_w.l(rtentry4.o)
    0x0800021e   0x00000000   Code   RO         3382    .ARM.Collect$$rtentry$$00000009  c_w.l(rtentry2.o)
    0x0800021e   0x00000004   Code   RO         3383    .ARM.Collect$$rtentry$$0000000A  c_w.l(rtentry2.o)
    0x08000222   0x00000000   Code   RO         3385    .ARM.Collect$$rtentry$$0000000C  c_w.l(rtentry2.o)
    0x08000222   0x00000008   Code   RO         3386    .ARM.Collect$$rtentry$$0000000D  c_w.l(rtentry2.o)
    0x0800022a   0x00000002   Code   RO         3416    .ARM.Collect$$rtexit$$00000000  c_w.l(rtexit.o)
    0x0800022c   0x00000000   Code   RO         3464    .ARM.Collect$$rtexit$$00000002  c_w.l(rtexit2.o)
    0x0800022c   0x00000004   Code   RO         3465    .ARM.Collect$$rtexit$$00000003  c_w.l(rtexit2.o)
    0x08000230   0x00000006   Code   RO         3466    .ARM.Collect$$rtexit$$00000004  c_w.l(rtexit2.o)
    0x08000236   0x00000002   PAD
    0x08000238   0x00000040   Code   RO         1361    .text               startup_stm32f411xe.o
    0x08000278   0x0000004e   Code   RO         3186    .text               c_w.l(rt_memclr_w.o)
    0x080002c6   0x00000006   Code   RO         3188    .text               c_w.l(heapauxi.o)
    0x080002cc   0x00000016   Code   RO         3337    .text               c_w.l(_rserrno.o)
    0x080002e2   0x00000002   PAD
    0x080002e4   0x00000008   Code   RO         3397    .text               c_w.l(rt_errno_addr_intlibspace.o)
    0x080002ec   0x00000008   Code   RO         3401    .text               c_w.l(libspace.o)
    0x080002f4   0x0000004a   Code   RO         3404    .text               c_w.l(sys_stackheap_outer.o)
    0x0800033e   0x0000000c   Code   RO         3406    .text               c_w.l(exit.o)
    0x0800034a   0x00000002   PAD
    0x0800034c   0x0000000c   Code   RO         3474    .text               c_w.l(sys_exit.o)
    0x08000358   0x00000002   Code   RO         3485    .text               c_w.l(use_no_semi.o)
    0x0800035a   0x00000000   Code   RO         3487    .text               c_w.l(indicate_semi.o)
    0x0800035a   0x00000002   Code   RO          303    i.BusFault_Handler  stm32f4xx_it.o
    0x0800035c   0x0000003e   Code   RO          669    i.Convert4BytesToWordData  functions.o
    0x0800039a   0x00000012   Code   RO         1231    i.Core_Delay_Us     srf05.o
    0x080003ac   0x00000090   Code   RO          304    i.DMA1_Stream5_IRQHandler  stm32f4xx_it.o
    0x0800043c   0x00000668   Code   RO          305    i.DMA2_Stream2_IRQHandler  stm32f4xx_it.o
    0x08000aa4   0x0000005c   Code   RO          306    i.DMA2_Stream5_IRQHandler  stm32f4xx_it.o
    0x08000b00   0x0000002c   Code   RO         1608    i.DMA_ClearFlag     stm32f4xx_dma.o
    0x08000b2c   0x0000002c   Code   RO         1609    i.DMA_ClearITPendingBit  stm32f4xx_dma.o
    0x08000b58   0x00000014   Code   RO         1610    i.DMA_Cmd           stm32f4xx_dma.o
    0x08000b6c   0x0000002c   Code   RO         1621    i.DMA_ITConfig      stm32f4xx_dma.o
    0x08000b98   0x00000054   Code   RO         1622    i.DMA_Init          stm32f4xx_dma.o
    0x08000bec   0x00000002   Code   RO          307    i.DebugMon_Handler  stm32f4xx_it.o
    0x08000bee   0x00000002   PAD
    0x08000bf0   0x00000490   Code   RO          670    i.Defuzzification_Max_Min  functions.o
    0x08001080   0x00000034   Code   RO          452    i.DirPinConfig      encoder.o
    0x080010b4   0x0000001e   Code   RO          453    i.Encoder_Config    encoder.o
    0x080010d2   0x00000018   Code   RO          671    i.EraseMemory       functions.o
    0x080010ea   0x00000002   PAD
    0x080010ec   0x0000006c   Code   RO         2935    i.FLASH_EraseSector  stm32f4xx_flash.o
    0x08001158   0x0000003c   Code   RO         2937    i.FLASH_GetStatus   stm32f4xx_flash.o
    0x08001194   0x00000010   Code   RO         2941    i.FLASH_Lock        stm32f4xx_flash.o
    0x080011a4   0x0000003c   Code   RO         2965    i.FLASH_ProgramWord  stm32f4xx_flash.o
    0x080011e0   0x00000024   Code   RO         2967    i.FLASH_Unlock      stm32f4xx_flash.o
    0x08001204   0x0000001e   Code   RO         2968    i.FLASH_WaitForLastOperation  stm32f4xx_flash.o
    0x08001222   0x0000001e   Code   RO          672    i.FeedBack          functions.o
    0x08001240   0x00000044   Code   RO          673    i.Fuzzy_Max         functions.o
    0x08001284   0x0000003a   Code   RO          674    i.Fuzzy_Min         functions.o
    0x080012be   0x00000002   PAD
    0x080012c0   0x000001cc   Code   RO          675    i.Fuzzy_ParametersInit  functions.o
    0x0800148c   0x000000a2   Code   RO         1741    i.GPIO_Init         stm32f4xx_gpio.o
    0x0800152e   0x00000020   Code   RO         1742    i.GPIO_PinAFConfig  stm32f4xx_gpio.o
    0x0800154e   0x0000000e   Code   RO         1745    i.GPIO_ReadInputDataBit  stm32f4xx_gpio.o
    0x0800155c   0x0000000e   Code   RO         1747    i.GPIO_ReadOutputDataBit  stm32f4xx_gpio.o
    0x0800156a   0x00000004   Code   RO         1748    i.GPIO_ResetBits    stm32f4xx_gpio.o
    0x0800156e   0x00000004   Code   RO         1749    i.GPIO_SetBits      stm32f4xx_gpio.o
    0x08001572   0x0000005c   Code   RO          676    i.GPS_GetCoordinateMessage  functions.o
    0x080015ce   0x00000002   PAD
    0x080015d0   0x000000ac   Code   RO          677    i.GPS_GetLatFromString  functions.o
    0x0800167c   0x0000009c   Code   RO          678    i.GPS_GetLonFromString  functions.o
    0x08001718   0x00000060   Code   RO          680    i.GPS_GetQualityFromString  functions.o
    0x08001778   0x00000078   Code   RO          681    i.GPS_LLToDegree    functions.o
    0x080017f0   0x0000057c   Code   RO          682    i.GPS_LatLonToUTM   functions.o
    0x08001d6c   0x00000030   Code   RO          683    i.GPS_ParametersInit  functions.o
    0x08001d9c   0x000000a4   Code   RO          684    i.GPS_SavePathCoordinateToFlash  functions.o
    0x08001e40   0x000002f4   Code   RO          685    i.GPS_StanleyControl  functions.o
    0x08002134   0x00000078   Code   RO          686    i.GPS_UpdatePathCoordinate  functions.o
    0x080021ac   0x0000007c   Code   RO          687    i.GPS_UpdatePathYaw  functions.o
    0x08002228   0x00000068   Code   RO         1295    i.GetAFFromTIM      stm32f411_rccenable.o
    0x08002290   0x00000070   Code   RO         1296    i.GetIRQHandlerFromTIMxCC  stm32f411_rccenable.o
    0x08002300   0x00000058   Code   RO          688    i.GetMessageInfo    functions.o
    0x08002358   0x000000e0   Code   RO          689    i.GetNbOfReceiveHeader  functions.o
    0x08002438   0x00000090   Code   RO         1297    i.GetPinSourceFromGPIOPin  stm32f411_rccenable.o
    0x080024c8   0x00000154   Code   RO          690    i.GetValueFromString  functions.o
    0x0800261c   0x00000124   Code   RO          308    i.GetVehicleVelocity  stm32f4xx_it.o
    0x08002740   0x00000002   Code   RO          309    i.HardFault_Handler  stm32f4xx_it.o
    0x08002742   0x00000002   PAD
    0x08002744   0x000000b8   Code   RO          692    i.IMU_GetValue      functions.o
    0x080027fc   0x00000028   Code   RO          693    i.IMU_ParametesInit  functions.o
    0x08002824   0x00000006   Code   RO          694    i.IMU_UpdateAngle   functions.o
    0x0800282a   0x00000008   Code   RO          695    i.IMU_UpdateFuzzyCoefficients  functions.o
    0x08002832   0x00000002   PAD
    0x08002834   0x000000e4   Code   RO          696    i.IMU_UpdateFuzzyInput  functions.o
    0x08002918   0x0000000a   Code   RO          697    i.IMU_UpdatePreAngle  functions.o
    0x08002922   0x0000001a   Code   RO          698    i.IMU_UpdateSetAngle  functions.o
    0x0800293c   0x0000002e   Code   RO          699    i.IsCorrectMessage  functions.o
    0x0800296a   0x00000002   PAD
    0x0800296c   0x00000044   Code   RO          700    i.IsDouble          functions.o
    0x080029b0   0x0000000c   Code   RO          701    i.IsValidData       functions.o
    0x080029bc   0x00000016   Code   RO          702    i.LRCCalculate      functions.o
    0x080029d2   0x00000018   Code   RO          704    i.LengthOfLine      functions.o
    0x080029ea   0x00000002   PAD
    0x080029ec   0x0000000c   Code   RO          454    i.M1_Backward       encoder.o
    0x080029f8   0x000000b4   Code   RO          455    i.M1_Encoder_Config  encoder.o
    0x08002aac   0x0000000c   Code   RO          456    i.M1_Forward        encoder.o
    0x08002ab8   0x0000000c   Code   RO          457    i.M2_Backward       encoder.o
    0x08002ac4   0x000000b4   Code   RO          458    i.M2_Encoder_Config  encoder.o
    0x08002b78   0x0000000c   Code   RO          459    i.M2_Forward        encoder.o
    0x08002b84   0x00000002   Code   RO          310    i.MemManage_Handler  stm32f4xx_it.o
    0x08002b86   0x00000002   Code   RO          311    i.NMI_Handler       stm32f4xx_it.o
    0x08002b88   0x00000064   Code   RO         1368    i.NVIC_Init         misc.o
    0x08002bec   0x00000014   Code   RO         1369    i.NVIC_PriorityGroupConfig  misc.o
    0x08002c00   0x0000015c   Code   RO          705    i.PID_Compute       functions.o
    0x08002d5c   0x00000034   Code   RO          706    i.PID_ParametersInitial  functions.o
    0x08002d90   0x00000006   Code   RO          707    i.PID_ParametersUpdate  functions.o
    0x08002d96   0x00000002   PAD
    0x08002d98   0x000000b0   Code   RO          131    i.PID_ReadParametersFromFlash  main.o
    0x08002e48   0x0000000a   Code   RO          708    i.PID_ResetEncoder  functions.o
    0x08002e52   0x00000002   PAD
    0x08002e54   0x0000001c   Code   RO          709    i.PID_ResetPID      functions.o
    0x08002e70   0x000000dc   Code   RO          710    i.PID_SavePIDParaToFlash  functions.o
    0x08002f4c   0x00000004   Code   RO          711    i.PID_UpdateEnc     functions.o
    0x08002f50   0x00000006   Code   RO          712    i.PID_UpdateSetVel  functions.o
    0x08002f56   0x00000002   PAD
    0x08002f58   0x000000a4   Code   RO          460    i.PWM_Config        encoder.o
    0x08002ffc   0x000000a8   Code   RO          133    i.Parameters_Init   main.o
    0x080030a4   0x00000002   Code   RO          312    i.PendSV_Handler    stm32f4xx_it.o
    0x080030a6   0x00000002   PAD
    0x080030a8   0x00000044   Code   RO          134    i.Peripheral_Config  main.o
    0x080030ec   0x0000007c   Code   RO          713    i.Pi_To_Pi          functions.o
    0x08003168   0x00000018   Code   RO         2070    i.RCC_AHB1PeriphClockCmd  stm32f4xx_rcc.o
    0x08003180   0x00000018   Code   RO         2076    i.RCC_APB1PeriphClockCmd  stm32f4xx_rcc.o
    0x08003198   0x00000018   Code   RO         2079    i.RCC_APB2PeriphClockCmd  stm32f4xx_rcc.o
    0x080031b0   0x00000090   Code   RO         1299    i.RCC_GPIOxClockCmd  stm32f411_rccenable.o
    0x08003240   0x00000094   Code   RO         2088    i.RCC_GetClocksFreq  stm32f4xx_rcc.o
    0x080032d4   0x000000c0   Code   RO         1301    i.RCC_TIMxClockCmd  stm32f411_rccenable.o
    0x08003394   0x00000036   Code   RO          714    i.ReadFromFlash     functions.o
    0x080033ca   0x00000002   PAD
    0x080033cc   0x00000040   Code   RO          313    i.Reset_Motor       stm32f4xx_it.o
    0x0800340c   0x0000000e   Code   RO          461    i.Robot_AntiClockwise  encoder.o
    0x0800341a   0x0000000e   Code   RO          462    i.Robot_Backward    encoder.o
    0x08003428   0x0000000e   Code   RO          463    i.Robot_Clockwise   encoder.o
    0x08003436   0x0000000e   Code   RO          464    i.Robot_Forward     encoder.o
    0x08003444   0x0000008c   Code   RO          465    i.Robot_Run         encoder.o
    0x080034d0   0x00000002   Code   RO          314    i.SVC_Handler       stm32f4xx_it.o
    0x080034d2   0x00000002   PAD
    0x080034d4   0x00000034   Code   RO          315    i.SaveDataToInternalFlash  stm32f4xx_it.o
    0x08003508   0x0000032c   Code   RO          135    i.SendData          main.o
    0x08003834   0x00000074   Code   RO            4    i.SetSysClock       system_stm32f4xx.o
    0x080038a8   0x00000038   Code   RO          136    i.Srf05_BackEnd     main.o
    0x080038e0   0x00000006   Code   RO         1232    i.Srf05_ClearFlag   srf05.o
    0x080038e6   0x00000002   PAD
    0x080038e8   0x00000018   Code   RO         1233    i.Srf05_FirstInit   srf05.o
    0x08003900   0x000000d4   Code   RO         1234    i.Srf05_Initial     srf05.o
    0x080039d4   0x00000034   Code   RO          137    i.Srf05_LeftFront   main.o
    0x08003a08   0x00000038   Code   RO          138    i.Srf05_MidFront    main.o
    0x08003a40   0x00000034   Code   RO          139    i.Srf05_RightFront  main.o
    0x08003a74   0x00000006   Code   RO         1236    i.Srf05_SetFlag     srf05.o
    0x08003a7a   0x00000002   PAD
    0x08003a7c   0x00000030   Code   RO          140    i.Srf05_StartSensorBack  main.o
    0x08003aac   0x00000030   Code   RO          141    i.Srf05_StartSensorLeft  main.o
    0x08003adc   0x00000030   Code   RO          142    i.Srf05_StartSensorMid  main.o
    0x08003b0c   0x00000030   Code   RO          143    i.Srf05_StartSensorRight  main.o
    0x08003b3c   0x0000003c   Code   RO          144    i.StartTimer        main.o
    0x08003b78   0x00000004   Code   RO          717    i.Status_CheckStatus  functions.o
    0x08003b7c   0x00000004   Code   RO          719    i.Status_UpdateStatus  functions.o
    0x08003b80   0x00000018   Code   RO          145    i.StopTimer         main.o
    0x08003b98   0x00000010   Code   RO          466    i.Stop_Motor        encoder.o
    0x08003ba8   0x0000001c   Code   RO          720    i.StringHeaderCompare  functions.o
    0x08003bc4   0x00000078   Code   RO          316    i.SysTick_Handler   stm32f4xx_it.o
    0x08003c3c   0x0000005c   Code   RO            6    i.SystemInit        system_stm32f4xx.o
    0x08003c98   0x0000002e   Code   RO         2378    i.TI1_Config        stm32f4xx_tim.o
    0x08003cc6   0x00000036   Code   RO         2379    i.TI2_Config        stm32f4xx_tim.o
    0x08003cfc   0x0000018c   Code   RO          317    i.TIM2_IRQHandler   stm32f4xx_it.o
    0x08003e88   0x0000001c   Code   RO          318    i.TIM3_IRQHandler   stm32f4xx_it.o
    0x08003ea4   0x0000001c   Code   RO          319    i.TIM4_IRQHandler   stm32f4xx_it.o
    0x08003ec0   0x00000040   Code   RO          146    i.TIM5_IRQHandler   main.o
    0x08003f00   0x00000014   Code   RO         2380    i.TIM_ARRPreloadConfig  stm32f4xx_tim.o
    0x08003f14   0x00000006   Code   RO         2387    i.TIM_ClearITPendingBit  stm32f4xx_tim.o
    0x08003f1a   0x00000014   Code   RO         2392    i.TIM_Cmd           stm32f4xx_tim.o
    0x08003f2e   0x00000032   Code   RO         2401    i.TIM_EncoderInterfaceConfig  stm32f4xx_tim.o
    0x08003f60   0x00000004   Code   RO         2409    i.TIM_GetCapture3   stm32f4xx_tim.o
    0x08003f64   0x00000004   Code   RO         2410    i.TIM_GetCapture4   stm32f4xx_tim.o
    0x08003f68   0x00000004   Code   RO         2411    i.TIM_GetCounter    stm32f4xx_tim.o
    0x08003f6c   0x0000000e   Code   RO         2412    i.TIM_GetFlagStatus  stm32f4xx_tim.o
    0x08003f7a   0x000000ac   Code   RO         2415    i.TIM_ICInit        stm32f4xx_tim.o
    0x08004026   0x00000010   Code   RO         2417    i.TIM_ITConfig      stm32f4xx_tim.o
    0x08004036   0x00000002   PAD
    0x08004038   0x00000060   Code   RO         2421    i.TIM_OC1Init       stm32f4xx_tim.o
    0x08004098   0x0000000c   Code   RO         2424    i.TIM_OC1PreloadConfig  stm32f4xx_tim.o
    0x080040a4   0x00000080   Code   RO         2426    i.TIM_OC2Init       stm32f4xx_tim.o
    0x08004124   0x00000014   Code   RO         2429    i.TIM_OC2PreloadConfig  stm32f4xx_tim.o
    0x08004138   0x00000010   Code   RO         2459    i.TIM_SetIC1Prescaler  stm32f4xx_tim.o
    0x08004148   0x00000018   Code   RO         2460    i.TIM_SetIC2Prescaler  stm32f4xx_tim.o
    0x08004160   0x00000010   Code   RO         2461    i.TIM_SetIC3Prescaler  stm32f4xx_tim.o
    0x08004170   0x00000018   Code   RO         2462    i.TIM_SetIC4Prescaler  stm32f4xx_tim.o
    0x08004188   0x0000007c   Code   RO         2464    i.TIM_TimeBaseInit  stm32f4xx_tim.o
    0x08004204   0x00000044   Code   RO          721    i.Time_GetSampleTime  functions.o
    0x08004248   0x00000014   Code   RO          722    i.Time_ParametersInit  functions.o
    0x0800425c   0x00000004   Code   RO          723    i.Time_SampleTimeUpdate  functions.o
    0x08004260   0x0000000a   Code   RO          724    i.Time_SendTimeUpdate  functions.o
    0x0800426a   0x00000002   PAD
    0x0800426c   0x00000048   Code   RO          147    i.TimerDelayConfig  main.o
    0x080042b4   0x00000110   Code   RO          725    i.ToChar            functions.o
    0x080043c4   0x0000000e   Code   RO          727    i.ToHex             functions.o
    0x080043d2   0x00000002   PAD
    0x080043d4   0x00000034   Code   RO          728    i.ToRPM             functions.o
    0x08004408   0x000000d8   Code   RO          730    i.Trapf             functions.o
    0x080044e0   0x000000cc   Code   RO          732    i.Trimf             functions.o
    0x080045ac   0x00000024   Code   RO          603    i.U1_SendData       usart_dma_config.o
    0x080045d0   0x00000028   Code   RO          605    i.U6_SendData       usart_dma_config.o
    0x080045f8   0x00000144   Code   RO          606    i.USART1_Config     usart_dma_config.o
    0x0800473c   0x00000164   Code   RO          607    i.USART2_Config     usart_dma_config.o
    0x080048a0   0x00000040   Code   RO          320    i.USART2_IRQHandler  stm32f4xx_it.o
    0x080048e0   0x0000015c   Code   RO          608    i.USART6_Config     usart_dma_config.o
    0x08004a3c   0x00000040   Code   RO          321    i.USART6_IRQHandler  stm32f4xx_it.o
    0x08004a7c   0x00000006   Code   RO         1416    i.USART_ClearFlag   stm32f4xx_usart.o
    0x08004a82   0x00000014   Code   RO         1420    i.USART_Cmd         stm32f4xx_usart.o
    0x08004a96   0x00000010   Code   RO         1421    i.USART_DMACmd      stm32f4xx_usart.o
    0x08004aa6   0x0000003e   Code   RO         1424    i.USART_GetITStatus  stm32f4xx_usart.o
    0x08004ae4   0x00000030   Code   RO         1426    i.USART_ITConfig    stm32f4xx_usart.o
    0x08004b14   0x000000ac   Code   RO         1427    i.USART_Init        stm32f4xx_usart.o
    0x08004bc0   0x00000008   Code   RO         1434    i.USART_ReceiveData  stm32f4xx_usart.o
    0x08004bc8   0x00000002   Code   RO          322    i.UsageFault_Handler  stm32f4xx_it.o
    0x08004bca   0x00000018   Code   RO          734    i.Veh_CheckStateChange  functions.o
    0x08004be2   0x00000002   PAD
    0x08004be4   0x00000048   Code   RO          736    i.Veh_ParametersInit  functions.o
    0x08004c2c   0x00000006   Code   RO          737    i.Veh_UpdateMaxVelocity  functions.o
    0x08004c32   0x00000002   PAD
    0x08004c34   0x0000015c   Code   RO          738    i.Veh_UpdateVehicleFromKey  functions.o
    0x08004d90   0x00000058   Code   RO          739    i.WriteToFlash      functions.o
    0x08004de8   0x00000030   Code   RO         3357    i.__ARM_fpclassify  m_wm.l(fpclassify.o)
    0x08004e18   0x000002e0   Code   RO         3228    i.__hardfp_atan     m_wm.l(atan.o)
    0x080050f8   0x000001f0   Code   RO         3242    i.__hardfp_atan2    m_wm.l(atan2.o)
    0x080052e8   0x000000d8   Code   RO         3254    i.__hardfp_cos      m_wm.l(cos.o)
    0x080053c0   0x00000014   Code   RO         3266    i.__hardfp_fabs     m_wm.l(fabs.o)
    0x080053d4   0x00000004   PAD
    0x080053d8   0x000003e4   Code   RO         3272    i.__hardfp_log      m_wm.l(log.o)
    0x080057bc   0x00000004   PAD
    0x080057c0   0x00000c38   Code   RO         3286    i.__hardfp_pow      m_wm.l(pow.o)
    0x080063f8   0x000000d8   Code   RO         3300    i.__hardfp_sin      m_wm.l(sin.o)
    0x080064d0   0x0000007a   Code   RO         3312    i.__hardfp_sqrt     m_wm.l(sqrt.o)
    0x0800654a   0x00000006   PAD
    0x08006550   0x000000a0   Code   RO         3324    i.__hardfp_tan      m_wm.l(tan.o)
    0x080065f0   0x00000438   Code   RO         3362    i.__ieee754_rem_pio2  m_wm.l(rred.o)
    0x08006a28   0x00000170   Code   RO         3352    i.__kernel_cos      m_wm.l(cos_i.o)
    0x08006b98   0x000000f8   Code   RO         3359    i.__kernel_poly     m_wm.l(poly.o)
    0x08006c90   0x00000130   Code   RO         3367    i.__kernel_sin      m_wm.l(sin_i.o)
    0x08006dc0   0x00000350   Code   RO         3373    i.__kernel_tan      m_wm.l(tan_i.o)
    0x08007110   0x00000020   Code   RO         3355    i.__mathlib_dbl_underflow  m_wm.l(dunder.o)
    0x08007130   0x00000010   Code   RO         3230    i.atan              m_wm.l(atan.o)
    0x08007140   0x00000018   Code   RO         3268    i.fabs              m_wm.l(fabs.o)
    0x08007158   0x00000014   Code   RO          740    i.fix               functions.o
    0x0800716c   0x000004c4   Code   RO          148    i.main              main.o
    0x08007630   0x0000006e   Code   RO         3314    i.sqrt              m_wm.l(sqrt.o)
    0x0800769e   0x00000018   Code   RO         3192    x$fpl$basic         fz_wm.l(basic.o)
    0x080076b6   0x00000002   PAD
    0x080076b8   0x00000150   Code   RO         3194    x$fpl$dadd          fz_wm.l(daddsub_clz.o)
    0x08007808   0x00000010   Code   RO         3399    x$fpl$dcheck1       fz_wm.l(dcheck1.o)
    0x08007818   0x00000018   Code   RO         3339    x$fpl$dcmpinf       fz_wm.l(dcmpi.o)
    0x08007830   0x000002b0   Code   RO         3201    x$fpl$ddiv          fz_wm.l(ddiv.o)
    0x08007ae0   0x00000078   Code   RO         3204    x$fpl$deqf          fz_wm.l(deqf.o)
    0x08007b58   0x0000005e   Code   RO         3206    x$fpl$dfix          fz_wm.l(dfix.o)
    0x08007bb6   0x00000002   PAD
    0x08007bb8   0x0000005a   Code   RO         3210    x$fpl$dfixu         fz_wm.l(dfixu.o)
    0x08007c12   0x0000002e   Code   RO         3215    x$fpl$dflt          fz_wm.l(dflt_clz.o)
    0x08007c40   0x00000026   Code   RO         3214    x$fpl$dfltu         fz_wm.l(dflt_clz.o)
    0x08007c66   0x00000002   PAD
    0x08007c68   0x00000078   Code   RO         3220    x$fpl$dleqf         fz_wm.l(dleqf.o)
    0x08007ce0   0x00000154   Code   RO         3222    x$fpl$dmul          fz_wm.l(dmul.o)
    0x08007e34   0x0000009c   Code   RO         3341    x$fpl$dnaninf       fz_wm.l(dnaninf.o)
    0x08007ed0   0x0000000c   Code   RO         3343    x$fpl$dretinf       fz_wm.l(dretinf.o)
    0x08007edc   0x0000006c   Code   RO         3224    x$fpl$drleqf        fz_wm.l(drleqf.o)
    0x08007f48   0x00000016   Code   RO         3195    x$fpl$drsb          fz_wm.l(daddsub_clz.o)
    0x08007f5e   0x00000002   PAD
    0x08007f60   0x00000198   Code   RO         3345    x$fpl$dsqrt         fz_wm.l(dsqrt_umaal.o)
    0x080080f8   0x000001d4   Code   RO         3196    x$fpl$dsub          fz_wm.l(daddsub_clz.o)
    0x080082cc   0x0000000a   Code   RO         3472    x$fpl$fpinit        fz_wm.l(fpinit.o)
    0x080082d6   0x00000064   Code   RO         3414    x$fpl$retnan        fz_wm.l(retnan.o)
    0x0800833a   0x0000005c   Code   RO         3349    x$fpl$scalbn        fz_wm.l(scalbn.o)
    0x08008396   0x00000030   Code   RO         3461    x$fpl$trapveneer    fz_wm.l(trapv.o)
    0x080083c6   0x00000000   Code   RO         3351    x$fpl$usenofp       fz_wm.l(usenofp.o)
    0x080083c6   0x00000002   PAD
    0x080083c8   0x00000098   Data   RO         3231    .constdata          m_wm.l(atan.o)
    0x08008460   0x00000038   Data   RO         3275    .constdata          m_wm.l(log.o)
    0x08008498   0x00000088   Data   RO         3289    .constdata          m_wm.l(pow.o)
    0x08008520   0x00000030   Data   RO         3353    .constdata          m_wm.l(cos_i.o)
    0x08008550   0x00000008   Data   RO         3361    .constdata          m_wm.l(qnan.o)
    0x08008558   0x000000c8   Data   RO         3364    .constdata          m_wm.l(rred.o)
    0x08008620   0x00000028   Data   RO         3368    .constdata          m_wm.l(sin_i.o)
    0x08008648   0x00000060   Data   RO         3374    .constdata          m_wm.l(tan_i.o)
    0x080086a8   0x00000020   Data   RO         3539    Region$$Table       anon$$obj.o


    Execution Region RW_IRAM1 (Base: 0x20000000, Size: 0x00002b38, Max: 0x00020000, ABSOLUTE)

    Base Addr    Size         Type   Attr      Idx    E Section Name        Object

    0x20000000   0x00000014   Data   RW            7    .data               system_stm32f4xx.o
    0x20000014   0x00000004   Data   RW          150    .data               main.o
    0x20000018   0x00000002   Data   RW          323    .data               stm32f4xx_it.o
    0x2000001a   0x00000002   PAD
    0x2000001c   0x0000000c   Data   RW          468    .data               encoder.o
    0x20000028   0x0000000c   Data   RW          610    .data               usart_dma_config.o
    0x20000034   0x00000004   PAD
    0x20000038   0x00000040   Data   RW          749    .data               functions.o
    0x20000078   0x0000000c   Data   RW         1238    .data               srf05.o
    0x20000084   0x00000010   Data   RW         2118    .data               stm32f4xx_rcc.o
    0x20000094   0x00000004   PAD
    0x20000098   0x00000068   Zero   RW          149    .bss                main.o
    0x20000100   0x00000020   Zero   RW          467    .bss                encoder.o
    0x20000120   0x00000689   Zero   RW          609    .bss                usart_dma_config.o
    0x200007a9   0x0000000b   Zero   RW          741    .bss                functions.o
    0x200007b4   0x00000004   PAD
    0x200007b8   0x00000058   Zero   RW          742    .bss                functions.o
    0x20000810   0x00000058   Zero   RW          743    .bss                functions.o
    0x20000868   0x00000fa8   Zero   RW          745    .bss                functions.o
    0x20001810   0x00000640   Zero   RW          746    .bss                functions.o
    0x20001e50   0x00000640   Zero   RW          747    .bss                functions.o
    0x20002490   0x00000030   Zero   RW          748    .bss                functions.o
    0x200024c0   0x00000016   Zero   RW         1237    .bss                srf05.o
    0x200024d6   0x00000002   PAD
    0x200024d8   0x00000060   Zero   RW         3402    .bss                c_w.l(libspace.o)
    0x20002538   0x00000200   Zero   RW         1359    HEAP                startup_stm32f411xe.o
    0x20002738   0x00000400   Zero   RW         1358    STACK               startup_stm32f411xe.o


==============================================================================

Image component sizes


      Code (inc. data)   RO Data    RW Data    ZI Data      Debug   Object Name

       866        104          0         12         32       9891   encoder.o
      8754        914          0         64       7443      49706   functions.o
      3072        312          0          4        104      38157   main.o
       120         14          0          0          0       1751   misc.o
       266         16          0         12         22       4746   srf05.o
        64         26        408          0       1536        976   startup_stm32f411xe.o
       696        152          0          0          0       4586   stm32f411_rccenable.o
       236         28          0          0          0       4632   stm32f4xx_dma.o
       310         30          0          0          0       4635   stm32f4xx_flash.o
       230          0          0          0          0       4492   stm32f4xx_gpio.o
      3000        418          0          2          0      38936   stm32f4xx_it.o
       220         34          0         16          0       5119   stm32f4xx_rcc.o
       870         44          0          0          0      15551   stm32f4xx_tim.o
       332          8          0          0          0       5747   stm32f4xx_usart.o
       208         36          0         20          0     283953   system_stm32f4xx.o
      1104         76          0         12       1673       4982   usart_dma_config.o

    ----------------------------------------------------------------------
     20390       2212        440        148      10820     477860   Object Totals
         0          0         32          0          0          0   (incl. Generated)
        42          0          0          6         10          0   (incl. Padding)

    ----------------------------------------------------------------------

      Code (inc. data)   RO Data    RW Data    ZI Data      Debug   Library Member Name

         8          0          0          0          0         68   __main.o
        52          8          0          0          0          0   __scatter.o
        26          0          0          0          0          0   __scatter_copy.o
        28          0          0          0          0          0   __scatter_zi.o
        22          0          0          0          0        100   _rserrno.o
        12          0          0          0          0         72   exit.o
         6          0          0          0          0        152   heapauxi.o
         0          0          0          0          0          0   indicate_semi.o
         2          0          0          0          0          0   libinit.o
         6          0          0          0          0          0   libinit2.o
         2          0          0          0          0          0   libshutdown.o
         2          0          0          0          0          0   libshutdown2.o
         8          4          0          0         96         68   libspace.o
         8          4          0          0          0         68   rt_errno_addr_intlibspace.o
        78          0          0          0          0         80   rt_memclr_w.o
         0          0          0          0          0          0   rtentry.o
        12          0          0          0          0          0   rtentry2.o
         6          0          0          0          0          0   rtentry4.o
         2          0          0          0          0          0   rtexit.o
        10          0          0          0          0          0   rtexit2.o
        12          4          0          0          0         68   sys_exit.o
        74          0          0          0          0         80   sys_stackheap_outer.o
         2          0          0          0          0         68   use_no_semi.o
        24          0          0          0          0        164   basic.o
       826         16          0          0          0        492   daddsub_clz.o
        16          4          0          0          0        116   dcheck1.o
        24          0          0          0          0        116   dcmpi.o
       688        140          0          0          0        256   ddiv.o
       120          4          0          0          0        140   deqf.o
        94          4          0          0          0        140   dfix.o
        90          4          0          0          0        140   dfixu.o
        84          0          0          0          0        232   dflt_clz.o
       120          4          0          0          0        140   dleqf.o
       340         12          0          0          0        152   dmul.o
       156          4          0          0          0        140   dnaninf.o
        12          0          0          0          0        116   dretinf.o
       108          0          0          0          0        128   drleqf.o
       408         56          0          0          0        168   dsqrt_umaal.o
        10          0          0          0          0        116   fpinit.o
       100          0          0          0          0        116   retnan.o
        92          0          0          0          0        116   scalbn.o
        48          0          0          0          0        116   trapv.o
         0          0          0          0          0          0   usenofp.o
       752        104        152          0          0        344   atan.o
       496         70          0          0          0        156   atan2.o
       216         16          0          0          0        152   cos.o
       368         46         48          0          0        200   cos_i.o
        32          8          0          0          0        124   dunder.o
        44          0          0          0          0        248   fabs.o
        48          0          0          0          0        124   fpclassify.o
       996        114         56          0          0        232   log.o
       248          0          0          0          0        152   poly.o
      3128        304        136          0          0        216   pow.o
         0          0          8          0          0          0   qnan.o
      1080        142        200          0          0        188   rred.o
       216         16          0          0          0        152   sin.o
       304         24         40          0          0        208   sin_i.o
       232          0          0          0          0        296   sqrt.o
       160         18          0          0          0        152   tan.o
       848         84         96          0          0        196   tan_i.o

    ----------------------------------------------------------------------
     12938       1218        736          0         96       7068   Library Totals
        32          4          0          0          0          0   (incl. Padding)

    ----------------------------------------------------------------------

      Code (inc. data)   RO Data    RW Data    ZI Data      Debug   Library Name

       378         20          0          0         96        824   c_w.l
      3360        248          0          0          0       3104   fz_wm.l
      9168        946        736          0          0       3140   m_wm.l

    ----------------------------------------------------------------------
     12938       1218        736          0         96       7068   Library Totals

    ----------------------------------------------------------------------

==============================================================================


      Code (inc. data)   RO Data    RW Data    ZI Data      Debug   

     33328       3430       1176        148      10916     463716   Grand Totals
     33328       3430       1176        148      10916     463716   ELF Image Totals
     33328       3430       1176        148          0          0   ROM Totals

==============================================================================

    Total RO  Size (Code + RO Data)                34504 (  33.70kB)
    Total RW  Size (RW Data + ZI Data)             11064 (  10.80kB)
    Total ROM Size (Code + RO Data + RW Data)      34652 (  33.84kB)

==============================================================================

